[5.117s] Invoking command in '/home/phy_ai/.ihub/daksha/src/diagnosis/vajara': PYTHONPATH=/home/phy_ai/.ihub/daksha/build/vajara/prefix_override:/usr/lib/python3/dist-packages/colcon_core/task/python/colcon_distutils_commands:/home/phy_ai/.ihub/daksha/install/vajara/lib/python3.10/site-packages:${PYTHONPATH} /usr/bin/python3 -W ignore:setup.py install is deprecated -W ignore:easy_install command is deprecated setup.py egg_info --egg-base ../../../build/vajara build --build-base /home/phy_ai/.ihub/daksha/build/vajara/build install --record /home/phy_ai/.ihub/daksha/build/vajara/install.log --install-scripts $base/lib/vajara --single-version-externally-managed install_data
[5.773s] running egg_info
[5.774s] writing ../../../build/vajara/vajara.egg-info/PKG-INFO
[5.774s] writing dependency_links to ../../../build/vajara/vajara.egg-info/dependency_links.txt
[5.776s] writing entry points to ../../../build/vajara/vajara.egg-info/entry_points.txt
[5.777s] writing requirements to ../../../build/vajara/vajara.egg-info/requires.txt
[5.777s] writing top-level names to ../../../build/vajara/vajara.egg-info/top_level.txt
[5.781s] reading manifest file '../../../build/vajara/vajara.egg-info/SOURCES.txt'
[5.783s] writing manifest file '../../../build/vajara/vajara.egg-info/SOURCES.txt'
[5.783s] running build
[5.783s] running build_py
[5.784s] running install
[5.786s] running install_lib
[5.789s] running install_data
[5.789s] running install_egg_info
[5.794s] removing '/home/phy_ai/.ihub/daksha/install/vajara/lib/python3.10/site-packages/vajara-0.0.0-py3.10.egg-info' (and everything under it)
[5.797s] Copying ../../../build/vajara/vajara.egg-info to /home/phy_ai/.ihub/daksha/install/vajara/lib/python3.10/site-packages/vajara-0.0.0-py3.10.egg-info
[5.797s] running install_scripts
[5.851s] Installing power_monitor_node script to /home/phy_ai/.ihub/daksha/install/vajara/lib/vajara
[5.852s] writing list of installed files to '/home/phy_ai/.ihub/daksha/build/vajara/install.log'
[5.958s] Invoked command in '/home/phy_ai/.ihub/daksha/src/diagnosis/vajara' returned '0': PYTHONPATH=/home/phy_ai/.ihub/daksha/build/vajara/prefix_override:/usr/lib/python3/dist-packages/colcon_core/task/python/colcon_distutils_commands:/home/phy_ai/.ihub/daksha/install/vajara/lib/python3.10/site-packages:${PYTHONPATH} /usr/bin/python3 -W ignore:setup.py install is deprecated -W ignore:easy_install command is deprecated setup.py egg_info --egg-base ../../../build/vajara build --build-base /home/phy_ai/.ihub/daksha/build/vajara/build install --record /home/phy_ai/.ihub/daksha/build/vajara/install.log --install-scripts $base/lib/vajara --single-version-externally-managed install_data
