running egg_info
creating ../../../build/kinematics/kinematics.egg-info
writing ../../../build/kinematics/kinematics.egg-info/PKG-INFO
writing dependency_links to ../../../build/kinematics/kinematics.egg-info/dependency_links.txt
writing entry points to ../../../build/kinematics/kinematics.egg-info/entry_points.txt
writing requirements to ../../../build/kinematics/kinematics.egg-info/requires.txt
writing top-level names to ../../../build/kinematics/kinematics.egg-info/top_level.txt
writing manifest file '../../../build/kinematics/kinematics.egg-info/SOURCES.txt'
reading manifest file '../../../build/kinematics/kinematics.egg-info/SOURCES.txt'
writing manifest file '../../../build/kinematics/kinematics.egg-info/SOURCES.txt'
running build
running build_py
creating /home/phy_ai/.ihub/daksha/build/kinematics/build
creating /home/phy_ai/.ihub/daksha/build/kinematics/build/lib
creating /home/phy_ai/.ihub/daksha/build/kinematics/build/lib/kinematics
copying kinematics/__init__.py -> /home/phy_ai/.ihub/daksha/build/kinematics/build/lib/kinematics
copying kinematics/ik_node.py -> /home/phy_ai/.ihub/daksha/build/kinematics/build/lib/kinematics
copying kinematics/arm_ik_solver.py -> /home/phy_ai/.ihub/daksha/build/kinematics/build/lib/kinematics
running install
running install_lib
creating /home/phy_ai/.ihub/daksha/install/kinematics/lib/python3.10/site-packages/kinematics
copying /home/phy_ai/.ihub/daksha/build/kinematics/build/lib/kinematics/__init__.py -> /home/phy_ai/.ihub/daksha/install/kinematics/lib/python3.10/site-packages/kinematics
copying /home/phy_ai/.ihub/daksha/build/kinematics/build/lib/kinematics/ik_node.py -> /home/phy_ai/.ihub/daksha/install/kinematics/lib/python3.10/site-packages/kinematics
copying /home/phy_ai/.ihub/daksha/build/kinematics/build/lib/kinematics/arm_ik_solver.py -> /home/phy_ai/.ihub/daksha/install/kinematics/lib/python3.10/site-packages/kinematics
byte-compiling /home/phy_ai/.ihub/daksha/install/kinematics/lib/python3.10/site-packages/kinematics/__init__.py to __init__.cpython-310.pyc
byte-compiling /home/phy_ai/.ihub/daksha/install/kinematics/lib/python3.10/site-packages/kinematics/ik_node.py to ik_node.cpython-310.pyc
byte-compiling /home/phy_ai/.ihub/daksha/install/kinematics/lib/python3.10/site-packages/kinematics/arm_ik_solver.py to arm_ik_solver.cpython-310.pyc
running install_data
creating /home/phy_ai/.ihub/daksha/install/kinematics/share/ament_index
creating /home/phy_ai/.ihub/daksha/install/kinematics/share/ament_index/resource_index
creating /home/phy_ai/.ihub/daksha/install/kinematics/share/ament_index/resource_index/packages
copying resource/kinematics -> /home/phy_ai/.ihub/daksha/install/kinematics/share/ament_index/resource_index/packages
copying package.xml -> /home/phy_ai/.ihub/daksha/install/kinematics/share/kinematics
creating /home/phy_ai/.ihub/daksha/install/kinematics/share/kinematics/launch
creating /home/phy_ai/.ihub/daksha/install/kinematics/share/kinematics/config
copying config/collision_pairs.json -> /home/phy_ai/.ihub/daksha/install/kinematics/share/kinematics/config
running install_egg_info
Copying ../../../build/kinematics/kinematics.egg-info to /home/phy_ai/.ihub/daksha/install/kinematics/lib/python3.10/site-packages/kinematics-0.0.0-py3.10.egg-info
running install_scripts
Installing ik_node script to /home/phy_ai/.ihub/daksha/install/kinematics/lib/kinematics
writing list of installed files to '/home/phy_ai/.ihub/daksha/build/kinematics/install.log'
