[4.255s] Invoking command in '/home/phy_ai/.ihub/daksha/src/controllers/kinematics': PYTHONPATH=/home/phy_ai/.ihub/daksha/build/kinematics/prefix_override:/usr/lib/python3/dist-packages/colcon_core/task/python/colcon_distutils_commands:/home/phy_ai/.ihub/daksha/install/kinematics/lib/python3.10/site-packages:${PYTHONPATH} /usr/bin/python3 -W ignore:setup.py install is deprecated -W ignore:easy_install command is deprecated setup.py egg_info --egg-base ../../../build/kinematics build --build-base /home/phy_ai/.ihub/daksha/build/kinematics/build install --record /home/phy_ai/.ihub/daksha/build/kinematics/install.log --install-scripts $base/lib/kinematics --single-version-externally-managed install_data
[5.100s] running egg_info
[5.101s] creating ../../../build/kinematics/kinematics.egg-info
[5.104s] writing ../../../build/kinematics/kinematics.egg-info/PKG-INFO
[5.107s] writing dependency_links to ../../../build/kinematics/kinematics.egg-info/dependency_links.txt
[5.109s] writing entry points to ../../../build/kinematics/kinematics.egg-info/entry_points.txt
[5.110s] writing requirements to ../../../build/kinematics/kinematics.egg-info/requires.txt
[5.110s] writing top-level names to ../../../build/kinematics/kinematics.egg-info/top_level.txt
[5.110s] writing manifest file '../../../build/kinematics/kinematics.egg-info/SOURCES.txt'
[5.110s] reading manifest file '../../../build/kinematics/kinematics.egg-info/SOURCES.txt'
[5.110s] writing manifest file '../../../build/kinematics/kinematics.egg-info/SOURCES.txt'
[5.110s] running build
[5.110s] running build_py
[5.110s] creating /home/phy_ai/.ihub/daksha/build/kinematics/build
[5.110s] creating /home/phy_ai/.ihub/daksha/build/kinematics/build/lib
[5.110s] creating /home/phy_ai/.ihub/daksha/build/kinematics/build/lib/kinematics
[5.110s] copying kinematics/__init__.py -> /home/phy_ai/.ihub/daksha/build/kinematics/build/lib/kinematics
[5.111s] copying kinematics/ik_node.py -> /home/phy_ai/.ihub/daksha/build/kinematics/build/lib/kinematics
[5.111s] copying kinematics/arm_ik_solver.py -> /home/phy_ai/.ihub/daksha/build/kinematics/build/lib/kinematics
[5.111s] running install
[5.111s] running install_lib
[5.111s] creating /home/phy_ai/.ihub/daksha/install/kinematics/lib/python3.10/site-packages/kinematics
[5.111s] copying /home/phy_ai/.ihub/daksha/build/kinematics/build/lib/kinematics/__init__.py -> /home/phy_ai/.ihub/daksha/install/kinematics/lib/python3.10/site-packages/kinematics
[5.111s] copying /home/phy_ai/.ihub/daksha/build/kinematics/build/lib/kinematics/ik_node.py -> /home/phy_ai/.ihub/daksha/install/kinematics/lib/python3.10/site-packages/kinematics
[5.111s] copying /home/phy_ai/.ihub/daksha/build/kinematics/build/lib/kinematics/arm_ik_solver.py -> /home/phy_ai/.ihub/daksha/install/kinematics/lib/python3.10/site-packages/kinematics
[5.111s] byte-compiling /home/phy_ai/.ihub/daksha/install/kinematics/lib/python3.10/site-packages/kinematics/__init__.py to __init__.cpython-310.pyc
[5.111s] byte-compiling /home/phy_ai/.ihub/daksha/install/kinematics/lib/python3.10/site-packages/kinematics/ik_node.py to ik_node.cpython-310.pyc
[5.111s] byte-compiling /home/phy_ai/.ihub/daksha/install/kinematics/lib/python3.10/site-packages/kinematics/arm_ik_solver.py to arm_ik_solver.cpython-310.pyc
[5.111s] running install_data
[5.112s] creating /home/phy_ai/.ihub/daksha/install/kinematics/share/ament_index
[5.112s] creating /home/phy_ai/.ihub/daksha/install/kinematics/share/ament_index/resource_index
[5.112s] creating /home/phy_ai/.ihub/daksha/install/kinematics/share/ament_index/resource_index/packages
[5.112s] copying resource/kinematics -> /home/phy_ai/.ihub/daksha/install/kinematics/share/ament_index/resource_index/packages
[5.112s] copying package.xml -> /home/phy_ai/.ihub/daksha/install/kinematics/share/kinematics
[5.112s] creating /home/phy_ai/.ihub/daksha/install/kinematics/share/kinematics/launch
[5.112s] creating /home/phy_ai/.ihub/daksha/install/kinematics/share/kinematics/config
[5.112s] copying config/collision_pairs.json -> /home/phy_ai/.ihub/daksha/install/kinematics/share/kinematics/config
[5.112s] running install_egg_info
[5.112s] Copying ../../../build/kinematics/kinematics.egg-info to /home/phy_ai/.ihub/daksha/install/kinematics/lib/python3.10/site-packages/kinematics-0.0.0-py3.10.egg-info
[5.112s] running install_scripts
[5.112s] Installing ik_node script to /home/phy_ai/.ihub/daksha/install/kinematics/lib/kinematics
[5.113s] writing list of installed files to '/home/phy_ai/.ihub/daksha/build/kinematics/install.log'
[5.217s] Invoked command in '/home/phy_ai/.ihub/daksha/src/controllers/kinematics' returned '0': PYTHONPATH=/home/phy_ai/.ihub/daksha/build/kinematics/prefix_override:/usr/lib/python3/dist-packages/colcon_core/task/python/colcon_distutils_commands:/home/phy_ai/.ihub/daksha/install/kinematics/lib/python3.10/site-packages:${PYTHONPATH} /usr/bin/python3 -W ignore:setup.py install is deprecated -W ignore:easy_install command is deprecated setup.py egg_info --egg-base ../../../build/kinematics build --build-base /home/phy_ai/.ihub/daksha/build/kinematics/build install --record /home/phy_ai/.ihub/daksha/build/kinematics/install.log --install-scripts $base/lib/kinematics --single-version-externally-managed install_data
