running egg_info
creating ../../../build/gen2_leader/gen2_leader.egg-info
writing ../../../build/gen2_leader/gen2_leader.egg-info/PKG-INFO
writing dependency_links to ../../../build/gen2_leader/gen2_leader.egg-info/dependency_links.txt
writing entry points to ../../../build/gen2_leader/gen2_leader.egg-info/entry_points.txt
writing requirements to ../../../build/gen2_leader/gen2_leader.egg-info/requires.txt
writing top-level names to ../../../build/gen2_leader/gen2_leader.egg-info/top_level.txt
writing manifest file '../../../build/gen2_leader/gen2_leader.egg-info/SOURCES.txt'
reading manifest file '../../../build/gen2_leader/gen2_leader.egg-info/SOURCES.txt'
adding license file 'LICENSE'
writing manifest file '../../../build/gen2_leader/gen2_leader.egg-info/SOURCES.txt'
running build
running build_py
creating /home/phy_ai/.ihub/daksha/build/gen2_leader/build
creating /home/phy_ai/.ihub/daksha/build/gen2_leader/build/lib
creating /home/phy_ai/.ihub/daksha/build/gen2_leader/build/lib/gen2_leader
copying gen2_leader/Gen2Leader_raw_serial.py -> /home/phy_ai/.ihub/daksha/build/gen2_leader/build/lib/gen2_leader
copying gen2_leader/main_with_service_wifi.py -> /home/phy_ai/.ihub/daksha/build/gen2_leader/build/lib/gen2_leader
copying gen2_leader/__init__.py -> /home/phy_ai/.ihub/daksha/build/gen2_leader/build/lib/gen2_leader
copying gen2_leader/LeaderTorqueToggle.py -> /home/phy_ai/.ihub/daksha/build/gen2_leader/build/lib/gen2_leader
copying gen2_leader/Gen2Leader_raw.py -> /home/phy_ai/.ihub/daksha/build/gen2_leader/build/lib/gen2_leader
copying gen2_leader/main_with_service_mirror_wifi.py -> /home/phy_ai/.ihub/daksha/build/gen2_leader/build/lib/gen2_leader
running install
running install_lib
creating /home/phy_ai/.ihub/daksha/install/gen2_leader/lib/python3.10/site-packages/gen2_leader
copying /home/phy_ai/.ihub/daksha/build/gen2_leader/build/lib/gen2_leader/Gen2Leader_raw_serial.py -> /home/phy_ai/.ihub/daksha/install/gen2_leader/lib/python3.10/site-packages/gen2_leader
copying /home/phy_ai/.ihub/daksha/build/gen2_leader/build/lib/gen2_leader/main_with_service_wifi.py -> /home/phy_ai/.ihub/daksha/install/gen2_leader/lib/python3.10/site-packages/gen2_leader
copying /home/phy_ai/.ihub/daksha/build/gen2_leader/build/lib/gen2_leader/__init__.py -> /home/phy_ai/.ihub/daksha/install/gen2_leader/lib/python3.10/site-packages/gen2_leader
copying /home/phy_ai/.ihub/daksha/build/gen2_leader/build/lib/gen2_leader/LeaderTorqueToggle.py -> /home/phy_ai/.ihub/daksha/install/gen2_leader/lib/python3.10/site-packages/gen2_leader
copying /home/phy_ai/.ihub/daksha/build/gen2_leader/build/lib/gen2_leader/Gen2Leader_raw.py -> /home/phy_ai/.ihub/daksha/install/gen2_leader/lib/python3.10/site-packages/gen2_leader
copying /home/phy_ai/.ihub/daksha/build/gen2_leader/build/lib/gen2_leader/main_with_service_mirror_wifi.py -> /home/phy_ai/.ihub/daksha/install/gen2_leader/lib/python3.10/site-packages/gen2_leader
byte-compiling /home/phy_ai/.ihub/daksha/install/gen2_leader/lib/python3.10/site-packages/gen2_leader/Gen2Leader_raw_serial.py to Gen2Leader_raw_serial.cpython-310.pyc
byte-compiling /home/phy_ai/.ihub/daksha/install/gen2_leader/lib/python3.10/site-packages/gen2_leader/main_with_service_wifi.py to main_with_service_wifi.cpython-310.pyc
byte-compiling /home/phy_ai/.ihub/daksha/install/gen2_leader/lib/python3.10/site-packages/gen2_leader/__init__.py to __init__.cpython-310.pyc
byte-compiling /home/phy_ai/.ihub/daksha/install/gen2_leader/lib/python3.10/site-packages/gen2_leader/LeaderTorqueToggle.py to LeaderTorqueToggle.cpython-310.pyc
byte-compiling /home/phy_ai/.ihub/daksha/install/gen2_leader/lib/python3.10/site-packages/gen2_leader/Gen2Leader_raw.py to Gen2Leader_raw.cpython-310.pyc
byte-compiling /home/phy_ai/.ihub/daksha/install/gen2_leader/lib/python3.10/site-packages/gen2_leader/main_with_service_mirror_wifi.py to main_with_service_mirror_wifi.cpython-310.pyc
running install_data
creating /home/phy_ai/.ihub/daksha/install/gen2_leader/share/ament_index
creating /home/phy_ai/.ihub/daksha/install/gen2_leader/share/ament_index/resource_index
creating /home/phy_ai/.ihub/daksha/install/gen2_leader/share/ament_index/resource_index/packages
copying resource/gen2_leader -> /home/phy_ai/.ihub/daksha/install/gen2_leader/share/ament_index/resource_index/packages
copying package.xml -> /home/phy_ai/.ihub/daksha/install/gen2_leader/share/gen2_leader
creating /home/phy_ai/.ihub/daksha/install/gen2_leader/share/gen2_leader/launch
copying launch/gen2_leader_mirror.launch.py -> /home/phy_ai/.ihub/daksha/install/gen2_leader/share/gen2_leader/launch
copying launch/gen2_leader.launch.py -> /home/phy_ai/.ihub/daksha/install/gen2_leader/share/gen2_leader/launch
creating /home/phy_ai/.ihub/daksha/install/gen2_leader/share/gen2_leader/config
copying config/leader_limit_limit.yaml -> /home/phy_ai/.ihub/daksha/install/gen2_leader/share/gen2_leader/config
running install_egg_info
Copying ../../../build/gen2_leader/gen2_leader.egg-info to /home/phy_ai/.ihub/daksha/install/gen2_leader/lib/python3.10/site-packages/gen2_leader-0.0.0-py3.10.egg-info
running install_scripts
Installing leader_mirror script to /home/phy_ai/.ihub/daksha/install/gen2_leader/lib/gen2_leader
Installing leader_raw script to /home/phy_ai/.ihub/daksha/install/gen2_leader/lib/gen2_leader
Installing leader_serial script to /home/phy_ai/.ihub/daksha/install/gen2_leader/lib/gen2_leader
Installing leader_torque_toggle script to /home/phy_ai/.ihub/daksha/install/gen2_leader/lib/gen2_leader
Installing leader_wifi script to /home/phy_ai/.ihub/daksha/install/gen2_leader/lib/gen2_leader
writing list of installed files to '/home/phy_ai/.ihub/daksha/build/gen2_leader/install.log'
