[4.139s] Invoking command in '/home/phy_ai/.ihub/daksha/src/tele/gen2_leader': PYTHONPATH=/home/phy_ai/.ihub/daksha/build/gen2_leader/prefix_override:/usr/lib/python3/dist-packages/colcon_core/task/python/colcon_distutils_commands:/home/phy_ai/.ihub/daksha/install/gen2_leader/lib/python3.10/site-packages:${PYTHONPATH} /usr/bin/python3 -W ignore:setup.py install is deprecated -W ignore:easy_install command is deprecated setup.py egg_info --egg-base ../../../build/gen2_leader build --build-base /home/phy_ai/.ihub/daksha/build/gen2_leader/build install --record /home/phy_ai/.ihub/daksha/build/gen2_leader/install.log --install-scripts $base/lib/gen2_leader --single-version-externally-managed install_data
[4.850s] running egg_info
[4.852s] creating ../../../build/gen2_leader/gen2_leader.egg-info
[4.856s] writing ../../../build/gen2_leader/gen2_leader.egg-info/PKG-INFO
[4.858s] writing dependency_links to ../../../build/gen2_leader/gen2_leader.egg-info/dependency_links.txt
[4.862s] writing entry points to ../../../build/gen2_leader/gen2_leader.egg-info/entry_points.txt
[4.862s] writing requirements to ../../../build/gen2_leader/gen2_leader.egg-info/requires.txt
[4.862s] writing top-level names to ../../../build/gen2_leader/gen2_leader.egg-info/top_level.txt
[4.862s] writing manifest file '../../../build/gen2_leader/gen2_leader.egg-info/SOURCES.txt'
[4.865s] reading manifest file '../../../build/gen2_leader/gen2_leader.egg-info/SOURCES.txt'
[4.867s] adding license file 'LICENSE'
[4.868s] writing manifest file '../../../build/gen2_leader/gen2_leader.egg-info/SOURCES.txt'
[4.868s] running build
[4.869s] running build_py
[4.869s] creating /home/phy_ai/.ihub/daksha/build/gen2_leader/build
[4.871s] creating /home/phy_ai/.ihub/daksha/build/gen2_leader/build/lib
[4.871s] creating /home/phy_ai/.ihub/daksha/build/gen2_leader/build/lib/gen2_leader
[4.871s] copying gen2_leader/Gen2Leader_raw_serial.py -> /home/phy_ai/.ihub/daksha/build/gen2_leader/build/lib/gen2_leader
[4.871s] copying gen2_leader/main_with_service_wifi.py -> /home/phy_ai/.ihub/daksha/build/gen2_leader/build/lib/gen2_leader
[4.871s] copying gen2_leader/__init__.py -> /home/phy_ai/.ihub/daksha/build/gen2_leader/build/lib/gen2_leader
[4.871s] copying gen2_leader/LeaderTorqueToggle.py -> /home/phy_ai/.ihub/daksha/build/gen2_leader/build/lib/gen2_leader
[4.871s] copying gen2_leader/Gen2Leader_raw.py -> /home/phy_ai/.ihub/daksha/build/gen2_leader/build/lib/gen2_leader
[4.871s] copying gen2_leader/main_with_service_mirror_wifi.py -> /home/phy_ai/.ihub/daksha/build/gen2_leader/build/lib/gen2_leader
[4.871s] running install
[4.872s] running install_lib
[4.872s] creating /home/phy_ai/.ihub/daksha/install/gen2_leader/lib/python3.10/site-packages/gen2_leader
[4.873s] copying /home/phy_ai/.ihub/daksha/build/gen2_leader/build/lib/gen2_leader/Gen2Leader_raw_serial.py -> /home/phy_ai/.ihub/daksha/install/gen2_leader/lib/python3.10/site-packages/gen2_leader
[4.876s] copying /home/phy_ai/.ihub/daksha/build/gen2_leader/build/lib/gen2_leader/main_with_service_wifi.py -> /home/phy_ai/.ihub/daksha/install/gen2_leader/lib/python3.10/site-packages/gen2_leader
[4.876s] copying /home/phy_ai/.ihub/daksha/build/gen2_leader/build/lib/gen2_leader/__init__.py -> /home/phy_ai/.ihub/daksha/install/gen2_leader/lib/python3.10/site-packages/gen2_leader
[4.876s] copying /home/phy_ai/.ihub/daksha/build/gen2_leader/build/lib/gen2_leader/LeaderTorqueToggle.py -> /home/phy_ai/.ihub/daksha/install/gen2_leader/lib/python3.10/site-packages/gen2_leader
[4.876s] copying /home/phy_ai/.ihub/daksha/build/gen2_leader/build/lib/gen2_leader/Gen2Leader_raw.py -> /home/phy_ai/.ihub/daksha/install/gen2_leader/lib/python3.10/site-packages/gen2_leader
[4.876s] copying /home/phy_ai/.ihub/daksha/build/gen2_leader/build/lib/gen2_leader/main_with_service_mirror_wifi.py -> /home/phy_ai/.ihub/daksha/install/gen2_leader/lib/python3.10/site-packages/gen2_leader
[4.876s] byte-compiling /home/phy_ai/.ihub/daksha/install/gen2_leader/lib/python3.10/site-packages/gen2_leader/Gen2Leader_raw_serial.py to Gen2Leader_raw_serial.cpython-310.pyc
[4.876s] byte-compiling /home/phy_ai/.ihub/daksha/install/gen2_leader/lib/python3.10/site-packages/gen2_leader/main_with_service_wifi.py to main_with_service_wifi.cpython-310.pyc
[4.878s] byte-compiling /home/phy_ai/.ihub/daksha/install/gen2_leader/lib/python3.10/site-packages/gen2_leader/__init__.py to __init__.cpython-310.pyc
[4.878s] byte-compiling /home/phy_ai/.ihub/daksha/install/gen2_leader/lib/python3.10/site-packages/gen2_leader/LeaderTorqueToggle.py to LeaderTorqueToggle.cpython-310.pyc
[4.879s] byte-compiling /home/phy_ai/.ihub/daksha/install/gen2_leader/lib/python3.10/site-packages/gen2_leader/Gen2Leader_raw.py to Gen2Leader_raw.cpython-310.pyc
[4.880s] byte-compiling /home/phy_ai/.ihub/daksha/install/gen2_leader/lib/python3.10/site-packages/gen2_leader/main_with_service_mirror_wifi.py to main_with_service_mirror_wifi.cpython-310.pyc
[4.883s] running install_data
[4.883s] creating /home/phy_ai/.ihub/daksha/install/gen2_leader/share/ament_index
[4.883s] creating /home/phy_ai/.ihub/daksha/install/gen2_leader/share/ament_index/resource_index
[4.885s] creating /home/phy_ai/.ihub/daksha/install/gen2_leader/share/ament_index/resource_index/packages
[4.885s] copying resource/gen2_leader -> /home/phy_ai/.ihub/daksha/install/gen2_leader/share/ament_index/resource_index/packages
[4.885s] copying package.xml -> /home/phy_ai/.ihub/daksha/install/gen2_leader/share/gen2_leader
[4.885s] creating /home/phy_ai/.ihub/daksha/install/gen2_leader/share/gen2_leader/launch
[4.885s] copying launch/gen2_leader_mirror.launch.py -> /home/phy_ai/.ihub/daksha/install/gen2_leader/share/gen2_leader/launch
[4.885s] copying launch/gen2_leader.launch.py -> /home/phy_ai/.ihub/daksha/install/gen2_leader/share/gen2_leader/launch
[4.885s] creating /home/phy_ai/.ihub/daksha/install/gen2_leader/share/gen2_leader/config
[4.885s] copying config/leader_limit_limit.yaml -> /home/phy_ai/.ihub/daksha/install/gen2_leader/share/gen2_leader/config
[4.886s] running install_egg_info
[4.890s] Copying ../../../build/gen2_leader/gen2_leader.egg-info to /home/phy_ai/.ihub/daksha/install/gen2_leader/lib/python3.10/site-packages/gen2_leader-0.0.0-py3.10.egg-info
[4.891s] running install_scripts
[4.944s] Installing leader_mirror script to /home/phy_ai/.ihub/daksha/install/gen2_leader/lib/gen2_leader
[4.949s] Installing leader_raw script to /home/phy_ai/.ihub/daksha/install/gen2_leader/lib/gen2_leader
[4.949s] Installing leader_serial script to /home/phy_ai/.ihub/daksha/install/gen2_leader/lib/gen2_leader
[4.949s] Installing leader_torque_toggle script to /home/phy_ai/.ihub/daksha/install/gen2_leader/lib/gen2_leader
[4.949s] Installing leader_wifi script to /home/phy_ai/.ihub/daksha/install/gen2_leader/lib/gen2_leader
[4.949s] writing list of installed files to '/home/phy_ai/.ihub/daksha/build/gen2_leader/install.log'
[5.137s] Invoked command in '/home/phy_ai/.ihub/daksha/src/tele/gen2_leader' returned '0': PYTHONPATH=/home/phy_ai/.ihub/daksha/build/gen2_leader/prefix_override:/usr/lib/python3/dist-packages/colcon_core/task/python/colcon_distutils_commands:/home/phy_ai/.ihub/daksha/install/gen2_leader/lib/python3.10/site-packages:${PYTHONPATH} /usr/bin/python3 -W ignore:setup.py install is deprecated -W ignore:easy_install command is deprecated setup.py egg_info --egg-base ../../../build/gen2_leader build --build-base /home/phy_ai/.ihub/daksha/build/gen2_leader/build install --record /home/phy_ai/.ihub/daksha/build/gen2_leader/install.log --install-scripts $base/lib/gen2_leader --single-version-externally-managed install_data
