/home/phy_ai/.ihub/daksha/install/daksha_api_bridge_follower/lib/python3.10/site-packages/daksha_api_bridge_follower/__init__.py
/home/phy_ai/.ihub/daksha/install/daksha_api_bridge_follower/lib/python3.10/site-packages/daksha_api_bridge_follower/joint_states_api_suscriber.py
/home/phy_ai/.ihub/daksha/install/daksha_api_bridge_follower/lib/python3.10/site-packages/daksha_api_bridge_follower/camera_suscriber.py
/home/phy_ai/.ihub/daksha/install/daksha_api_bridge_follower/lib/python3.10/site-packages/daksha_api_bridge_follower/joint_cmd_api_publish.py
/home/phy_ai/.ihub/daksha/install/daksha_api_bridge_follower/lib/python3.10/site-packages/daksha_api_bridge_follower/__pycache__/__init__.cpython-310.pyc
/home/phy_ai/.ihub/daksha/install/daksha_api_bridge_follower/lib/python3.10/site-packages/daksha_api_bridge_follower/__pycache__/joint_states_api_suscriber.cpython-310.pyc
/home/phy_ai/.ihub/daksha/install/daksha_api_bridge_follower/lib/python3.10/site-packages/daksha_api_bridge_follower/__pycache__/camera_suscriber.cpython-310.pyc
/home/phy_ai/.ihub/daksha/install/daksha_api_bridge_follower/lib/python3.10/site-packages/daksha_api_bridge_follower/__pycache__/joint_cmd_api_publish.cpython-310.pyc
/home/phy_ai/.ihub/daksha/install/daksha_api_bridge_follower/share/ament_index/resource_index/packages/daksha_api_bridge_follower
/home/phy_ai/.ihub/daksha/install/daksha_api_bridge_follower/share/daksha_api_bridge_follower/package.xml
/home/phy_ai/.ihub/daksha/install/daksha_api_bridge_follower/share/daksha_api_bridge_follower/config/send_cameras.yaml
/home/phy_ai/.ihub/daksha/install/daksha_api_bridge_follower/share/daksha_api_bridge_follower/launch/follower_bridge.launch.py
/home/phy_ai/.ihub/daksha/install/daksha_api_bridge_follower/share/daksha_api_bridge_follower/launch/camera_bridge.launch.py
/home/phy_ai/.ihub/daksha/install/daksha_api_bridge_follower/lib/python3.10/site-packages/daksha_api_bridge_follower-0.0.0-py3.10.egg-info/SOURCES.txt
/home/phy_ai/.ihub/daksha/install/daksha_api_bridge_follower/lib/python3.10/site-packages/daksha_api_bridge_follower-0.0.0-py3.10.egg-info/zip-safe
/home/phy_ai/.ihub/daksha/install/daksha_api_bridge_follower/lib/python3.10/site-packages/daksha_api_bridge_follower-0.0.0-py3.10.egg-info/top_level.txt
/home/phy_ai/.ihub/daksha/install/daksha_api_bridge_follower/lib/python3.10/site-packages/daksha_api_bridge_follower-0.0.0-py3.10.egg-info/entry_points.txt
/home/phy_ai/.ihub/daksha/install/daksha_api_bridge_follower/lib/python3.10/site-packages/daksha_api_bridge_follower-0.0.0-py3.10.egg-info/PKG-INFO
/home/phy_ai/.ihub/daksha/install/daksha_api_bridge_follower/lib/python3.10/site-packages/daksha_api_bridge_follower-0.0.0-py3.10.egg-info/requires.txt
/home/phy_ai/.ihub/daksha/install/daksha_api_bridge_follower/lib/python3.10/site-packages/daksha_api_bridge_follower-0.0.0-py3.10.egg-info/dependency_links.txt
/home/phy_ai/.ihub/daksha/install/daksha_api_bridge_follower/lib/daksha_api_bridge_follower/camera_publisher
/home/phy_ai/.ihub/daksha/install/daksha_api_bridge_follower/lib/daksha_api_bridge_follower/joint_cmd_api_subscriber
/home/phy_ai/.ihub/daksha/install/daksha_api_bridge_follower/lib/daksha_api_bridge_follower/joint_states_api_publisher
