/home/phy_ai/.ihub/daksha/install/daksha_api_bridge_leader/lib/python3.10/site-packages/daksha_api_bridge_leader/joint_states_api_publisher.py
/home/phy_ai/.ihub/daksha/install/daksha_api_bridge_leader/lib/python3.10/site-packages/daksha_api_bridge_leader/joint_cmd_api_suscriber.py
/home/phy_ai/.ihub/daksha/install/daksha_api_bridge_leader/lib/python3.10/site-packages/daksha_api_bridge_leader/__init__.py
/home/phy_ai/.ihub/daksha/install/daksha_api_bridge_leader/lib/python3.10/site-packages/daksha_api_bridge_leader/camera_streamer.py
/home/phy_ai/.ihub/daksha/install/daksha_api_bridge_leader/lib/python3.10/site-packages/daksha_api_bridge_leader/camera_publisher.py
/home/phy_ai/.ihub/daksha/install/daksha_api_bridge_leader/lib/python3.10/site-packages/daksha_api_bridge_leader/__pycache__/joint_states_api_publisher.cpython-310.pyc
/home/phy_ai/.ihub/daksha/install/daksha_api_bridge_leader/lib/python3.10/site-packages/daksha_api_bridge_leader/__pycache__/joint_cmd_api_suscriber.cpython-310.pyc
/home/phy_ai/.ihub/daksha/install/daksha_api_bridge_leader/lib/python3.10/site-packages/daksha_api_bridge_leader/__pycache__/__init__.cpython-310.pyc
/home/phy_ai/.ihub/daksha/install/daksha_api_bridge_leader/lib/python3.10/site-packages/daksha_api_bridge_leader/__pycache__/camera_streamer.cpython-310.pyc
/home/phy_ai/.ihub/daksha/install/daksha_api_bridge_leader/lib/python3.10/site-packages/daksha_api_bridge_leader/__pycache__/camera_publisher.cpython-310.pyc
/home/phy_ai/.ihub/daksha/install/daksha_api_bridge_leader/share/ament_index/resource_index/packages/daksha_api_bridge_leader
/home/phy_ai/.ihub/daksha/install/daksha_api_bridge_leader/share/daksha_api_bridge_leader/package.xml
/home/phy_ai/.ihub/daksha/install/daksha_api_bridge_leader/share/daksha_api_bridge_leader/config/receive_cameras.yaml
/home/phy_ai/.ihub/daksha/install/daksha_api_bridge_leader/share/daksha_api_bridge_leader/launch/leader_bridge.launch.py
/home/phy_ai/.ihub/daksha/install/daksha_api_bridge_leader/lib/python3.10/site-packages/daksha_api_bridge_leader-0.0.0-py3.10.egg-info/SOURCES.txt
/home/phy_ai/.ihub/daksha/install/daksha_api_bridge_leader/lib/python3.10/site-packages/daksha_api_bridge_leader-0.0.0-py3.10.egg-info/zip-safe
/home/phy_ai/.ihub/daksha/install/daksha_api_bridge_leader/lib/python3.10/site-packages/daksha_api_bridge_leader-0.0.0-py3.10.egg-info/top_level.txt
/home/phy_ai/.ihub/daksha/install/daksha_api_bridge_leader/lib/python3.10/site-packages/daksha_api_bridge_leader-0.0.0-py3.10.egg-info/entry_points.txt
/home/phy_ai/.ihub/daksha/install/daksha_api_bridge_leader/lib/python3.10/site-packages/daksha_api_bridge_leader-0.0.0-py3.10.egg-info/PKG-INFO
/home/phy_ai/.ihub/daksha/install/daksha_api_bridge_leader/lib/python3.10/site-packages/daksha_api_bridge_leader-0.0.0-py3.10.egg-info/requires.txt
/home/phy_ai/.ihub/daksha/install/daksha_api_bridge_leader/lib/python3.10/site-packages/daksha_api_bridge_leader-0.0.0-py3.10.egg-info/dependency_links.txt
/home/phy_ai/.ihub/daksha/install/daksha_api_bridge_leader/lib/daksha_api_bridge_leader/camera_subscriber
/home/phy_ai/.ihub/daksha/install/daksha_api_bridge_leader/lib/daksha_api_bridge_leader/joint_cmd_api_publisher
/home/phy_ai/.ihub/daksha/install/daksha_api_bridge_leader/lib/daksha_api_bridge_leader/joint_states_api_subscriber
