[0.195s] DEBUG:colcon:Command line arguments: ['/usr/bin/colcon', 'build', '--packages-select', 'motortest', '--symlink-install']
[0.195s] DEBUG:colcon:Parsed command line arguments: Namespace(log_base=None, log_level=None, verb_name='build', build_base='build', install_base='install', merge_install=False, symlink_install=True, test_result_base=None, continue_on_error=False, executor='parallel', parallel_workers=16, event_handlers=None, ignore_user_meta=False, metas=['./colcon.meta'], base_paths=['.'], packages_ignore=None, packages_ignore_regex=None, paths=None, packages_up_to=None, packages_up_to_regex=None, packages_above=None, packages_above_and_dependencies=None, packages_above_depth=None, packages_select_by_dep=None, packages_skip_by_dep=None, packages_skip_up_to=None, packages_select_build_failed=False, packages_skip_build_finished=False, packages_select_test_failures=False, packages_skip_test_passed=False, packages_select=['motortest'], packages_skip=None, packages_select_regex=None, packages_skip_regex=None, packages_start=None, packages_end=None, allow_overriding=[], cmake_args=None, cmake_target=None, cmake_target_skip_unavailable=False, cmake_clean_cache=False, cmake_clean_first=False, cmake_force_configure=False, ament_cmake_args=None, catkin_cmake_args=None, catkin_skip_building_tests=False, mixin_files=None, mixin=None, verb_parser=<colcon_mixin.mixin.mixin_argument.MixinArgumentDecorator object at 0x7af16ee8fe80>, verb_extension=<colcon_core.verb.build.BuildVerb object at 0x7af16ee8f820>, main=<bound method BuildVerb.main of <colcon_core.verb.build.BuildVerb object at 0x7af16ee8f820>>, mixin_verb=('build',))
[0.480s] Level 1:colcon.colcon_core.package_discovery:discover_packages(colcon_meta) check parameters
[0.480s] Level 1:colcon.colcon_core.package_discovery:discover_packages(recursive) check parameters
[0.480s] Level 1:colcon.colcon_core.package_discovery:discover_packages(ignore) check parameters
[0.480s] Level 1:colcon.colcon_core.package_discovery:discover_packages(path) check parameters
[0.480s] Level 1:colcon.colcon_core.package_discovery:discover_packages(colcon_meta) discover
[0.481s] Level 1:colcon.colcon_core.package_discovery:discover_packages(recursive) discover
[0.481s] INFO:colcon.colcon_core.package_discovery:Crawling recursively for packages in '/home/phy_ai/.ihub/daksha'
[0.481s] Level 1:colcon.colcon_core.package_identification:_identify(.) by extensions ['ignore', 'ignore_ament_install']
[0.481s] Level 1:colcon.colcon_core.package_identification:_identify(.) by extension 'ignore'
[0.481s] Level 1:colcon.colcon_core.package_identification:_identify(.) by extension 'ignore_ament_install'
[0.481s] Level 1:colcon.colcon_core.package_identification:_identify(.) by extensions ['colcon_pkg']
[0.481s] Level 1:colcon.colcon_core.package_identification:_identify(.) by extension 'colcon_pkg'
[0.481s] Level 1:colcon.colcon_core.package_identification:_identify(.) by extensions ['colcon_meta']
[0.481s] Level 1:colcon.colcon_core.package_identification:_identify(.) by extension 'colcon_meta'
[0.481s] Level 1:colcon.colcon_core.package_identification:_identify(.) by extensions ['ros']
[0.481s] Level 1:colcon.colcon_core.package_identification:_identify(.) by extension 'ros'
[0.519s] Level 1:colcon.colcon_core.package_identification:_identify(.) by extensions ['cmake', 'python']
[0.520s] Level 1:colcon.colcon_core.package_identification:_identify(.) by extension 'cmake'
[0.520s] Level 1:colcon.colcon_core.package_identification:_identify(.) by extension 'python'
[0.520s] Level 1:colcon.colcon_core.package_identification:_identify(.) by extensions ['python_setup_py']
[0.520s] Level 1:colcon.colcon_core.package_identification:_identify(.) by extension 'python_setup_py'
[0.520s] Level 1:colcon.colcon_core.package_identification:_identify(build) by extensions ['ignore', 'ignore_ament_install']
[0.520s] Level 1:colcon.colcon_core.package_identification:_identify(build) by extension 'ignore'
[0.520s] Level 1:colcon.colcon_core.package_identification:_identify(build) ignored
[0.520s] Level 1:colcon.colcon_core.package_identification:_identify(docs) by extensions ['ignore', 'ignore_ament_install']
[0.521s] Level 1:colcon.colcon_core.package_identification:_identify(docs) by extension 'ignore'
[0.521s] Level 1:colcon.colcon_core.package_identification:_identify(docs) by extension 'ignore_ament_install'
[0.521s] Level 1:colcon.colcon_core.package_identification:_identify(docs) by extensions ['colcon_pkg']
[0.521s] Level 1:colcon.colcon_core.package_identification:_identify(docs) by extension 'colcon_pkg'
[0.521s] Level 1:colcon.colcon_core.package_identification:_identify(docs) by extensions ['colcon_meta']
[0.521s] Level 1:colcon.colcon_core.package_identification:_identify(docs) by extension 'colcon_meta'
[0.521s] Level 1:colcon.colcon_core.package_identification:_identify(docs) by extensions ['ros']
[0.521s] Level 1:colcon.colcon_core.package_identification:_identify(docs) by extension 'ros'
[0.521s] Level 1:colcon.colcon_core.package_identification:_identify(docs) by extensions ['cmake', 'python']
[0.521s] Level 1:colcon.colcon_core.package_identification:_identify(docs) by extension 'cmake'
[0.521s] Level 1:colcon.colcon_core.package_identification:_identify(docs) by extension 'python'
[0.521s] Level 1:colcon.colcon_core.package_identification:_identify(docs) by extensions ['python_setup_py']
[0.521s] Level 1:colcon.colcon_core.package_identification:_identify(docs) by extension 'python_setup_py'
[0.522s] Level 1:colcon.colcon_core.package_identification:_identify(install) by extensions ['ignore', 'ignore_ament_install']
[0.522s] Level 1:colcon.colcon_core.package_identification:_identify(install) by extension 'ignore'
[0.522s] Level 1:colcon.colcon_core.package_identification:_identify(install) ignored
[0.522s] Level 1:colcon.colcon_core.package_identification:_identify(log) by extensions ['ignore', 'ignore_ament_install']
[0.522s] Level 1:colcon.colcon_core.package_identification:_identify(log) by extension 'ignore'
[0.522s] Level 1:colcon.colcon_core.package_identification:_identify(log) ignored
[0.523s] Level 1:colcon.colcon_core.package_identification:_identify(src) by extensions ['ignore', 'ignore_ament_install']
[0.523s] Level 1:colcon.colcon_core.package_identification:_identify(src) by extension 'ignore'
[0.523s] Level 1:colcon.colcon_core.package_identification:_identify(src) by extension 'ignore_ament_install'
[0.523s] Level 1:colcon.colcon_core.package_identification:_identify(src) by extensions ['colcon_pkg']
[0.523s] Level 1:colcon.colcon_core.package_identification:_identify(src) by extension 'colcon_pkg'
[0.523s] Level 1:colcon.colcon_core.package_identification:_identify(src) by extensions ['colcon_meta']
[0.523s] Level 1:colcon.colcon_core.package_identification:_identify(src) by extension 'colcon_meta'
[0.523s] Level 1:colcon.colcon_core.package_identification:_identify(src) by extensions ['ros']
[0.523s] Level 1:colcon.colcon_core.package_identification:_identify(src) by extension 'ros'
[0.523s] Level 1:colcon.colcon_core.package_identification:_identify(src) by extensions ['cmake', 'python']
[0.523s] Level 1:colcon.colcon_core.package_identification:_identify(src) by extension 'cmake'
[0.523s] Level 1:colcon.colcon_core.package_identification:_identify(src) by extension 'python'
[0.524s] Level 1:colcon.colcon_core.package_identification:_identify(src) by extensions ['python_setup_py']
[0.524s] Level 1:colcon.colcon_core.package_identification:_identify(src) by extension 'python_setup_py'
[0.524s] Level 1:colcon.colcon_core.package_identification:_identify(src/automation) by extensions ['ignore', 'ignore_ament_install']
[0.524s] Level 1:colcon.colcon_core.package_identification:_identify(src/automation) by extension 'ignore'
[0.524s] Level 1:colcon.colcon_core.package_identification:_identify(src/automation) by extension 'ignore_ament_install'
[0.524s] Level 1:colcon.colcon_core.package_identification:_identify(src/automation) by extensions ['colcon_pkg']
[0.524s] Level 1:colcon.colcon_core.package_identification:_identify(src/automation) by extension 'colcon_pkg'
[0.524s] Level 1:colcon.colcon_core.package_identification:_identify(src/automation) by extensions ['colcon_meta']
[0.524s] Level 1:colcon.colcon_core.package_identification:_identify(src/automation) by extension 'colcon_meta'
[0.524s] Level 1:colcon.colcon_core.package_identification:_identify(src/automation) by extensions ['ros']
[0.524s] Level 1:colcon.colcon_core.package_identification:_identify(src/automation) by extension 'ros'
[0.529s] DEBUG:colcon.colcon_core.package_identification:Package 'src/automation' with type 'ros.ament_cmake' and name 'automation'
[0.529s] Level 1:colcon.colcon_core.package_identification:_identify(src/controllers) by extensions ['ignore', 'ignore_ament_install']
[0.529s] Level 1:colcon.colcon_core.package_identification:_identify(src/controllers) by extension 'ignore'
[0.529s] Level 1:colcon.colcon_core.package_identification:_identify(src/controllers) by extension 'ignore_ament_install'
[0.529s] Level 1:colcon.colcon_core.package_identification:_identify(src/controllers) by extensions ['colcon_pkg']
[0.529s] Level 1:colcon.colcon_core.package_identification:_identify(src/controllers) by extension 'colcon_pkg'
[0.529s] Level 1:colcon.colcon_core.package_identification:_identify(src/controllers) by extensions ['colcon_meta']
[0.529s] Level 1:colcon.colcon_core.package_identification:_identify(src/controllers) by extension 'colcon_meta'
[0.529s] Level 1:colcon.colcon_core.package_identification:_identify(src/controllers) by extensions ['ros']
[0.529s] Level 1:colcon.colcon_core.package_identification:_identify(src/controllers) by extension 'ros'
[0.529s] Level 1:colcon.colcon_core.package_identification:_identify(src/controllers) by extensions ['cmake', 'python']
[0.529s] Level 1:colcon.colcon_core.package_identification:_identify(src/controllers) by extension 'cmake'
[0.530s] Level 1:colcon.colcon_core.package_identification:_identify(src/controllers) by extension 'python'
[0.530s] Level 1:colcon.colcon_core.package_identification:_identify(src/controllers) by extensions ['python_setup_py']
[0.530s] Level 1:colcon.colcon_core.package_identification:_identify(src/controllers) by extension 'python_setup_py'
[0.530s] Level 1:colcon.colcon_core.package_identification:_identify(src/controllers/collision_management) by extensions ['ignore', 'ignore_ament_install']
[0.530s] Level 1:colcon.colcon_core.package_identification:_identify(src/controllers/collision_management) by extension 'ignore'
[0.530s] Level 1:colcon.colcon_core.package_identification:_identify(src/controllers/collision_management) by extension 'ignore_ament_install'
[0.530s] Level 1:colcon.colcon_core.package_identification:_identify(src/controllers/collision_management) by extensions ['colcon_pkg']
[0.530s] Level 1:colcon.colcon_core.package_identification:_identify(src/controllers/collision_management) by extension 'colcon_pkg'
[0.530s] Level 1:colcon.colcon_core.package_identification:_identify(src/controllers/collision_management) by extensions ['colcon_meta']
[0.530s] Level 1:colcon.colcon_core.package_identification:_identify(src/controllers/collision_management) by extension 'colcon_meta'
[0.530s] Level 1:colcon.colcon_core.package_identification:_identify(src/controllers/collision_management) by extensions ['ros']
[0.530s] Level 1:colcon.colcon_core.package_identification:_identify(src/controllers/collision_management) by extension 'ros'
[0.531s] DEBUG:colcon.colcon_core.package_identification:Package 'src/controllers/collision_management' with type 'ros.ament_cmake' and name 'collision_management'
[0.531s] Level 1:colcon.colcon_core.package_identification:_identify(src/controllers/dynamics) by extensions ['ignore', 'ignore_ament_install']
[0.532s] Level 1:colcon.colcon_core.package_identification:_identify(src/controllers/dynamics) by extension 'ignore'
[0.532s] Level 1:colcon.colcon_core.package_identification:_identify(src/controllers/dynamics) by extension 'ignore_ament_install'
[0.532s] Level 1:colcon.colcon_core.package_identification:_identify(src/controllers/dynamics) by extensions ['colcon_pkg']
[0.532s] Level 1:colcon.colcon_core.package_identification:_identify(src/controllers/dynamics) by extension 'colcon_pkg'
[0.532s] Level 1:colcon.colcon_core.package_identification:_identify(src/controllers/dynamics) by extensions ['colcon_meta']
[0.532s] Level 1:colcon.colcon_core.package_identification:_identify(src/controllers/dynamics) by extension 'colcon_meta'
[0.532s] Level 1:colcon.colcon_core.package_identification:_identify(src/controllers/dynamics) by extensions ['ros']
[0.532s] Level 1:colcon.colcon_core.package_identification:_identify(src/controllers/dynamics) by extension 'ros'
[0.534s] DEBUG:colcon.colcon_core.package_identification:Package 'src/controllers/dynamics' with type 'ros.ament_cmake' and name 'dynamics'
[0.534s] Level 1:colcon.colcon_core.package_identification:_identify(src/controllers/hw_interface) by extensions ['ignore', 'ignore_ament_install']
[0.534s] Level 1:colcon.colcon_core.package_identification:_identify(src/controllers/hw_interface) by extension 'ignore'
[0.534s] Level 1:colcon.colcon_core.package_identification:_identify(src/controllers/hw_interface) by extension 'ignore_ament_install'
[0.534s] Level 1:colcon.colcon_core.package_identification:_identify(src/controllers/hw_interface) by extensions ['colcon_pkg']
[0.534s] Level 1:colcon.colcon_core.package_identification:_identify(src/controllers/hw_interface) by extension 'colcon_pkg'
[0.534s] Level 1:colcon.colcon_core.package_identification:_identify(src/controllers/hw_interface) by extensions ['colcon_meta']
[0.535s] Level 1:colcon.colcon_core.package_identification:_identify(src/controllers/hw_interface) by extension 'colcon_meta'
[0.535s] Level 1:colcon.colcon_core.package_identification:_identify(src/controllers/hw_interface) by extensions ['ros']
[0.535s] Level 1:colcon.colcon_core.package_identification:_identify(src/controllers/hw_interface) by extension 'ros'
[0.536s] DEBUG:colcon.colcon_core.package_identification:Package 'src/controllers/hw_interface' with type 'ros.ament_cmake' and name 'hw_interface'
[0.536s] Level 1:colcon.colcon_core.package_identification:_identify(src/controllers/kinematics) by extensions ['ignore', 'ignore_ament_install']
[0.536s] Level 1:colcon.colcon_core.package_identification:_identify(src/controllers/kinematics) by extension 'ignore'
[0.537s] Level 1:colcon.colcon_core.package_identification:_identify(src/controllers/kinematics) by extension 'ignore_ament_install'
[0.537s] Level 1:colcon.colcon_core.package_identification:_identify(src/controllers/kinematics) by extensions ['colcon_pkg']
[0.537s] Level 1:colcon.colcon_core.package_identification:_identify(src/controllers/kinematics) by extension 'colcon_pkg'
[0.537s] Level 1:colcon.colcon_core.package_identification:_identify(src/controllers/kinematics) by extensions ['colcon_meta']
[0.537s] Level 1:colcon.colcon_core.package_identification:_identify(src/controllers/kinematics) by extension 'colcon_meta'
[0.537s] Level 1:colcon.colcon_core.package_identification:_identify(src/controllers/kinematics) by extensions ['ros']
[0.537s] Level 1:colcon.colcon_core.package_identification:_identify(src/controllers/kinematics) by extension 'ros'
[0.538s] DEBUG:colcon.colcon_core.package_identification:Package 'src/controllers/kinematics' with type 'ros.ament_python' and name 'kinematics'
[0.538s] Level 1:colcon.colcon_core.package_identification:_identify(src/controllers/moveit_collision_management) by extensions ['ignore', 'ignore_ament_install']
[0.538s] Level 1:colcon.colcon_core.package_identification:_identify(src/controllers/moveit_collision_management) by extension 'ignore'
[0.539s] Level 1:colcon.colcon_core.package_identification:_identify(src/controllers/moveit_collision_management) by extension 'ignore_ament_install'
[0.539s] Level 1:colcon.colcon_core.package_identification:_identify(src/controllers/moveit_collision_management) by extensions ['colcon_pkg']
[0.539s] Level 1:colcon.colcon_core.package_identification:_identify(src/controllers/moveit_collision_management) by extension 'colcon_pkg'
[0.539s] Level 1:colcon.colcon_core.package_identification:_identify(src/controllers/moveit_collision_management) by extensions ['colcon_meta']
[0.539s] Level 1:colcon.colcon_core.package_identification:_identify(src/controllers/moveit_collision_management) by extension 'colcon_meta'
[0.539s] Level 1:colcon.colcon_core.package_identification:_identify(src/controllers/moveit_collision_management) by extensions ['ros']
[0.539s] Level 1:colcon.colcon_core.package_identification:_identify(src/controllers/moveit_collision_management) by extension 'ros'
[0.540s] DEBUG:colcon.colcon_core.package_identification:Package 'src/controllers/moveit_collision_management' with type 'ros.ament_cmake' and name 'moveit_collision_management'
[0.540s] Level 1:colcon.colcon_core.package_identification:_identify(src/controllers/posveleff_controllers) by extensions ['ignore', 'ignore_ament_install']
[0.541s] Level 1:colcon.colcon_core.package_identification:_identify(src/controllers/posveleff_controllers) by extension 'ignore'
[0.541s] Level 1:colcon.colcon_core.package_identification:_identify(src/controllers/posveleff_controllers) by extension 'ignore_ament_install'
[0.541s] Level 1:colcon.colcon_core.package_identification:_identify(src/controllers/posveleff_controllers) by extensions ['colcon_pkg']
[0.541s] Level 1:colcon.colcon_core.package_identification:_identify(src/controllers/posveleff_controllers) by extension 'colcon_pkg'
[0.541s] Level 1:colcon.colcon_core.package_identification:_identify(src/controllers/posveleff_controllers) by extensions ['colcon_meta']
[0.541s] Level 1:colcon.colcon_core.package_identification:_identify(src/controllers/posveleff_controllers) by extension 'colcon_meta'
[0.541s] Level 1:colcon.colcon_core.package_identification:_identify(src/controllers/posveleff_controllers) by extensions ['ros']
[0.541s] Level 1:colcon.colcon_core.package_identification:_identify(src/controllers/posveleff_controllers) by extension 'ros'
[0.543s] DEBUG:colcon.colcon_core.package_identification:Package 'src/controllers/posveleff_controllers' with type 'ros.ament_cmake' and name 'posveleff_controllers'
[0.543s] Level 1:colcon.colcon_core.package_identification:_identify(src/custom_v3format_dataset) by extensions ['ignore', 'ignore_ament_install']
[0.543s] Level 1:colcon.colcon_core.package_identification:_identify(src/custom_v3format_dataset) by extension 'ignore'
[0.543s] Level 1:colcon.colcon_core.package_identification:_identify(src/custom_v3format_dataset) by extension 'ignore_ament_install'
[0.543s] Level 1:colcon.colcon_core.package_identification:_identify(src/custom_v3format_dataset) by extensions ['colcon_pkg']
[0.543s] Level 1:colcon.colcon_core.package_identification:_identify(src/custom_v3format_dataset) by extension 'colcon_pkg'
[0.543s] Level 1:colcon.colcon_core.package_identification:_identify(src/custom_v3format_dataset) by extensions ['colcon_meta']
[0.543s] Level 1:colcon.colcon_core.package_identification:_identify(src/custom_v3format_dataset) by extension 'colcon_meta'
[0.543s] Level 1:colcon.colcon_core.package_identification:_identify(src/custom_v3format_dataset) by extensions ['ros']
[0.543s] Level 1:colcon.colcon_core.package_identification:_identify(src/custom_v3format_dataset) by extension 'ros'
[0.544s] Level 1:colcon.colcon_core.package_identification:_identify(src/custom_v3format_dataset) by extensions ['cmake', 'python']
[0.544s] Level 1:colcon.colcon_core.package_identification:_identify(src/custom_v3format_dataset) by extension 'cmake'
[0.544s] Level 1:colcon.colcon_core.package_identification:_identify(src/custom_v3format_dataset) by extension 'python'
[0.544s] Level 1:colcon.colcon_core.package_identification:_identify(src/custom_v3format_dataset) by extensions ['python_setup_py']
[0.544s] Level 1:colcon.colcon_core.package_identification:_identify(src/custom_v3format_dataset) by extension 'python_setup_py'
[0.544s] Level 1:colcon.colcon_core.package_identification:_identify(src/custom_v3format_dataset/__pycache__) by extensions ['ignore', 'ignore_ament_install']
[0.544s] Level 1:colcon.colcon_core.package_identification:_identify(src/custom_v3format_dataset/__pycache__) by extension 'ignore'
[0.544s] Level 1:colcon.colcon_core.package_identification:_identify(src/custom_v3format_dataset/__pycache__) by extension 'ignore_ament_install'
[0.544s] Level 1:colcon.colcon_core.package_identification:_identify(src/custom_v3format_dataset/__pycache__) by extensions ['colcon_pkg']
[0.544s] Level 1:colcon.colcon_core.package_identification:_identify(src/custom_v3format_dataset/__pycache__) by extension 'colcon_pkg'
[0.544s] Level 1:colcon.colcon_core.package_identification:_identify(src/custom_v3format_dataset/__pycache__) by extensions ['colcon_meta']
[0.544s] Level 1:colcon.colcon_core.package_identification:_identify(src/custom_v3format_dataset/__pycache__) by extension 'colcon_meta'
[0.545s] Level 1:colcon.colcon_core.package_identification:_identify(src/custom_v3format_dataset/__pycache__) by extensions ['ros']
[0.545s] Level 1:colcon.colcon_core.package_identification:_identify(src/custom_v3format_dataset/__pycache__) by extension 'ros'
[0.545s] Level 1:colcon.colcon_core.package_identification:_identify(src/custom_v3format_dataset/__pycache__) by extensions ['cmake', 'python']
[0.545s] Level 1:colcon.colcon_core.package_identification:_identify(src/custom_v3format_dataset/__pycache__) by extension 'cmake'
[0.545s] Level 1:colcon.colcon_core.package_identification:_identify(src/custom_v3format_dataset/__pycache__) by extension 'python'
[0.545s] Level 1:colcon.colcon_core.package_identification:_identify(src/custom_v3format_dataset/__pycache__) by extensions ['python_setup_py']
[0.545s] Level 1:colcon.colcon_core.package_identification:_identify(src/custom_v3format_dataset/__pycache__) by extension 'python_setup_py'
[0.545s] Level 1:colcon.colcon_core.package_identification:_identify(src/daksha_description_full_body) by extensions ['ignore', 'ignore_ament_install']
[0.545s] Level 1:colcon.colcon_core.package_identification:_identify(src/daksha_description_full_body) by extension 'ignore'
[0.545s] Level 1:colcon.colcon_core.package_identification:_identify(src/daksha_description_full_body) by extension 'ignore_ament_install'
[0.545s] Level 1:colcon.colcon_core.package_identification:_identify(src/daksha_description_full_body) by extensions ['colcon_pkg']
[0.545s] Level 1:colcon.colcon_core.package_identification:_identify(src/daksha_description_full_body) by extension 'colcon_pkg'
[0.545s] Level 1:colcon.colcon_core.package_identification:_identify(src/daksha_description_full_body) by extensions ['colcon_meta']
[0.545s] Level 1:colcon.colcon_core.package_identification:_identify(src/daksha_description_full_body) by extension 'colcon_meta'
[0.545s] Level 1:colcon.colcon_core.package_identification:_identify(src/daksha_description_full_body) by extensions ['ros']
[0.545s] Level 1:colcon.colcon_core.package_identification:_identify(src/daksha_description_full_body) by extension 'ros'
[0.547s] DEBUG:colcon.colcon_core.package_identification:Package 'src/daksha_description_full_body' with type 'ros.ament_python' and name 'daksha_description_full_body'
[0.547s] Level 1:colcon.colcon_core.package_identification:_identify(src/diagnosis) by extensions ['ignore', 'ignore_ament_install']
[0.548s] Level 1:colcon.colcon_core.package_identification:_identify(src/diagnosis) by extension 'ignore'
[0.548s] Level 1:colcon.colcon_core.package_identification:_identify(src/diagnosis) by extension 'ignore_ament_install'
[0.548s] Level 1:colcon.colcon_core.package_identification:_identify(src/diagnosis) by extensions ['colcon_pkg']
[0.548s] Level 1:colcon.colcon_core.package_identification:_identify(src/diagnosis) by extension 'colcon_pkg'
[0.548s] Level 1:colcon.colcon_core.package_identification:_identify(src/diagnosis) by extensions ['colcon_meta']
[0.548s] Level 1:colcon.colcon_core.package_identification:_identify(src/diagnosis) by extension 'colcon_meta'
[0.548s] Level 1:colcon.colcon_core.package_identification:_identify(src/diagnosis) by extensions ['ros']
[0.548s] Level 1:colcon.colcon_core.package_identification:_identify(src/diagnosis) by extension 'ros'
[0.548s] Level 1:colcon.colcon_core.package_identification:_identify(src/diagnosis) by extensions ['cmake', 'python']
[0.548s] Level 1:colcon.colcon_core.package_identification:_identify(src/diagnosis) by extension 'cmake'
[0.549s] Level 1:colcon.colcon_core.package_identification:_identify(src/diagnosis) by extension 'python'
[0.549s] Level 1:colcon.colcon_core.package_identification:_identify(src/diagnosis) by extensions ['python_setup_py']
[0.549s] Level 1:colcon.colcon_core.package_identification:_identify(src/diagnosis) by extension 'python_setup_py'
[0.549s] Level 1:colcon.colcon_core.package_identification:_identify(src/diagnosis/temp_graph) by extensions ['ignore', 'ignore_ament_install']
[0.549s] Level 1:colcon.colcon_core.package_identification:_identify(src/diagnosis/temp_graph) by extension 'ignore'
[0.549s] Level 1:colcon.colcon_core.package_identification:_identify(src/diagnosis/temp_graph) by extension 'ignore_ament_install'
[0.549s] Level 1:colcon.colcon_core.package_identification:_identify(src/diagnosis/temp_graph) by extensions ['colcon_pkg']
[0.549s] Level 1:colcon.colcon_core.package_identification:_identify(src/diagnosis/temp_graph) by extension 'colcon_pkg'
[0.549s] Level 1:colcon.colcon_core.package_identification:_identify(src/diagnosis/temp_graph) by extensions ['colcon_meta']
[0.549s] Level 1:colcon.colcon_core.package_identification:_identify(src/diagnosis/temp_graph) by extension 'colcon_meta'
[0.549s] Level 1:colcon.colcon_core.package_identification:_identify(src/diagnosis/temp_graph) by extensions ['ros']
[0.549s] Level 1:colcon.colcon_core.package_identification:_identify(src/diagnosis/temp_graph) by extension 'ros'
[0.549s] Level 1:colcon.colcon_core.package_identification:_identify(src/diagnosis/temp_graph) by extensions ['cmake', 'python']
[0.550s] Level 1:colcon.colcon_core.package_identification:_identify(src/diagnosis/temp_graph) by extension 'cmake'
[0.550s] Level 1:colcon.colcon_core.package_identification:_identify(src/diagnosis/temp_graph) by extension 'python'
[0.550s] Level 1:colcon.colcon_core.package_identification:_identify(src/diagnosis/temp_graph) by extensions ['python_setup_py']
[0.550s] Level 1:colcon.colcon_core.package_identification:_identify(src/diagnosis/temp_graph) by extension 'python_setup_py'
[0.550s] Level 1:colcon.colcon_core.package_identification:_identify(src/diagnosis/temp_graph/build) by extensions ['ignore', 'ignore_ament_install']
[0.550s] Level 1:colcon.colcon_core.package_identification:_identify(src/diagnosis/temp_graph/build) by extension 'ignore'
[0.550s] Level 1:colcon.colcon_core.package_identification:_identify(src/diagnosis/temp_graph/build) by extension 'ignore_ament_install'
[0.550s] Level 1:colcon.colcon_core.package_identification:_identify(src/diagnosis/temp_graph/build) by extensions ['colcon_pkg']
[0.550s] Level 1:colcon.colcon_core.package_identification:_identify(src/diagnosis/temp_graph/build) by extension 'colcon_pkg'
[0.550s] Level 1:colcon.colcon_core.package_identification:_identify(src/diagnosis/temp_graph/build) by extensions ['colcon_meta']
[0.550s] Level 1:colcon.colcon_core.package_identification:_identify(src/diagnosis/temp_graph/build) by extension 'colcon_meta'
[0.550s] Level 1:colcon.colcon_core.package_identification:_identify(src/diagnosis/temp_graph/build) by extensions ['ros']
[0.551s] Level 1:colcon.colcon_core.package_identification:_identify(src/diagnosis/temp_graph/build) by extension 'ros'
[0.551s] Level 1:colcon.colcon_core.package_identification:_identify(src/diagnosis/temp_graph/build) by extensions ['cmake', 'python']
[0.551s] Level 1:colcon.colcon_core.package_identification:_identify(src/diagnosis/temp_graph/build) by extension 'cmake'
[0.551s] Level 1:colcon.colcon_core.package_identification:_identify(src/diagnosis/temp_graph/build) by extension 'python'
[0.551s] Level 1:colcon.colcon_core.package_identification:_identify(src/diagnosis/temp_graph/build) by extensions ['python_setup_py']
[0.551s] Level 1:colcon.colcon_core.package_identification:_identify(src/diagnosis/temp_graph/build) by extension 'python_setup_py'
[0.551s] Level 1:colcon.colcon_core.package_identification:_identify(src/diagnosis/temp_graph/build/lib) by extensions ['ignore', 'ignore_ament_install']
[0.551s] Level 1:colcon.colcon_core.package_identification:_identify(src/diagnosis/temp_graph/build/lib) by extension 'ignore'
[0.551s] Level 1:colcon.colcon_core.package_identification:_identify(src/diagnosis/temp_graph/build/lib) by extension 'ignore_ament_install'
[0.551s] Level 1:colcon.colcon_core.package_identification:_identify(src/diagnosis/temp_graph/build/lib) by extensions ['colcon_pkg']
[0.551s] Level 1:colcon.colcon_core.package_identification:_identify(src/diagnosis/temp_graph/build/lib) by extension 'colcon_pkg'
[0.551s] Level 1:colcon.colcon_core.package_identification:_identify(src/diagnosis/temp_graph/build/lib) by extensions ['colcon_meta']
[0.551s] Level 1:colcon.colcon_core.package_identification:_identify(src/diagnosis/temp_graph/build/lib) by extension 'colcon_meta'
[0.551s] Level 1:colcon.colcon_core.package_identification:_identify(src/diagnosis/temp_graph/build/lib) by extensions ['ros']
[0.551s] Level 1:colcon.colcon_core.package_identification:_identify(src/diagnosis/temp_graph/build/lib) by extension 'ros'
[0.552s] Level 1:colcon.colcon_core.package_identification:_identify(src/diagnosis/temp_graph/build/lib) by extensions ['cmake', 'python']
[0.552s] Level 1:colcon.colcon_core.package_identification:_identify(src/diagnosis/temp_graph/build/lib) by extension 'cmake'
[0.552s] Level 1:colcon.colcon_core.package_identification:_identify(src/diagnosis/temp_graph/build/lib) by extension 'python'
[0.552s] Level 1:colcon.colcon_core.package_identification:_identify(src/diagnosis/temp_graph/build/lib) by extensions ['python_setup_py']
[0.552s] Level 1:colcon.colcon_core.package_identification:_identify(src/diagnosis/temp_graph/build/lib) by extension 'python_setup_py'
[0.552s] Level 1:colcon.colcon_core.package_identification:_identify(src/diagnosis/temp_graph/build/lib/temp_graph) by extensions ['ignore', 'ignore_ament_install']
[0.552s] Level 1:colcon.colcon_core.package_identification:_identify(src/diagnosis/temp_graph/build/lib/temp_graph) by extension 'ignore'
[0.552s] Level 1:colcon.colcon_core.package_identification:_identify(src/diagnosis/temp_graph/build/lib/temp_graph) by extension 'ignore_ament_install'
[0.552s] Level 1:colcon.colcon_core.package_identification:_identify(src/diagnosis/temp_graph/build/lib/temp_graph) by extensions ['colcon_pkg']
[0.552s] Level 1:colcon.colcon_core.package_identification:_identify(src/diagnosis/temp_graph/build/lib/temp_graph) by extension 'colcon_pkg'
[0.553s] Level 1:colcon.colcon_core.package_identification:_identify(src/diagnosis/temp_graph/build/lib/temp_graph) by extensions ['colcon_meta']
[0.553s] Level 1:colcon.colcon_core.package_identification:_identify(src/diagnosis/temp_graph/build/lib/temp_graph) by extension 'colcon_meta'
[0.553s] Level 1:colcon.colcon_core.package_identification:_identify(src/diagnosis/temp_graph/build/lib/temp_graph) by extensions ['ros']
[0.553s] Level 1:colcon.colcon_core.package_identification:_identify(src/diagnosis/temp_graph/build/lib/temp_graph) by extension 'ros'
[0.553s] Level 1:colcon.colcon_core.package_identification:_identify(src/diagnosis/temp_graph/build/lib/temp_graph) by extensions ['cmake', 'python']
[0.553s] Level 1:colcon.colcon_core.package_identification:_identify(src/diagnosis/temp_graph/build/lib/temp_graph) by extension 'cmake'
[0.553s] Level 1:colcon.colcon_core.package_identification:_identify(src/diagnosis/temp_graph/build/lib/temp_graph) by extension 'python'
[0.553s] Level 1:colcon.colcon_core.package_identification:_identify(src/diagnosis/temp_graph/build/lib/temp_graph) by extensions ['python_setup_py']
[0.553s] Level 1:colcon.colcon_core.package_identification:_identify(src/diagnosis/temp_graph/build/lib/temp_graph) by extension 'python_setup_py'
[0.553s] Level 1:colcon.colcon_core.package_identification:_identify(src/diagnosis/temp_graph/temp_graph) by extensions ['ignore', 'ignore_ament_install']
[0.553s] Level 1:colcon.colcon_core.package_identification:_identify(src/diagnosis/temp_graph/temp_graph) by extension 'ignore'
[0.553s] Level 1:colcon.colcon_core.package_identification:_identify(src/diagnosis/temp_graph/temp_graph) by extension 'ignore_ament_install'
[0.553s] Level 1:colcon.colcon_core.package_identification:_identify(src/diagnosis/temp_graph/temp_graph) by extensions ['colcon_pkg']
[0.554s] Level 1:colcon.colcon_core.package_identification:_identify(src/diagnosis/temp_graph/temp_graph) by extension 'colcon_pkg'
[0.554s] Level 1:colcon.colcon_core.package_identification:_identify(src/diagnosis/temp_graph/temp_graph) by extensions ['colcon_meta']
[0.554s] Level 1:colcon.colcon_core.package_identification:_identify(src/diagnosis/temp_graph/temp_graph) by extension 'colcon_meta'
[0.554s] Level 1:colcon.colcon_core.package_identification:_identify(src/diagnosis/temp_graph/temp_graph) by extensions ['ros']
[0.554s] Level 1:colcon.colcon_core.package_identification:_identify(src/diagnosis/temp_graph/temp_graph) by extension 'ros'
[0.554s] Level 1:colcon.colcon_core.package_identification:_identify(src/diagnosis/temp_graph/temp_graph) by extensions ['cmake', 'python']
[0.554s] Level 1:colcon.colcon_core.package_identification:_identify(src/diagnosis/temp_graph/temp_graph) by extension 'cmake'
[0.554s] Level 1:colcon.colcon_core.package_identification:_identify(src/diagnosis/temp_graph/temp_graph) by extension 'python'
[0.554s] Level 1:colcon.colcon_core.package_identification:_identify(src/diagnosis/temp_graph/temp_graph) by extensions ['python_setup_py']
[0.554s] Level 1:colcon.colcon_core.package_identification:_identify(src/diagnosis/temp_graph/temp_graph) by extension 'python_setup_py'
[0.554s] Level 1:colcon.colcon_core.package_identification:_identify(src/diagnosis/temp_graph/temp_graph/__pycache__) by extensions ['ignore', 'ignore_ament_install']
[0.554s] Level 1:colcon.colcon_core.package_identification:_identify(src/diagnosis/temp_graph/temp_graph/__pycache__) by extension 'ignore'
[0.554s] Level 1:colcon.colcon_core.package_identification:_identify(src/diagnosis/temp_graph/temp_graph/__pycache__) by extension 'ignore_ament_install'
[0.555s] Level 1:colcon.colcon_core.package_identification:_identify(src/diagnosis/temp_graph/temp_graph/__pycache__) by extensions ['colcon_pkg']
[0.555s] Level 1:colcon.colcon_core.package_identification:_identify(src/diagnosis/temp_graph/temp_graph/__pycache__) by extension 'colcon_pkg'
[0.555s] Level 1:colcon.colcon_core.package_identification:_identify(src/diagnosis/temp_graph/temp_graph/__pycache__) by extensions ['colcon_meta']
[0.555s] Level 1:colcon.colcon_core.package_identification:_identify(src/diagnosis/temp_graph/temp_graph/__pycache__) by extension 'colcon_meta'
[0.555s] Level 1:colcon.colcon_core.package_identification:_identify(src/diagnosis/temp_graph/temp_graph/__pycache__) by extensions ['ros']
[0.555s] Level 1:colcon.colcon_core.package_identification:_identify(src/diagnosis/temp_graph/temp_graph/__pycache__) by extension 'ros'
[0.555s] Level 1:colcon.colcon_core.package_identification:_identify(src/diagnosis/temp_graph/temp_graph/__pycache__) by extensions ['cmake', 'python']
[0.555s] Level 1:colcon.colcon_core.package_identification:_identify(src/diagnosis/temp_graph/temp_graph/__pycache__) by extension 'cmake'
[0.555s] Level 1:colcon.colcon_core.package_identification:_identify(src/diagnosis/temp_graph/temp_graph/__pycache__) by extension 'python'
[0.555s] Level 1:colcon.colcon_core.package_identification:_identify(src/diagnosis/temp_graph/temp_graph/__pycache__) by extensions ['python_setup_py']
[0.555s] Level 1:colcon.colcon_core.package_identification:_identify(src/diagnosis/temp_graph/temp_graph/__pycache__) by extension 'python_setup_py'
[0.555s] Level 1:colcon.colcon_core.package_identification:_identify(src/diagnosis/vajara) by extensions ['ignore', 'ignore_ament_install']
[0.555s] Level 1:colcon.colcon_core.package_identification:_identify(src/diagnosis/vajara) by extension 'ignore'
[0.555s] Level 1:colcon.colcon_core.package_identification:_identify(src/diagnosis/vajara) by extension 'ignore_ament_install'
[0.556s] Level 1:colcon.colcon_core.package_identification:_identify(src/diagnosis/vajara) by extensions ['colcon_pkg']
[0.556s] Level 1:colcon.colcon_core.package_identification:_identify(src/diagnosis/vajara) by extension 'colcon_pkg'
[0.556s] Level 1:colcon.colcon_core.package_identification:_identify(src/diagnosis/vajara) by extensions ['colcon_meta']
[0.556s] Level 1:colcon.colcon_core.package_identification:_identify(src/diagnosis/vajara) by extension 'colcon_meta'
[0.556s] Level 1:colcon.colcon_core.package_identification:_identify(src/diagnosis/vajara) by extensions ['ros']
[0.556s] Level 1:colcon.colcon_core.package_identification:_identify(src/diagnosis/vajara) by extension 'ros'
[0.557s] DEBUG:colcon.colcon_core.package_identification:Package 'src/diagnosis/vajara' with type 'ros.ament_python' and name 'vajara'
[0.558s] Level 1:colcon.colcon_core.package_identification:_identify(src/gen2) by extensions ['ignore', 'ignore_ament_install']
[0.558s] Level 1:colcon.colcon_core.package_identification:_identify(src/gen2) by extension 'ignore'
[0.558s] Level 1:colcon.colcon_core.package_identification:_identify(src/gen2) by extension 'ignore_ament_install'
[0.558s] Level 1:colcon.colcon_core.package_identification:_identify(src/gen2) by extensions ['colcon_pkg']
[0.558s] Level 1:colcon.colcon_core.package_identification:_identify(src/gen2) by extension 'colcon_pkg'
[0.558s] Level 1:colcon.colcon_core.package_identification:_identify(src/gen2) by extensions ['colcon_meta']
[0.558s] Level 1:colcon.colcon_core.package_identification:_identify(src/gen2) by extension 'colcon_meta'
[0.558s] Level 1:colcon.colcon_core.package_identification:_identify(src/gen2) by extensions ['ros']
[0.558s] Level 1:colcon.colcon_core.package_identification:_identify(src/gen2) by extension 'ros'
[0.559s] DEBUG:colcon.colcon_core.package_identification:Package 'src/gen2' with type 'ros.ament_python' and name 'gen2'
[0.560s] Level 1:colcon.colcon_core.package_identification:_identify(src/gesture_management) by extensions ['ignore', 'ignore_ament_install']
[0.560s] Level 1:colcon.colcon_core.package_identification:_identify(src/gesture_management) by extension 'ignore'
[0.560s] Level 1:colcon.colcon_core.package_identification:_identify(src/gesture_management) by extension 'ignore_ament_install'
[0.560s] Level 1:colcon.colcon_core.package_identification:_identify(src/gesture_management) by extensions ['colcon_pkg']
[0.560s] Level 1:colcon.colcon_core.package_identification:_identify(src/gesture_management) by extension 'colcon_pkg'
[0.560s] Level 1:colcon.colcon_core.package_identification:_identify(src/gesture_management) by extensions ['colcon_meta']
[0.560s] Level 1:colcon.colcon_core.package_identification:_identify(src/gesture_management) by extension 'colcon_meta'
[0.560s] Level 1:colcon.colcon_core.package_identification:_identify(src/gesture_management) by extensions ['ros']
[0.560s] Level 1:colcon.colcon_core.package_identification:_identify(src/gesture_management) by extension 'ros'
[0.562s] DEBUG:colcon.colcon_core.package_identification:Package 'src/gesture_management' with type 'ros.ament_cmake' and name 'gesture_management'
[0.562s] Level 1:colcon.colcon_core.package_identification:_identify(src/global) by extensions ['ignore', 'ignore_ament_install']
[0.562s] Level 1:colcon.colcon_core.package_identification:_identify(src/global) by extension 'ignore'
[0.562s] Level 1:colcon.colcon_core.package_identification:_identify(src/global) by extension 'ignore_ament_install'
[0.562s] Level 1:colcon.colcon_core.package_identification:_identify(src/global) by extensions ['colcon_pkg']
[0.563s] Level 1:colcon.colcon_core.package_identification:_identify(src/global) by extension 'colcon_pkg'
[0.563s] Level 1:colcon.colcon_core.package_identification:_identify(src/global) by extensions ['colcon_meta']
[0.563s] Level 1:colcon.colcon_core.package_identification:_identify(src/global) by extension 'colcon_meta'
[0.563s] Level 1:colcon.colcon_core.package_identification:_identify(src/global) by extensions ['ros']
[0.563s] Level 1:colcon.colcon_core.package_identification:_identify(src/global) by extension 'ros'
[0.563s] Level 1:colcon.colcon_core.package_identification:_identify(src/global) by extensions ['cmake', 'python']
[0.563s] Level 1:colcon.colcon_core.package_identification:_identify(src/global) by extension 'cmake'
[0.563s] Level 1:colcon.colcon_core.package_identification:_identify(src/global) by extension 'python'
[0.563s] Level 1:colcon.colcon_core.package_identification:_identify(src/global) by extensions ['python_setup_py']
[0.563s] Level 1:colcon.colcon_core.package_identification:_identify(src/global) by extension 'python_setup_py'
[0.563s] Level 1:colcon.colcon_core.package_identification:_identify(src/global/daksha_api_bridge_follower) by extensions ['ignore', 'ignore_ament_install']
[0.563s] Level 1:colcon.colcon_core.package_identification:_identify(src/global/daksha_api_bridge_follower) by extension 'ignore'
[0.563s] Level 1:colcon.colcon_core.package_identification:_identify(src/global/daksha_api_bridge_follower) by extension 'ignore_ament_install'
[0.564s] Level 1:colcon.colcon_core.package_identification:_identify(src/global/daksha_api_bridge_follower) by extensions ['colcon_pkg']
[0.564s] Level 1:colcon.colcon_core.package_identification:_identify(src/global/daksha_api_bridge_follower) by extension 'colcon_pkg'
[0.564s] Level 1:colcon.colcon_core.package_identification:_identify(src/global/daksha_api_bridge_follower) by extensions ['colcon_meta']
[0.564s] Level 1:colcon.colcon_core.package_identification:_identify(src/global/daksha_api_bridge_follower) by extension 'colcon_meta'
[0.564s] Level 1:colcon.colcon_core.package_identification:_identify(src/global/daksha_api_bridge_follower) by extensions ['ros']
[0.564s] Level 1:colcon.colcon_core.package_identification:_identify(src/global/daksha_api_bridge_follower) by extension 'ros'
[0.565s] DEBUG:colcon.colcon_core.package_identification:Package 'src/global/daksha_api_bridge_follower' with type 'ros.ament_python' and name 'daksha_api_bridge_follower'
[0.565s] Level 1:colcon.colcon_core.package_identification:_identify(src/global/daksha_api_bridge_leader) by extensions ['ignore', 'ignore_ament_install']
[0.565s] Level 1:colcon.colcon_core.package_identification:_identify(src/global/daksha_api_bridge_leader) by extension 'ignore'
[0.565s] Level 1:colcon.colcon_core.package_identification:_identify(src/global/daksha_api_bridge_leader) by extension 'ignore_ament_install'
[0.565s] Level 1:colcon.colcon_core.package_identification:_identify(src/global/daksha_api_bridge_leader) by extensions ['colcon_pkg']
[0.565s] Level 1:colcon.colcon_core.package_identification:_identify(src/global/daksha_api_bridge_leader) by extension 'colcon_pkg'
[0.565s] Level 1:colcon.colcon_core.package_identification:_identify(src/global/daksha_api_bridge_leader) by extensions ['colcon_meta']
[0.565s] Level 1:colcon.colcon_core.package_identification:_identify(src/global/daksha_api_bridge_leader) by extension 'colcon_meta'
[0.565s] Level 1:colcon.colcon_core.package_identification:_identify(src/global/daksha_api_bridge_leader) by extensions ['ros']
[0.565s] Level 1:colcon.colcon_core.package_identification:_identify(src/global/daksha_api_bridge_leader) by extension 'ros'
[0.566s] DEBUG:colcon.colcon_core.package_identification:Package 'src/global/daksha_api_bridge_leader' with type 'ros.ament_python' and name 'daksha_api_bridge_leader'
[0.567s] Level 1:colcon.colcon_core.package_identification:_identify(src/joint_cmd_logger) by extensions ['ignore', 'ignore_ament_install']
[0.567s] Level 1:colcon.colcon_core.package_identification:_identify(src/joint_cmd_logger) by extension 'ignore'
[0.567s] Level 1:colcon.colcon_core.package_identification:_identify(src/joint_cmd_logger) by extension 'ignore_ament_install'
[0.567s] Level 1:colcon.colcon_core.package_identification:_identify(src/joint_cmd_logger) by extensions ['colcon_pkg']
[0.567s] Level 1:colcon.colcon_core.package_identification:_identify(src/joint_cmd_logger) by extension 'colcon_pkg'
[0.567s] Level 1:colcon.colcon_core.package_identification:_identify(src/joint_cmd_logger) by extensions ['colcon_meta']
[0.567s] Level 1:colcon.colcon_core.package_identification:_identify(src/joint_cmd_logger) by extension 'colcon_meta'
[0.567s] Level 1:colcon.colcon_core.package_identification:_identify(src/joint_cmd_logger) by extensions ['ros']
[0.567s] Level 1:colcon.colcon_core.package_identification:_identify(src/joint_cmd_logger) by extension 'ros'
[0.568s] DEBUG:colcon.colcon_core.package_identification:Package 'src/joint_cmd_logger' with type 'ros.ament_python' and name 'joint_cmd_logger'
[0.569s] Level 1:colcon.colcon_core.package_identification:_identify(src/motortest) by extensions ['ignore', 'ignore_ament_install']
[0.569s] Level 1:colcon.colcon_core.package_identification:_identify(src/motortest) by extension 'ignore'
[0.569s] Level 1:colcon.colcon_core.package_identification:_identify(src/motortest) by extension 'ignore_ament_install'
[0.569s] Level 1:colcon.colcon_core.package_identification:_identify(src/motortest) by extensions ['colcon_pkg']
[0.569s] Level 1:colcon.colcon_core.package_identification:_identify(src/motortest) by extension 'colcon_pkg'
[0.569s] Level 1:colcon.colcon_core.package_identification:_identify(src/motortest) by extensions ['colcon_meta']
[0.569s] Level 1:colcon.colcon_core.package_identification:_identify(src/motortest) by extension 'colcon_meta'
[0.569s] Level 1:colcon.colcon_core.package_identification:_identify(src/motortest) by extensions ['ros']
[0.569s] Level 1:colcon.colcon_core.package_identification:_identify(src/motortest) by extension 'ros'
[0.570s] DEBUG:colcon.colcon_core.package_identification:Package 'src/motortest' with type 'ros.ament_python' and name 'motortest'
[0.570s] Level 1:colcon.colcon_core.package_identification:_identify(src/navigation) by extensions ['ignore', 'ignore_ament_install']
[0.570s] Level 1:colcon.colcon_core.package_identification:_identify(src/navigation) by extension 'ignore'
[0.570s] Level 1:colcon.colcon_core.package_identification:_identify(src/navigation) by extension 'ignore_ament_install'
[0.570s] Level 1:colcon.colcon_core.package_identification:_identify(src/navigation) by extensions ['colcon_pkg']
[0.571s] Level 1:colcon.colcon_core.package_identification:_identify(src/navigation) by extension 'colcon_pkg'
[0.571s] Level 1:colcon.colcon_core.package_identification:_identify(src/navigation) by extensions ['colcon_meta']
[0.571s] Level 1:colcon.colcon_core.package_identification:_identify(src/navigation) by extension 'colcon_meta'
[0.571s] Level 1:colcon.colcon_core.package_identification:_identify(src/navigation) by extensions ['ros']
[0.571s] Level 1:colcon.colcon_core.package_identification:_identify(src/navigation) by extension 'ros'
[0.571s] Level 1:colcon.colcon_core.package_identification:_identify(src/navigation) by extensions ['cmake', 'python']
[0.571s] Level 1:colcon.colcon_core.package_identification:_identify(src/navigation) by extension 'cmake'
[0.571s] Level 1:colcon.colcon_core.package_identification:_identify(src/navigation) by extension 'python'
[0.571s] Level 1:colcon.colcon_core.package_identification:_identify(src/navigation) by extensions ['python_setup_py']
[0.571s] Level 1:colcon.colcon_core.package_identification:_identify(src/navigation) by extension 'python_setup_py'
[0.571s] Level 1:colcon.colcon_core.package_identification:_identify(src/navigation/web_nav_site) by extensions ['ignore', 'ignore_ament_install']
[0.571s] Level 1:colcon.colcon_core.package_identification:_identify(src/navigation/web_nav_site) by extension 'ignore'
[0.571s] Level 1:colcon.colcon_core.package_identification:_identify(src/navigation/web_nav_site) by extension 'ignore_ament_install'
[0.571s] Level 1:colcon.colcon_core.package_identification:_identify(src/navigation/web_nav_site) by extensions ['colcon_pkg']
[0.571s] Level 1:colcon.colcon_core.package_identification:_identify(src/navigation/web_nav_site) by extension 'colcon_pkg'
[0.571s] Level 1:colcon.colcon_core.package_identification:_identify(src/navigation/web_nav_site) by extensions ['colcon_meta']
[0.571s] Level 1:colcon.colcon_core.package_identification:_identify(src/navigation/web_nav_site) by extension 'colcon_meta'
[0.572s] Level 1:colcon.colcon_core.package_identification:_identify(src/navigation/web_nav_site) by extensions ['ros']
[0.572s] Level 1:colcon.colcon_core.package_identification:_identify(src/navigation/web_nav_site) by extension 'ros'
[0.573s] DEBUG:colcon.colcon_core.package_identification:Package 'src/navigation/web_nav_site' with type 'ros.ament_cmake' and name 'web_nav_site'
[0.573s] Level 1:colcon.colcon_core.package_identification:_identify(src/scripts) by extensions ['ignore', 'ignore_ament_install']
[0.573s] Level 1:colcon.colcon_core.package_identification:_identify(src/scripts) by extension 'ignore'
[0.573s] Level 1:colcon.colcon_core.package_identification:_identify(src/scripts) by extension 'ignore_ament_install'
[0.573s] Level 1:colcon.colcon_core.package_identification:_identify(src/scripts) by extensions ['colcon_pkg']
[0.573s] Level 1:colcon.colcon_core.package_identification:_identify(src/scripts) by extension 'colcon_pkg'
[0.573s] Level 1:colcon.colcon_core.package_identification:_identify(src/scripts) by extensions ['colcon_meta']
[0.574s] Level 1:colcon.colcon_core.package_identification:_identify(src/scripts) by extension 'colcon_meta'
[0.574s] Level 1:colcon.colcon_core.package_identification:_identify(src/scripts) by extensions ['ros']
[0.574s] Level 1:colcon.colcon_core.package_identification:_identify(src/scripts) by extension 'ros'
[0.574s] Level 1:colcon.colcon_core.package_identification:_identify(src/scripts) by extensions ['cmake', 'python']
[0.574s] Level 1:colcon.colcon_core.package_identification:_identify(src/scripts) by extension 'cmake'
[0.574s] Level 1:colcon.colcon_core.package_identification:_identify(src/scripts) by extension 'python'
[0.574s] Level 1:colcon.colcon_core.package_identification:_identify(src/scripts) by extensions ['python_setup_py']
[0.574s] Level 1:colcon.colcon_core.package_identification:_identify(src/scripts) by extension 'python_setup_py'
[0.574s] Level 1:colcon.colcon_core.package_identification:_identify(src/scripts/__pycache__) by extensions ['ignore', 'ignore_ament_install']
[0.574s] Level 1:colcon.colcon_core.package_identification:_identify(src/scripts/__pycache__) by extension 'ignore'
[0.574s] Level 1:colcon.colcon_core.package_identification:_identify(src/scripts/__pycache__) by extension 'ignore_ament_install'
[0.574s] Level 1:colcon.colcon_core.package_identification:_identify(src/scripts/__pycache__) by extensions ['colcon_pkg']
[0.574s] Level 1:colcon.colcon_core.package_identification:_identify(src/scripts/__pycache__) by extension 'colcon_pkg'
[0.574s] Level 1:colcon.colcon_core.package_identification:_identify(src/scripts/__pycache__) by extensions ['colcon_meta']
[0.574s] Level 1:colcon.colcon_core.package_identification:_identify(src/scripts/__pycache__) by extension 'colcon_meta'
[0.574s] Level 1:colcon.colcon_core.package_identification:_identify(src/scripts/__pycache__) by extensions ['ros']
[0.575s] Level 1:colcon.colcon_core.package_identification:_identify(src/scripts/__pycache__) by extension 'ros'
[0.575s] Level 1:colcon.colcon_core.package_identification:_identify(src/scripts/__pycache__) by extensions ['cmake', 'python']
[0.575s] Level 1:colcon.colcon_core.package_identification:_identify(src/scripts/__pycache__) by extension 'cmake'
[0.575s] Level 1:colcon.colcon_core.package_identification:_identify(src/scripts/__pycache__) by extension 'python'
[0.575s] Level 1:colcon.colcon_core.package_identification:_identify(src/scripts/__pycache__) by extensions ['python_setup_py']
[0.575s] Level 1:colcon.colcon_core.package_identification:_identify(src/scripts/__pycache__) by extension 'python_setup_py'
[0.575s] Level 1:colcon.colcon_core.package_identification:_identify(src/tele) by extensions ['ignore', 'ignore_ament_install']
[0.575s] Level 1:colcon.colcon_core.package_identification:_identify(src/tele) by extension 'ignore'
[0.575s] Level 1:colcon.colcon_core.package_identification:_identify(src/tele) by extension 'ignore_ament_install'
[0.575s] Level 1:colcon.colcon_core.package_identification:_identify(src/tele) by extensions ['colcon_pkg']
[0.575s] Level 1:colcon.colcon_core.package_identification:_identify(src/tele) by extension 'colcon_pkg'
[0.575s] Level 1:colcon.colcon_core.package_identification:_identify(src/tele) by extensions ['colcon_meta']
[0.575s] Level 1:colcon.colcon_core.package_identification:_identify(src/tele) by extension 'colcon_meta'
[0.575s] Level 1:colcon.colcon_core.package_identification:_identify(src/tele) by extensions ['ros']
[0.575s] Level 1:colcon.colcon_core.package_identification:_identify(src/tele) by extension 'ros'
[0.575s] Level 1:colcon.colcon_core.package_identification:_identify(src/tele) by extensions ['cmake', 'python']
[0.575s] Level 1:colcon.colcon_core.package_identification:_identify(src/tele) by extension 'cmake'
[0.575s] Level 1:colcon.colcon_core.package_identification:_identify(src/tele) by extension 'python'
[0.576s] Level 1:colcon.colcon_core.package_identification:_identify(src/tele) by extensions ['python_setup_py']
[0.576s] Level 1:colcon.colcon_core.package_identification:_identify(src/tele) by extension 'python_setup_py'
[0.576s] Level 1:colcon.colcon_core.package_identification:_identify(src/tele/ROS-TCP-Endpoint) by extensions ['ignore', 'ignore_ament_install']
[0.576s] Level 1:colcon.colcon_core.package_identification:_identify(src/tele/ROS-TCP-Endpoint) by extension 'ignore'
[0.576s] Level 1:colcon.colcon_core.package_identification:_identify(src/tele/ROS-TCP-Endpoint) by extension 'ignore_ament_install'
[0.576s] Level 1:colcon.colcon_core.package_identification:_identify(src/tele/ROS-TCP-Endpoint) by extensions ['colcon_pkg']
[0.576s] Level 1:colcon.colcon_core.package_identification:_identify(src/tele/ROS-TCP-Endpoint) by extension 'colcon_pkg'
[0.576s] Level 1:colcon.colcon_core.package_identification:_identify(src/tele/ROS-TCP-Endpoint) by extensions ['colcon_meta']
[0.576s] Level 1:colcon.colcon_core.package_identification:_identify(src/tele/ROS-TCP-Endpoint) by extension 'colcon_meta'
[0.576s] Level 1:colcon.colcon_core.package_identification:_identify(src/tele/ROS-TCP-Endpoint) by extensions ['ros']
[0.576s] Level 1:colcon.colcon_core.package_identification:_identify(src/tele/ROS-TCP-Endpoint) by extension 'ros'
[0.577s] DEBUG:colcon.colcon_core.package_identification:Package 'src/tele/ROS-TCP-Endpoint' with type 'ros.ament_python' and name 'ros_tcp_endpoint'
[0.578s] Level 1:colcon.colcon_core.package_identification:_identify(src/tele/gen2_leader) by extensions ['ignore', 'ignore_ament_install']
[0.578s] Level 1:colcon.colcon_core.package_identification:_identify(src/tele/gen2_leader) by extension 'ignore'
[0.578s] Level 1:colcon.colcon_core.package_identification:_identify(src/tele/gen2_leader) by extension 'ignore_ament_install'
[0.578s] Level 1:colcon.colcon_core.package_identification:_identify(src/tele/gen2_leader) by extensions ['colcon_pkg']
[0.578s] Level 1:colcon.colcon_core.package_identification:_identify(src/tele/gen2_leader) by extension 'colcon_pkg'
[0.578s] Level 1:colcon.colcon_core.package_identification:_identify(src/tele/gen2_leader) by extensions ['colcon_meta']
[0.578s] Level 1:colcon.colcon_core.package_identification:_identify(src/tele/gen2_leader) by extension 'colcon_meta'
[0.578s] Level 1:colcon.colcon_core.package_identification:_identify(src/tele/gen2_leader) by extensions ['ros']
[0.578s] Level 1:colcon.colcon_core.package_identification:_identify(src/tele/gen2_leader) by extension 'ros'
[0.579s] DEBUG:colcon.colcon_core.package_identification:Package 'src/tele/gen2_leader' with type 'ros.ament_python' and name 'gen2_leader'
[0.579s] Level 1:colcon.colcon_core.package_identification:_identify(src/tele/vr_teleop) by extensions ['ignore', 'ignore_ament_install']
[0.579s] Level 1:colcon.colcon_core.package_identification:_identify(src/tele/vr_teleop) by extension 'ignore'
[0.580s] Level 1:colcon.colcon_core.package_identification:_identify(src/tele/vr_teleop) by extension 'ignore_ament_install'
[0.580s] Level 1:colcon.colcon_core.package_identification:_identify(src/tele/vr_teleop) by extensions ['colcon_pkg']
[0.580s] Level 1:colcon.colcon_core.package_identification:_identify(src/tele/vr_teleop) by extension 'colcon_pkg'
[0.580s] Level 1:colcon.colcon_core.package_identification:_identify(src/tele/vr_teleop) by extensions ['colcon_meta']
[0.580s] Level 1:colcon.colcon_core.package_identification:_identify(src/tele/vr_teleop) by extension 'colcon_meta'
[0.580s] Level 1:colcon.colcon_core.package_identification:_identify(src/tele/vr_teleop) by extensions ['ros']
[0.580s] Level 1:colcon.colcon_core.package_identification:_identify(src/tele/vr_teleop) by extension 'ros'
[0.581s] DEBUG:colcon.colcon_core.package_identification:Package 'src/tele/vr_teleop' with type 'ros.ament_python' and name 'vr_teleop'
[0.582s] Level 1:colcon.colcon_core.package_identification:_identify(src/ui) by extensions ['ignore', 'ignore_ament_install']
[0.582s] Level 1:colcon.colcon_core.package_identification:_identify(src/ui) by extension 'ignore'
[0.582s] Level 1:colcon.colcon_core.package_identification:_identify(src/ui) by extension 'ignore_ament_install'
[0.582s] Level 1:colcon.colcon_core.package_identification:_identify(src/ui) by extensions ['colcon_pkg']
[0.582s] Level 1:colcon.colcon_core.package_identification:_identify(src/ui) by extension 'colcon_pkg'
[0.582s] Level 1:colcon.colcon_core.package_identification:_identify(src/ui) by extensions ['colcon_meta']
[0.582s] Level 1:colcon.colcon_core.package_identification:_identify(src/ui) by extension 'colcon_meta'
[0.582s] Level 1:colcon.colcon_core.package_identification:_identify(src/ui) by extensions ['ros']
[0.582s] Level 1:colcon.colcon_core.package_identification:_identify(src/ui) by extension 'ros'
[0.583s] Level 1:colcon.colcon_core.package_identification:_identify(src/ui) by extensions ['cmake', 'python']
[0.583s] Level 1:colcon.colcon_core.package_identification:_identify(src/ui) by extension 'cmake'
[0.583s] Level 1:colcon.colcon_core.package_identification:_identify(src/ui) by extension 'python'
[0.583s] Level 1:colcon.colcon_core.package_identification:_identify(src/ui) by extensions ['python_setup_py']
[0.583s] Level 1:colcon.colcon_core.package_identification:_identify(src/ui) by extension 'python_setup_py'
[0.583s] Level 1:colcon.colcon_core.package_identification:_identify(src/ui/Clients_UI) by extensions ['ignore', 'ignore_ament_install']
[0.583s] Level 1:colcon.colcon_core.package_identification:_identify(src/ui/Clients_UI) by extension 'ignore'
[0.583s] Level 1:colcon.colcon_core.package_identification:_identify(src/ui/Clients_UI) by extension 'ignore_ament_install'
[0.583s] Level 1:colcon.colcon_core.package_identification:_identify(src/ui/Clients_UI) by extensions ['colcon_pkg']
[0.583s] Level 1:colcon.colcon_core.package_identification:_identify(src/ui/Clients_UI) by extension 'colcon_pkg'
[0.583s] Level 1:colcon.colcon_core.package_identification:_identify(src/ui/Clients_UI) by extensions ['colcon_meta']
[0.583s] Level 1:colcon.colcon_core.package_identification:_identify(src/ui/Clients_UI) by extension 'colcon_meta'
[0.583s] Level 1:colcon.colcon_core.package_identification:_identify(src/ui/Clients_UI) by extensions ['ros']
[0.584s] Level 1:colcon.colcon_core.package_identification:_identify(src/ui/Clients_UI) by extension 'ros'
[0.584s] Level 1:colcon.colcon_core.package_identification:_identify(src/ui/Clients_UI) by extensions ['cmake', 'python']
[0.584s] Level 1:colcon.colcon_core.package_identification:_identify(src/ui/Clients_UI) by extension 'cmake'
[0.584s] Level 1:colcon.colcon_core.package_identification:_identify(src/ui/Clients_UI) by extension 'python'
[0.584s] Level 1:colcon.colcon_core.package_identification:_identify(src/ui/Clients_UI) by extensions ['python_setup_py']
[0.584s] Level 1:colcon.colcon_core.package_identification:_identify(src/ui/Clients_UI) by extension 'python_setup_py'
[0.584s] Level 1:colcon.colcon_core.package_identification:_identify(src/ui/Clients_UI/daksha_data_collection) by extensions ['ignore', 'ignore_ament_install']
[0.584s] Level 1:colcon.colcon_core.package_identification:_identify(src/ui/Clients_UI/daksha_data_collection) by extension 'ignore'
[0.584s] Level 1:colcon.colcon_core.package_identification:_identify(src/ui/Clients_UI/daksha_data_collection) by extension 'ignore_ament_install'
[0.584s] Level 1:colcon.colcon_core.package_identification:_identify(src/ui/Clients_UI/daksha_data_collection) by extensions ['colcon_pkg']
[0.584s] Level 1:colcon.colcon_core.package_identification:_identify(src/ui/Clients_UI/daksha_data_collection) by extension 'colcon_pkg'
[0.584s] Level 1:colcon.colcon_core.package_identification:_identify(src/ui/Clients_UI/daksha_data_collection) by extensions ['colcon_meta']
[0.585s] Level 1:colcon.colcon_core.package_identification:_identify(src/ui/Clients_UI/daksha_data_collection) by extension 'colcon_meta'
[0.585s] Level 1:colcon.colcon_core.package_identification:_identify(src/ui/Clients_UI/daksha_data_collection) by extensions ['ros']
[0.585s] Level 1:colcon.colcon_core.package_identification:_identify(src/ui/Clients_UI/daksha_data_collection) by extension 'ros'
[0.586s] DEBUG:colcon.colcon_core.package_identification:Package 'src/ui/Clients_UI/daksha_data_collection' with type 'ros.ament_python' and name 'daksha_data_collection'
[0.586s] Level 1:colcon.colcon_core.package_identification:_identify(src/ui/Clients_UI/daksha_final_urdf_description) by extensions ['ignore', 'ignore_ament_install']
[0.586s] Level 1:colcon.colcon_core.package_identification:_identify(src/ui/Clients_UI/daksha_final_urdf_description) by extension 'ignore'
[0.586s] Level 1:colcon.colcon_core.package_identification:_identify(src/ui/Clients_UI/daksha_final_urdf_description) by extension 'ignore_ament_install'
[0.586s] Level 1:colcon.colcon_core.package_identification:_identify(src/ui/Clients_UI/daksha_final_urdf_description) by extensions ['colcon_pkg']
[0.586s] Level 1:colcon.colcon_core.package_identification:_identify(src/ui/Clients_UI/daksha_final_urdf_description) by extension 'colcon_pkg'
[0.586s] Level 1:colcon.colcon_core.package_identification:_identify(src/ui/Clients_UI/daksha_final_urdf_description) by extensions ['colcon_meta']
[0.586s] Level 1:colcon.colcon_core.package_identification:_identify(src/ui/Clients_UI/daksha_final_urdf_description) by extension 'colcon_meta'
[0.586s] Level 1:colcon.colcon_core.package_identification:_identify(src/ui/Clients_UI/daksha_final_urdf_description) by extensions ['ros']
[0.586s] Level 1:colcon.colcon_core.package_identification:_identify(src/ui/Clients_UI/daksha_final_urdf_description) by extension 'ros'
[0.588s] DEBUG:colcon.colcon_core.package_identification:Package 'src/ui/Clients_UI/daksha_final_urdf_description' with type 'ros.ament_python' and name 'daksha_final_urdf_description'
[0.588s] Level 1:colcon.colcon_core.package_identification:_identify(src/ui/Clients_UI/daksha_msgs) by extensions ['ignore', 'ignore_ament_install']
[0.588s] Level 1:colcon.colcon_core.package_identification:_identify(src/ui/Clients_UI/daksha_msgs) by extension 'ignore'
[0.588s] Level 1:colcon.colcon_core.package_identification:_identify(src/ui/Clients_UI/daksha_msgs) by extension 'ignore_ament_install'
[0.588s] Level 1:colcon.colcon_core.package_identification:_identify(src/ui/Clients_UI/daksha_msgs) by extensions ['colcon_pkg']
[0.588s] Level 1:colcon.colcon_core.package_identification:_identify(src/ui/Clients_UI/daksha_msgs) by extension 'colcon_pkg'
[0.588s] Level 1:colcon.colcon_core.package_identification:_identify(src/ui/Clients_UI/daksha_msgs) by extensions ['colcon_meta']
[0.588s] Level 1:colcon.colcon_core.package_identification:_identify(src/ui/Clients_UI/daksha_msgs) by extension 'colcon_meta'
[0.589s] Level 1:colcon.colcon_core.package_identification:_identify(src/ui/Clients_UI/daksha_msgs) by extensions ['ros']
[0.589s] Level 1:colcon.colcon_core.package_identification:_identify(src/ui/Clients_UI/daksha_msgs) by extension 'ros'
[0.589s] DEBUG:colcon.colcon_core.package_identification:Package 'src/ui/Clients_UI/daksha_msgs' with type 'ros.ament_cmake' and name 'daksha_msgs'
[0.590s] Level 1:colcon.colcon_core.package_identification:_identify(src/ui/Clients_UI/daksha_ui) by extensions ['ignore', 'ignore_ament_install']
[0.590s] Level 1:colcon.colcon_core.package_identification:_identify(src/ui/Clients_UI/daksha_ui) by extension 'ignore'
[0.590s] Level 1:colcon.colcon_core.package_identification:_identify(src/ui/Clients_UI/daksha_ui) by extension 'ignore_ament_install'
[0.590s] Level 1:colcon.colcon_core.package_identification:_identify(src/ui/Clients_UI/daksha_ui) by extensions ['colcon_pkg']
[0.590s] Level 1:colcon.colcon_core.package_identification:_identify(src/ui/Clients_UI/daksha_ui) by extension 'colcon_pkg'
[0.590s] Level 1:colcon.colcon_core.package_identification:_identify(src/ui/Clients_UI/daksha_ui) by extensions ['colcon_meta']
[0.590s] Level 1:colcon.colcon_core.package_identification:_identify(src/ui/Clients_UI/daksha_ui) by extension 'colcon_meta'
[0.590s] Level 1:colcon.colcon_core.package_identification:_identify(src/ui/Clients_UI/daksha_ui) by extensions ['ros']
[0.590s] Level 1:colcon.colcon_core.package_identification:_identify(src/ui/Clients_UI/daksha_ui) by extension 'ros'
[0.592s] DEBUG:colcon.colcon_core.package_identification:Package 'src/ui/Clients_UI/daksha_ui' with type 'ros.ament_cmake' and name 'daksha_ui'
[0.592s] Level 1:colcon.colcon_core.package_identification:_identify(src/ui/Clients_UI/validation) by extensions ['ignore', 'ignore_ament_install']
[0.592s] Level 1:colcon.colcon_core.package_identification:_identify(src/ui/Clients_UI/validation) by extension 'ignore'
[0.593s] Level 1:colcon.colcon_core.package_identification:_identify(src/ui/Clients_UI/validation) by extension 'ignore_ament_install'
[0.593s] Level 1:colcon.colcon_core.package_identification:_identify(src/ui/Clients_UI/validation) by extensions ['colcon_pkg']
[0.593s] Level 1:colcon.colcon_core.package_identification:_identify(src/ui/Clients_UI/validation) by extension 'colcon_pkg'
[0.593s] Level 1:colcon.colcon_core.package_identification:_identify(src/ui/Clients_UI/validation) by extensions ['colcon_meta']
[0.593s] Level 1:colcon.colcon_core.package_identification:_identify(src/ui/Clients_UI/validation) by extension 'colcon_meta'
[0.593s] Level 1:colcon.colcon_core.package_identification:_identify(src/ui/Clients_UI/validation) by extensions ['ros']
[0.593s] Level 1:colcon.colcon_core.package_identification:_identify(src/ui/Clients_UI/validation) by extension 'ros'
[0.593s] Level 1:colcon.colcon_core.package_identification:_identify(src/ui/Clients_UI/validation) by extensions ['cmake', 'python']
[0.593s] Level 1:colcon.colcon_core.package_identification:_identify(src/ui/Clients_UI/validation) by extension 'cmake'
[0.593s] Level 1:colcon.colcon_core.package_identification:_identify(src/ui/Clients_UI/validation) by extension 'python'
[0.593s] Level 1:colcon.colcon_core.package_identification:_identify(src/ui/Clients_UI/validation) by extensions ['python_setup_py']
[0.593s] Level 1:colcon.colcon_core.package_identification:_identify(src/ui/Clients_UI/validation) by extension 'python_setup_py'
[0.593s] Level 1:colcon.colcon_core.package_identification:_identify(src/ui/analyzer) by extensions ['ignore', 'ignore_ament_install']
[0.594s] Level 1:colcon.colcon_core.package_identification:_identify(src/ui/analyzer) by extension 'ignore'
[0.594s] Level 1:colcon.colcon_core.package_identification:_identify(src/ui/analyzer) by extension 'ignore_ament_install'
[0.594s] Level 1:colcon.colcon_core.package_identification:_identify(src/ui/analyzer) by extensions ['colcon_pkg']
[0.594s] Level 1:colcon.colcon_core.package_identification:_identify(src/ui/analyzer) by extension 'colcon_pkg'
[0.594s] Level 1:colcon.colcon_core.package_identification:_identify(src/ui/analyzer) by extensions ['colcon_meta']
[0.594s] Level 1:colcon.colcon_core.package_identification:_identify(src/ui/analyzer) by extension 'colcon_meta'
[0.594s] Level 1:colcon.colcon_core.package_identification:_identify(src/ui/analyzer) by extensions ['ros']
[0.594s] Level 1:colcon.colcon_core.package_identification:_identify(src/ui/analyzer) by extension 'ros'
[0.595s] DEBUG:colcon.colcon_core.package_identification:Package 'src/ui/analyzer' with type 'ros.ament_python' and name 'joint_analyzer'
[0.595s] Level 1:colcon.colcon_core.package_identification:_identify(src/world_camera_launch) by extensions ['ignore', 'ignore_ament_install']
[0.595s] Level 1:colcon.colcon_core.package_identification:_identify(src/world_camera_launch) by extension 'ignore'
[0.595s] Level 1:colcon.colcon_core.package_identification:_identify(src/world_camera_launch) by extension 'ignore_ament_install'
[0.595s] Level 1:colcon.colcon_core.package_identification:_identify(src/world_camera_launch) by extensions ['colcon_pkg']
[0.596s] Level 1:colcon.colcon_core.package_identification:_identify(src/world_camera_launch) by extension 'colcon_pkg'
[0.596s] Level 1:colcon.colcon_core.package_identification:_identify(src/world_camera_launch) by extensions ['colcon_meta']
[0.596s] Level 1:colcon.colcon_core.package_identification:_identify(src/world_camera_launch) by extension 'colcon_meta'
[0.596s] Level 1:colcon.colcon_core.package_identification:_identify(src/world_camera_launch) by extensions ['ros']
[0.596s] Level 1:colcon.colcon_core.package_identification:_identify(src/world_camera_launch) by extension 'ros'
[0.597s] DEBUG:colcon.colcon_core.package_identification:Package 'src/world_camera_launch' with type 'ros.ament_python' and name 'world_camera_launch'
[0.597s] Level 1:colcon.colcon_core.package_discovery:discover_packages(recursive) using defaults
[0.597s] Level 1:colcon.colcon_core.package_discovery:discover_packages(ignore) discover
[0.597s] Level 1:colcon.colcon_core.package_discovery:discover_packages(ignore) using defaults
[0.597s] Level 1:colcon.colcon_core.package_discovery:discover_packages(path) discover
[0.597s] Level 1:colcon.colcon_core.package_discovery:discover_packages(path) using defaults
[0.639s] INFO:colcon.colcon_core.package_selection:Skipping not selected package 'automation' in 'src/automation'
[0.639s] INFO:colcon.colcon_core.package_selection:Skipping not selected package 'daksha_api_bridge_follower' in 'src/global/daksha_api_bridge_follower'
[0.639s] INFO:colcon.colcon_core.package_selection:Skipping not selected package 'daksha_api_bridge_leader' in 'src/global/daksha_api_bridge_leader'
[0.639s] INFO:colcon.colcon_core.package_selection:Skipping not selected package 'daksha_description_full_body' in 'src/daksha_description_full_body'
[0.639s] INFO:colcon.colcon_core.package_selection:Skipping not selected package 'daksha_final_urdf_description' in 'src/ui/Clients_UI/daksha_final_urdf_description'
[0.639s] INFO:colcon.colcon_core.package_selection:Skipping not selected package 'daksha_msgs' in 'src/ui/Clients_UI/daksha_msgs'
[0.639s] INFO:colcon.colcon_core.package_selection:Skipping not selected package 'daksha_ui' in 'src/ui/Clients_UI/daksha_ui'
[0.639s] INFO:colcon.colcon_core.package_selection:Skipping not selected package 'dynamics' in 'src/controllers/dynamics'
[0.639s] INFO:colcon.colcon_core.package_selection:Skipping not selected package 'gen2_leader' in 'src/tele/gen2_leader'
[0.639s] INFO:colcon.colcon_core.package_selection:Skipping not selected package 'gesture_management' in 'src/gesture_management'
[0.639s] INFO:colcon.colcon_core.package_selection:Skipping not selected package 'hw_interface' in 'src/controllers/hw_interface'
[0.639s] INFO:colcon.colcon_core.package_selection:Skipping not selected package 'joint_analyzer' in 'src/ui/analyzer'
[0.639s] INFO:colcon.colcon_core.package_selection:Skipping not selected package 'joint_cmd_logger' in 'src/joint_cmd_logger'
[0.639s] INFO:colcon.colcon_core.package_selection:Skipping not selected package 'kinematics' in 'src/controllers/kinematics'
[0.639s] INFO:colcon.colcon_core.package_selection:Skipping not selected package 'posveleff_controllers' in 'src/controllers/posveleff_controllers'
[0.639s] INFO:colcon.colcon_core.package_selection:Skipping not selected package 'ros_tcp_endpoint' in 'src/tele/ROS-TCP-Endpoint'
[0.639s] INFO:colcon.colcon_core.package_selection:Skipping not selected package 'vajara' in 'src/diagnosis/vajara'
[0.639s] INFO:colcon.colcon_core.package_selection:Skipping not selected package 'web_nav_site' in 'src/navigation/web_nav_site'
[0.639s] INFO:colcon.colcon_core.package_selection:Skipping not selected package 'world_camera_launch' in 'src/world_camera_launch'
[0.639s] INFO:colcon.colcon_core.package_selection:Skipping not selected package 'collision_management' in 'src/controllers/collision_management'
[0.639s] INFO:colcon.colcon_core.package_selection:Skipping not selected package 'daksha_data_collection' in 'src/ui/Clients_UI/daksha_data_collection'
[0.639s] INFO:colcon.colcon_core.package_selection:Skipping not selected package 'vr_teleop' in 'src/tele/vr_teleop'
[0.639s] INFO:colcon.colcon_core.package_selection:Skipping not selected package 'gen2' in 'src/gen2'
[0.639s] INFO:colcon.colcon_core.package_selection:Skipping not selected package 'moveit_collision_management' in 'src/controllers/moveit_collision_management'
[0.640s] Level 1:colcon.colcon_core.package_discovery:discover_packages(prefix_path) check parameters
[0.640s] Level 1:colcon.colcon_core.package_discovery:discover_packages(prefix_path) discover
[0.645s] DEBUG:colcon.colcon_installed_package_information.package_discovery:Found 30 installed packages in /home/phy_ai/.barani/gen2_full/install
[0.648s] DEBUG:colcon.colcon_installed_package_information.package_discovery:Found 409 installed packages in /opt/ros/humble
[0.651s] Level 1:colcon.colcon_core.package_discovery:discover_packages(prefix_path) using defaults
[0.728s] Level 5:colcon.colcon_core.verb:set package 'motortest' build argument 'cmake_args' from command line to 'None'
[0.728s] Level 5:colcon.colcon_core.verb:set package 'motortest' build argument 'cmake_target' from command line to 'None'
[0.728s] Level 5:colcon.colcon_core.verb:set package 'motortest' build argument 'cmake_target_skip_unavailable' from command line to 'False'
[0.728s] Level 5:colcon.colcon_core.verb:set package 'motortest' build argument 'cmake_clean_cache' from command line to 'False'
[0.728s] Level 5:colcon.colcon_core.verb:set package 'motortest' build argument 'cmake_clean_first' from command line to 'False'
[0.728s] Level 5:colcon.colcon_core.verb:set package 'motortest' build argument 'cmake_force_configure' from command line to 'False'
[0.728s] Level 5:colcon.colcon_core.verb:set package 'motortest' build argument 'ament_cmake_args' from command line to 'None'
[0.728s] Level 5:colcon.colcon_core.verb:set package 'motortest' build argument 'catkin_cmake_args' from command line to 'None'
[0.728s] Level 5:colcon.colcon_core.verb:set package 'motortest' build argument 'catkin_skip_building_tests' from command line to 'False'
[0.729s] DEBUG:colcon.colcon_core.verb:Building package 'motortest' with the following arguments: {'ament_cmake_args': None, 'build_base': '/home/phy_ai/.ihub/daksha/build/motortest', 'catkin_cmake_args': None, 'catkin_skip_building_tests': False, 'cmake_args': None, 'cmake_clean_cache': False, 'cmake_clean_first': False, 'cmake_force_configure': False, 'cmake_target': None, 'cmake_target_skip_unavailable': False, 'install_base': '/home/phy_ai/.ihub/daksha/install/motortest', 'merge_install': False, 'path': '/home/phy_ai/.ihub/daksha/src/motortest', 'symlink_install': True, 'test_result_base': None}
[0.729s] INFO:colcon.colcon_core.executor:Executing jobs using 'parallel' executor
[0.730s] DEBUG:colcon.colcon_parallel_executor.executor.parallel:run_until_complete
[0.731s] INFO:colcon.colcon_ros.task.ament_python.build:Building ROS package in '/home/phy_ai/.ihub/daksha/src/motortest' with build type 'ament_python'
[0.731s] Level 1:colcon.colcon_core.shell:create_environment_hook('motortest', 'ament_prefix_path')
[0.736s] INFO:colcon.colcon_core.plugin_system:Skipping extension 'colcon_core.shell.bat': Not used on non-Windows systems
[0.736s] INFO:colcon.colcon_core.shell:Creating environment hook '/home/phy_ai/.ihub/daksha/install/motortest/share/motortest/hook/ament_prefix_path.ps1'
[0.737s] INFO:colcon.colcon_core.shell:Creating environment descriptor '/home/phy_ai/.ihub/daksha/install/motortest/share/motortest/hook/ament_prefix_path.dsv'
[0.738s] INFO:colcon.colcon_core.shell:Creating environment hook '/home/phy_ai/.ihub/daksha/install/motortest/share/motortest/hook/ament_prefix_path.sh'
[0.739s] INFO:colcon.colcon_core.shell:Skip shell extension 'powershell' for command environment: Not usable outside of PowerShell
[0.739s] DEBUG:colcon.colcon_core.shell:Skip shell extension 'dsv' for command environment
[1.249s] INFO:colcon.colcon_core.task.python.build:Building Python package in '/home/phy_ai/.ihub/daksha/src/motortest'
[1.250s] INFO:colcon.colcon_core.shell:Skip shell extension 'powershell' for command environment: Not usable outside of PowerShell
[1.250s] DEBUG:colcon.colcon_core.shell:Skip shell extension 'dsv' for command environment
[1.927s] DEBUG:colcon.colcon_core.task.python.build:Available setuptools commands: build, compile_catalog, update_catalog, install, extract_messages, build_py, build_ext, easy_install, install_egg_info, bdist_wheel, bdist_egg, upload, egg_info, bdist_dumb, alias, saveopts, dist_info, test, build_scripts, clean, install_data, symlink_data, rotate, upload_docs, check, install_lib, install_scripts, install_headers, init_catalog, sdist, develop, bdist, build_clib, register, bdist_rpm, setopt
[2.486s] DEBUG:colcon.colcon_core.task.python.build:Available setuptools 'develop' options: --prefix, --upgrade, --force-installation-into-system-dir, --always-unzip, --record, --editable, --build-directory, --local-snapshots-ok, --quiet, --dry-run, --site-dirs, --install-dir, --no-user-cfg, --no-deps, --multi-version, --version, --exclude-scripts, --install-layout, --no-find-links, --script-dir, --allow-hosts, --user, --egg-path, --find-links, --always-copy, --optimize, --verbose, --uninstall, --zip-ok, --index-url, --help
[2.490s] DEBUG:colcon.colcon_core.event_handler.log_command:Invoking command in '/home/phy_ai/.ihub/daksha/build/motortest': PYTHONPATH=/home/phy_ai/.ihub/daksha/build/motortest/prefix_override:/usr/lib/python3/dist-packages/colcon_core/task/python/colcon_distutils_commands:/home/phy_ai/.ihub/daksha/install/motortest/lib/python3.10/site-packages:${PYTHONPATH} /usr/bin/python3 -W ignore:setup.py install is deprecated -W ignore:easy_install command is deprecated setup.py develop --editable --build-directory /home/phy_ai/.ihub/daksha/build/motortest/build --no-deps symlink_data
[3.580s] Level 1:colcon.colcon_core.shell:create_environment_hook('motortest', 'pythonpath_develop')
[3.581s] INFO:colcon.colcon_core.shell:Creating environment hook '/home/phy_ai/.ihub/daksha/build/motortest/share/motortest/hook/pythonpath_develop.ps1'
[3.582s] DEBUG:colcon.colcon_core.event_handler.log_command:Invoked command in '/home/phy_ai/.ihub/daksha/build/motortest' returned '0': PYTHONPATH=/home/phy_ai/.ihub/daksha/build/motortest/prefix_override:/usr/lib/python3/dist-packages/colcon_core/task/python/colcon_distutils_commands:/home/phy_ai/.ihub/daksha/install/motortest/lib/python3.10/site-packages:${PYTHONPATH} /usr/bin/python3 -W ignore:setup.py install is deprecated -W ignore:easy_install command is deprecated setup.py develop --editable --build-directory /home/phy_ai/.ihub/daksha/build/motortest/build --no-deps symlink_data
[3.583s] INFO:colcon.colcon_core.shell:Creating environment descriptor '/home/phy_ai/.ihub/daksha/build/motortest/share/motortest/hook/pythonpath_develop.dsv'
[3.584s] INFO:colcon.colcon_core.shell:Creating environment hook '/home/phy_ai/.ihub/daksha/build/motortest/share/motortest/hook/pythonpath_develop.sh'
[3.589s] Level 1:colcon.colcon_core.environment:checking '/home/phy_ai/.ihub/daksha/install/motortest' for CMake module files
[3.589s] Level 1:colcon.colcon_core.environment:checking '/home/phy_ai/.ihub/daksha/install/motortest' for CMake config files
[3.590s] Level 1:colcon.colcon_core.environment:checking '/home/phy_ai/.ihub/daksha/install/motortest/lib'
[3.590s] Level 1:colcon.colcon_core.environment:checking '/home/phy_ai/.ihub/daksha/install/motortest/bin'
[3.590s] Level 1:colcon.colcon_core.environment:checking '/home/phy_ai/.ihub/daksha/install/motortest/lib/pkgconfig/motortest.pc'
[3.590s] Level 1:colcon.colcon_core.environment:checking '/home/phy_ai/.ihub/daksha/install/motortest/lib/python3.10/site-packages'
[3.591s] Level 1:colcon.colcon_core.shell:create_environment_hook('motortest', 'pythonpath')
[3.591s] INFO:colcon.colcon_core.shell:Creating environment hook '/home/phy_ai/.ihub/daksha/install/motortest/share/motortest/hook/pythonpath.ps1'
[3.592s] INFO:colcon.colcon_core.shell:Creating environment descriptor '/home/phy_ai/.ihub/daksha/install/motortest/share/motortest/hook/pythonpath.dsv'
[3.593s] INFO:colcon.colcon_core.shell:Creating environment hook '/home/phy_ai/.ihub/daksha/install/motortest/share/motortest/hook/pythonpath.sh'
[3.594s] Level 1:colcon.colcon_core.environment:checking '/home/phy_ai/.ihub/daksha/install/motortest/bin'
[3.594s] Level 1:colcon.colcon_core.environment:create_environment_scripts_only(motortest)
[3.595s] INFO:colcon.colcon_core.shell:Creating package script '/home/phy_ai/.ihub/daksha/install/motortest/share/motortest/package.ps1'
[3.596s] INFO:colcon.colcon_core.shell:Creating package descriptor '/home/phy_ai/.ihub/daksha/install/motortest/share/motortest/package.dsv'
[3.597s] INFO:colcon.colcon_core.shell:Creating package script '/home/phy_ai/.ihub/daksha/install/motortest/share/motortest/package.sh'
[3.599s] INFO:colcon.colcon_core.shell:Creating package script '/home/phy_ai/.ihub/daksha/install/motortest/share/motortest/package.bash'
[3.600s] INFO:colcon.colcon_core.shell:Creating package script '/home/phy_ai/.ihub/daksha/install/motortest/share/motortest/package.zsh'
[3.601s] Level 1:colcon.colcon_core.environment:create_file_with_runtime_dependencies(/home/phy_ai/.ihub/daksha/install/motortest/share/colcon-core/packages/motortest)
[3.601s] DEBUG:colcon.colcon_parallel_executor.executor.parallel:closing loop
[3.601s] DEBUG:colcon.colcon_parallel_executor.executor.parallel:loop closed
[3.602s] DEBUG:colcon.colcon_parallel_executor.executor.parallel:run_until_complete finished with '0'
[3.602s] DEBUG:colcon.colcon_core.event_reactor:joining thread
[3.602s] DEBUG:colcon.colcon_core.event_reactor:joined thread
[3.603s] INFO:colcon.colcon_core.shell:Creating prefix script '/home/phy_ai/.ihub/daksha/install/local_setup.ps1'
[3.604s] INFO:colcon.colcon_core.shell:Creating prefix util module '/home/phy_ai/.ihub/daksha/install/_local_setup_util_ps1.py'
[3.606s] INFO:colcon.colcon_core.shell:Creating prefix chain script '/home/phy_ai/.ihub/daksha/install/setup.ps1'
[3.609s] INFO:colcon.colcon_core.shell:Creating prefix script '/home/phy_ai/.ihub/daksha/install/local_setup.sh'
[3.610s] INFO:colcon.colcon_core.shell:Creating prefix util module '/home/phy_ai/.ihub/daksha/install/_local_setup_util_sh.py'
[3.611s] INFO:colcon.colcon_core.shell:Creating prefix chain script '/home/phy_ai/.ihub/daksha/install/setup.sh'
[3.615s] INFO:colcon.colcon_core.shell:Creating prefix script '/home/phy_ai/.ihub/daksha/install/local_setup.bash'
[3.616s] INFO:colcon.colcon_core.shell:Creating prefix chain script '/home/phy_ai/.ihub/daksha/install/setup.bash'
[3.620s] INFO:colcon.colcon_core.shell:Creating prefix script '/home/phy_ai/.ihub/daksha/install/local_setup.zsh'
[3.621s] INFO:colcon.colcon_core.shell:Creating prefix chain script '/home/phy_ai/.ihub/daksha/install/setup.zsh'
