running egg_info
writing ../../build/gen2/gen2.egg-info/PKG-INFO
writing dependency_links to ../../build/gen2/gen2.egg-info/dependency_links.txt
writing entry points to ../../build/gen2/gen2.egg-info/entry_points.txt
writing requirements to ../../build/gen2/gen2.egg-info/requires.txt
writing top-level names to ../../build/gen2/gen2.egg-info/top_level.txt
reading manifest file '../../build/gen2/gen2.egg-info/SOURCES.txt'
adding license file 'LICENSE'
writing manifest file '../../build/gen2/gen2.egg-info/SOURCES.txt'
running build
running build_py
running install
running install_lib
running install_data
running install_egg_info
removing '/home/phy_ai/.ihub/daksha/install/gen2/lib/python3.10/site-packages/gen2-0.0.0-py3.10.egg-info' (and everything under it)
Copying ../../build/gen2/gen2.egg-info to /home/phy_ai/.ihub/daksha/install/gen2/lib/python3.10/site-packages/gen2-0.0.0-py3.10.egg-info
running install_scripts
Installing GravityToJointCmd script to /home/phy_ai/.ihub/daksha/install/gen2/lib/gen2
Installing HomeMoveService script to /home/phy_ai/.ihub/daksha/install/gen2/lib/gen2
Installing arm_recovery_watchdog script to /home/phy_ai/.ihub/daksha/install/gen2/lib/gen2
Installing battery_info script to /home/phy_ai/.ihub/daksha/install/gen2/lib/gen2
Installing gravity_ff_tuner script to /home/phy_ai/.ihub/daksha/install/gen2/lib/gen2
Installing gravity_scale_setter script to /home/phy_ai/.ihub/daksha/install/gen2/lib/gen2
Installing joint_cmd script to /home/phy_ai/.ihub/daksha/install/gen2/lib/gen2
Installing joint_cmd_publisher_from_joint_sates script to /home/phy_ai/.ihub/daksha/install/gen2/lib/gen2
Installing joint_cmd_web_ui script to /home/phy_ai/.ihub/daksha/install/gen2/lib/gen2
Installing leader_controller_ui script to /home/phy_ai/.ihub/daksha/install/gen2/lib/gen2
Installing mode_toggler script to /home/phy_ai/.ihub/daksha/install/gen2/lib/gen2
Installing teach_mode_node script to /home/phy_ai/.ihub/daksha/install/gen2/lib/gen2
Installing vcan_bridge script to /home/phy_ai/.ihub/daksha/install/gen2/lib/gen2
writing list of installed files to '/home/phy_ai/.ihub/daksha/build/gen2/install.log'
