[1.305s] Invoking command in '/home/phy_ai/.ihub/daksha/build/daksha_msgs': CMAKE_PREFIX_PATH=${CMAKE_PREFIX_PATH}:/home/phy_ai/.barani/gen2_full/install/world_camera_launch:/home/phy_ai/.barani/gen2_full/install/gen2:/home/phy_ai/.barani/gen2_full/install/vr_teleop:/home/phy_ai/.barani/gen2_full/install/ros_tcp_endpoint:/home/phy_ai/.barani/gen2_full/install/nav_bringup:/home/phy_ai/.barani/gen2_full/install/nav2_config:/home/phy_ai/.barani/gen2_full/install/kinematics:/home/phy_ai/.barani/gen2_full/install/joint_cmd_logger:/home/phy_ai/.barani/gen2_full/install/joint_analyzer:/home/phy_ai/.barani/gen2_full/install/daksha_data_collection:/home/phy_ai/.barani/gen2_full/install/gen2_leader:/home/phy_ai/.barani/gen2_full/install/amr_bringup:/home/phy_ai/.barani/gen2_full/install/daksha_final_urdf_description:/home/phy_ai/.barani/gen2_full/install/daksha_description_full_body:/home/phy_ai/.barani/gen2_full/install/daksha_base_urdf:/home/phy_ai/.barani/gen2_full/install/daksha_api_bridge_leader:/home/phy_ai/.barani/gen2_full/install/daksha_api_bridge_follower:/opt/ros/humble /usr/bin/cmake --build /home/phy_ai/.ihub/daksha/build/daksha_msgs -- -j16 -l16
[5.798s] [35m[1mConsolidate compiler generated dependencies of target daksha_msgs__rosidl_generator_c[0m
[5.800s] [  2%] Built target daksha_msgs__cpp
[5.801s] [ 12%] Built target daksha_msgs__rosidl_generator_c
[5.802s] [ 15%] Built target daksha_msgs__rs
[5.802s] [ 15%] Built target ament_cmake_python_copy_daksha_msgs
[5.803s] [35m[1mConsolidate compiler generated dependencies of target daksha_msgs__rosidl_typesupport_cpp[0m
[5.803s] [35m[1mConsolidate compiler generated dependencies of target daksha_msgs__rosidl_typesupport_introspection_cpp[0m
[5.803s] [35m[1mConsolidate compiler generated dependencies of target daksha_msgs__rosidl_typesupport_fastrtps_c[0m
[5.803s] [35m[1mConsolidate compiler generated dependencies of target daksha_msgs__rosidl_typesupport_fastrtps_cpp[0m
[5.803s] [35m[1mConsolidate compiler generated dependencies of target daksha_msgs__rosidl_typesupport_c[0m
[5.803s] [35m[1mConsolidate compiler generated dependencies of target daksha_msgs__rosidl_typesupport_introspection_c[0m
[5.803s] [ 25%] Built target daksha_msgs__rosidl_typesupport_introspection_cpp
[5.803s] [ 45%] Built target daksha_msgs__rosidl_typesupport_introspection_c
[5.805s] [ 45%] Built target daksha_msgs__rosidl_typesupport_cpp
[5.805s] [ 55%] Built target daksha_msgs__rosidl_typesupport_fastrtps_cpp
[5.806s] [ 65%] Built target daksha_msgs__rosidl_typesupport_fastrtps_c
[5.807s] [ 75%] Built target daksha_msgs__rosidl_typesupport_c
[5.807s] [ 75%] Built target daksha_msgs
[5.807s] [ 77%] Built target daksha_msgs__py
[5.807s] [35m[1mConsolidate compiler generated dependencies of target daksha_msgs__rosidl_generator_py[0m
[5.808s] [ 85%] Built target daksha_msgs__rosidl_generator_py
[5.809s] [35m[1mConsolidate compiler generated dependencies of target daksha_msgs__rosidl_typesupport_introspection_c__pyext[0m
[5.809s] [35m[1mConsolidate compiler generated dependencies of target daksha_msgs__rosidl_typesupport_c__pyext[0m
[5.809s] [35m[1mConsolidate compiler generated dependencies of target daksha_msgs__rosidl_typesupport_fastrtps_c__pyext[0m
[5.810s] [ 90%] Built target daksha_msgs__rosidl_typesupport_introspection_c__pyext
[5.810s] [ 95%] Built target daksha_msgs__rosidl_typesupport_c__pyext
[5.810s] [100%] Built target daksha_msgs__rosidl_typesupport_fastrtps_c__pyext
[5.810s] running egg_info
[5.812s] writing daksha_msgs.egg-info/PKG-INFO
[5.812s] writing dependency_links to daksha_msgs.egg-info/dependency_links.txt
[5.812s] writing top-level names to daksha_msgs.egg-info/top_level.txt
[5.812s] reading manifest file 'daksha_msgs.egg-info/SOURCES.txt'
[5.812s] writing manifest file 'daksha_msgs.egg-info/SOURCES.txt'
[5.812s] [100%] Built target ament_cmake_python_build_daksha_msgs_egg
[5.835s] Invoked command in '/home/phy_ai/.ihub/daksha/build/daksha_msgs' returned '0': CMAKE_PREFIX_PATH=${CMAKE_PREFIX_PATH}:/home/phy_ai/.barani/gen2_full/install/world_camera_launch:/home/phy_ai/.barani/gen2_full/install/gen2:/home/phy_ai/.barani/gen2_full/install/vr_teleop:/home/phy_ai/.barani/gen2_full/install/ros_tcp_endpoint:/home/phy_ai/.barani/gen2_full/install/nav_bringup:/home/phy_ai/.barani/gen2_full/install/nav2_config:/home/phy_ai/.barani/gen2_full/install/kinematics:/home/phy_ai/.barani/gen2_full/install/joint_cmd_logger:/home/phy_ai/.barani/gen2_full/install/joint_analyzer:/home/phy_ai/.barani/gen2_full/install/daksha_data_collection:/home/phy_ai/.barani/gen2_full/install/gen2_leader:/home/phy_ai/.barani/gen2_full/install/amr_bringup:/home/phy_ai/.barani/gen2_full/install/daksha_final_urdf_description:/home/phy_ai/.barani/gen2_full/install/daksha_description_full_body:/home/phy_ai/.barani/gen2_full/install/daksha_base_urdf:/home/phy_ai/.barani/gen2_full/install/daksha_api_bridge_leader:/home/phy_ai/.barani/gen2_full/install/daksha_api_bridge_follower:/opt/ros/humble /usr/bin/cmake --build /home/phy_ai/.ihub/daksha/build/daksha_msgs -- -j16 -l16
[5.839s] Invoking command in '/home/phy_ai/.ihub/daksha/build/daksha_msgs': CMAKE_PREFIX_PATH=${CMAKE_PREFIX_PATH}:/home/phy_ai/.barani/gen2_full/install/world_camera_launch:/home/phy_ai/.barani/gen2_full/install/gen2:/home/phy_ai/.barani/gen2_full/install/vr_teleop:/home/phy_ai/.barani/gen2_full/install/ros_tcp_endpoint:/home/phy_ai/.barani/gen2_full/install/nav_bringup:/home/phy_ai/.barani/gen2_full/install/nav2_config:/home/phy_ai/.barani/gen2_full/install/kinematics:/home/phy_ai/.barani/gen2_full/install/joint_cmd_logger:/home/phy_ai/.barani/gen2_full/install/joint_analyzer:/home/phy_ai/.barani/gen2_full/install/daksha_data_collection:/home/phy_ai/.barani/gen2_full/install/gen2_leader:/home/phy_ai/.barani/gen2_full/install/amr_bringup:/home/phy_ai/.barani/gen2_full/install/daksha_final_urdf_description:/home/phy_ai/.barani/gen2_full/install/daksha_description_full_body:/home/phy_ai/.barani/gen2_full/install/daksha_base_urdf:/home/phy_ai/.barani/gen2_full/install/daksha_api_bridge_leader:/home/phy_ai/.barani/gen2_full/install/daksha_api_bridge_follower:/opt/ros/humble /usr/bin/cmake --install /home/phy_ai/.ihub/daksha/build/daksha_msgs
[5.891s] -- Install configuration: ""
[5.893s] -- Up-to-date: /home/phy_ai/.ihub/daksha/install/daksha_msgs/share/ament_index/resource_index/rosidl_interfaces/daksha_msgs
[5.893s] -- Up-to-date: /home/phy_ai/.ihub/daksha/install/daksha_msgs/include/daksha_msgs/daksha_msgs
[5.893s] -- Up-to-date: /home/phy_ai/.ihub/daksha/install/daksha_msgs/include/daksha_msgs/daksha_msgs/srv
[5.894s] -- Up-to-date: /home/phy_ai/.ihub/daksha/install/daksha_msgs/include/daksha_msgs/daksha_msgs/srv/start_record.h
[5.895s] -- Up-to-date: /home/phy_ai/.ihub/daksha/install/daksha_msgs/include/daksha_msgs/daksha_msgs/srv/detail
[5.895s] -- Up-to-date: /home/phy_ai/.ihub/daksha/install/daksha_msgs/include/daksha_msgs/daksha_msgs/srv/detail/start_replay__functions.c
[5.895s] -- Up-to-date: /home/phy_ai/.ihub/daksha/install/daksha_msgs/include/daksha_msgs/daksha_msgs/srv/detail/start_replay__type_support.h
[5.895s] -- Up-to-date: /home/phy_ai/.ihub/daksha/install/daksha_msgs/include/daksha_msgs/daksha_msgs/srv/detail/start_replay__struct.h
[5.895s] -- Up-to-date: /home/phy_ai/.ihub/daksha/install/daksha_msgs/include/daksha_msgs/daksha_msgs/srv/detail/start_record__functions.h
[5.895s] -- Up-to-date: /home/phy_ai/.ihub/daksha/install/daksha_msgs/include/daksha_msgs/daksha_msgs/srv/detail/start_record__type_support.h
[5.896s] -- Up-to-date: /home/phy_ai/.ihub/daksha/install/daksha_msgs/include/daksha_msgs/daksha_msgs/srv/detail/start_record__functions.c
[5.896s] -- Up-to-date: /home/phy_ai/.ihub/daksha/install/daksha_msgs/include/daksha_msgs/daksha_msgs/srv/detail/start_replay__functions.h
[5.896s] -- Up-to-date: /home/phy_ai/.ihub/daksha/install/daksha_msgs/include/daksha_msgs/daksha_msgs/srv/detail/start_record__struct.h
[5.898s] -- Up-to-date: /home/phy_ai/.ihub/daksha/install/daksha_msgs/include/daksha_msgs/daksha_msgs/srv/start_replay.h
[5.898s] -- Up-to-date: /home/phy_ai/.ihub/daksha/install/daksha_msgs/include/daksha_msgs/daksha_msgs/msg
[5.907s] -- Up-to-date: /home/phy_ai/.ihub/daksha/install/daksha_msgs/include/daksha_msgs/daksha_msgs/msg/rosidl_generator_c__visibility_control.h
[5.908s] -- Up-to-date: /home/phy_ai/.ihub/daksha/install/daksha_msgs/share/daksha_msgs/environment/library_path.sh
[5.908s] -- Up-to-date: /home/phy_ai/.ihub/daksha/install/daksha_msgs/share/daksha_msgs/environment/library_path.dsv
[5.908s] -- Up-to-date: /home/phy_ai/.ihub/daksha/install/daksha_msgs/lib/libdaksha_msgs__rosidl_generator_c.so
[5.910s] -- Up-to-date: /home/phy_ai/.ihub/daksha/install/daksha_msgs/include/daksha_msgs/daksha_msgs
[5.910s] -- Up-to-date: /home/phy_ai/.ihub/daksha/install/daksha_msgs/include/daksha_msgs/daksha_msgs/srv
[5.910s] -- Up-to-date: /home/phy_ai/.ihub/daksha/install/daksha_msgs/include/daksha_msgs/daksha_msgs/srv/detail
[5.910s] -- Up-to-date: /home/phy_ai/.ihub/daksha/install/daksha_msgs/include/daksha_msgs/daksha_msgs/srv/detail/start_replay__rosidl_typesupport_fastrtps_c.h
[5.910s] -- Up-to-date: /home/phy_ai/.ihub/daksha/install/daksha_msgs/include/daksha_msgs/daksha_msgs/srv/detail/start_record__rosidl_typesupport_fastrtps_c.h
[5.910s] -- Up-to-date: /home/phy_ai/.ihub/daksha/install/daksha_msgs/include/daksha_msgs/daksha_msgs/msg
[5.911s] -- Up-to-date: /home/phy_ai/.ihub/daksha/install/daksha_msgs/include/daksha_msgs/daksha_msgs/msg/rosidl_typesupport_fastrtps_c__visibility_control.h
[5.911s] -- Up-to-date: /home/phy_ai/.ihub/daksha/install/daksha_msgs/lib/libdaksha_msgs__rosidl_typesupport_fastrtps_c.so
[5.911s] -- Up-to-date: /home/phy_ai/.ihub/daksha/install/daksha_msgs/include/daksha_msgs/daksha_msgs
[5.911s] -- Up-to-date: /home/phy_ai/.ihub/daksha/install/daksha_msgs/include/daksha_msgs/daksha_msgs/srv
[5.911s] -- Up-to-date: /home/phy_ai/.ihub/daksha/install/daksha_msgs/include/daksha_msgs/daksha_msgs/srv/detail
[5.911s] -- Up-to-date: /home/phy_ai/.ihub/daksha/install/daksha_msgs/include/daksha_msgs/daksha_msgs/srv/detail/start_record__rosidl_typesupport_introspection_c.h
[5.911s] -- Up-to-date: /home/phy_ai/.ihub/daksha/install/daksha_msgs/include/daksha_msgs/daksha_msgs/srv/detail/start_record__type_support.c
[5.911s] -- Up-to-date: /home/phy_ai/.ihub/daksha/install/daksha_msgs/include/daksha_msgs/daksha_msgs/srv/detail/start_replay__type_support.c
[5.911s] -- Up-to-date: /home/phy_ai/.ihub/daksha/install/daksha_msgs/include/daksha_msgs/daksha_msgs/srv/detail/start_replay__rosidl_typesupport_introspection_c.h
[5.918s] -- Up-to-date: /home/phy_ai/.ihub/daksha/install/daksha_msgs/include/daksha_msgs/daksha_msgs/msg
[5.918s] -- Up-to-date: /home/phy_ai/.ihub/daksha/install/daksha_msgs/include/daksha_msgs/daksha_msgs/msg/rosidl_typesupport_introspection_c__visibility_control.h
[5.918s] -- Up-to-date: /home/phy_ai/.ihub/daksha/install/daksha_msgs/lib/libdaksha_msgs__rosidl_typesupport_introspection_c.so
[5.918s] -- Up-to-date: /home/phy_ai/.ihub/daksha/install/daksha_msgs/lib/libdaksha_msgs__rosidl_typesupport_c.so
[5.918s] -- Up-to-date: /home/phy_ai/.ihub/daksha/install/daksha_msgs/include/daksha_msgs/daksha_msgs
[5.918s] -- Up-to-date: /home/phy_ai/.ihub/daksha/install/daksha_msgs/include/daksha_msgs/daksha_msgs/srv
[5.919s] -- Up-to-date: /home/phy_ai/.ihub/daksha/install/daksha_msgs/include/daksha_msgs/daksha_msgs/srv/start_record.hpp
[5.919s] -- Up-to-date: /home/phy_ai/.ihub/daksha/install/daksha_msgs/include/daksha_msgs/daksha_msgs/srv/detail
[5.943s] -- Up-to-date: /home/phy_ai/.ihub/daksha/install/daksha_msgs/include/daksha_msgs/daksha_msgs/srv/detail/start_record__builder.hpp
[5.943s] -- Up-to-date: /home/phy_ai/.ihub/daksha/install/daksha_msgs/include/daksha_msgs/daksha_msgs/srv/detail/start_replay__type_support.hpp
[5.943s] -- Up-to-date: /home/phy_ai/.ihub/daksha/install/daksha_msgs/include/daksha_msgs/daksha_msgs/srv/detail/start_record__traits.hpp
[5.943s] -- Up-to-date: /home/phy_ai/.ihub/daksha/install/daksha_msgs/include/daksha_msgs/daksha_msgs/srv/detail/start_record__type_support.hpp
[5.943s] -- Up-to-date: /home/phy_ai/.ihub/daksha/install/daksha_msgs/include/daksha_msgs/daksha_msgs/srv/detail/start_replay__builder.hpp
[5.955s] -- Up-to-date: /home/phy_ai/.ihub/daksha/install/daksha_msgs/include/daksha_msgs/daksha_msgs/srv/detail/start_replay__struct.hpp
[5.956s] -- Up-to-date: /home/phy_ai/.ihub/daksha/install/daksha_msgs/include/daksha_msgs/daksha_msgs/srv/detail/start_replay__traits.hpp
[5.957s] -- Up-to-date: /home/phy_ai/.ihub/daksha/install/daksha_msgs/include/daksha_msgs/daksha_msgs/srv/detail/start_record__struct.hpp
[5.958s] -- Up-to-date: /home/phy_ai/.ihub/daksha/install/daksha_msgs/include/daksha_msgs/daksha_msgs/srv/start_replay.hpp
[5.959s] -- Up-to-date: /home/phy_ai/.ihub/daksha/install/daksha_msgs/include/daksha_msgs/daksha_msgs/msg
[5.960s] -- Up-to-date: /home/phy_ai/.ihub/daksha/install/daksha_msgs/include/daksha_msgs/daksha_msgs/msg/rosidl_generator_cpp__visibility_control.hpp
[6.040s] -- Up-to-date: /home/phy_ai/.ihub/daksha/install/daksha_msgs/include/daksha_msgs/daksha_msgs
[6.040s] -- Up-to-date: /home/phy_ai/.ihub/daksha/install/daksha_msgs/include/daksha_msgs/daksha_msgs/srv
[6.040s] -- Up-to-date: /home/phy_ai/.ihub/daksha/install/daksha_msgs/include/daksha_msgs/daksha_msgs/srv/detail
[6.040s] -- Up-to-date: /home/phy_ai/.ihub/daksha/install/daksha_msgs/include/daksha_msgs/daksha_msgs/srv/detail/start_record__rosidl_typesupport_fastrtps_cpp.hpp
[6.040s] -- Up-to-date: /home/phy_ai/.ihub/daksha/install/daksha_msgs/include/daksha_msgs/daksha_msgs/srv/detail/dds_fastrtps
[6.040s] -- Up-to-date: /home/phy_ai/.ihub/daksha/install/daksha_msgs/include/daksha_msgs/daksha_msgs/srv/detail/start_replay__rosidl_typesupport_fastrtps_cpp.hpp
[6.040s] -- Up-to-date: /home/phy_ai/.ihub/daksha/install/daksha_msgs/include/daksha_msgs/daksha_msgs/msg
[6.041s] -- Up-to-date: /home/phy_ai/.ihub/daksha/install/daksha_msgs/include/daksha_msgs/daksha_msgs/msg/rosidl_typesupport_fastrtps_cpp__visibility_control.h
[6.041s] -- Up-to-date: /home/phy_ai/.ihub/daksha/install/daksha_msgs/lib/libdaksha_msgs__rosidl_typesupport_fastrtps_cpp.so
[6.041s] -- Up-to-date: /home/phy_ai/.ihub/daksha/install/daksha_msgs/include/daksha_msgs/daksha_msgs
[6.041s] -- Up-to-date: /home/phy_ai/.ihub/daksha/install/daksha_msgs/include/daksha_msgs/daksha_msgs/srv
[6.041s] -- Up-to-date: /home/phy_ai/.ihub/daksha/install/daksha_msgs/include/daksha_msgs/daksha_msgs/srv/detail
[6.041s] -- Up-to-date: /home/phy_ai/.ihub/daksha/install/daksha_msgs/include/daksha_msgs/daksha_msgs/srv/detail/start_replay__rosidl_typesupport_introspection_cpp.hpp
[6.044s] -- Up-to-date: /home/phy_ai/.ihub/daksha/install/daksha_msgs/include/daksha_msgs/daksha_msgs/srv/detail/start_record__rosidl_typesupport_introspection_cpp.hpp
[6.044s] -- Up-to-date: /home/phy_ai/.ihub/daksha/install/daksha_msgs/include/daksha_msgs/daksha_msgs/srv/detail/start_replay__type_support.cpp
[6.044s] -- Up-to-date: /home/phy_ai/.ihub/daksha/install/daksha_msgs/include/daksha_msgs/daksha_msgs/srv/detail/start_record__type_support.cpp
[6.045s] -- Up-to-date: /home/phy_ai/.ihub/daksha/install/daksha_msgs/lib/libdaksha_msgs__rosidl_typesupport_introspection_cpp.so
[6.045s] -- Up-to-date: /home/phy_ai/.ihub/daksha/install/daksha_msgs/lib/libdaksha_msgs__rosidl_typesupport_cpp.so
[6.062s] -- Up-to-date: /home/phy_ai/.ihub/daksha/install/daksha_msgs/share/daksha_msgs/environment/pythonpath.sh
[6.062s] -- Up-to-date: /home/phy_ai/.ihub/daksha/install/daksha_msgs/share/daksha_msgs/environment/pythonpath.dsv
[6.062s] -- Up-to-date: /home/phy_ai/.ihub/daksha/install/daksha_msgs/local/lib/python3.10/dist-packages/daksha_msgs-0.0.1-py3.10.egg-info
[6.070s] -- Installing: /home/phy_ai/.ihub/daksha/install/daksha_msgs/local/lib/python3.10/dist-packages/daksha_msgs-0.0.1-py3.10.egg-info/SOURCES.txt
[6.070s] -- Installing: /home/phy_ai/.ihub/daksha/install/daksha_msgs/local/lib/python3.10/dist-packages/daksha_msgs-0.0.1-py3.10.egg-info/top_level.txt
[6.070s] -- Installing: /home/phy_ai/.ihub/daksha/install/daksha_msgs/local/lib/python3.10/dist-packages/daksha_msgs-0.0.1-py3.10.egg-info/PKG-INFO
[6.070s] -- Installing: /home/phy_ai/.ihub/daksha/install/daksha_msgs/local/lib/python3.10/dist-packages/daksha_msgs-0.0.1-py3.10.egg-info/dependency_links.txt
[6.070s] -- Up-to-date: /home/phy_ai/.ihub/daksha/install/daksha_msgs/local/lib/python3.10/dist-packages/daksha_msgs
[6.070s] -- Up-to-date: /home/phy_ai/.ihub/daksha/install/daksha_msgs/local/lib/python3.10/dist-packages/daksha_msgs/srv
[6.071s] -- Up-to-date: /home/phy_ai/.ihub/daksha/install/daksha_msgs/local/lib/python3.10/dist-packages/daksha_msgs/srv/_start_record.py
[6.071s] -- Up-to-date: /home/phy_ai/.ihub/daksha/install/daksha_msgs/local/lib/python3.10/dist-packages/daksha_msgs/srv/_start_replay.py
[6.071s] -- Up-to-date: /home/phy_ai/.ihub/daksha/install/daksha_msgs/local/lib/python3.10/dist-packages/daksha_msgs/srv/_start_replay_s.c
[6.071s] -- Up-to-date: /home/phy_ai/.ihub/daksha/install/daksha_msgs/local/lib/python3.10/dist-packages/daksha_msgs/srv/_start_record_s.c
[6.071s] -- Up-to-date: /home/phy_ai/.ihub/daksha/install/daksha_msgs/local/lib/python3.10/dist-packages/daksha_msgs/srv/__init__.py
[6.071s] -- Up-to-date: /home/phy_ai/.ihub/daksha/install/daksha_msgs/local/lib/python3.10/dist-packages/daksha_msgs/daksha_msgs_s__rosidl_typesupport_fastrtps_c.cpython-310-x86_64-linux-gnu.so
[6.071s] -- Up-to-date: /home/phy_ai/.ihub/daksha/install/daksha_msgs/local/lib/python3.10/dist-packages/daksha_msgs/_daksha_msgs_s.ep.rosidl_typesupport_fastrtps_c.c
[6.071s] -- Up-to-date: /home/phy_ai/.ihub/daksha/install/daksha_msgs/local/lib/python3.10/dist-packages/daksha_msgs/__init__.py
[6.072s] -- Up-to-date: /home/phy_ai/.ihub/daksha/install/daksha_msgs/local/lib/python3.10/dist-packages/daksha_msgs/libdaksha_msgs__rosidl_generator_py.so
[6.072s] -- Up-to-date: /home/phy_ai/.ihub/daksha/install/daksha_msgs/local/lib/python3.10/dist-packages/daksha_msgs/_daksha_msgs_s.ep.rosidl_typesupport_introspection_c.c
[6.072s] -- Up-to-date: /home/phy_ai/.ihub/daksha/install/daksha_msgs/local/lib/python3.10/dist-packages/daksha_msgs/daksha_msgs_s__rosidl_typesupport_introspection_c.cpython-310-x86_64-linux-gnu.so
[6.072s] -- Up-to-date: /home/phy_ai/.ihub/daksha/install/daksha_msgs/local/lib/python3.10/dist-packages/daksha_msgs/_daksha_msgs_s.ep.rosidl_typesupport_c.c
[6.072s] -- Up-to-date: /home/phy_ai/.ihub/daksha/install/daksha_msgs/local/lib/python3.10/dist-packages/daksha_msgs/daksha_msgs_s__rosidl_typesupport_c.cpython-310-x86_64-linux-gnu.so
[6.202s] Listing '/home/phy_ai/.ihub/daksha/install/daksha_msgs/local/lib/python3.10/dist-packages/daksha_msgs'...
[6.202s] Listing '/home/phy_ai/.ihub/daksha/install/daksha_msgs/local/lib/python3.10/dist-packages/daksha_msgs/srv'...
[6.203s] -- Up-to-date: /home/phy_ai/.ihub/daksha/install/daksha_msgs/local/lib/python3.10/dist-packages/daksha_msgs/daksha_msgs_s__rosidl_typesupport_fastrtps_c.cpython-310-x86_64-linux-gnu.so
[6.203s] -- Up-to-date: /home/phy_ai/.ihub/daksha/install/daksha_msgs/local/lib/python3.10/dist-packages/daksha_msgs/daksha_msgs_s__rosidl_typesupport_introspection_c.cpython-310-x86_64-linux-gnu.so
[6.203s] -- Up-to-date: /home/phy_ai/.ihub/daksha/install/daksha_msgs/local/lib/python3.10/dist-packages/daksha_msgs/daksha_msgs_s__rosidl_typesupport_c.cpython-310-x86_64-linux-gnu.so
[6.203s] -- Up-to-date: /home/phy_ai/.ihub/daksha/install/daksha_msgs/lib/libdaksha_msgs__rosidl_generator_py.so
[6.203s] -- Up-to-date: /home/phy_ai/.ihub/daksha/install/daksha_msgs/share/ament_index/resource_index/rust_packages/daksha_msgs
[6.203s] -- Up-to-date: /home/phy_ai/.ihub/daksha/install/daksha_msgs/share/daksha_msgs/rust
[6.203s] -- Up-to-date: /home/phy_ai/.ihub/daksha/install/daksha_msgs/share/daksha_msgs/rust/build.rs
[6.204s] -- Up-to-date: /home/phy_ai/.ihub/daksha/install/daksha_msgs/share/daksha_msgs/rust/src
[6.204s] -- Up-to-date: /home/phy_ai/.ihub/daksha/install/daksha_msgs/share/daksha_msgs/rust/src/srv
[6.204s] -- Up-to-date: /home/phy_ai/.ihub/daksha/install/daksha_msgs/share/daksha_msgs/rust/src/srv/rmw.rs
[6.204s] -- Up-to-date: /home/phy_ai/.ihub/daksha/install/daksha_msgs/share/daksha_msgs/rust/src/lib.rs
[6.204s] -- Up-to-date: /home/phy_ai/.ihub/daksha/install/daksha_msgs/share/daksha_msgs/rust/src/srv.rs
[6.204s] -- Up-to-date: /home/phy_ai/.ihub/daksha/install/daksha_msgs/share/daksha_msgs/rust/Cargo.toml
[6.204s] -- Up-to-date: /home/phy_ai/.ihub/daksha/install/daksha_msgs/share/daksha_msgs/srv/StartRecord.idl
[6.204s] -- Up-to-date: /home/phy_ai/.ihub/daksha/install/daksha_msgs/share/daksha_msgs/srv/StartReplay.idl
[6.205s] -- Up-to-date: /home/phy_ai/.ihub/daksha/install/daksha_msgs/share/daksha_msgs/srv/StartRecord.srv
[6.206s] -- Up-to-date: /home/phy_ai/.ihub/daksha/install/daksha_msgs/share/daksha_msgs/srv/StartRecord_Request.msg
[6.207s] -- Up-to-date: /home/phy_ai/.ihub/daksha/install/daksha_msgs/share/daksha_msgs/srv/StartRecord_Response.msg
[6.212s] -- Up-to-date: /home/phy_ai/.ihub/daksha/install/daksha_msgs/share/daksha_msgs/srv/StartReplay.srv
[6.214s] -- Up-to-date: /home/phy_ai/.ihub/daksha/install/daksha_msgs/share/daksha_msgs/srv/StartReplay_Request.msg
[6.214s] -- Up-to-date: /home/phy_ai/.ihub/daksha/install/daksha_msgs/share/daksha_msgs/srv/StartReplay_Response.msg
[6.214s] -- Up-to-date: /home/phy_ai/.ihub/daksha/install/daksha_msgs/share/ament_index/resource_index/package_run_dependencies/daksha_msgs
[6.214s] -- Up-to-date: /home/phy_ai/.ihub/daksha/install/daksha_msgs/share/ament_index/resource_index/parent_prefix_path/daksha_msgs
[6.215s] -- Up-to-date: /home/phy_ai/.ihub/daksha/install/daksha_msgs/share/daksha_msgs/environment/ament_prefix_path.sh
[6.215s] -- Up-to-date: /home/phy_ai/.ihub/daksha/install/daksha_msgs/share/daksha_msgs/environment/ament_prefix_path.dsv
[6.215s] -- Up-to-date: /home/phy_ai/.ihub/daksha/install/daksha_msgs/share/daksha_msgs/environment/path.sh
[6.215s] -- Up-to-date: /home/phy_ai/.ihub/daksha/install/daksha_msgs/share/daksha_msgs/environment/path.dsv
[6.215s] -- Up-to-date: /home/phy_ai/.ihub/daksha/install/daksha_msgs/share/daksha_msgs/local_setup.bash
[6.215s] -- Up-to-date: /home/phy_ai/.ihub/daksha/install/daksha_msgs/share/daksha_msgs/local_setup.sh
[6.215s] -- Up-to-date: /home/phy_ai/.ihub/daksha/install/daksha_msgs/share/daksha_msgs/local_setup.zsh
[6.215s] -- Up-to-date: /home/phy_ai/.ihub/daksha/install/daksha_msgs/share/daksha_msgs/local_setup.dsv
[6.219s] -- Installing: /home/phy_ai/.ihub/daksha/install/daksha_msgs/share/daksha_msgs/package.dsv
[6.219s] -- Up-to-date: /home/phy_ai/.ihub/daksha/install/daksha_msgs/share/ament_index/resource_index/packages/daksha_msgs
[6.219s] -- Up-to-date: /home/phy_ai/.ihub/daksha/install/daksha_msgs/share/daksha_msgs/cmake/export_daksha_msgs__rosidl_generator_cExport.cmake
[6.220s] -- Up-to-date: /home/phy_ai/.ihub/daksha/install/daksha_msgs/share/daksha_msgs/cmake/export_daksha_msgs__rosidl_generator_cExport-noconfig.cmake
[6.220s] -- Up-to-date: /home/phy_ai/.ihub/daksha/install/daksha_msgs/share/daksha_msgs/cmake/export_daksha_msgs__rosidl_typesupport_fastrtps_cExport.cmake
[6.220s] -- Up-to-date: /home/phy_ai/.ihub/daksha/install/daksha_msgs/share/daksha_msgs/cmake/export_daksha_msgs__rosidl_typesupport_fastrtps_cExport-noconfig.cmake
[6.220s] -- Up-to-date: /home/phy_ai/.ihub/daksha/install/daksha_msgs/share/daksha_msgs/cmake/daksha_msgs__rosidl_typesupport_introspection_cExport.cmake
[6.220s] -- Up-to-date: /home/phy_ai/.ihub/daksha/install/daksha_msgs/share/daksha_msgs/cmake/daksha_msgs__rosidl_typesupport_introspection_cExport-noconfig.cmake
[6.220s] -- Up-to-date: /home/phy_ai/.ihub/daksha/install/daksha_msgs/share/daksha_msgs/cmake/daksha_msgs__rosidl_typesupport_cExport.cmake
[6.220s] -- Up-to-date: /home/phy_ai/.ihub/daksha/install/daksha_msgs/share/daksha_msgs/cmake/daksha_msgs__rosidl_typesupport_cExport-noconfig.cmake
[6.220s] -- Up-to-date: /home/phy_ai/.ihub/daksha/install/daksha_msgs/share/daksha_msgs/cmake/export_daksha_msgs__rosidl_generator_cppExport.cmake
[6.220s] -- Up-to-date: /home/phy_ai/.ihub/daksha/install/daksha_msgs/share/daksha_msgs/cmake/export_daksha_msgs__rosidl_typesupport_fastrtps_cppExport.cmake
[6.221s] -- Up-to-date: /home/phy_ai/.ihub/daksha/install/daksha_msgs/share/daksha_msgs/cmake/export_daksha_msgs__rosidl_typesupport_fastrtps_cppExport-noconfig.cmake
[6.221s] -- Up-to-date: /home/phy_ai/.ihub/daksha/install/daksha_msgs/share/daksha_msgs/cmake/daksha_msgs__rosidl_typesupport_introspection_cppExport.cmake
[6.221s] -- Up-to-date: /home/phy_ai/.ihub/daksha/install/daksha_msgs/share/daksha_msgs/cmake/daksha_msgs__rosidl_typesupport_introspection_cppExport-noconfig.cmake
[6.221s] -- Up-to-date: /home/phy_ai/.ihub/daksha/install/daksha_msgs/share/daksha_msgs/cmake/daksha_msgs__rosidl_typesupport_cppExport.cmake
[6.221s] -- Up-to-date: /home/phy_ai/.ihub/daksha/install/daksha_msgs/share/daksha_msgs/cmake/daksha_msgs__rosidl_typesupport_cppExport-noconfig.cmake
[6.221s] -- Up-to-date: /home/phy_ai/.ihub/daksha/install/daksha_msgs/share/daksha_msgs/cmake/export_daksha_msgs__rosidl_generator_pyExport.cmake
[6.221s] -- Up-to-date: /home/phy_ai/.ihub/daksha/install/daksha_msgs/share/daksha_msgs/cmake/export_daksha_msgs__rosidl_generator_pyExport-noconfig.cmake
[6.222s] -- Up-to-date: /home/phy_ai/.ihub/daksha/install/daksha_msgs/share/daksha_msgs/cmake/rosidl_cmake-extras.cmake
[6.222s] -- Up-to-date: /home/phy_ai/.ihub/daksha/install/daksha_msgs/share/daksha_msgs/cmake/ament_cmake_export_include_directories-extras.cmake
[6.222s] -- Up-to-date: /home/phy_ai/.ihub/daksha/install/daksha_msgs/share/daksha_msgs/cmake/ament_cmake_export_libraries-extras.cmake
[6.222s] -- Up-to-date: /home/phy_ai/.ihub/daksha/install/daksha_msgs/share/daksha_msgs/cmake/ament_cmake_export_targets-extras.cmake
[6.222s] -- Up-to-date: /home/phy_ai/.ihub/daksha/install/daksha_msgs/share/daksha_msgs/cmake/rosidl_cmake_export_typesupport_targets-extras.cmake
[6.222s] -- Up-to-date: /home/phy_ai/.ihub/daksha/install/daksha_msgs/share/daksha_msgs/cmake/ament_cmake_export_dependencies-extras.cmake
[6.223s] -- Up-to-date: /home/phy_ai/.ihub/daksha/install/daksha_msgs/share/daksha_msgs/cmake/rosidl_cmake_export_typesupport_libraries-extras.cmake
[6.223s] -- Up-to-date: /home/phy_ai/.ihub/daksha/install/daksha_msgs/share/daksha_msgs/cmake/rosidl_cmake_aggregate_target-extras.cmake
[6.223s] -- Up-to-date: /home/phy_ai/.ihub/daksha/install/daksha_msgs/share/daksha_msgs/cmake/daksha_msgsConfig.cmake
[6.223s] -- Up-to-date: /home/phy_ai/.ihub/daksha/install/daksha_msgs/share/daksha_msgs/cmake/daksha_msgsConfig-version.cmake
[6.223s] -- Up-to-date: /home/phy_ai/.ihub/daksha/install/daksha_msgs/share/daksha_msgs/package.xml
[6.473s] Invoked command in '/home/phy_ai/.ihub/daksha/build/daksha_msgs' returned '0': CMAKE_PREFIX_PATH=${CMAKE_PREFIX_PATH}:/home/phy_ai/.barani/gen2_full/install/world_camera_launch:/home/phy_ai/.barani/gen2_full/install/gen2:/home/phy_ai/.barani/gen2_full/install/vr_teleop:/home/phy_ai/.barani/gen2_full/install/ros_tcp_endpoint:/home/phy_ai/.barani/gen2_full/install/nav_bringup:/home/phy_ai/.barani/gen2_full/install/nav2_config:/home/phy_ai/.barani/gen2_full/install/kinematics:/home/phy_ai/.barani/gen2_full/install/joint_cmd_logger:/home/phy_ai/.barani/gen2_full/install/joint_analyzer:/home/phy_ai/.barani/gen2_full/install/daksha_data_collection:/home/phy_ai/.barani/gen2_full/install/gen2_leader:/home/phy_ai/.barani/gen2_full/install/amr_bringup:/home/phy_ai/.barani/gen2_full/install/daksha_final_urdf_description:/home/phy_ai/.barani/gen2_full/install/daksha_description_full_body:/home/phy_ai/.barani/gen2_full/install/daksha_base_urdf:/home/phy_ai/.barani/gen2_full/install/daksha_api_bridge_leader:/home/phy_ai/.barani/gen2_full/install/daksha_api_bridge_follower:/opt/ros/humble /usr/bin/cmake --install /home/phy_ai/.ihub/daksha/build/daksha_msgs
