[0.238s] DEBUG:colcon:Command line arguments: ['/usr/bin/colcon', 'build', '--packages-select', 'motortest', '--symlink-install']
[0.238s] DEBUG:colcon:Parsed command line arguments: Namespace(log_base=None, log_level=None, verb_name='build', build_base='build', install_base='install', merge_install=False, symlink_install=True, test_result_base=None, continue_on_error=False, executor='parallel', parallel_workers=16, event_handlers=None, ignore_user_meta=False, metas=['./colcon.meta'], base_paths=['.'], packages_ignore=None, packages_ignore_regex=None, paths=None, packages_up_to=None, packages_up_to_regex=None, packages_above=None, packages_above_and_dependencies=None, packages_above_depth=None, packages_select_by_dep=None, packages_skip_by_dep=None, packages_skip_up_to=None, packages_select_build_failed=False, packages_skip_build_finished=False, packages_select_test_failures=False, packages_skip_test_passed=False, packages_select=['motortest'], packages_skip=None, packages_select_regex=None, packages_skip_regex=None, packages_start=None, packages_end=None, allow_overriding=[], cmake_args=None, cmake_target=None, cmake_target_skip_unavailable=False, cmake_clean_cache=False, cmake_clean_first=False, cmake_force_configure=False, ament_cmake_args=None, catkin_cmake_args=None, catkin_skip_building_tests=False, mixin_files=None, mixin=None, verb_parser=<colcon_mixin.mixin.mixin_argument.MixinArgumentDecorator object at 0x71eb34b9beb0>, verb_extension=<colcon_core.verb.build.BuildVerb object at 0x71eb34b9b850>, main=<bound method BuildVerb.main of <colcon_core.verb.build.BuildVerb object at 0x71eb34b9b850>>, mixin_verb=('build',))
[0.645s] Level 1:colcon.colcon_core.package_discovery:discover_packages(colcon_meta) check parameters
[0.645s] Level 1:colcon.colcon_core.package_discovery:discover_packages(recursive) check parameters
[0.646s] Level 1:colcon.colcon_core.package_discovery:discover_packages(ignore) check parameters
[0.646s] Level 1:colcon.colcon_core.package_discovery:discover_packages(path) check parameters
[0.646s] Level 1:colcon.colcon_core.package_discovery:discover_packages(colcon_meta) discover
[0.646s] Level 1:colcon.colcon_core.package_discovery:discover_packages(recursive) discover
[0.646s] INFO:colcon.colcon_core.package_discovery:Crawling recursively for packages in '/home/phy_ai/.ihub/daksha'
[0.646s] Level 1:colcon.colcon_core.package_identification:_identify(.) by extensions ['ignore', 'ignore_ament_install']
[0.646s] Level 1:colcon.colcon_core.package_identification:_identify(.) by extension 'ignore'
[0.646s] Level 1:colcon.colcon_core.package_identification:_identify(.) by extension 'ignore_ament_install'
[0.646s] Level 1:colcon.colcon_core.package_identification:_identify(.) by extensions ['colcon_pkg']
[0.646s] Level 1:colcon.colcon_core.package_identification:_identify(.) by extension 'colcon_pkg'
[0.646s] Level 1:colcon.colcon_core.package_identification:_identify(.) by extensions ['colcon_meta']
[0.646s] Level 1:colcon.colcon_core.package_identification:_identify(.) by extension 'colcon_meta'
[0.646s] Level 1:colcon.colcon_core.package_identification:_identify(.) by extensions ['ros']
[0.646s] Level 1:colcon.colcon_core.package_identification:_identify(.) by extension 'ros'
[0.686s] Level 1:colcon.colcon_core.package_identification:_identify(.) by extensions ['cmake', 'python']
[0.686s] Level 1:colcon.colcon_core.package_identification:_identify(.) by extension 'cmake'
[0.686s] Level 1:colcon.colcon_core.package_identification:_identify(.) by extension 'python'
[0.686s] Level 1:colcon.colcon_core.package_identification:_identify(.) by extensions ['python_setup_py']
[0.686s] Level 1:colcon.colcon_core.package_identification:_identify(.) by extension 'python_setup_py'
[0.686s] Level 1:colcon.colcon_core.package_identification:_identify(build) by extensions ['ignore', 'ignore_ament_install']
[0.686s] Level 1:colcon.colcon_core.package_identification:_identify(build) by extension 'ignore'
[0.686s] Level 1:colcon.colcon_core.package_identification:_identify(build) ignored
[0.686s] Level 1:colcon.colcon_core.package_identification:_identify(docs) by extensions ['ignore', 'ignore_ament_install']
[0.687s] Level 1:colcon.colcon_core.package_identification:_identify(docs) by extension 'ignore'
[0.687s] Level 1:colcon.colcon_core.package_identification:_identify(docs) by extension 'ignore_ament_install'
[0.687s] Level 1:colcon.colcon_core.package_identification:_identify(docs) by extensions ['colcon_pkg']
[0.687s] Level 1:colcon.colcon_core.package_identification:_identify(docs) by extension 'colcon_pkg'
[0.687s] Level 1:colcon.colcon_core.package_identification:_identify(docs) by extensions ['colcon_meta']
[0.687s] Level 1:colcon.colcon_core.package_identification:_identify(docs) by extension 'colcon_meta'
[0.687s] Level 1:colcon.colcon_core.package_identification:_identify(docs) by extensions ['ros']
[0.687s] Level 1:colcon.colcon_core.package_identification:_identify(docs) by extension 'ros'
[0.687s] Level 1:colcon.colcon_core.package_identification:_identify(docs) by extensions ['cmake', 'python']
[0.687s] Level 1:colcon.colcon_core.package_identification:_identify(docs) by extension 'cmake'
[0.687s] Level 1:colcon.colcon_core.package_identification:_identify(docs) by extension 'python'
[0.687s] Level 1:colcon.colcon_core.package_identification:_identify(docs) by extensions ['python_setup_py']
[0.687s] Level 1:colcon.colcon_core.package_identification:_identify(docs) by extension 'python_setup_py'
[0.688s] Level 1:colcon.colcon_core.package_identification:_identify(install) by extensions ['ignore', 'ignore_ament_install']
[0.688s] Level 1:colcon.colcon_core.package_identification:_identify(install) by extension 'ignore'
[0.688s] Level 1:colcon.colcon_core.package_identification:_identify(install) ignored
[0.688s] Level 1:colcon.colcon_core.package_identification:_identify(log) by extensions ['ignore', 'ignore_ament_install']
[0.688s] Level 1:colcon.colcon_core.package_identification:_identify(log) by extension 'ignore'
[0.688s] Level 1:colcon.colcon_core.package_identification:_identify(log) ignored
[0.688s] Level 1:colcon.colcon_core.package_identification:_identify(src) by extensions ['ignore', 'ignore_ament_install']
[0.689s] Level 1:colcon.colcon_core.package_identification:_identify(src) by extension 'ignore'
[0.689s] Level 1:colcon.colcon_core.package_identification:_identify(src) by extension 'ignore_ament_install'
[0.689s] Level 1:colcon.colcon_core.package_identification:_identify(src) by extensions ['colcon_pkg']
[0.689s] Level 1:colcon.colcon_core.package_identification:_identify(src) by extension 'colcon_pkg'
[0.689s] Level 1:colcon.colcon_core.package_identification:_identify(src) by extensions ['colcon_meta']
[0.689s] Level 1:colcon.colcon_core.package_identification:_identify(src) by extension 'colcon_meta'
[0.689s] Level 1:colcon.colcon_core.package_identification:_identify(src) by extensions ['ros']
[0.689s] Level 1:colcon.colcon_core.package_identification:_identify(src) by extension 'ros'
[0.689s] Level 1:colcon.colcon_core.package_identification:_identify(src) by extensions ['cmake', 'python']
[0.689s] Level 1:colcon.colcon_core.package_identification:_identify(src) by extension 'cmake'
[0.689s] Level 1:colcon.colcon_core.package_identification:_identify(src) by extension 'python'
[0.689s] Level 1:colcon.colcon_core.package_identification:_identify(src) by extensions ['python_setup_py']
[0.689s] Level 1:colcon.colcon_core.package_identification:_identify(src) by extension 'python_setup_py'
[0.690s] Level 1:colcon.colcon_core.package_identification:_identify(src/automation) by extensions ['ignore', 'ignore_ament_install']
[0.690s] Level 1:colcon.colcon_core.package_identification:_identify(src/automation) by extension 'ignore'
[0.690s] Level 1:colcon.colcon_core.package_identification:_identify(src/automation) by extension 'ignore_ament_install'
[0.690s] Level 1:colcon.colcon_core.package_identification:_identify(src/automation) by extensions ['colcon_pkg']
[0.690s] Level 1:colcon.colcon_core.package_identification:_identify(src/automation) by extension 'colcon_pkg'
[0.690s] Level 1:colcon.colcon_core.package_identification:_identify(src/automation) by extensions ['colcon_meta']
[0.690s] Level 1:colcon.colcon_core.package_identification:_identify(src/automation) by extension 'colcon_meta'
[0.690s] Level 1:colcon.colcon_core.package_identification:_identify(src/automation) by extensions ['ros']
[0.690s] Level 1:colcon.colcon_core.package_identification:_identify(src/automation) by extension 'ros'
[0.694s] DEBUG:colcon.colcon_core.package_identification:Package 'src/automation' with type 'ros.ament_cmake' and name 'automation'
[0.694s] Level 1:colcon.colcon_core.package_identification:_identify(src/controllers) by extensions ['ignore', 'ignore_ament_install']
[0.694s] Level 1:colcon.colcon_core.package_identification:_identify(src/controllers) by extension 'ignore'
[0.694s] Level 1:colcon.colcon_core.package_identification:_identify(src/controllers) by extension 'ignore_ament_install'
[0.695s] Level 1:colcon.colcon_core.package_identification:_identify(src/controllers) by extensions ['colcon_pkg']
[0.695s] Level 1:colcon.colcon_core.package_identification:_identify(src/controllers) by extension 'colcon_pkg'
[0.695s] Level 1:colcon.colcon_core.package_identification:_identify(src/controllers) by extensions ['colcon_meta']
[0.695s] Level 1:colcon.colcon_core.package_identification:_identify(src/controllers) by extension 'colcon_meta'
[0.695s] Level 1:colcon.colcon_core.package_identification:_identify(src/controllers) by extensions ['ros']
[0.695s] Level 1:colcon.colcon_core.package_identification:_identify(src/controllers) by extension 'ros'
[0.695s] Level 1:colcon.colcon_core.package_identification:_identify(src/controllers) by extensions ['cmake', 'python']
[0.695s] Level 1:colcon.colcon_core.package_identification:_identify(src/controllers) by extension 'cmake'
[0.695s] Level 1:colcon.colcon_core.package_identification:_identify(src/controllers) by extension 'python'
[0.695s] Level 1:colcon.colcon_core.package_identification:_identify(src/controllers) by extensions ['python_setup_py']
[0.695s] Level 1:colcon.colcon_core.package_identification:_identify(src/controllers) by extension 'python_setup_py'
[0.695s] Level 1:colcon.colcon_core.package_identification:_identify(src/controllers/collision_management) by extensions ['ignore', 'ignore_ament_install']
[0.695s] Level 1:colcon.colcon_core.package_identification:_identify(src/controllers/collision_management) by extension 'ignore'
[0.696s] Level 1:colcon.colcon_core.package_identification:_identify(src/controllers/collision_management) by extension 'ignore_ament_install'
[0.696s] Level 1:colcon.colcon_core.package_identification:_identify(src/controllers/collision_management) by extensions ['colcon_pkg']
[0.696s] Level 1:colcon.colcon_core.package_identification:_identify(src/controllers/collision_management) by extension 'colcon_pkg'
[0.696s] Level 1:colcon.colcon_core.package_identification:_identify(src/controllers/collision_management) by extensions ['colcon_meta']
[0.696s] Level 1:colcon.colcon_core.package_identification:_identify(src/controllers/collision_management) by extension 'colcon_meta'
[0.696s] Level 1:colcon.colcon_core.package_identification:_identify(src/controllers/collision_management) by extensions ['ros']
[0.696s] Level 1:colcon.colcon_core.package_identification:_identify(src/controllers/collision_management) by extension 'ros'
[0.697s] DEBUG:colcon.colcon_core.package_identification:Package 'src/controllers/collision_management' with type 'ros.ament_cmake' and name 'collision_management'
[0.698s] Level 1:colcon.colcon_core.package_identification:_identify(src/controllers/dynamics) by extensions ['ignore', 'ignore_ament_install']
[0.698s] Level 1:colcon.colcon_core.package_identification:_identify(src/controllers/dynamics) by extension 'ignore'
[0.698s] Level 1:colcon.colcon_core.package_identification:_identify(src/controllers/dynamics) by extension 'ignore_ament_install'
[0.698s] Level 1:colcon.colcon_core.package_identification:_identify(src/controllers/dynamics) by extensions ['colcon_pkg']
[0.698s] Level 1:colcon.colcon_core.package_identification:_identify(src/controllers/dynamics) by extension 'colcon_pkg'
[0.698s] Level 1:colcon.colcon_core.package_identification:_identify(src/controllers/dynamics) by extensions ['colcon_meta']
[0.698s] Level 1:colcon.colcon_core.package_identification:_identify(src/controllers/dynamics) by extension 'colcon_meta'
[0.698s] Level 1:colcon.colcon_core.package_identification:_identify(src/controllers/dynamics) by extensions ['ros']
[0.698s] Level 1:colcon.colcon_core.package_identification:_identify(src/controllers/dynamics) by extension 'ros'
[0.700s] DEBUG:colcon.colcon_core.package_identification:Package 'src/controllers/dynamics' with type 'ros.ament_cmake' and name 'dynamics'
[0.700s] Level 1:colcon.colcon_core.package_identification:_identify(src/controllers/hw_interface) by extensions ['ignore', 'ignore_ament_install']
[0.701s] Level 1:colcon.colcon_core.package_identification:_identify(src/controllers/hw_interface) by extension 'ignore'
[0.701s] Level 1:colcon.colcon_core.package_identification:_identify(src/controllers/hw_interface) by extension 'ignore_ament_install'
[0.701s] Level 1:colcon.colcon_core.package_identification:_identify(src/controllers/hw_interface) by extensions ['colcon_pkg']
[0.701s] Level 1:colcon.colcon_core.package_identification:_identify(src/controllers/hw_interface) by extension 'colcon_pkg'
[0.701s] Level 1:colcon.colcon_core.package_identification:_identify(src/controllers/hw_interface) by extensions ['colcon_meta']
[0.701s] Level 1:colcon.colcon_core.package_identification:_identify(src/controllers/hw_interface) by extension 'colcon_meta'
[0.701s] Level 1:colcon.colcon_core.package_identification:_identify(src/controllers/hw_interface) by extensions ['ros']
[0.701s] Level 1:colcon.colcon_core.package_identification:_identify(src/controllers/hw_interface) by extension 'ros'
[0.703s] DEBUG:colcon.colcon_core.package_identification:Package 'src/controllers/hw_interface' with type 'ros.ament_cmake' and name 'hw_interface'
[0.703s] Level 1:colcon.colcon_core.package_identification:_identify(src/controllers/kinematics) by extensions ['ignore', 'ignore_ament_install']
[0.703s] Level 1:colcon.colcon_core.package_identification:_identify(src/controllers/kinematics) by extension 'ignore'
[0.703s] Level 1:colcon.colcon_core.package_identification:_identify(src/controllers/kinematics) by extension 'ignore_ament_install'
[0.703s] Level 1:colcon.colcon_core.package_identification:_identify(src/controllers/kinematics) by extensions ['colcon_pkg']
[0.703s] Level 1:colcon.colcon_core.package_identification:_identify(src/controllers/kinematics) by extension 'colcon_pkg'
[0.703s] Level 1:colcon.colcon_core.package_identification:_identify(src/controllers/kinematics) by extensions ['colcon_meta']
[0.703s] Level 1:colcon.colcon_core.package_identification:_identify(src/controllers/kinematics) by extension 'colcon_meta'
[0.704s] Level 1:colcon.colcon_core.package_identification:_identify(src/controllers/kinematics) by extensions ['ros']
[0.704s] Level 1:colcon.colcon_core.package_identification:_identify(src/controllers/kinematics) by extension 'ros'
[0.705s] DEBUG:colcon.colcon_core.package_identification:Package 'src/controllers/kinematics' with type 'ros.ament_python' and name 'kinematics'
[0.705s] Level 1:colcon.colcon_core.package_identification:_identify(src/controllers/moveit_collision_management) by extensions ['ignore', 'ignore_ament_install']
[0.705s] Level 1:colcon.colcon_core.package_identification:_identify(src/controllers/moveit_collision_management) by extension 'ignore'
[0.705s] Level 1:colcon.colcon_core.package_identification:_identify(src/controllers/moveit_collision_management) by extension 'ignore_ament_install'
[0.705s] Level 1:colcon.colcon_core.package_identification:_identify(src/controllers/moveit_collision_management) by extensions ['colcon_pkg']
[0.705s] Level 1:colcon.colcon_core.package_identification:_identify(src/controllers/moveit_collision_management) by extension 'colcon_pkg'
[0.705s] Level 1:colcon.colcon_core.package_identification:_identify(src/controllers/moveit_collision_management) by extensions ['colcon_meta']
[0.705s] Level 1:colcon.colcon_core.package_identification:_identify(src/controllers/moveit_collision_management) by extension 'colcon_meta'
[0.706s] Level 1:colcon.colcon_core.package_identification:_identify(src/controllers/moveit_collision_management) by extensions ['ros']
[0.706s] Level 1:colcon.colcon_core.package_identification:_identify(src/controllers/moveit_collision_management) by extension 'ros'
[0.707s] DEBUG:colcon.colcon_core.package_identification:Package 'src/controllers/moveit_collision_management' with type 'ros.ament_cmake' and name 'moveit_collision_management'
[0.707s] Level 1:colcon.colcon_core.package_identification:_identify(src/controllers/posveleff_controllers) by extensions ['ignore', 'ignore_ament_install']
[0.708s] Level 1:colcon.colcon_core.package_identification:_identify(src/controllers/posveleff_controllers) by extension 'ignore'
[0.708s] Level 1:colcon.colcon_core.package_identification:_identify(src/controllers/posveleff_controllers) by extension 'ignore_ament_install'
[0.708s] Level 1:colcon.colcon_core.package_identification:_identify(src/controllers/posveleff_controllers) by extensions ['colcon_pkg']
[0.708s] Level 1:colcon.colcon_core.package_identification:_identify(src/controllers/posveleff_controllers) by extension 'colcon_pkg'
[0.708s] Level 1:colcon.colcon_core.package_identification:_identify(src/controllers/posveleff_controllers) by extensions ['colcon_meta']
[0.708s] Level 1:colcon.colcon_core.package_identification:_identify(src/controllers/posveleff_controllers) by extension 'colcon_meta'
[0.708s] Level 1:colcon.colcon_core.package_identification:_identify(src/controllers/posveleff_controllers) by extensions ['ros']
[0.708s] Level 1:colcon.colcon_core.package_identification:_identify(src/controllers/posveleff_controllers) by extension 'ros'
[0.710s] DEBUG:colcon.colcon_core.package_identification:Package 'src/controllers/posveleff_controllers' with type 'ros.ament_cmake' and name 'posveleff_controllers'
[0.710s] Level 1:colcon.colcon_core.package_identification:_identify(src/custom_v3format_dataset) by extensions ['ignore', 'ignore_ament_install']
[0.710s] Level 1:colcon.colcon_core.package_identification:_identify(src/custom_v3format_dataset) by extension 'ignore'
[0.710s] Level 1:colcon.colcon_core.package_identification:_identify(src/custom_v3format_dataset) by extension 'ignore_ament_install'
[0.710s] Level 1:colcon.colcon_core.package_identification:_identify(src/custom_v3format_dataset) by extensions ['colcon_pkg']
[0.710s] Level 1:colcon.colcon_core.package_identification:_identify(src/custom_v3format_dataset) by extension 'colcon_pkg'
[0.710s] Level 1:colcon.colcon_core.package_identification:_identify(src/custom_v3format_dataset) by extensions ['colcon_meta']
[0.710s] Level 1:colcon.colcon_core.package_identification:_identify(src/custom_v3format_dataset) by extension 'colcon_meta'
[0.711s] Level 1:colcon.colcon_core.package_identification:_identify(src/custom_v3format_dataset) by extensions ['ros']
[0.711s] Level 1:colcon.colcon_core.package_identification:_identify(src/custom_v3format_dataset) by extension 'ros'
[0.711s] Level 1:colcon.colcon_core.package_identification:_identify(src/custom_v3format_dataset) by extensions ['cmake', 'python']
[0.711s] Level 1:colcon.colcon_core.package_identification:_identify(src/custom_v3format_dataset) by extension 'cmake'
[0.711s] Level 1:colcon.colcon_core.package_identification:_identify(src/custom_v3format_dataset) by extension 'python'
[0.711s] Level 1:colcon.colcon_core.package_identification:_identify(src/custom_v3format_dataset) by extensions ['python_setup_py']
[0.711s] Level 1:colcon.colcon_core.package_identification:_identify(src/custom_v3format_dataset) by extension 'python_setup_py'
[0.711s] Level 1:colcon.colcon_core.package_identification:_identify(src/custom_v3format_dataset/__pycache__) by extensions ['ignore', 'ignore_ament_install']
[0.711s] Level 1:colcon.colcon_core.package_identification:_identify(src/custom_v3format_dataset/__pycache__) by extension 'ignore'
[0.711s] Level 1:colcon.colcon_core.package_identification:_identify(src/custom_v3format_dataset/__pycache__) by extension 'ignore_ament_install'
[0.711s] Level 1:colcon.colcon_core.package_identification:_identify(src/custom_v3format_dataset/__pycache__) by extensions ['colcon_pkg']
[0.711s] Level 1:colcon.colcon_core.package_identification:_identify(src/custom_v3format_dataset/__pycache__) by extension 'colcon_pkg'
[0.712s] Level 1:colcon.colcon_core.package_identification:_identify(src/custom_v3format_dataset/__pycache__) by extensions ['colcon_meta']
[0.712s] Level 1:colcon.colcon_core.package_identification:_identify(src/custom_v3format_dataset/__pycache__) by extension 'colcon_meta'
[0.712s] Level 1:colcon.colcon_core.package_identification:_identify(src/custom_v3format_dataset/__pycache__) by extensions ['ros']
[0.712s] Level 1:colcon.colcon_core.package_identification:_identify(src/custom_v3format_dataset/__pycache__) by extension 'ros'
[0.712s] Level 1:colcon.colcon_core.package_identification:_identify(src/custom_v3format_dataset/__pycache__) by extensions ['cmake', 'python']
[0.712s] Level 1:colcon.colcon_core.package_identification:_identify(src/custom_v3format_dataset/__pycache__) by extension 'cmake'
[0.712s] Level 1:colcon.colcon_core.package_identification:_identify(src/custom_v3format_dataset/__pycache__) by extension 'python'
[0.712s] Level 1:colcon.colcon_core.package_identification:_identify(src/custom_v3format_dataset/__pycache__) by extensions ['python_setup_py']
[0.712s] Level 1:colcon.colcon_core.package_identification:_identify(src/custom_v3format_dataset/__pycache__) by extension 'python_setup_py'
[0.712s] Level 1:colcon.colcon_core.package_identification:_identify(src/daksha_description_full_body) by extensions ['ignore', 'ignore_ament_install']
[0.712s] Level 1:colcon.colcon_core.package_identification:_identify(src/daksha_description_full_body) by extension 'ignore'
[0.713s] Level 1:colcon.colcon_core.package_identification:_identify(src/daksha_description_full_body) by extension 'ignore_ament_install'
[0.713s] Level 1:colcon.colcon_core.package_identification:_identify(src/daksha_description_full_body) by extensions ['colcon_pkg']
[0.713s] Level 1:colcon.colcon_core.package_identification:_identify(src/daksha_description_full_body) by extension 'colcon_pkg'
[0.713s] Level 1:colcon.colcon_core.package_identification:_identify(src/daksha_description_full_body) by extensions ['colcon_meta']
[0.713s] Level 1:colcon.colcon_core.package_identification:_identify(src/daksha_description_full_body) by extension 'colcon_meta'
[0.713s] Level 1:colcon.colcon_core.package_identification:_identify(src/daksha_description_full_body) by extensions ['ros']
[0.713s] Level 1:colcon.colcon_core.package_identification:_identify(src/daksha_description_full_body) by extension 'ros'
[0.714s] DEBUG:colcon.colcon_core.package_identification:Package 'src/daksha_description_full_body' with type 'ros.ament_python' and name 'daksha_description_full_body'
[0.715s] Level 1:colcon.colcon_core.package_identification:_identify(src/diagnosis) by extensions ['ignore', 'ignore_ament_install']
[0.715s] Level 1:colcon.colcon_core.package_identification:_identify(src/diagnosis) by extension 'ignore'
[0.715s] Level 1:colcon.colcon_core.package_identification:_identify(src/diagnosis) by extension 'ignore_ament_install'
[0.715s] Level 1:colcon.colcon_core.package_identification:_identify(src/diagnosis) by extensions ['colcon_pkg']
[0.715s] Level 1:colcon.colcon_core.package_identification:_identify(src/diagnosis) by extension 'colcon_pkg'
[0.715s] Level 1:colcon.colcon_core.package_identification:_identify(src/diagnosis) by extensions ['colcon_meta']
[0.715s] Level 1:colcon.colcon_core.package_identification:_identify(src/diagnosis) by extension 'colcon_meta'
[0.715s] Level 1:colcon.colcon_core.package_identification:_identify(src/diagnosis) by extensions ['ros']
[0.715s] Level 1:colcon.colcon_core.package_identification:_identify(src/diagnosis) by extension 'ros'
[0.715s] Level 1:colcon.colcon_core.package_identification:_identify(src/diagnosis) by extensions ['cmake', 'python']
[0.715s] Level 1:colcon.colcon_core.package_identification:_identify(src/diagnosis) by extension 'cmake'
[0.715s] Level 1:colcon.colcon_core.package_identification:_identify(src/diagnosis) by extension 'python'
[0.715s] Level 1:colcon.colcon_core.package_identification:_identify(src/diagnosis) by extensions ['python_setup_py']
[0.716s] Level 1:colcon.colcon_core.package_identification:_identify(src/diagnosis) by extension 'python_setup_py'
[0.716s] Level 1:colcon.colcon_core.package_identification:_identify(src/diagnosis/temp_graph) by extensions ['ignore', 'ignore_ament_install']
[0.716s] Level 1:colcon.colcon_core.package_identification:_identify(src/diagnosis/temp_graph) by extension 'ignore'
[0.716s] Level 1:colcon.colcon_core.package_identification:_identify(src/diagnosis/temp_graph) by extension 'ignore_ament_install'
[0.716s] Level 1:colcon.colcon_core.package_identification:_identify(src/diagnosis/temp_graph) by extensions ['colcon_pkg']
[0.716s] Level 1:colcon.colcon_core.package_identification:_identify(src/diagnosis/temp_graph) by extension 'colcon_pkg'
[0.716s] Level 1:colcon.colcon_core.package_identification:_identify(src/diagnosis/temp_graph) by extensions ['colcon_meta']
[0.716s] Level 1:colcon.colcon_core.package_identification:_identify(src/diagnosis/temp_graph) by extension 'colcon_meta'
[0.716s] Level 1:colcon.colcon_core.package_identification:_identify(src/diagnosis/temp_graph) by extensions ['ros']
[0.716s] Level 1:colcon.colcon_core.package_identification:_identify(src/diagnosis/temp_graph) by extension 'ros'
[0.716s] Level 1:colcon.colcon_core.package_identification:_identify(src/diagnosis/temp_graph) by extensions ['cmake', 'python']
[0.716s] Level 1:colcon.colcon_core.package_identification:_identify(src/diagnosis/temp_graph) by extension 'cmake'
[0.717s] Level 1:colcon.colcon_core.package_identification:_identify(src/diagnosis/temp_graph) by extension 'python'
[0.717s] Level 1:colcon.colcon_core.package_identification:_identify(src/diagnosis/temp_graph) by extensions ['python_setup_py']
[0.717s] Level 1:colcon.colcon_core.package_identification:_identify(src/diagnosis/temp_graph) by extension 'python_setup_py'
[0.717s] Level 1:colcon.colcon_core.package_identification:_identify(src/diagnosis/temp_graph/build) by extensions ['ignore', 'ignore_ament_install']
[0.717s] Level 1:colcon.colcon_core.package_identification:_identify(src/diagnosis/temp_graph/build) by extension 'ignore'
[0.717s] Level 1:colcon.colcon_core.package_identification:_identify(src/diagnosis/temp_graph/build) by extension 'ignore_ament_install'
[0.717s] Level 1:colcon.colcon_core.package_identification:_identify(src/diagnosis/temp_graph/build) by extensions ['colcon_pkg']
[0.717s] Level 1:colcon.colcon_core.package_identification:_identify(src/diagnosis/temp_graph/build) by extension 'colcon_pkg'
[0.717s] Level 1:colcon.colcon_core.package_identification:_identify(src/diagnosis/temp_graph/build) by extensions ['colcon_meta']
[0.717s] Level 1:colcon.colcon_core.package_identification:_identify(src/diagnosis/temp_graph/build) by extension 'colcon_meta'
[0.717s] Level 1:colcon.colcon_core.package_identification:_identify(src/diagnosis/temp_graph/build) by extensions ['ros']
[0.718s] Level 1:colcon.colcon_core.package_identification:_identify(src/diagnosis/temp_graph/build) by extension 'ros'
[0.718s] Level 1:colcon.colcon_core.package_identification:_identify(src/diagnosis/temp_graph/build) by extensions ['cmake', 'python']
[0.718s] Level 1:colcon.colcon_core.package_identification:_identify(src/diagnosis/temp_graph/build) by extension 'cmake'
[0.718s] Level 1:colcon.colcon_core.package_identification:_identify(src/diagnosis/temp_graph/build) by extension 'python'
[0.718s] Level 1:colcon.colcon_core.package_identification:_identify(src/diagnosis/temp_graph/build) by extensions ['python_setup_py']
[0.718s] Level 1:colcon.colcon_core.package_identification:_identify(src/diagnosis/temp_graph/build) by extension 'python_setup_py'
[0.718s] Level 1:colcon.colcon_core.package_identification:_identify(src/diagnosis/temp_graph/build/lib) by extensions ['ignore', 'ignore_ament_install']
[0.718s] Level 1:colcon.colcon_core.package_identification:_identify(src/diagnosis/temp_graph/build/lib) by extension 'ignore'
[0.718s] Level 1:colcon.colcon_core.package_identification:_identify(src/diagnosis/temp_graph/build/lib) by extension 'ignore_ament_install'
[0.718s] Level 1:colcon.colcon_core.package_identification:_identify(src/diagnosis/temp_graph/build/lib) by extensions ['colcon_pkg']
[0.718s] Level 1:colcon.colcon_core.package_identification:_identify(src/diagnosis/temp_graph/build/lib) by extension 'colcon_pkg'
[0.719s] Level 1:colcon.colcon_core.package_identification:_identify(src/diagnosis/temp_graph/build/lib) by extensions ['colcon_meta']
[0.719s] Level 1:colcon.colcon_core.package_identification:_identify(src/diagnosis/temp_graph/build/lib) by extension 'colcon_meta'
[0.719s] Level 1:colcon.colcon_core.package_identification:_identify(src/diagnosis/temp_graph/build/lib) by extensions ['ros']
[0.719s] Level 1:colcon.colcon_core.package_identification:_identify(src/diagnosis/temp_graph/build/lib) by extension 'ros'
[0.719s] Level 1:colcon.colcon_core.package_identification:_identify(src/diagnosis/temp_graph/build/lib) by extensions ['cmake', 'python']
[0.719s] Level 1:colcon.colcon_core.package_identification:_identify(src/diagnosis/temp_graph/build/lib) by extension 'cmake'
[0.719s] Level 1:colcon.colcon_core.package_identification:_identify(src/diagnosis/temp_graph/build/lib) by extension 'python'
[0.719s] Level 1:colcon.colcon_core.package_identification:_identify(src/diagnosis/temp_graph/build/lib) by extensions ['python_setup_py']
[0.719s] Level 1:colcon.colcon_core.package_identification:_identify(src/diagnosis/temp_graph/build/lib) by extension 'python_setup_py'
[0.719s] Level 1:colcon.colcon_core.package_identification:_identify(src/diagnosis/temp_graph/build/lib/temp_graph) by extensions ['ignore', 'ignore_ament_install']
[0.719s] Level 1:colcon.colcon_core.package_identification:_identify(src/diagnosis/temp_graph/build/lib/temp_graph) by extension 'ignore'
[0.719s] Level 1:colcon.colcon_core.package_identification:_identify(src/diagnosis/temp_graph/build/lib/temp_graph) by extension 'ignore_ament_install'
[0.719s] Level 1:colcon.colcon_core.package_identification:_identify(src/diagnosis/temp_graph/build/lib/temp_graph) by extensions ['colcon_pkg']
[0.719s] Level 1:colcon.colcon_core.package_identification:_identify(src/diagnosis/temp_graph/build/lib/temp_graph) by extension 'colcon_pkg'
[0.719s] Level 1:colcon.colcon_core.package_identification:_identify(src/diagnosis/temp_graph/build/lib/temp_graph) by extensions ['colcon_meta']
[0.720s] Level 1:colcon.colcon_core.package_identification:_identify(src/diagnosis/temp_graph/build/lib/temp_graph) by extension 'colcon_meta'
[0.720s] Level 1:colcon.colcon_core.package_identification:_identify(src/diagnosis/temp_graph/build/lib/temp_graph) by extensions ['ros']
[0.720s] Level 1:colcon.colcon_core.package_identification:_identify(src/diagnosis/temp_graph/build/lib/temp_graph) by extension 'ros'
[0.720s] Level 1:colcon.colcon_core.package_identification:_identify(src/diagnosis/temp_graph/build/lib/temp_graph) by extensions ['cmake', 'python']
[0.720s] Level 1:colcon.colcon_core.package_identification:_identify(src/diagnosis/temp_graph/build/lib/temp_graph) by extension 'cmake'
[0.720s] Level 1:colcon.colcon_core.package_identification:_identify(src/diagnosis/temp_graph/build/lib/temp_graph) by extension 'python'
[0.720s] Level 1:colcon.colcon_core.package_identification:_identify(src/diagnosis/temp_graph/build/lib/temp_graph) by extensions ['python_setup_py']
[0.720s] Level 1:colcon.colcon_core.package_identification:_identify(src/diagnosis/temp_graph/build/lib/temp_graph) by extension 'python_setup_py'
[0.720s] Level 1:colcon.colcon_core.package_identification:_identify(src/diagnosis/temp_graph/temp_graph) by extensions ['ignore', 'ignore_ament_install']
[0.720s] Level 1:colcon.colcon_core.package_identification:_identify(src/diagnosis/temp_graph/temp_graph) by extension 'ignore'
[0.720s] Level 1:colcon.colcon_core.package_identification:_identify(src/diagnosis/temp_graph/temp_graph) by extension 'ignore_ament_install'
[0.720s] Level 1:colcon.colcon_core.package_identification:_identify(src/diagnosis/temp_graph/temp_graph) by extensions ['colcon_pkg']
[0.720s] Level 1:colcon.colcon_core.package_identification:_identify(src/diagnosis/temp_graph/temp_graph) by extension 'colcon_pkg'
[0.720s] Level 1:colcon.colcon_core.package_identification:_identify(src/diagnosis/temp_graph/temp_graph) by extensions ['colcon_meta']
[0.720s] Level 1:colcon.colcon_core.package_identification:_identify(src/diagnosis/temp_graph/temp_graph) by extension 'colcon_meta'
[0.721s] Level 1:colcon.colcon_core.package_identification:_identify(src/diagnosis/temp_graph/temp_graph) by extensions ['ros']
[0.721s] Level 1:colcon.colcon_core.package_identification:_identify(src/diagnosis/temp_graph/temp_graph) by extension 'ros'
[0.721s] Level 1:colcon.colcon_core.package_identification:_identify(src/diagnosis/temp_graph/temp_graph) by extensions ['cmake', 'python']
[0.721s] Level 1:colcon.colcon_core.package_identification:_identify(src/diagnosis/temp_graph/temp_graph) by extension 'cmake'
[0.721s] Level 1:colcon.colcon_core.package_identification:_identify(src/diagnosis/temp_graph/temp_graph) by extension 'python'
[0.721s] Level 1:colcon.colcon_core.package_identification:_identify(src/diagnosis/temp_graph/temp_graph) by extensions ['python_setup_py']
[0.721s] Level 1:colcon.colcon_core.package_identification:_identify(src/diagnosis/temp_graph/temp_graph) by extension 'python_setup_py'
[0.721s] Level 1:colcon.colcon_core.package_identification:_identify(src/diagnosis/temp_graph/temp_graph/__pycache__) by extensions ['ignore', 'ignore_ament_install']
[0.721s] Level 1:colcon.colcon_core.package_identification:_identify(src/diagnosis/temp_graph/temp_graph/__pycache__) by extension 'ignore'
[0.721s] Level 1:colcon.colcon_core.package_identification:_identify(src/diagnosis/temp_graph/temp_graph/__pycache__) by extension 'ignore_ament_install'
[0.721s] Level 1:colcon.colcon_core.package_identification:_identify(src/diagnosis/temp_graph/temp_graph/__pycache__) by extensions ['colcon_pkg']
[0.721s] Level 1:colcon.colcon_core.package_identification:_identify(src/diagnosis/temp_graph/temp_graph/__pycache__) by extension 'colcon_pkg'
[0.721s] Level 1:colcon.colcon_core.package_identification:_identify(src/diagnosis/temp_graph/temp_graph/__pycache__) by extensions ['colcon_meta']
[0.721s] Level 1:colcon.colcon_core.package_identification:_identify(src/diagnosis/temp_graph/temp_graph/__pycache__) by extension 'colcon_meta'
[0.721s] Level 1:colcon.colcon_core.package_identification:_identify(src/diagnosis/temp_graph/temp_graph/__pycache__) by extensions ['ros']
[0.722s] Level 1:colcon.colcon_core.package_identification:_identify(src/diagnosis/temp_graph/temp_graph/__pycache__) by extension 'ros'
[0.722s] Level 1:colcon.colcon_core.package_identification:_identify(src/diagnosis/temp_graph/temp_graph/__pycache__) by extensions ['cmake', 'python']
[0.722s] Level 1:colcon.colcon_core.package_identification:_identify(src/diagnosis/temp_graph/temp_graph/__pycache__) by extension 'cmake'
[0.722s] Level 1:colcon.colcon_core.package_identification:_identify(src/diagnosis/temp_graph/temp_graph/__pycache__) by extension 'python'
[0.722s] Level 1:colcon.colcon_core.package_identification:_identify(src/diagnosis/temp_graph/temp_graph/__pycache__) by extensions ['python_setup_py']
[0.722s] Level 1:colcon.colcon_core.package_identification:_identify(src/diagnosis/temp_graph/temp_graph/__pycache__) by extension 'python_setup_py'
[0.722s] Level 1:colcon.colcon_core.package_identification:_identify(src/diagnosis/vajara) by extensions ['ignore', 'ignore_ament_install']
[0.722s] Level 1:colcon.colcon_core.package_identification:_identify(src/diagnosis/vajara) by extension 'ignore'
[0.722s] Level 1:colcon.colcon_core.package_identification:_identify(src/diagnosis/vajara) by extension 'ignore_ament_install'
[0.723s] Level 1:colcon.colcon_core.package_identification:_identify(src/diagnosis/vajara) by extensions ['colcon_pkg']
[0.723s] Level 1:colcon.colcon_core.package_identification:_identify(src/diagnosis/vajara) by extension 'colcon_pkg'
[0.723s] Level 1:colcon.colcon_core.package_identification:_identify(src/diagnosis/vajara) by extensions ['colcon_meta']
[0.723s] Level 1:colcon.colcon_core.package_identification:_identify(src/diagnosis/vajara) by extension 'colcon_meta'
[0.723s] Level 1:colcon.colcon_core.package_identification:_identify(src/diagnosis/vajara) by extensions ['ros']
[0.723s] Level 1:colcon.colcon_core.package_identification:_identify(src/diagnosis/vajara) by extension 'ros'
[0.724s] DEBUG:colcon.colcon_core.package_identification:Package 'src/diagnosis/vajara' with type 'ros.ament_python' and name 'vajara'
[0.724s] Level 1:colcon.colcon_core.package_identification:_identify(src/gen2) by extensions ['ignore', 'ignore_ament_install']
[0.724s] Level 1:colcon.colcon_core.package_identification:_identify(src/gen2) by extension 'ignore'
[0.724s] Level 1:colcon.colcon_core.package_identification:_identify(src/gen2) by extension 'ignore_ament_install'
[0.724s] Level 1:colcon.colcon_core.package_identification:_identify(src/gen2) by extensions ['colcon_pkg']
[0.724s] Level 1:colcon.colcon_core.package_identification:_identify(src/gen2) by extension 'colcon_pkg'
[0.724s] Level 1:colcon.colcon_core.package_identification:_identify(src/gen2) by extensions ['colcon_meta']
[0.724s] Level 1:colcon.colcon_core.package_identification:_identify(src/gen2) by extension 'colcon_meta'
[0.724s] Level 1:colcon.colcon_core.package_identification:_identify(src/gen2) by extensions ['ros']
[0.724s] Level 1:colcon.colcon_core.package_identification:_identify(src/gen2) by extension 'ros'
[0.725s] DEBUG:colcon.colcon_core.package_identification:Package 'src/gen2' with type 'ros.ament_python' and name 'gen2'
[0.725s] Level 1:colcon.colcon_core.package_identification:_identify(src/gesture_management) by extensions ['ignore', 'ignore_ament_install']
[0.725s] Level 1:colcon.colcon_core.package_identification:_identify(src/gesture_management) by extension 'ignore'
[0.725s] Level 1:colcon.colcon_core.package_identification:_identify(src/gesture_management) by extension 'ignore_ament_install'
[0.726s] Level 1:colcon.colcon_core.package_identification:_identify(src/gesture_management) by extensions ['colcon_pkg']
[0.726s] Level 1:colcon.colcon_core.package_identification:_identify(src/gesture_management) by extension 'colcon_pkg'
[0.726s] Level 1:colcon.colcon_core.package_identification:_identify(src/gesture_management) by extensions ['colcon_meta']
[0.726s] Level 1:colcon.colcon_core.package_identification:_identify(src/gesture_management) by extension 'colcon_meta'
[0.726s] Level 1:colcon.colcon_core.package_identification:_identify(src/gesture_management) by extensions ['ros']
[0.726s] Level 1:colcon.colcon_core.package_identification:_identify(src/gesture_management) by extension 'ros'
[0.727s] DEBUG:colcon.colcon_core.package_identification:Package 'src/gesture_management' with type 'ros.ament_cmake' and name 'gesture_management'
[0.728s] Level 1:colcon.colcon_core.package_identification:_identify(src/global) by extensions ['ignore', 'ignore_ament_install']
[0.728s] Level 1:colcon.colcon_core.package_identification:_identify(src/global) by extension 'ignore'
[0.728s] Level 1:colcon.colcon_core.package_identification:_identify(src/global) by extension 'ignore_ament_install'
[0.728s] Level 1:colcon.colcon_core.package_identification:_identify(src/global) by extensions ['colcon_pkg']
[0.728s] Level 1:colcon.colcon_core.package_identification:_identify(src/global) by extension 'colcon_pkg'
[0.728s] Level 1:colcon.colcon_core.package_identification:_identify(src/global) by extensions ['colcon_meta']
[0.728s] Level 1:colcon.colcon_core.package_identification:_identify(src/global) by extension 'colcon_meta'
[0.728s] Level 1:colcon.colcon_core.package_identification:_identify(src/global) by extensions ['ros']
[0.728s] Level 1:colcon.colcon_core.package_identification:_identify(src/global) by extension 'ros'
[0.728s] Level 1:colcon.colcon_core.package_identification:_identify(src/global) by extensions ['cmake', 'python']
[0.729s] Level 1:colcon.colcon_core.package_identification:_identify(src/global) by extension 'cmake'
[0.729s] Level 1:colcon.colcon_core.package_identification:_identify(src/global) by extension 'python'
[0.729s] Level 1:colcon.colcon_core.package_identification:_identify(src/global) by extensions ['python_setup_py']
[0.729s] Level 1:colcon.colcon_core.package_identification:_identify(src/global) by extension 'python_setup_py'
[0.729s] Level 1:colcon.colcon_core.package_identification:_identify(src/global/daksha_api_bridge_follower) by extensions ['ignore', 'ignore_ament_install']
[0.729s] Level 1:colcon.colcon_core.package_identification:_identify(src/global/daksha_api_bridge_follower) by extension 'ignore'
[0.729s] Level 1:colcon.colcon_core.package_identification:_identify(src/global/daksha_api_bridge_follower) by extension 'ignore_ament_install'
[0.729s] Level 1:colcon.colcon_core.package_identification:_identify(src/global/daksha_api_bridge_follower) by extensions ['colcon_pkg']
[0.729s] Level 1:colcon.colcon_core.package_identification:_identify(src/global/daksha_api_bridge_follower) by extension 'colcon_pkg'
[0.729s] Level 1:colcon.colcon_core.package_identification:_identify(src/global/daksha_api_bridge_follower) by extensions ['colcon_meta']
[0.729s] Level 1:colcon.colcon_core.package_identification:_identify(src/global/daksha_api_bridge_follower) by extension 'colcon_meta'
[0.729s] Level 1:colcon.colcon_core.package_identification:_identify(src/global/daksha_api_bridge_follower) by extensions ['ros']
[0.729s] Level 1:colcon.colcon_core.package_identification:_identify(src/global/daksha_api_bridge_follower) by extension 'ros'
[0.730s] DEBUG:colcon.colcon_core.package_identification:Package 'src/global/daksha_api_bridge_follower' with type 'ros.ament_python' and name 'daksha_api_bridge_follower'
[0.730s] Level 1:colcon.colcon_core.package_identification:_identify(src/global/daksha_api_bridge_leader) by extensions ['ignore', 'ignore_ament_install']
[0.730s] Level 1:colcon.colcon_core.package_identification:_identify(src/global/daksha_api_bridge_leader) by extension 'ignore'
[0.730s] Level 1:colcon.colcon_core.package_identification:_identify(src/global/daksha_api_bridge_leader) by extension 'ignore_ament_install'
[0.731s] Level 1:colcon.colcon_core.package_identification:_identify(src/global/daksha_api_bridge_leader) by extensions ['colcon_pkg']
[0.731s] Level 1:colcon.colcon_core.package_identification:_identify(src/global/daksha_api_bridge_leader) by extension 'colcon_pkg'
[0.731s] Level 1:colcon.colcon_core.package_identification:_identify(src/global/daksha_api_bridge_leader) by extensions ['colcon_meta']
[0.731s] Level 1:colcon.colcon_core.package_identification:_identify(src/global/daksha_api_bridge_leader) by extension 'colcon_meta'
[0.731s] Level 1:colcon.colcon_core.package_identification:_identify(src/global/daksha_api_bridge_leader) by extensions ['ros']
[0.731s] Level 1:colcon.colcon_core.package_identification:_identify(src/global/daksha_api_bridge_leader) by extension 'ros'
[0.732s] DEBUG:colcon.colcon_core.package_identification:Package 'src/global/daksha_api_bridge_leader' with type 'ros.ament_python' and name 'daksha_api_bridge_leader'
[0.732s] Level 1:colcon.colcon_core.package_identification:_identify(src/joint_cmd_logger) by extensions ['ignore', 'ignore_ament_install']
[0.732s] Level 1:colcon.colcon_core.package_identification:_identify(src/joint_cmd_logger) by extension 'ignore'
[0.733s] Level 1:colcon.colcon_core.package_identification:_identify(src/joint_cmd_logger) by extension 'ignore_ament_install'
[0.733s] Level 1:colcon.colcon_core.package_identification:_identify(src/joint_cmd_logger) by extensions ['colcon_pkg']
[0.733s] Level 1:colcon.colcon_core.package_identification:_identify(src/joint_cmd_logger) by extension 'colcon_pkg'
[0.733s] Level 1:colcon.colcon_core.package_identification:_identify(src/joint_cmd_logger) by extensions ['colcon_meta']
[0.733s] Level 1:colcon.colcon_core.package_identification:_identify(src/joint_cmd_logger) by extension 'colcon_meta'
[0.733s] Level 1:colcon.colcon_core.package_identification:_identify(src/joint_cmd_logger) by extensions ['ros']
[0.733s] Level 1:colcon.colcon_core.package_identification:_identify(src/joint_cmd_logger) by extension 'ros'
[0.734s] DEBUG:colcon.colcon_core.package_identification:Package 'src/joint_cmd_logger' with type 'ros.ament_python' and name 'joint_cmd_logger'
[0.735s] Level 1:colcon.colcon_core.package_identification:_identify(src/motortest) by extensions ['ignore', 'ignore_ament_install']
[0.735s] Level 1:colcon.colcon_core.package_identification:_identify(src/motortest) by extension 'ignore'
[0.735s] Level 1:colcon.colcon_core.package_identification:_identify(src/motortest) by extension 'ignore_ament_install'
[0.735s] Level 1:colcon.colcon_core.package_identification:_identify(src/motortest) by extensions ['colcon_pkg']
[0.735s] Level 1:colcon.colcon_core.package_identification:_identify(src/motortest) by extension 'colcon_pkg'
[0.735s] Level 1:colcon.colcon_core.package_identification:_identify(src/motortest) by extensions ['colcon_meta']
[0.735s] Level 1:colcon.colcon_core.package_identification:_identify(src/motortest) by extension 'colcon_meta'
[0.735s] Level 1:colcon.colcon_core.package_identification:_identify(src/motortest) by extensions ['ros']
[0.735s] Level 1:colcon.colcon_core.package_identification:_identify(src/motortest) by extension 'ros'
[0.736s] DEBUG:colcon.colcon_core.package_identification:Package 'src/motortest' with type 'ros.ament_python' and name 'motortest'
[0.736s] Level 1:colcon.colcon_core.package_identification:_identify(src/navigation) by extensions ['ignore', 'ignore_ament_install']
[0.736s] Level 1:colcon.colcon_core.package_identification:_identify(src/navigation) by extension 'ignore'
[0.737s] Level 1:colcon.colcon_core.package_identification:_identify(src/navigation) by extension 'ignore_ament_install'
[0.737s] Level 1:colcon.colcon_core.package_identification:_identify(src/navigation) by extensions ['colcon_pkg']
[0.737s] Level 1:colcon.colcon_core.package_identification:_identify(src/navigation) by extension 'colcon_pkg'
[0.737s] Level 1:colcon.colcon_core.package_identification:_identify(src/navigation) by extensions ['colcon_meta']
[0.737s] Level 1:colcon.colcon_core.package_identification:_identify(src/navigation) by extension 'colcon_meta'
[0.737s] Level 1:colcon.colcon_core.package_identification:_identify(src/navigation) by extensions ['ros']
[0.737s] Level 1:colcon.colcon_core.package_identification:_identify(src/navigation) by extension 'ros'
[0.737s] Level 1:colcon.colcon_core.package_identification:_identify(src/navigation) by extensions ['cmake', 'python']
[0.737s] Level 1:colcon.colcon_core.package_identification:_identify(src/navigation) by extension 'cmake'
[0.737s] Level 1:colcon.colcon_core.package_identification:_identify(src/navigation) by extension 'python'
[0.737s] Level 1:colcon.colcon_core.package_identification:_identify(src/navigation) by extensions ['python_setup_py']
[0.737s] Level 1:colcon.colcon_core.package_identification:_identify(src/navigation) by extension 'python_setup_py'
[0.738s] Level 1:colcon.colcon_core.package_identification:_identify(src/navigation/web_nav_site) by extensions ['ignore', 'ignore_ament_install']
[0.738s] Level 1:colcon.colcon_core.package_identification:_identify(src/navigation/web_nav_site) by extension 'ignore'
[0.738s] Level 1:colcon.colcon_core.package_identification:_identify(src/navigation/web_nav_site) by extension 'ignore_ament_install'
[0.738s] Level 1:colcon.colcon_core.package_identification:_identify(src/navigation/web_nav_site) by extensions ['colcon_pkg']
[0.738s] Level 1:colcon.colcon_core.package_identification:_identify(src/navigation/web_nav_site) by extension 'colcon_pkg'
[0.738s] Level 1:colcon.colcon_core.package_identification:_identify(src/navigation/web_nav_site) by extensions ['colcon_meta']
[0.738s] Level 1:colcon.colcon_core.package_identification:_identify(src/navigation/web_nav_site) by extension 'colcon_meta'
[0.738s] Level 1:colcon.colcon_core.package_identification:_identify(src/navigation/web_nav_site) by extensions ['ros']
[0.738s] Level 1:colcon.colcon_core.package_identification:_identify(src/navigation/web_nav_site) by extension 'ros'
[0.739s] DEBUG:colcon.colcon_core.package_identification:Package 'src/navigation/web_nav_site' with type 'ros.ament_cmake' and name 'web_nav_site'
[0.739s] Level 1:colcon.colcon_core.package_identification:_identify(src/scripts) by extensions ['ignore', 'ignore_ament_install']
[0.740s] Level 1:colcon.colcon_core.package_identification:_identify(src/scripts) by extension 'ignore'
[0.740s] Level 1:colcon.colcon_core.package_identification:_identify(src/scripts) by extension 'ignore_ament_install'
[0.740s] Level 1:colcon.colcon_core.package_identification:_identify(src/scripts) by extensions ['colcon_pkg']
[0.740s] Level 1:colcon.colcon_core.package_identification:_identify(src/scripts) by extension 'colcon_pkg'
[0.740s] Level 1:colcon.colcon_core.package_identification:_identify(src/scripts) by extensions ['colcon_meta']
[0.740s] Level 1:colcon.colcon_core.package_identification:_identify(src/scripts) by extension 'colcon_meta'
[0.740s] Level 1:colcon.colcon_core.package_identification:_identify(src/scripts) by extensions ['ros']
[0.740s] Level 1:colcon.colcon_core.package_identification:_identify(src/scripts) by extension 'ros'
[0.740s] Level 1:colcon.colcon_core.package_identification:_identify(src/scripts) by extensions ['cmake', 'python']
[0.740s] Level 1:colcon.colcon_core.package_identification:_identify(src/scripts) by extension 'cmake'
[0.740s] Level 1:colcon.colcon_core.package_identification:_identify(src/scripts) by extension 'python'
[0.740s] Level 1:colcon.colcon_core.package_identification:_identify(src/scripts) by extensions ['python_setup_py']
[0.740s] Level 1:colcon.colcon_core.package_identification:_identify(src/scripts) by extension 'python_setup_py'
[0.740s] Level 1:colcon.colcon_core.package_identification:_identify(src/scripts/__pycache__) by extensions ['ignore', 'ignore_ament_install']
[0.740s] Level 1:colcon.colcon_core.package_identification:_identify(src/scripts/__pycache__) by extension 'ignore'
[0.740s] Level 1:colcon.colcon_core.package_identification:_identify(src/scripts/__pycache__) by extension 'ignore_ament_install'
[0.740s] Level 1:colcon.colcon_core.package_identification:_identify(src/scripts/__pycache__) by extensions ['colcon_pkg']
[0.741s] Level 1:colcon.colcon_core.package_identification:_identify(src/scripts/__pycache__) by extension 'colcon_pkg'
[0.741s] Level 1:colcon.colcon_core.package_identification:_identify(src/scripts/__pycache__) by extensions ['colcon_meta']
[0.741s] Level 1:colcon.colcon_core.package_identification:_identify(src/scripts/__pycache__) by extension 'colcon_meta'
[0.741s] Level 1:colcon.colcon_core.package_identification:_identify(src/scripts/__pycache__) by extensions ['ros']
[0.741s] Level 1:colcon.colcon_core.package_identification:_identify(src/scripts/__pycache__) by extension 'ros'
[0.741s] Level 1:colcon.colcon_core.package_identification:_identify(src/scripts/__pycache__) by extensions ['cmake', 'python']
[0.741s] Level 1:colcon.colcon_core.package_identification:_identify(src/scripts/__pycache__) by extension 'cmake'
[0.741s] Level 1:colcon.colcon_core.package_identification:_identify(src/scripts/__pycache__) by extension 'python'
[0.741s] Level 1:colcon.colcon_core.package_identification:_identify(src/scripts/__pycache__) by extensions ['python_setup_py']
[0.741s] Level 1:colcon.colcon_core.package_identification:_identify(src/scripts/__pycache__) by extension 'python_setup_py'
[0.741s] Level 1:colcon.colcon_core.package_identification:_identify(src/tele) by extensions ['ignore', 'ignore_ament_install']
[0.741s] Level 1:colcon.colcon_core.package_identification:_identify(src/tele) by extension 'ignore'
[0.741s] Level 1:colcon.colcon_core.package_identification:_identify(src/tele) by extension 'ignore_ament_install'
[0.741s] Level 1:colcon.colcon_core.package_identification:_identify(src/tele) by extensions ['colcon_pkg']
[0.741s] Level 1:colcon.colcon_core.package_identification:_identify(src/tele) by extension 'colcon_pkg'
[0.741s] Level 1:colcon.colcon_core.package_identification:_identify(src/tele) by extensions ['colcon_meta']
[0.741s] Level 1:colcon.colcon_core.package_identification:_identify(src/tele) by extension 'colcon_meta'
[0.742s] Level 1:colcon.colcon_core.package_identification:_identify(src/tele) by extensions ['ros']
[0.742s] Level 1:colcon.colcon_core.package_identification:_identify(src/tele) by extension 'ros'
[0.742s] Level 1:colcon.colcon_core.package_identification:_identify(src/tele) by extensions ['cmake', 'python']
[0.742s] Level 1:colcon.colcon_core.package_identification:_identify(src/tele) by extension 'cmake'
[0.742s] Level 1:colcon.colcon_core.package_identification:_identify(src/tele) by extension 'python'
[0.742s] Level 1:colcon.colcon_core.package_identification:_identify(src/tele) by extensions ['python_setup_py']
[0.742s] Level 1:colcon.colcon_core.package_identification:_identify(src/tele) by extension 'python_setup_py'
[0.742s] Level 1:colcon.colcon_core.package_identification:_identify(src/tele/ROS-TCP-Endpoint) by extensions ['ignore', 'ignore_ament_install']
[0.742s] Level 1:colcon.colcon_core.package_identification:_identify(src/tele/ROS-TCP-Endpoint) by extension 'ignore'
[0.742s] Level 1:colcon.colcon_core.package_identification:_identify(src/tele/ROS-TCP-Endpoint) by extension 'ignore_ament_install'
[0.743s] Level 1:colcon.colcon_core.package_identification:_identify(src/tele/ROS-TCP-Endpoint) by extensions ['colcon_pkg']
[0.743s] Level 1:colcon.colcon_core.package_identification:_identify(src/tele/ROS-TCP-Endpoint) by extension 'colcon_pkg'
[0.743s] Level 1:colcon.colcon_core.package_identification:_identify(src/tele/ROS-TCP-Endpoint) by extensions ['colcon_meta']
[0.743s] Level 1:colcon.colcon_core.package_identification:_identify(src/tele/ROS-TCP-Endpoint) by extension 'colcon_meta'
[0.743s] Level 1:colcon.colcon_core.package_identification:_identify(src/tele/ROS-TCP-Endpoint) by extensions ['ros']
[0.743s] Level 1:colcon.colcon_core.package_identification:_identify(src/tele/ROS-TCP-Endpoint) by extension 'ros'
[0.744s] DEBUG:colcon.colcon_core.package_identification:Package 'src/tele/ROS-TCP-Endpoint' with type 'ros.ament_python' and name 'ros_tcp_endpoint'
[0.744s] Level 1:colcon.colcon_core.package_identification:_identify(src/tele/gen2_leader) by extensions ['ignore', 'ignore_ament_install']
[0.744s] Level 1:colcon.colcon_core.package_identification:_identify(src/tele/gen2_leader) by extension 'ignore'
[0.744s] Level 1:colcon.colcon_core.package_identification:_identify(src/tele/gen2_leader) by extension 'ignore_ament_install'
[0.744s] Level 1:colcon.colcon_core.package_identification:_identify(src/tele/gen2_leader) by extensions ['colcon_pkg']
[0.744s] Level 1:colcon.colcon_core.package_identification:_identify(src/tele/gen2_leader) by extension 'colcon_pkg'
[0.744s] Level 1:colcon.colcon_core.package_identification:_identify(src/tele/gen2_leader) by extensions ['colcon_meta']
[0.744s] Level 1:colcon.colcon_core.package_identification:_identify(src/tele/gen2_leader) by extension 'colcon_meta'
[0.744s] Level 1:colcon.colcon_core.package_identification:_identify(src/tele/gen2_leader) by extensions ['ros']
[0.744s] Level 1:colcon.colcon_core.package_identification:_identify(src/tele/gen2_leader) by extension 'ros'
[0.745s] DEBUG:colcon.colcon_core.package_identification:Package 'src/tele/gen2_leader' with type 'ros.ament_python' and name 'gen2_leader'
[0.745s] Level 1:colcon.colcon_core.package_identification:_identify(src/tele/vr_teleop) by extensions ['ignore', 'ignore_ament_install']
[0.745s] Level 1:colcon.colcon_core.package_identification:_identify(src/tele/vr_teleop) by extension 'ignore'
[0.745s] Level 1:colcon.colcon_core.package_identification:_identify(src/tele/vr_teleop) by extension 'ignore_ament_install'
[0.746s] Level 1:colcon.colcon_core.package_identification:_identify(src/tele/vr_teleop) by extensions ['colcon_pkg']
[0.746s] Level 1:colcon.colcon_core.package_identification:_identify(src/tele/vr_teleop) by extension 'colcon_pkg'
[0.746s] Level 1:colcon.colcon_core.package_identification:_identify(src/tele/vr_teleop) by extensions ['colcon_meta']
[0.746s] Level 1:colcon.colcon_core.package_identification:_identify(src/tele/vr_teleop) by extension 'colcon_meta'
[0.746s] Level 1:colcon.colcon_core.package_identification:_identify(src/tele/vr_teleop) by extensions ['ros']
[0.746s] Level 1:colcon.colcon_core.package_identification:_identify(src/tele/vr_teleop) by extension 'ros'
[0.747s] DEBUG:colcon.colcon_core.package_identification:Package 'src/tele/vr_teleop' with type 'ros.ament_python' and name 'vr_teleop'
[0.747s] Level 1:colcon.colcon_core.package_identification:_identify(src/ui) by extensions ['ignore', 'ignore_ament_install']
[0.747s] Level 1:colcon.colcon_core.package_identification:_identify(src/ui) by extension 'ignore'
[0.747s] Level 1:colcon.colcon_core.package_identification:_identify(src/ui) by extension 'ignore_ament_install'
[0.747s] Level 1:colcon.colcon_core.package_identification:_identify(src/ui) by extensions ['colcon_pkg']
[0.747s] Level 1:colcon.colcon_core.package_identification:_identify(src/ui) by extension 'colcon_pkg'
[0.748s] Level 1:colcon.colcon_core.package_identification:_identify(src/ui) by extensions ['colcon_meta']
[0.748s] Level 1:colcon.colcon_core.package_identification:_identify(src/ui) by extension 'colcon_meta'
[0.748s] Level 1:colcon.colcon_core.package_identification:_identify(src/ui) by extensions ['ros']
[0.748s] Level 1:colcon.colcon_core.package_identification:_identify(src/ui) by extension 'ros'
[0.748s] Level 1:colcon.colcon_core.package_identification:_identify(src/ui) by extensions ['cmake', 'python']
[0.748s] Level 1:colcon.colcon_core.package_identification:_identify(src/ui) by extension 'cmake'
[0.748s] Level 1:colcon.colcon_core.package_identification:_identify(src/ui) by extension 'python'
[0.748s] Level 1:colcon.colcon_core.package_identification:_identify(src/ui) by extensions ['python_setup_py']
[0.748s] Level 1:colcon.colcon_core.package_identification:_identify(src/ui) by extension 'python_setup_py'
[0.748s] Level 1:colcon.colcon_core.package_identification:_identify(src/ui/Clients_UI) by extensions ['ignore', 'ignore_ament_install']
[0.748s] Level 1:colcon.colcon_core.package_identification:_identify(src/ui/Clients_UI) by extension 'ignore'
[0.748s] Level 1:colcon.colcon_core.package_identification:_identify(src/ui/Clients_UI) by extension 'ignore_ament_install'
[0.748s] Level 1:colcon.colcon_core.package_identification:_identify(src/ui/Clients_UI) by extensions ['colcon_pkg']
[0.748s] Level 1:colcon.colcon_core.package_identification:_identify(src/ui/Clients_UI) by extension 'colcon_pkg'
[0.749s] Level 1:colcon.colcon_core.package_identification:_identify(src/ui/Clients_UI) by extensions ['colcon_meta']
[0.749s] Level 1:colcon.colcon_core.package_identification:_identify(src/ui/Clients_UI) by extension 'colcon_meta'
[0.749s] Level 1:colcon.colcon_core.package_identification:_identify(src/ui/Clients_UI) by extensions ['ros']
[0.749s] Level 1:colcon.colcon_core.package_identification:_identify(src/ui/Clients_UI) by extension 'ros'
[0.749s] Level 1:colcon.colcon_core.package_identification:_identify(src/ui/Clients_UI) by extensions ['cmake', 'python']
[0.749s] Level 1:colcon.colcon_core.package_identification:_identify(src/ui/Clients_UI) by extension 'cmake'
[0.749s] Level 1:colcon.colcon_core.package_identification:_identify(src/ui/Clients_UI) by extension 'python'
[0.749s] Level 1:colcon.colcon_core.package_identification:_identify(src/ui/Clients_UI) by extensions ['python_setup_py']
[0.749s] Level 1:colcon.colcon_core.package_identification:_identify(src/ui/Clients_UI) by extension 'python_setup_py'
[0.749s] Level 1:colcon.colcon_core.package_identification:_identify(src/ui/Clients_UI/daksha_data_collection) by extensions ['ignore', 'ignore_ament_install']
[0.749s] Level 1:colcon.colcon_core.package_identification:_identify(src/ui/Clients_UI/daksha_data_collection) by extension 'ignore'
[0.749s] Level 1:colcon.colcon_core.package_identification:_identify(src/ui/Clients_UI/daksha_data_collection) by extension 'ignore_ament_install'
[0.749s] Level 1:colcon.colcon_core.package_identification:_identify(src/ui/Clients_UI/daksha_data_collection) by extensions ['colcon_pkg']
[0.749s] Level 1:colcon.colcon_core.package_identification:_identify(src/ui/Clients_UI/daksha_data_collection) by extension 'colcon_pkg'
[0.749s] Level 1:colcon.colcon_core.package_identification:_identify(src/ui/Clients_UI/daksha_data_collection) by extensions ['colcon_meta']
[0.749s] Level 1:colcon.colcon_core.package_identification:_identify(src/ui/Clients_UI/daksha_data_collection) by extension 'colcon_meta'
[0.750s] Level 1:colcon.colcon_core.package_identification:_identify(src/ui/Clients_UI/daksha_data_collection) by extensions ['ros']
[0.750s] Level 1:colcon.colcon_core.package_identification:_identify(src/ui/Clients_UI/daksha_data_collection) by extension 'ros'
[0.750s] DEBUG:colcon.colcon_core.package_identification:Package 'src/ui/Clients_UI/daksha_data_collection' with type 'ros.ament_python' and name 'daksha_data_collection'
[0.751s] Level 1:colcon.colcon_core.package_identification:_identify(src/ui/Clients_UI/daksha_final_urdf_description) by extensions ['ignore', 'ignore_ament_install']
[0.751s] Level 1:colcon.colcon_core.package_identification:_identify(src/ui/Clients_UI/daksha_final_urdf_description) by extension 'ignore'
[0.751s] Level 1:colcon.colcon_core.package_identification:_identify(src/ui/Clients_UI/daksha_final_urdf_description) by extension 'ignore_ament_install'
[0.751s] Level 1:colcon.colcon_core.package_identification:_identify(src/ui/Clients_UI/daksha_final_urdf_description) by extensions ['colcon_pkg']
[0.751s] Level 1:colcon.colcon_core.package_identification:_identify(src/ui/Clients_UI/daksha_final_urdf_description) by extension 'colcon_pkg'
[0.751s] Level 1:colcon.colcon_core.package_identification:_identify(src/ui/Clients_UI/daksha_final_urdf_description) by extensions ['colcon_meta']
[0.751s] Level 1:colcon.colcon_core.package_identification:_identify(src/ui/Clients_UI/daksha_final_urdf_description) by extension 'colcon_meta'
[0.751s] Level 1:colcon.colcon_core.package_identification:_identify(src/ui/Clients_UI/daksha_final_urdf_description) by extensions ['ros']
[0.751s] Level 1:colcon.colcon_core.package_identification:_identify(src/ui/Clients_UI/daksha_final_urdf_description) by extension 'ros'
[0.753s] DEBUG:colcon.colcon_core.package_identification:Package 'src/ui/Clients_UI/daksha_final_urdf_description' with type 'ros.ament_python' and name 'daksha_final_urdf_description'
[0.753s] Level 1:colcon.colcon_core.package_identification:_identify(src/ui/Clients_UI/daksha_msgs) by extensions ['ignore', 'ignore_ament_install']
[0.753s] Level 1:colcon.colcon_core.package_identification:_identify(src/ui/Clients_UI/daksha_msgs) by extension 'ignore'
[0.753s] Level 1:colcon.colcon_core.package_identification:_identify(src/ui/Clients_UI/daksha_msgs) by extension 'ignore_ament_install'
[0.753s] Level 1:colcon.colcon_core.package_identification:_identify(src/ui/Clients_UI/daksha_msgs) by extensions ['colcon_pkg']
[0.753s] Level 1:colcon.colcon_core.package_identification:_identify(src/ui/Clients_UI/daksha_msgs) by extension 'colcon_pkg'
[0.753s] Level 1:colcon.colcon_core.package_identification:_identify(src/ui/Clients_UI/daksha_msgs) by extensions ['colcon_meta']
[0.753s] Level 1:colcon.colcon_core.package_identification:_identify(src/ui/Clients_UI/daksha_msgs) by extension 'colcon_meta'
[0.753s] Level 1:colcon.colcon_core.package_identification:_identify(src/ui/Clients_UI/daksha_msgs) by extensions ['ros']
[0.753s] Level 1:colcon.colcon_core.package_identification:_identify(src/ui/Clients_UI/daksha_msgs) by extension 'ros'
[0.754s] DEBUG:colcon.colcon_core.package_identification:Package 'src/ui/Clients_UI/daksha_msgs' with type 'ros.ament_cmake' and name 'daksha_msgs'
[0.754s] Level 1:colcon.colcon_core.package_identification:_identify(src/ui/Clients_UI/daksha_ui) by extensions ['ignore', 'ignore_ament_install']
[0.754s] Level 1:colcon.colcon_core.package_identification:_identify(src/ui/Clients_UI/daksha_ui) by extension 'ignore'
[0.754s] Level 1:colcon.colcon_core.package_identification:_identify(src/ui/Clients_UI/daksha_ui) by extension 'ignore_ament_install'
[0.754s] Level 1:colcon.colcon_core.package_identification:_identify(src/ui/Clients_UI/daksha_ui) by extensions ['colcon_pkg']
[0.754s] Level 1:colcon.colcon_core.package_identification:_identify(src/ui/Clients_UI/daksha_ui) by extension 'colcon_pkg'
[0.754s] Level 1:colcon.colcon_core.package_identification:_identify(src/ui/Clients_UI/daksha_ui) by extensions ['colcon_meta']
[0.755s] Level 1:colcon.colcon_core.package_identification:_identify(src/ui/Clients_UI/daksha_ui) by extension 'colcon_meta'
[0.755s] Level 1:colcon.colcon_core.package_identification:_identify(src/ui/Clients_UI/daksha_ui) by extensions ['ros']
[0.755s] Level 1:colcon.colcon_core.package_identification:_identify(src/ui/Clients_UI/daksha_ui) by extension 'ros'
[0.756s] DEBUG:colcon.colcon_core.package_identification:Package 'src/ui/Clients_UI/daksha_ui' with type 'ros.ament_cmake' and name 'daksha_ui'
[0.756s] Level 1:colcon.colcon_core.package_identification:_identify(src/ui/Clients_UI/validation) by extensions ['ignore', 'ignore_ament_install']
[0.756s] Level 1:colcon.colcon_core.package_identification:_identify(src/ui/Clients_UI/validation) by extension 'ignore'
[0.756s] Level 1:colcon.colcon_core.package_identification:_identify(src/ui/Clients_UI/validation) by extension 'ignore_ament_install'
[0.756s] Level 1:colcon.colcon_core.package_identification:_identify(src/ui/Clients_UI/validation) by extensions ['colcon_pkg']
[0.756s] Level 1:colcon.colcon_core.package_identification:_identify(src/ui/Clients_UI/validation) by extension 'colcon_pkg'
[0.756s] Level 1:colcon.colcon_core.package_identification:_identify(src/ui/Clients_UI/validation) by extensions ['colcon_meta']
[0.756s] Level 1:colcon.colcon_core.package_identification:_identify(src/ui/Clients_UI/validation) by extension 'colcon_meta'
[0.757s] Level 1:colcon.colcon_core.package_identification:_identify(src/ui/Clients_UI/validation) by extensions ['ros']
[0.757s] Level 1:colcon.colcon_core.package_identification:_identify(src/ui/Clients_UI/validation) by extension 'ros'
[0.757s] Level 1:colcon.colcon_core.package_identification:_identify(src/ui/Clients_UI/validation) by extensions ['cmake', 'python']
[0.757s] Level 1:colcon.colcon_core.package_identification:_identify(src/ui/Clients_UI/validation) by extension 'cmake'
[0.757s] Level 1:colcon.colcon_core.package_identification:_identify(src/ui/Clients_UI/validation) by extension 'python'
[0.757s] Level 1:colcon.colcon_core.package_identification:_identify(src/ui/Clients_UI/validation) by extensions ['python_setup_py']
[0.757s] Level 1:colcon.colcon_core.package_identification:_identify(src/ui/Clients_UI/validation) by extension 'python_setup_py'
[0.757s] Level 1:colcon.colcon_core.package_identification:_identify(src/ui/analyzer) by extensions ['ignore', 'ignore_ament_install']
[0.757s] Level 1:colcon.colcon_core.package_identification:_identify(src/ui/analyzer) by extension 'ignore'
[0.757s] Level 1:colcon.colcon_core.package_identification:_identify(src/ui/analyzer) by extension 'ignore_ament_install'
[0.758s] Level 1:colcon.colcon_core.package_identification:_identify(src/ui/analyzer) by extensions ['colcon_pkg']
[0.758s] Level 1:colcon.colcon_core.package_identification:_identify(src/ui/analyzer) by extension 'colcon_pkg'
[0.758s] Level 1:colcon.colcon_core.package_identification:_identify(src/ui/analyzer) by extensions ['colcon_meta']
[0.758s] Level 1:colcon.colcon_core.package_identification:_identify(src/ui/analyzer) by extension 'colcon_meta'
[0.758s] Level 1:colcon.colcon_core.package_identification:_identify(src/ui/analyzer) by extensions ['ros']
[0.758s] Level 1:colcon.colcon_core.package_identification:_identify(src/ui/analyzer) by extension 'ros'
[0.759s] DEBUG:colcon.colcon_core.package_identification:Package 'src/ui/analyzer' with type 'ros.ament_python' and name 'joint_analyzer'
[0.759s] Level 1:colcon.colcon_core.package_identification:_identify(src/world_camera_launch) by extensions ['ignore', 'ignore_ament_install']
[0.759s] Level 1:colcon.colcon_core.package_identification:_identify(src/world_camera_launch) by extension 'ignore'
[0.759s] Level 1:colcon.colcon_core.package_identification:_identify(src/world_camera_launch) by extension 'ignore_ament_install'
[0.759s] Level 1:colcon.colcon_core.package_identification:_identify(src/world_camera_launch) by extensions ['colcon_pkg']
[0.759s] Level 1:colcon.colcon_core.package_identification:_identify(src/world_camera_launch) by extension 'colcon_pkg'
[0.760s] Level 1:colcon.colcon_core.package_identification:_identify(src/world_camera_launch) by extensions ['colcon_meta']
[0.760s] Level 1:colcon.colcon_core.package_identification:_identify(src/world_camera_launch) by extension 'colcon_meta'
[0.760s] Level 1:colcon.colcon_core.package_identification:_identify(src/world_camera_launch) by extensions ['ros']
[0.760s] Level 1:colcon.colcon_core.package_identification:_identify(src/world_camera_launch) by extension 'ros'
[0.760s] DEBUG:colcon.colcon_core.package_identification:Package 'src/world_camera_launch' with type 'ros.ament_python' and name 'world_camera_launch'
[0.761s] Level 1:colcon.colcon_core.package_discovery:discover_packages(recursive) using defaults
[0.761s] Level 1:colcon.colcon_core.package_discovery:discover_packages(ignore) discover
[0.761s] Level 1:colcon.colcon_core.package_discovery:discover_packages(ignore) using defaults
[0.761s] Level 1:colcon.colcon_core.package_discovery:discover_packages(path) discover
[0.761s] Level 1:colcon.colcon_core.package_discovery:discover_packages(path) using defaults
[0.806s] INFO:colcon.colcon_core.package_selection:Skipping not selected package 'automation' in 'src/automation'
[0.806s] INFO:colcon.colcon_core.package_selection:Skipping not selected package 'daksha_api_bridge_follower' in 'src/global/daksha_api_bridge_follower'
[0.806s] INFO:colcon.colcon_core.package_selection:Skipping not selected package 'daksha_api_bridge_leader' in 'src/global/daksha_api_bridge_leader'
[0.806s] INFO:colcon.colcon_core.package_selection:Skipping not selected package 'daksha_description_full_body' in 'src/daksha_description_full_body'
[0.806s] INFO:colcon.colcon_core.package_selection:Skipping not selected package 'daksha_final_urdf_description' in 'src/ui/Clients_UI/daksha_final_urdf_description'
[0.806s] INFO:colcon.colcon_core.package_selection:Skipping not selected package 'daksha_msgs' in 'src/ui/Clients_UI/daksha_msgs'
[0.806s] INFO:colcon.colcon_core.package_selection:Skipping not selected package 'daksha_ui' in 'src/ui/Clients_UI/daksha_ui'
[0.806s] INFO:colcon.colcon_core.package_selection:Skipping not selected package 'dynamics' in 'src/controllers/dynamics'
[0.806s] INFO:colcon.colcon_core.package_selection:Skipping not selected package 'gen2_leader' in 'src/tele/gen2_leader'
[0.806s] INFO:colcon.colcon_core.package_selection:Skipping not selected package 'gesture_management' in 'src/gesture_management'
[0.807s] INFO:colcon.colcon_core.package_selection:Skipping not selected package 'hw_interface' in 'src/controllers/hw_interface'
[0.807s] INFO:colcon.colcon_core.package_selection:Skipping not selected package 'joint_analyzer' in 'src/ui/analyzer'
[0.807s] INFO:colcon.colcon_core.package_selection:Skipping not selected package 'joint_cmd_logger' in 'src/joint_cmd_logger'
[0.807s] INFO:colcon.colcon_core.package_selection:Skipping not selected package 'kinematics' in 'src/controllers/kinematics'
[0.807s] INFO:colcon.colcon_core.package_selection:Skipping not selected package 'posveleff_controllers' in 'src/controllers/posveleff_controllers'
[0.807s] INFO:colcon.colcon_core.package_selection:Skipping not selected package 'ros_tcp_endpoint' in 'src/tele/ROS-TCP-Endpoint'
[0.807s] INFO:colcon.colcon_core.package_selection:Skipping not selected package 'vajara' in 'src/diagnosis/vajara'
[0.807s] INFO:colcon.colcon_core.package_selection:Skipping not selected package 'web_nav_site' in 'src/navigation/web_nav_site'
[0.807s] INFO:colcon.colcon_core.package_selection:Skipping not selected package 'world_camera_launch' in 'src/world_camera_launch'
[0.807s] INFO:colcon.colcon_core.package_selection:Skipping not selected package 'collision_management' in 'src/controllers/collision_management'
[0.807s] INFO:colcon.colcon_core.package_selection:Skipping not selected package 'daksha_data_collection' in 'src/ui/Clients_UI/daksha_data_collection'
[0.807s] INFO:colcon.colcon_core.package_selection:Skipping not selected package 'vr_teleop' in 'src/tele/vr_teleop'
[0.807s] INFO:colcon.colcon_core.package_selection:Skipping not selected package 'gen2' in 'src/gen2'
[0.807s] INFO:colcon.colcon_core.package_selection:Skipping not selected package 'moveit_collision_management' in 'src/controllers/moveit_collision_management'
[0.808s] Level 1:colcon.colcon_core.package_discovery:discover_packages(prefix_path) check parameters
[0.808s] Level 1:colcon.colcon_core.package_discovery:discover_packages(prefix_path) discover
[0.813s] DEBUG:colcon.colcon_installed_package_information.package_discovery:Found 30 installed packages in /home/phy_ai/.barani/gen2_full/install
[0.816s] DEBUG:colcon.colcon_installed_package_information.package_discovery:Found 409 installed packages in /opt/ros/humble
[0.819s] Level 1:colcon.colcon_core.package_discovery:discover_packages(prefix_path) using defaults
[0.901s] Level 5:colcon.colcon_core.verb:set package 'motortest' build argument 'cmake_args' from command line to 'None'
[0.902s] Level 5:colcon.colcon_core.verb:set package 'motortest' build argument 'cmake_target' from command line to 'None'
[0.902s] Level 5:colcon.colcon_core.verb:set package 'motortest' build argument 'cmake_target_skip_unavailable' from command line to 'False'
[0.902s] Level 5:colcon.colcon_core.verb:set package 'motortest' build argument 'cmake_clean_cache' from command line to 'False'
[0.902s] Level 5:colcon.colcon_core.verb:set package 'motortest' build argument 'cmake_clean_first' from command line to 'False'
[0.902s] Level 5:colcon.colcon_core.verb:set package 'motortest' build argument 'cmake_force_configure' from command line to 'False'
[0.902s] Level 5:colcon.colcon_core.verb:set package 'motortest' build argument 'ament_cmake_args' from command line to 'None'
[0.902s] Level 5:colcon.colcon_core.verb:set package 'motortest' build argument 'catkin_cmake_args' from command line to 'None'
[0.902s] Level 5:colcon.colcon_core.verb:set package 'motortest' build argument 'catkin_skip_building_tests' from command line to 'False'
[0.902s] DEBUG:colcon.colcon_core.verb:Building package 'motortest' with the following arguments: {'ament_cmake_args': None, 'build_base': '/home/phy_ai/.ihub/daksha/build/motortest', 'catkin_cmake_args': None, 'catkin_skip_building_tests': False, 'cmake_args': None, 'cmake_clean_cache': False, 'cmake_clean_first': False, 'cmake_force_configure': False, 'cmake_target': None, 'cmake_target_skip_unavailable': False, 'install_base': '/home/phy_ai/.ihub/daksha/install/motortest', 'merge_install': False, 'path': '/home/phy_ai/.ihub/daksha/src/motortest', 'symlink_install': True, 'test_result_base': None}
[0.902s] INFO:colcon.colcon_core.executor:Executing jobs using 'parallel' executor
[0.904s] DEBUG:colcon.colcon_parallel_executor.executor.parallel:run_until_complete
[0.905s] INFO:colcon.colcon_ros.task.ament_python.build:Building ROS package in '/home/phy_ai/.ihub/daksha/src/motortest' with build type 'ament_python'
[0.905s] Level 1:colcon.colcon_core.shell:create_environment_hook('motortest', 'ament_prefix_path')
[0.909s] INFO:colcon.colcon_core.plugin_system:Skipping extension 'colcon_core.shell.bat': Not used on non-Windows systems
[0.910s] INFO:colcon.colcon_core.shell:Creating environment hook '/home/phy_ai/.ihub/daksha/install/motortest/share/motortest/hook/ament_prefix_path.ps1'
[0.911s] INFO:colcon.colcon_core.shell:Creating environment descriptor '/home/phy_ai/.ihub/daksha/install/motortest/share/motortest/hook/ament_prefix_path.dsv'
[0.912s] INFO:colcon.colcon_core.shell:Creating environment hook '/home/phy_ai/.ihub/daksha/install/motortest/share/motortest/hook/ament_prefix_path.sh'
[0.914s] INFO:colcon.colcon_core.shell:Skip shell extension 'powershell' for command environment: Not usable outside of PowerShell
[0.914s] DEBUG:colcon.colcon_core.shell:Skip shell extension 'dsv' for command environment
[1.421s] INFO:colcon.colcon_core.task.python.build:Building Python package in '/home/phy_ai/.ihub/daksha/src/motortest'
[1.422s] INFO:colcon.colcon_core.shell:Skip shell extension 'powershell' for command environment: Not usable outside of PowerShell
[1.422s] DEBUG:colcon.colcon_core.shell:Skip shell extension 'dsv' for command environment
[2.231s] DEBUG:colcon.colcon_core.task.python.build:Available setuptools commands: bdist_egg, develop, upload, update_catalog, init_catalog, install_headers, bdist_rpm, symlink_data, install_scripts, sdist, build_clib, install_data, bdist_dumb, build_ext, build_py, setopt, check, install_lib, dist_info, build_scripts, compile_catalog, rotate, clean, bdist_wheel, install_egg_info, test, saveopts, easy_install, extract_messages, bdist, upload_docs, register, egg_info, install, build, alias
[2.747s] DEBUG:colcon.colcon_core.task.python.build:Available setuptools 'develop' options: --uninstall, --editable, --site-dirs, --local-snapshots-ok, --user, --build-directory, --multi-version, --prefix, --always-copy, --install-layout, --optimize, --verbose, --find-links, --exclude-scripts, --allow-hosts, --dry-run, --zip-ok, --install-dir, --version, --upgrade, --record, --help, --always-unzip, --script-dir, --quiet, --index-url, --egg-path, --no-find-links, --no-user-cfg, --force-installation-into-system-dir, --no-deps
[2.750s] DEBUG:colcon.colcon_core.event_handler.log_command:Invoking command in '/home/phy_ai/.ihub/daksha/build/motortest': PYTHONPATH=/home/phy_ai/.ihub/daksha/build/motortest/prefix_override:/usr/lib/python3/dist-packages/colcon_core/task/python/colcon_distutils_commands:/home/phy_ai/.ihub/daksha/install/motortest/lib/python3.10/site-packages:${PYTHONPATH} /usr/bin/python3 -W ignore:setup.py install is deprecated -W ignore:easy_install command is deprecated setup.py develop --editable --build-directory /home/phy_ai/.ihub/daksha/build/motortest/build --no-deps symlink_data
[3.552s] Level 1:colcon.colcon_core.shell:create_environment_hook('motortest', 'pythonpath_develop')
[3.553s] INFO:colcon.colcon_core.shell:Creating environment hook '/home/phy_ai/.ihub/daksha/build/motortest/share/motortest/hook/pythonpath_develop.ps1'
[3.554s] DEBUG:colcon.colcon_core.event_handler.log_command:Invoked command in '/home/phy_ai/.ihub/daksha/build/motortest' returned '0': PYTHONPATH=/home/phy_ai/.ihub/daksha/build/motortest/prefix_override:/usr/lib/python3/dist-packages/colcon_core/task/python/colcon_distutils_commands:/home/phy_ai/.ihub/daksha/install/motortest/lib/python3.10/site-packages:${PYTHONPATH} /usr/bin/python3 -W ignore:setup.py install is deprecated -W ignore:easy_install command is deprecated setup.py develop --editable --build-directory /home/phy_ai/.ihub/daksha/build/motortest/build --no-deps symlink_data
[3.555s] INFO:colcon.colcon_core.shell:Creating environment descriptor '/home/phy_ai/.ihub/daksha/build/motortest/share/motortest/hook/pythonpath_develop.dsv'
[3.555s] INFO:colcon.colcon_core.shell:Creating environment hook '/home/phy_ai/.ihub/daksha/build/motortest/share/motortest/hook/pythonpath_develop.sh'
[3.560s] Level 1:colcon.colcon_core.environment:checking '/home/phy_ai/.ihub/daksha/install/motortest' for CMake module files
[3.560s] Level 1:colcon.colcon_core.environment:checking '/home/phy_ai/.ihub/daksha/install/motortest' for CMake config files
[3.561s] Level 1:colcon.colcon_core.environment:checking '/home/phy_ai/.ihub/daksha/install/motortest/lib'
[3.562s] Level 1:colcon.colcon_core.environment:checking '/home/phy_ai/.ihub/daksha/install/motortest/bin'
[3.562s] Level 1:colcon.colcon_core.environment:checking '/home/phy_ai/.ihub/daksha/install/motortest/lib/pkgconfig/motortest.pc'
[3.562s] Level 1:colcon.colcon_core.environment:checking '/home/phy_ai/.ihub/daksha/install/motortest/lib/python3.10/site-packages'
[3.563s] Level 1:colcon.colcon_core.shell:create_environment_hook('motortest', 'pythonpath')
[3.563s] INFO:colcon.colcon_core.shell:Creating environment hook '/home/phy_ai/.ihub/daksha/install/motortest/share/motortest/hook/pythonpath.ps1'
[3.564s] INFO:colcon.colcon_core.shell:Creating environment descriptor '/home/phy_ai/.ihub/daksha/install/motortest/share/motortest/hook/pythonpath.dsv'
[3.564s] INFO:colcon.colcon_core.shell:Creating environment hook '/home/phy_ai/.ihub/daksha/install/motortest/share/motortest/hook/pythonpath.sh'
[3.565s] Level 1:colcon.colcon_core.environment:checking '/home/phy_ai/.ihub/daksha/install/motortest/bin'
[3.566s] Level 1:colcon.colcon_core.environment:create_environment_scripts_only(motortest)
[3.566s] INFO:colcon.colcon_core.shell:Creating package script '/home/phy_ai/.ihub/daksha/install/motortest/share/motortest/package.ps1'
[3.570s] INFO:colcon.colcon_core.shell:Creating package descriptor '/home/phy_ai/.ihub/daksha/install/motortest/share/motortest/package.dsv'
[3.571s] INFO:colcon.colcon_core.shell:Creating package script '/home/phy_ai/.ihub/daksha/install/motortest/share/motortest/package.sh'
[3.573s] INFO:colcon.colcon_core.shell:Creating package script '/home/phy_ai/.ihub/daksha/install/motortest/share/motortest/package.bash'
[3.575s] INFO:colcon.colcon_core.shell:Creating package script '/home/phy_ai/.ihub/daksha/install/motortest/share/motortest/package.zsh'
[3.576s] Level 1:colcon.colcon_core.environment:create_file_with_runtime_dependencies(/home/phy_ai/.ihub/daksha/install/motortest/share/colcon-core/packages/motortest)
[3.577s] DEBUG:colcon.colcon_parallel_executor.executor.parallel:closing loop
[3.578s] DEBUG:colcon.colcon_parallel_executor.executor.parallel:loop closed
[3.578s] DEBUG:colcon.colcon_parallel_executor.executor.parallel:run_until_complete finished with '0'
[3.578s] DEBUG:colcon.colcon_core.event_reactor:joining thread
[3.579s] DEBUG:colcon.colcon_core.event_reactor:joined thread
[3.580s] INFO:colcon.colcon_core.shell:Creating prefix script '/home/phy_ai/.ihub/daksha/install/local_setup.ps1'
[3.582s] INFO:colcon.colcon_core.shell:Creating prefix util module '/home/phy_ai/.ihub/daksha/install/_local_setup_util_ps1.py'
[3.586s] INFO:colcon.colcon_core.shell:Creating prefix chain script '/home/phy_ai/.ihub/daksha/install/setup.ps1'
[3.591s] INFO:colcon.colcon_core.shell:Creating prefix script '/home/phy_ai/.ihub/daksha/install/local_setup.sh'
[3.592s] INFO:colcon.colcon_core.shell:Creating prefix util module '/home/phy_ai/.ihub/daksha/install/_local_setup_util_sh.py'
[3.593s] INFO:colcon.colcon_core.shell:Creating prefix chain script '/home/phy_ai/.ihub/daksha/install/setup.sh'
[3.596s] INFO:colcon.colcon_core.shell:Creating prefix script '/home/phy_ai/.ihub/daksha/install/local_setup.bash'
[3.597s] INFO:colcon.colcon_core.shell:Creating prefix chain script '/home/phy_ai/.ihub/daksha/install/setup.bash'
[3.600s] INFO:colcon.colcon_core.shell:Creating prefix script '/home/phy_ai/.ihub/daksha/install/local_setup.zsh'
[3.600s] INFO:colcon.colcon_core.shell:Creating prefix chain script '/home/phy_ai/.ihub/daksha/install/setup.zsh'
