/home/phy_ai/.ihub/daksha/install/joint_analyzer/lib/python3.10/site-packages/joint_analyzer/server.py
/home/phy_ai/.ihub/daksha/install/joint_analyzer/lib/python3.10/site-packages/joint_analyzer/check_diffs.py
/home/phy_ai/.ihub/daksha/install/joint_analyzer/lib/python3.10/site-packages/joint_analyzer/plot_server.py
/home/phy_ai/.ihub/daksha/install/joint_analyzer/lib/python3.10/site-packages/joint_analyzer/verify_mapping.py
/home/phy_ai/.ihub/daksha/install/joint_analyzer/lib/python3.10/site-packages/joint_analyzer/__init__.py
/home/phy_ai/.ihub/daksha/install/joint_analyzer/lib/python3.10/site-packages/joint_analyzer/diagnose_qos.py
/home/phy_ai/.ihub/daksha/install/joint_analyzer/lib/python3.10/site-packages/joint_analyzer/recorder.py
/home/phy_ai/.ihub/daksha/install/joint_analyzer/lib/python3.10/site-packages/joint_analyzer/utils.py
/home/phy_ai/.ihub/daksha/install/joint_analyzer/lib/python3.10/site-packages/joint_analyzer/ros_interface.py
/home/phy_ai/.ihub/daksha/install/joint_analyzer/lib/python3.10/site-packages/joint_analyzer/templates/__init__.py
/home/phy_ai/.ihub/daksha/install/joint_analyzer/lib/python3.10/site-packages/joint_analyzer/static/__init__.py
/home/phy_ai/.ihub/daksha/install/joint_analyzer/lib/python3.10/site-packages/joint_analyzer/templates/plot.html
/home/phy_ai/.ihub/daksha/install/joint_analyzer/lib/python3.10/site-packages/joint_analyzer/templates/index.html
/home/phy_ai/.ihub/daksha/install/joint_analyzer/lib/python3.10/site-packages/joint_analyzer/static/app.js
/home/phy_ai/.ihub/daksha/install/joint_analyzer/lib/python3.10/site-packages/joint_analyzer/static/plot.js
/home/phy_ai/.ihub/daksha/install/joint_analyzer/lib/python3.10/site-packages/joint_analyzer/static/style.css
/home/phy_ai/.ihub/daksha/install/joint_analyzer/lib/python3.10/site-packages/joint_analyzer/static/plot.css
/home/phy_ai/.ihub/daksha/install/joint_analyzer/lib/python3.10/site-packages/joint_analyzer/__pycache__/server.cpython-310.pyc
/home/phy_ai/.ihub/daksha/install/joint_analyzer/lib/python3.10/site-packages/joint_analyzer/__pycache__/check_diffs.cpython-310.pyc
/home/phy_ai/.ihub/daksha/install/joint_analyzer/lib/python3.10/site-packages/joint_analyzer/__pycache__/plot_server.cpython-310.pyc
/home/phy_ai/.ihub/daksha/install/joint_analyzer/lib/python3.10/site-packages/joint_analyzer/__pycache__/verify_mapping.cpython-310.pyc
/home/phy_ai/.ihub/daksha/install/joint_analyzer/lib/python3.10/site-packages/joint_analyzer/__pycache__/__init__.cpython-310.pyc
/home/phy_ai/.ihub/daksha/install/joint_analyzer/lib/python3.10/site-packages/joint_analyzer/__pycache__/diagnose_qos.cpython-310.pyc
/home/phy_ai/.ihub/daksha/install/joint_analyzer/lib/python3.10/site-packages/joint_analyzer/__pycache__/recorder.cpython-310.pyc
/home/phy_ai/.ihub/daksha/install/joint_analyzer/lib/python3.10/site-packages/joint_analyzer/__pycache__/utils.cpython-310.pyc
/home/phy_ai/.ihub/daksha/install/joint_analyzer/lib/python3.10/site-packages/joint_analyzer/__pycache__/ros_interface.cpython-310.pyc
/home/phy_ai/.ihub/daksha/install/joint_analyzer/lib/python3.10/site-packages/joint_analyzer/templates/__pycache__/__init__.cpython-310.pyc
/home/phy_ai/.ihub/daksha/install/joint_analyzer/lib/python3.10/site-packages/joint_analyzer/static/__pycache__/__init__.cpython-310.pyc
/home/phy_ai/.ihub/daksha/install/joint_analyzer/share/ament_index/resource_index/packages/joint_analyzer
/home/phy_ai/.ihub/daksha/install/joint_analyzer/share/joint_analyzer/package.xml
/home/phy_ai/.ihub/daksha/install/joint_analyzer/share/joint_analyzer/launch/joint_analyzer.launch.py
/home/phy_ai/.ihub/daksha/install/joint_analyzer/lib/python3.10/site-packages/joint_analyzer-0.0.1-py3.10.egg-info/SOURCES.txt
/home/phy_ai/.ihub/daksha/install/joint_analyzer/lib/python3.10/site-packages/joint_analyzer-0.0.1-py3.10.egg-info/zip-safe
/home/phy_ai/.ihub/daksha/install/joint_analyzer/lib/python3.10/site-packages/joint_analyzer-0.0.1-py3.10.egg-info/top_level.txt
/home/phy_ai/.ihub/daksha/install/joint_analyzer/lib/python3.10/site-packages/joint_analyzer-0.0.1-py3.10.egg-info/entry_points.txt
/home/phy_ai/.ihub/daksha/install/joint_analyzer/lib/python3.10/site-packages/joint_analyzer-0.0.1-py3.10.egg-info/PKG-INFO
/home/phy_ai/.ihub/daksha/install/joint_analyzer/lib/python3.10/site-packages/joint_analyzer-0.0.1-py3.10.egg-info/requires.txt
/home/phy_ai/.ihub/daksha/install/joint_analyzer/lib/python3.10/site-packages/joint_analyzer-0.0.1-py3.10.egg-info/dependency_links.txt
/home/phy_ai/.ihub/daksha/install/joint_analyzer/lib/joint_analyzer/check_diffs
/home/phy_ai/.ihub/daksha/install/joint_analyzer/lib/joint_analyzer/diagnose_qos
/home/phy_ai/.ihub/daksha/install/joint_analyzer/lib/joint_analyzer/plot_server
/home/phy_ai/.ihub/daksha/install/joint_analyzer/lib/joint_analyzer/server
/home/phy_ai/.ihub/daksha/install/joint_analyzer/lib/joint_analyzer/verify_mapping
