-- The C compiler identification is GNU 11.4.0
-- The CXX compiler identification is GNU 11.4.0
-- Detecting C compiler ABI info
-- Detecting C compiler ABI info - done
-- Check for working C compiler: /usr/bin/cc - skipped
-- Detecting C compile features
-- Detecting C compile features - done
-- Detecting CXX compiler ABI info
-- Detecting CXX compiler ABI info - done
-- Check for working CXX compiler: /usr/bin/c++ - skipped
-- Detecting CXX compile features
-- Detecting CXX compile features - done
-- Found ament_cmake: 1.3.14 (/opt/ros/humble/share/ament_cmake/cmake)
-- Found Python3: /usr/bin/python3 (found version "3.10.12") found components: Interpreter 
-- Found controller_interface: 2.54.0 (/opt/ros/humble/share/controller_interface/cmake)
-- Found rosidl_generator_c: 3.1.9 (/opt/ros/humble/share/rosidl_generator_c/cmake)
-- Found rosidl_adapter: 3.1.9 (/opt/ros/humble/share/rosidl_adapter/cmake)
-- Found rosidl_generator_cpp: 3.1.9 (/opt/ros/humble/share/rosidl_generator_cpp/cmake)
-- Using all available rosidl_typesupport_c: rosidl_typesupport_fastrtps_c;rosidl_typesupport_introspection_c
-- Using all available rosidl_typesupport_cpp: rosidl_typesupport_fastrtps_cpp;rosidl_typesupport_introspection_cpp
-- Found rmw_implementation_cmake: 6.1.3 (/opt/ros/humble/share/rmw_implementation_cmake/cmake)
-- Found rmw_fastrtps_cpp: 6.2.10 (/opt/ros/humble/share/rmw_fastrtps_cpp/cmake)
-- Found TinyXML2 via Config file: TinyXML2_DIR-NOTFOUND
-- Found OpenSSL: /usr/lib/x86_64-linux-gnu/libcrypto.so (found version "3.0.2")  
-- Found TinyXML2 via Config file: TinyXML2_DIR-NOTFOUND
-- Found FastRTPS: /opt/ros/humble/include  
-- Found TinyXML2 via Config file: TinyXML2_DIR-NOTFOUND
-- Found TinyXML2 via Config file: TinyXML2_DIR-NOTFOUND
-- Using RMW implementation 'rmw_fastrtps_cpp' as default
-- Looking for pthread.h
-- Looking for pthread.h - found
-- Performing Test CMAKE_HAVE_LIBC_PTHREAD
-- Performing Test CMAKE_HAVE_LIBC_PTHREAD - Success
-- Found Threads: TRUE  
-- Configuring done
-- Generating done
-- Build files have been written to: /home/phy_ai/.ihub/daksha/build/posveleff_controllers
[ 50%] [32mBuilding CXX object CMakeFiles/posveleff_controller.dir/src/posveleff_controller.cpp.o[0m
[100%] [32m[1mLinking CXX shared library libposveleff_controller.so[0m
[100%] Built target posveleff_controller
-- Install configuration: ""
-- Installing: /home/phy_ai/.ihub/daksha/install/posveleff_controllers/share/posveleff_controllers/controller_plugins.xml
-- Installing: /home/phy_ai/.ihub/daksha/install/posveleff_controllers/lib/libposveleff_controller.so
-- Set runtime path of "/home/phy_ai/.ihub/daksha/install/posveleff_controllers/lib/libposveleff_controller.so" to ""
-- Installing: /home/phy_ai/.ihub/daksha/install/posveleff_controllers/include
-- Installing: /home/phy_ai/.ihub/daksha/install/posveleff_controllers/include/posveleff_controllers
-- Installing: /home/phy_ai/.ihub/daksha/install/posveleff_controllers/include/posveleff_controllers/posveleff_controller.hpp
-- Up-to-date: /home/phy_ai/.ihub/daksha/install/posveleff_controllers/share/posveleff_controllers/controller_plugins.xml
-- Installing: /home/phy_ai/.ihub/daksha/install/posveleff_controllers/share/ament_index/resource_index/package_run_dependencies/posveleff_controllers
-- Installing: /home/phy_ai/.ihub/daksha/install/posveleff_controllers/share/ament_index/resource_index/parent_prefix_path/posveleff_controllers
-- Installing: /home/phy_ai/.ihub/daksha/install/posveleff_controllers/share/posveleff_controllers/environment/ament_prefix_path.sh
-- Installing: /home/phy_ai/.ihub/daksha/install/posveleff_controllers/share/posveleff_controllers/environment/ament_prefix_path.dsv
-- Installing: /home/phy_ai/.ihub/daksha/install/posveleff_controllers/share/posveleff_controllers/environment/path.sh
-- Installing: /home/phy_ai/.ihub/daksha/install/posveleff_controllers/share/posveleff_controllers/environment/path.dsv
-- Installing: /home/phy_ai/.ihub/daksha/install/posveleff_controllers/share/posveleff_controllers/local_setup.bash
-- Installing: /home/phy_ai/.ihub/daksha/install/posveleff_controllers/share/posveleff_controllers/local_setup.sh
-- Installing: /home/phy_ai/.ihub/daksha/install/posveleff_controllers/share/posveleff_controllers/local_setup.zsh
-- Installing: /home/phy_ai/.ihub/daksha/install/posveleff_controllers/share/posveleff_controllers/local_setup.dsv
-- Installing: /home/phy_ai/.ihub/daksha/install/posveleff_controllers/share/posveleff_controllers/package.dsv
-- Installing: /home/phy_ai/.ihub/daksha/install/posveleff_controllers/share/ament_index/resource_index/packages/posveleff_controllers
-- Installing: /home/phy_ai/.ihub/daksha/install/posveleff_controllers/share/ament_index/resource_index/controller_interface__pluginlib__plugin/posveleff_controllers
-- Installing: /home/phy_ai/.ihub/daksha/install/posveleff_controllers/share/posveleff_controllers/cmake/ament_cmake_export_include_directories-extras.cmake
-- Installing: /home/phy_ai/.ihub/daksha/install/posveleff_controllers/share/posveleff_controllers/cmake/ament_cmake_export_dependencies-extras.cmake
-- Installing: /home/phy_ai/.ihub/daksha/install/posveleff_controllers/share/posveleff_controllers/cmake/posveleff_controllersConfig.cmake
-- Installing: /home/phy_ai/.ihub/daksha/install/posveleff_controllers/share/posveleff_controllers/cmake/posveleff_controllersConfig-version.cmake
-- Installing: /home/phy_ai/.ihub/daksha/install/posveleff_controllers/share/posveleff_controllers/package.xml
