[2.689s] Invoking command in '/home/phy_ai/.ihub/daksha/build/posveleff_controllers': CMAKE_PREFIX_PATH=${CMAKE_PREFIX_PATH}:/home/phy_ai/.barani/gen2_full/install/world_camera_launch:/home/phy_ai/.barani/gen2_full/install/gen2:/home/phy_ai/.barani/gen2_full/install/vr_teleop:/home/phy_ai/.barani/gen2_full/install/ros_tcp_endpoint:/home/phy_ai/.barani/gen2_full/install/nav_bringup:/home/phy_ai/.barani/gen2_full/install/nav2_config:/home/phy_ai/.barani/gen2_full/install/kinematics:/home/phy_ai/.barani/gen2_full/install/joint_cmd_logger:/home/phy_ai/.barani/gen2_full/install/joint_analyzer:/home/phy_ai/.barani/gen2_full/install/daksha_data_collection:/home/phy_ai/.barani/gen2_full/install/gen2_leader:/home/phy_ai/.barani/gen2_full/install/amr_bringup:/home/phy_ai/.barani/gen2_full/install/daksha_final_urdf_description:/home/phy_ai/.barani/gen2_full/install/daksha_description_full_body:/home/phy_ai/.barani/gen2_full/install/daksha_base_urdf:/home/phy_ai/.barani/gen2_full/install/daksha_api_bridge_leader:/home/phy_ai/.barani/gen2_full/install/daksha_api_bridge_follower:/opt/ros/humble /usr/bin/cmake /home/phy_ai/.ihub/daksha/src/controllers/posveleff_controllers -DCMAKE_INSTALL_PREFIX=/home/phy_ai/.ihub/daksha/install/posveleff_controllers
[2.768s] -- The C compiler identification is GNU 11.4.0
[2.842s] -- The CXX compiler identification is GNU 11.4.0
[2.855s] -- Detecting C compiler ABI info
[2.950s] -- Detecting C compiler ABI info - done
[2.962s] -- Check for working C compiler: /usr/bin/cc - skipped
[2.962s] -- Detecting C compile features
[2.963s] -- Detecting C compile features - done
[2.967s] -- Detecting CXX compiler ABI info
[3.081s] -- Detecting CXX compiler ABI info - done
[3.111s] -- Check for working CXX compiler: /usr/bin/c++ - skipped
[3.111s] -- Detecting CXX compile features
[3.112s] -- Detecting CXX compile features - done
[3.118s] -- Found ament_cmake: 1.3.14 (/opt/ros/humble/share/ament_cmake/cmake)
[3.563s] -- Found Python3: /usr/bin/python3 (found version "3.10.12") found components: Interpreter 
[3.864s] -- Found controller_interface: 2.54.0 (/opt/ros/humble/share/controller_interface/cmake)
[4.019s] -- Found rosidl_generator_c: 3.1.9 (/opt/ros/humble/share/rosidl_generator_c/cmake)
[4.037s] -- Found rosidl_adapter: 3.1.9 (/opt/ros/humble/share/rosidl_adapter/cmake)
[4.063s] -- Found rosidl_generator_cpp: 3.1.9 (/opt/ros/humble/share/rosidl_generator_cpp/cmake)
[4.100s] -- Using all available rosidl_typesupport_c: rosidl_typesupport_fastrtps_c;rosidl_typesupport_introspection_c
[4.162s] -- Using all available rosidl_typesupport_cpp: rosidl_typesupport_fastrtps_cpp;rosidl_typesupport_introspection_cpp
[4.826s] -- Found rmw_implementation_cmake: 6.1.3 (/opt/ros/humble/share/rmw_implementation_cmake/cmake)
[4.856s] -- Found rmw_fastrtps_cpp: 6.2.10 (/opt/ros/humble/share/rmw_fastrtps_cpp/cmake)
[4.981s] -- Found TinyXML2 via Config file: TinyXML2_DIR-NOTFOUND
[5.141s] -- Found OpenSSL: /usr/lib/x86_64-linux-gnu/libcrypto.so (found version "3.0.2")  
[5.145s] -- Found TinyXML2 via Config file: TinyXML2_DIR-NOTFOUND
[5.181s] -- Found FastRTPS: /opt/ros/humble/include  
[5.187s] -- Found TinyXML2 via Config file: TinyXML2_DIR-NOTFOUND
[5.204s] -- Found TinyXML2 via Config file: TinyXML2_DIR-NOTFOUND
[5.235s] -- Using RMW implementation 'rmw_fastrtps_cpp' as default
[5.266s] -- Looking for pthread.h
[5.385s] -- Looking for pthread.h - found
[5.385s] -- Performing Test CMAKE_HAVE_LIBC_PTHREAD
[5.533s] -- Performing Test CMAKE_HAVE_LIBC_PTHREAD - Success
[5.535s] -- Found Threads: TRUE  
[5.934s] -- Configuring done
[5.971s] -- Generating done
[5.986s] -- Build files have been written to: /home/phy_ai/.ihub/daksha/build/posveleff_controllers
[6.591s] Invoked command in '/home/phy_ai/.ihub/daksha/build/posveleff_controllers' returned '0': CMAKE_PREFIX_PATH=${CMAKE_PREFIX_PATH}:/home/phy_ai/.barani/gen2_full/install/world_camera_launch:/home/phy_ai/.barani/gen2_full/install/gen2:/home/phy_ai/.barani/gen2_full/install/vr_teleop:/home/phy_ai/.barani/gen2_full/install/ros_tcp_endpoint:/home/phy_ai/.barani/gen2_full/install/nav_bringup:/home/phy_ai/.barani/gen2_full/install/nav2_config:/home/phy_ai/.barani/gen2_full/install/kinematics:/home/phy_ai/.barani/gen2_full/install/joint_cmd_logger:/home/phy_ai/.barani/gen2_full/install/joint_analyzer:/home/phy_ai/.barani/gen2_full/install/daksha_data_collection:/home/phy_ai/.barani/gen2_full/install/gen2_leader:/home/phy_ai/.barani/gen2_full/install/amr_bringup:/home/phy_ai/.barani/gen2_full/install/daksha_final_urdf_description:/home/phy_ai/.barani/gen2_full/install/daksha_description_full_body:/home/phy_ai/.barani/gen2_full/install/daksha_base_urdf:/home/phy_ai/.barani/gen2_full/install/daksha_api_bridge_leader:/home/phy_ai/.barani/gen2_full/install/daksha_api_bridge_follower:/opt/ros/humble /usr/bin/cmake /home/phy_ai/.ihub/daksha/src/controllers/posveleff_controllers -DCMAKE_INSTALL_PREFIX=/home/phy_ai/.ihub/daksha/install/posveleff_controllers
[6.593s] Invoking command in '/home/phy_ai/.ihub/daksha/build/posveleff_controllers': CMAKE_PREFIX_PATH=${CMAKE_PREFIX_PATH}:/home/phy_ai/.barani/gen2_full/install/world_camera_launch:/home/phy_ai/.barani/gen2_full/install/gen2:/home/phy_ai/.barani/gen2_full/install/vr_teleop:/home/phy_ai/.barani/gen2_full/install/ros_tcp_endpoint:/home/phy_ai/.barani/gen2_full/install/nav_bringup:/home/phy_ai/.barani/gen2_full/install/nav2_config:/home/phy_ai/.barani/gen2_full/install/kinematics:/home/phy_ai/.barani/gen2_full/install/joint_cmd_logger:/home/phy_ai/.barani/gen2_full/install/joint_analyzer:/home/phy_ai/.barani/gen2_full/install/daksha_data_collection:/home/phy_ai/.barani/gen2_full/install/gen2_leader:/home/phy_ai/.barani/gen2_full/install/amr_bringup:/home/phy_ai/.barani/gen2_full/install/daksha_final_urdf_description:/home/phy_ai/.barani/gen2_full/install/daksha_description_full_body:/home/phy_ai/.barani/gen2_full/install/daksha_base_urdf:/home/phy_ai/.barani/gen2_full/install/daksha_api_bridge_leader:/home/phy_ai/.barani/gen2_full/install/daksha_api_bridge_follower:/opt/ros/humble /usr/bin/cmake --build /home/phy_ai/.ihub/daksha/build/posveleff_controllers -- -j16 -l16
[6.733s] [ 50%] [32mBuilding CXX object CMakeFiles/posveleff_controller.dir/src/posveleff_controller.cpp.o[0m
[20.855s] [100%] [32m[1mLinking CXX shared library libposveleff_controller.so[0m
[21.694s] [100%] Built target posveleff_controller
[21.725s] Invoked command in '/home/phy_ai/.ihub/daksha/build/posveleff_controllers' returned '0': CMAKE_PREFIX_PATH=${CMAKE_PREFIX_PATH}:/home/phy_ai/.barani/gen2_full/install/world_camera_launch:/home/phy_ai/.barani/gen2_full/install/gen2:/home/phy_ai/.barani/gen2_full/install/vr_teleop:/home/phy_ai/.barani/gen2_full/install/ros_tcp_endpoint:/home/phy_ai/.barani/gen2_full/install/nav_bringup:/home/phy_ai/.barani/gen2_full/install/nav2_config:/home/phy_ai/.barani/gen2_full/install/kinematics:/home/phy_ai/.barani/gen2_full/install/joint_cmd_logger:/home/phy_ai/.barani/gen2_full/install/joint_analyzer:/home/phy_ai/.barani/gen2_full/install/daksha_data_collection:/home/phy_ai/.barani/gen2_full/install/gen2_leader:/home/phy_ai/.barani/gen2_full/install/amr_bringup:/home/phy_ai/.barani/gen2_full/install/daksha_final_urdf_description:/home/phy_ai/.barani/gen2_full/install/daksha_description_full_body:/home/phy_ai/.barani/gen2_full/install/daksha_base_urdf:/home/phy_ai/.barani/gen2_full/install/daksha_api_bridge_leader:/home/phy_ai/.barani/gen2_full/install/daksha_api_bridge_follower:/opt/ros/humble /usr/bin/cmake --build /home/phy_ai/.ihub/daksha/build/posveleff_controllers -- -j16 -l16
[21.727s] Invoking command in '/home/phy_ai/.ihub/daksha/build/posveleff_controllers': CMAKE_PREFIX_PATH=${CMAKE_PREFIX_PATH}:/home/phy_ai/.barani/gen2_full/install/world_camera_launch:/home/phy_ai/.barani/gen2_full/install/gen2:/home/phy_ai/.barani/gen2_full/install/vr_teleop:/home/phy_ai/.barani/gen2_full/install/ros_tcp_endpoint:/home/phy_ai/.barani/gen2_full/install/nav_bringup:/home/phy_ai/.barani/gen2_full/install/nav2_config:/home/phy_ai/.barani/gen2_full/install/kinematics:/home/phy_ai/.barani/gen2_full/install/joint_cmd_logger:/home/phy_ai/.barani/gen2_full/install/joint_analyzer:/home/phy_ai/.barani/gen2_full/install/daksha_data_collection:/home/phy_ai/.barani/gen2_full/install/gen2_leader:/home/phy_ai/.barani/gen2_full/install/amr_bringup:/home/phy_ai/.barani/gen2_full/install/daksha_final_urdf_description:/home/phy_ai/.barani/gen2_full/install/daksha_description_full_body:/home/phy_ai/.barani/gen2_full/install/daksha_base_urdf:/home/phy_ai/.barani/gen2_full/install/daksha_api_bridge_leader:/home/phy_ai/.barani/gen2_full/install/daksha_api_bridge_follower:/opt/ros/humble /usr/bin/cmake --install /home/phy_ai/.ihub/daksha/build/posveleff_controllers
[21.740s] -- Install configuration: ""
[21.741s] -- Installing: /home/phy_ai/.ihub/daksha/install/posveleff_controllers/share/posveleff_controllers/controller_plugins.xml
[21.742s] -- Installing: /home/phy_ai/.ihub/daksha/install/posveleff_controllers/lib/libposveleff_controller.so
[21.756s] -- Set runtime path of "/home/phy_ai/.ihub/daksha/install/posveleff_controllers/lib/libposveleff_controller.so" to ""
[21.757s] -- Installing: /home/phy_ai/.ihub/daksha/install/posveleff_controllers/include
[21.758s] -- Installing: /home/phy_ai/.ihub/daksha/install/posveleff_controllers/include/posveleff_controllers
[21.759s] -- Installing: /home/phy_ai/.ihub/daksha/install/posveleff_controllers/include/posveleff_controllers/posveleff_controller.hpp
[21.759s] -- Up-to-date: /home/phy_ai/.ihub/daksha/install/posveleff_controllers/share/posveleff_controllers/controller_plugins.xml
[21.760s] -- Installing: /home/phy_ai/.ihub/daksha/install/posveleff_controllers/share/ament_index/resource_index/package_run_dependencies/posveleff_controllers
[21.761s] -- Installing: /home/phy_ai/.ihub/daksha/install/posveleff_controllers/share/ament_index/resource_index/parent_prefix_path/posveleff_controllers
[21.761s] -- Installing: /home/phy_ai/.ihub/daksha/install/posveleff_controllers/share/posveleff_controllers/environment/ament_prefix_path.sh
[21.762s] -- Installing: /home/phy_ai/.ihub/daksha/install/posveleff_controllers/share/posveleff_controllers/environment/ament_prefix_path.dsv
[21.762s] -- Installing: /home/phy_ai/.ihub/daksha/install/posveleff_controllers/share/posveleff_controllers/environment/path.sh
[21.763s] -- Installing: /home/phy_ai/.ihub/daksha/install/posveleff_controllers/share/posveleff_controllers/environment/path.dsv
[21.764s] -- Installing: /home/phy_ai/.ihub/daksha/install/posveleff_controllers/share/posveleff_controllers/local_setup.bash
[21.764s] -- Installing: /home/phy_ai/.ihub/daksha/install/posveleff_controllers/share/posveleff_controllers/local_setup.sh
[21.764s] -- Installing: /home/phy_ai/.ihub/daksha/install/posveleff_controllers/share/posveleff_controllers/local_setup.zsh
[21.764s] -- Installing: /home/phy_ai/.ihub/daksha/install/posveleff_controllers/share/posveleff_controllers/local_setup.dsv
[21.765s] -- Installing: /home/phy_ai/.ihub/daksha/install/posveleff_controllers/share/posveleff_controllers/package.dsv
[21.765s] -- Installing: /home/phy_ai/.ihub/daksha/install/posveleff_controllers/share/ament_index/resource_index/packages/posveleff_controllers
[21.765s] -- Installing: /home/phy_ai/.ihub/daksha/install/posveleff_controllers/share/ament_index/resource_index/controller_interface__pluginlib__plugin/posveleff_controllers
[21.765s] -- Installing: /home/phy_ai/.ihub/daksha/install/posveleff_controllers/share/posveleff_controllers/cmake/ament_cmake_export_include_directories-extras.cmake
[21.765s] -- Installing: /home/phy_ai/.ihub/daksha/install/posveleff_controllers/share/posveleff_controllers/cmake/ament_cmake_export_dependencies-extras.cmake
[21.765s] -- Installing: /home/phy_ai/.ihub/daksha/install/posveleff_controllers/share/posveleff_controllers/cmake/posveleff_controllersConfig.cmake
[21.765s] -- Installing: /home/phy_ai/.ihub/daksha/install/posveleff_controllers/share/posveleff_controllers/cmake/posveleff_controllersConfig-version.cmake
[21.766s] -- Installing: /home/phy_ai/.ihub/daksha/install/posveleff_controllers/share/posveleff_controllers/package.xml
[21.793s] Invoked command in '/home/phy_ai/.ihub/daksha/build/posveleff_controllers' returned '0': CMAKE_PREFIX_PATH=${CMAKE_PREFIX_PATH}:/home/phy_ai/.barani/gen2_full/install/world_camera_launch:/home/phy_ai/.barani/gen2_full/install/gen2:/home/phy_ai/.barani/gen2_full/install/vr_teleop:/home/phy_ai/.barani/gen2_full/install/ros_tcp_endpoint:/home/phy_ai/.barani/gen2_full/install/nav_bringup:/home/phy_ai/.barani/gen2_full/install/nav2_config:/home/phy_ai/.barani/gen2_full/install/kinematics:/home/phy_ai/.barani/gen2_full/install/joint_cmd_logger:/home/phy_ai/.barani/gen2_full/install/joint_analyzer:/home/phy_ai/.barani/gen2_full/install/daksha_data_collection:/home/phy_ai/.barani/gen2_full/install/gen2_leader:/home/phy_ai/.barani/gen2_full/install/amr_bringup:/home/phy_ai/.barani/gen2_full/install/daksha_final_urdf_description:/home/phy_ai/.barani/gen2_full/install/daksha_description_full_body:/home/phy_ai/.barani/gen2_full/install/daksha_base_urdf:/home/phy_ai/.barani/gen2_full/install/daksha_api_bridge_leader:/home/phy_ai/.barani/gen2_full/install/daksha_api_bridge_follower:/opt/ros/humble /usr/bin/cmake --install /home/phy_ai/.ihub/daksha/build/posveleff_controllers
