[35m[1mConsolidate compiler generated dependencies of target moveit_collision_guard_node[0m
[100%] Built target moveit_collision_guard_node
-- Install configuration: ""
-- Up-to-date: /home/phy_ai/.ihub/daksha/install/moveit_collision_management/lib/moveit_collision_management/moveit_collision_guard_node
-- Up-to-date: /home/phy_ai/.ihub/daksha/install/moveit_collision_management/share/moveit_collision_management/launch
-- Up-to-date: /home/phy_ai/.ihub/daksha/install/moveit_collision_management/share/moveit_collision_management/launch/moveit_collision_management.launch.py
-- Up-to-date: /home/phy_ai/.ihub/daksha/install/moveit_collision_management/share/moveit_collision_management/scripts
-- Up-to-date: /home/phy_ai/.ihub/daksha/install/moveit_collision_management/share/moveit_collision_management/scripts/gen_moveit_srdf.py
-- Up-to-date: /home/phy_ai/.ihub/daksha/install/moveit_collision_management/share/ament_index/resource_index/package_run_dependencies/moveit_collision_management
-- Up-to-date: /home/phy_ai/.ihub/daksha/install/moveit_collision_management/share/ament_index/resource_index/parent_prefix_path/moveit_collision_management
-- Up-to-date: /home/phy_ai/.ihub/daksha/install/moveit_collision_management/share/moveit_collision_management/environment/ament_prefix_path.sh
-- Up-to-date: /home/phy_ai/.ihub/daksha/install/moveit_collision_management/share/moveit_collision_management/environment/ament_prefix_path.dsv
-- Up-to-date: /home/phy_ai/.ihub/daksha/install/moveit_collision_management/share/moveit_collision_management/environment/path.sh
-- Up-to-date: /home/phy_ai/.ihub/daksha/install/moveit_collision_management/share/moveit_collision_management/environment/path.dsv
-- Up-to-date: /home/phy_ai/.ihub/daksha/install/moveit_collision_management/share/moveit_collision_management/local_setup.bash
-- Up-to-date: /home/phy_ai/.ihub/daksha/install/moveit_collision_management/share/moveit_collision_management/local_setup.sh
-- Up-to-date: /home/phy_ai/.ihub/daksha/install/moveit_collision_management/share/moveit_collision_management/local_setup.zsh
-- Up-to-date: /home/phy_ai/.ihub/daksha/install/moveit_collision_management/share/moveit_collision_management/local_setup.dsv
-- Installing: /home/phy_ai/.ihub/daksha/install/moveit_collision_management/share/moveit_collision_management/package.dsv
-- Up-to-date: /home/phy_ai/.ihub/daksha/install/moveit_collision_management/share/ament_index/resource_index/packages/moveit_collision_management
-- Up-to-date: /home/phy_ai/.ihub/daksha/install/moveit_collision_management/share/moveit_collision_management/cmake/moveit_collision_managementConfig.cmake
-- Up-to-date: /home/phy_ai/.ihub/daksha/install/moveit_collision_management/share/moveit_collision_management/cmake/moveit_collision_managementConfig-version.cmake
-- Up-to-date: /home/phy_ai/.ihub/daksha/install/moveit_collision_management/share/moveit_collision_management/package.xml
