[9.061s] Invoking command in '/home/phy_ai/.ihub/daksha/src/global/daksha_api_bridge_follower': PYTHONPATH=/home/phy_ai/.ihub/daksha/build/daksha_api_bridge_follower/prefix_override:/usr/lib/python3/dist-packages/colcon_core/task/python/colcon_distutils_commands:/home/phy_ai/.ihub/daksha/install/daksha_api_bridge_follower/lib/python3.10/site-packages:${PYTHONPATH} /usr/bin/python3 -W ignore:setup.py install is deprecated -W ignore:easy_install command is deprecated setup.py egg_info --egg-base ../../../build/daksha_api_bridge_follower build --build-base /home/phy_ai/.ihub/daksha/build/daksha_api_bridge_follower/build install --record /home/phy_ai/.ihub/daksha/build/daksha_api_bridge_follower/install.log --install-scripts $base/lib/daksha_api_bridge_follower --single-version-externally-managed install_data
[10.038s] running egg_info
[10.039s] writing ../../../build/daksha_api_bridge_follower/daksha_api_bridge_follower.egg-info/PKG-INFO
[10.040s] writing dependency_links to ../../../build/daksha_api_bridge_follower/daksha_api_bridge_follower.egg-info/dependency_links.txt
[10.040s] writing entry points to ../../../build/daksha_api_bridge_follower/daksha_api_bridge_follower.egg-info/entry_points.txt
[10.040s] writing requirements to ../../../build/daksha_api_bridge_follower/daksha_api_bridge_follower.egg-info/requires.txt
[10.042s] writing top-level names to ../../../build/daksha_api_bridge_follower/daksha_api_bridge_follower.egg-info/top_level.txt
[10.042s] reading manifest file '../../../build/daksha_api_bridge_follower/daksha_api_bridge_follower.egg-info/SOURCES.txt'
[10.042s] writing manifest file '../../../build/daksha_api_bridge_follower/daksha_api_bridge_follower.egg-info/SOURCES.txt'
[10.043s] running build
[10.043s] running build_py
[10.043s] running install
[10.043s] running install_lib
[10.043s] running install_data
[10.043s] running install_egg_info
[10.043s] removing '/home/phy_ai/.ihub/daksha/install/daksha_api_bridge_follower/lib/python3.10/site-packages/daksha_api_bridge_follower-0.0.0-py3.10.egg-info' (and everything under it)
[10.043s] Copying ../../../build/daksha_api_bridge_follower/daksha_api_bridge_follower.egg-info to /home/phy_ai/.ihub/daksha/install/daksha_api_bridge_follower/lib/python3.10/site-packages/daksha_api_bridge_follower-0.0.0-py3.10.egg-info
[10.043s] running install_scripts
[10.126s] Installing camera_publisher script to /home/phy_ai/.ihub/daksha/install/daksha_api_bridge_follower/lib/daksha_api_bridge_follower
[10.127s] Installing joint_cmd_api_subscriber script to /home/phy_ai/.ihub/daksha/install/daksha_api_bridge_follower/lib/daksha_api_bridge_follower
[10.131s] Installing joint_states_api_publisher script to /home/phy_ai/.ihub/daksha/install/daksha_api_bridge_follower/lib/daksha_api_bridge_follower
[10.132s] writing list of installed files to '/home/phy_ai/.ihub/daksha/build/daksha_api_bridge_follower/install.log'
[10.244s] Invoked command in '/home/phy_ai/.ihub/daksha/src/global/daksha_api_bridge_follower' returned '0': PYTHONPATH=/home/phy_ai/.ihub/daksha/build/daksha_api_bridge_follower/prefix_override:/usr/lib/python3/dist-packages/colcon_core/task/python/colcon_distutils_commands:/home/phy_ai/.ihub/daksha/install/daksha_api_bridge_follower/lib/python3.10/site-packages:${PYTHONPATH} /usr/bin/python3 -W ignore:setup.py install is deprecated -W ignore:easy_install command is deprecated setup.py egg_info --egg-base ../../../build/daksha_api_bridge_follower build --build-base /home/phy_ai/.ihub/daksha/build/daksha_api_bridge_follower/build install --record /home/phy_ai/.ihub/daksha/build/daksha_api_bridge_follower/install.log --install-scripts $base/lib/daksha_api_bridge_follower --single-version-externally-managed install_data
