[1.164s] Invoking command in '/home/phy_ai/.ihub/daksha/build/web_nav_site': CMAKE_PREFIX_PATH=${CMAKE_PREFIX_PATH}:/home/phy_ai/.barani/gen2_full/install/world_camera_launch:/home/phy_ai/.barani/gen2_full/install/gen2:/home/phy_ai/.barani/gen2_full/install/vr_teleop:/home/phy_ai/.barani/gen2_full/install/ros_tcp_endpoint:/home/phy_ai/.barani/gen2_full/install/nav_bringup:/home/phy_ai/.barani/gen2_full/install/nav2_config:/home/phy_ai/.barani/gen2_full/install/kinematics:/home/phy_ai/.barani/gen2_full/install/joint_cmd_logger:/home/phy_ai/.barani/gen2_full/install/joint_analyzer:/home/phy_ai/.barani/gen2_full/install/daksha_data_collection:/home/phy_ai/.barani/gen2_full/install/gen2_leader:/home/phy_ai/.barani/gen2_full/install/amr_bringup:/home/phy_ai/.barani/gen2_full/install/daksha_final_urdf_description:/home/phy_ai/.barani/gen2_full/install/daksha_description_full_body:/home/phy_ai/.barani/gen2_full/install/daksha_base_urdf:/home/phy_ai/.barani/gen2_full/install/daksha_api_bridge_leader:/home/phy_ai/.barani/gen2_full/install/daksha_api_bridge_follower:/opt/ros/humble /usr/bin/cmake --build /home/phy_ai/.ihub/daksha/build/web_nav_site -- -j16 -l16
[2.267s] Invoked command in '/home/phy_ai/.ihub/daksha/build/web_nav_site' returned '0': CMAKE_PREFIX_PATH=${CMAKE_PREFIX_PATH}:/home/phy_ai/.barani/gen2_full/install/world_camera_launch:/home/phy_ai/.barani/gen2_full/install/gen2:/home/phy_ai/.barani/gen2_full/install/vr_teleop:/home/phy_ai/.barani/gen2_full/install/ros_tcp_endpoint:/home/phy_ai/.barani/gen2_full/install/nav_bringup:/home/phy_ai/.barani/gen2_full/install/nav2_config:/home/phy_ai/.barani/gen2_full/install/kinematics:/home/phy_ai/.barani/gen2_full/install/joint_cmd_logger:/home/phy_ai/.barani/gen2_full/install/joint_analyzer:/home/phy_ai/.barani/gen2_full/install/daksha_data_collection:/home/phy_ai/.barani/gen2_full/install/gen2_leader:/home/phy_ai/.barani/gen2_full/install/amr_bringup:/home/phy_ai/.barani/gen2_full/install/daksha_final_urdf_description:/home/phy_ai/.barani/gen2_full/install/daksha_description_full_body:/home/phy_ai/.barani/gen2_full/install/daksha_base_urdf:/home/phy_ai/.barani/gen2_full/install/daksha_api_bridge_leader:/home/phy_ai/.barani/gen2_full/install/daksha_api_bridge_follower:/opt/ros/humble /usr/bin/cmake --build /home/phy_ai/.ihub/daksha/build/web_nav_site -- -j16 -l16
[2.267s] Invoking command in '/home/phy_ai/.ihub/daksha/build/web_nav_site': CMAKE_PREFIX_PATH=${CMAKE_PREFIX_PATH}:/home/phy_ai/.barani/gen2_full/install/world_camera_launch:/home/phy_ai/.barani/gen2_full/install/gen2:/home/phy_ai/.barani/gen2_full/install/vr_teleop:/home/phy_ai/.barani/gen2_full/install/ros_tcp_endpoint:/home/phy_ai/.barani/gen2_full/install/nav_bringup:/home/phy_ai/.barani/gen2_full/install/nav2_config:/home/phy_ai/.barani/gen2_full/install/kinematics:/home/phy_ai/.barani/gen2_full/install/joint_cmd_logger:/home/phy_ai/.barani/gen2_full/install/joint_analyzer:/home/phy_ai/.barani/gen2_full/install/daksha_data_collection:/home/phy_ai/.barani/gen2_full/install/gen2_leader:/home/phy_ai/.barani/gen2_full/install/amr_bringup:/home/phy_ai/.barani/gen2_full/install/daksha_final_urdf_description:/home/phy_ai/.barani/gen2_full/install/daksha_description_full_body:/home/phy_ai/.barani/gen2_full/install/daksha_base_urdf:/home/phy_ai/.barani/gen2_full/install/daksha_api_bridge_leader:/home/phy_ai/.barani/gen2_full/install/daksha_api_bridge_follower:/opt/ros/humble /usr/bin/cmake --install /home/phy_ai/.ihub/daksha/build/web_nav_site
[2.284s] -- Install configuration: ""
[2.284s] -- Up-to-date: /home/phy_ai/.ihub/daksha/install/web_nav_site/lib/web_nav_site/server.py
[2.298s] -- Up-to-date: /home/phy_ai/.ihub/daksha/install/web_nav_site/lib/web_nav_site/static
[2.298s] -- Up-to-date: /home/phy_ai/.ihub/daksha/install/web_nav_site/lib/web_nav_site/static/vendor
[2.298s] -- Up-to-date: /home/phy_ai/.ihub/daksha/install/web_nav_site/lib/web_nav_site/static/vendor/three.min.js
[2.298s] -- Up-to-date: /home/phy_ai/.ihub/daksha/install/web_nav_site/lib/web_nav_site/static/vendor/OrbitControls.js
[2.298s] -- Up-to-date: /home/phy_ai/.ihub/daksha/install/web_nav_site/lib/web_nav_site/static/vendor/STLLoader.js
[2.298s] -- Up-to-date: /home/phy_ai/.ihub/daksha/install/web_nav_site/lib/web_nav_site/static/index.html
[2.298s] -- Up-to-date: /home/phy_ai/.ihub/daksha/install/web_nav_site/lib/web_nav_site/config
[2.299s] -- Up-to-date: /home/phy_ai/.ihub/daksha/install/web_nav_site/lib/web_nav_site/config/missions.json
[2.299s] -- Up-to-date: /home/phy_ai/.ihub/daksha/install/web_nav_site/lib/web_nav_site/config/waypoints.json
[2.303s] -- Up-to-date: /home/phy_ai/.ihub/daksha/install/web_nav_site/lib/web_nav_site/config/topics.json
[2.304s] -- Up-to-date: /home/phy_ai/.ihub/daksha/install/web_nav_site/share/web_nav_site/launch
[2.304s] -- Up-to-date: /home/phy_ai/.ihub/daksha/install/web_nav_site/share/web_nav_site/launch/web_nav_site.launch.py
[2.304s] -- Up-to-date: /home/phy_ai/.ihub/daksha/install/web_nav_site/share/ament_index/resource_index/package_run_dependencies/web_nav_site
[2.304s] -- Up-to-date: /home/phy_ai/.ihub/daksha/install/web_nav_site/share/ament_index/resource_index/parent_prefix_path/web_nav_site
[2.304s] -- Up-to-date: /home/phy_ai/.ihub/daksha/install/web_nav_site/share/web_nav_site/environment/ament_prefix_path.sh
[2.304s] -- Up-to-date: /home/phy_ai/.ihub/daksha/install/web_nav_site/share/web_nav_site/environment/ament_prefix_path.dsv
[2.304s] -- Up-to-date: /home/phy_ai/.ihub/daksha/install/web_nav_site/share/web_nav_site/environment/path.sh
[2.304s] -- Up-to-date: /home/phy_ai/.ihub/daksha/install/web_nav_site/share/web_nav_site/environment/path.dsv
[2.304s] -- Up-to-date: /home/phy_ai/.ihub/daksha/install/web_nav_site/share/web_nav_site/local_setup.bash
[2.304s] -- Up-to-date: /home/phy_ai/.ihub/daksha/install/web_nav_site/share/web_nav_site/local_setup.sh
[2.305s] -- Up-to-date: /home/phy_ai/.ihub/daksha/install/web_nav_site/share/web_nav_site/local_setup.zsh
[2.305s] -- Up-to-date: /home/phy_ai/.ihub/daksha/install/web_nav_site/share/web_nav_site/local_setup.dsv
[2.305s] -- Installing: /home/phy_ai/.ihub/daksha/install/web_nav_site/share/web_nav_site/package.dsv
[2.305s] -- Up-to-date: /home/phy_ai/.ihub/daksha/install/web_nav_site/share/ament_index/resource_index/packages/web_nav_site
[2.305s] -- Up-to-date: /home/phy_ai/.ihub/daksha/install/web_nav_site/share/web_nav_site/cmake/web_nav_siteConfig.cmake
[2.305s] -- Up-to-date: /home/phy_ai/.ihub/daksha/install/web_nav_site/share/web_nav_site/cmake/web_nav_siteConfig-version.cmake
[2.305s] -- Up-to-date: /home/phy_ai/.ihub/daksha/install/web_nav_site/share/web_nav_site/package.xml
[2.323s] Invoked command in '/home/phy_ai/.ihub/daksha/build/web_nav_site' returned '0': CMAKE_PREFIX_PATH=${CMAKE_PREFIX_PATH}:/home/phy_ai/.barani/gen2_full/install/world_camera_launch:/home/phy_ai/.barani/gen2_full/install/gen2:/home/phy_ai/.barani/gen2_full/install/vr_teleop:/home/phy_ai/.barani/gen2_full/install/ros_tcp_endpoint:/home/phy_ai/.barani/gen2_full/install/nav_bringup:/home/phy_ai/.barani/gen2_full/install/nav2_config:/home/phy_ai/.barani/gen2_full/install/kinematics:/home/phy_ai/.barani/gen2_full/install/joint_cmd_logger:/home/phy_ai/.barani/gen2_full/install/joint_analyzer:/home/phy_ai/.barani/gen2_full/install/daksha_data_collection:/home/phy_ai/.barani/gen2_full/install/gen2_leader:/home/phy_ai/.barani/gen2_full/install/amr_bringup:/home/phy_ai/.barani/gen2_full/install/daksha_final_urdf_description:/home/phy_ai/.barani/gen2_full/install/daksha_description_full_body:/home/phy_ai/.barani/gen2_full/install/daksha_base_urdf:/home/phy_ai/.barani/gen2_full/install/daksha_api_bridge_leader:/home/phy_ai/.barani/gen2_full/install/daksha_api_bridge_follower:/opt/ros/humble /usr/bin/cmake --install /home/phy_ai/.ihub/daksha/build/web_nav_site
