running egg_info
creating ../../../../build/daksha_data_collection/daksha_data_collection.egg-info
writing ../../../../build/daksha_data_collection/daksha_data_collection.egg-info/PKG-INFO
writing dependency_links to ../../../../build/daksha_data_collection/daksha_data_collection.egg-info/dependency_links.txt
writing entry points to ../../../../build/daksha_data_collection/daksha_data_collection.egg-info/entry_points.txt
writing requirements to ../../../../build/daksha_data_collection/daksha_data_collection.egg-info/requires.txt
writing top-level names to ../../../../build/daksha_data_collection/daksha_data_collection.egg-info/top_level.txt
writing manifest file '../../../../build/daksha_data_collection/daksha_data_collection.egg-info/SOURCES.txt'
reading manifest file '../../../../build/daksha_data_collection/daksha_data_collection.egg-info/SOURCES.txt'
writing manifest file '../../../../build/daksha_data_collection/daksha_data_collection.egg-info/SOURCES.txt'
running build
running build_py
creating /home/phy_ai/.ihub/daksha/build/daksha_data_collection/build
creating /home/phy_ai/.ihub/daksha/build/daksha_data_collection/build/lib
creating /home/phy_ai/.ihub/daksha/build/daksha_data_collection/build/lib/daksha_data_collection
copying daksha_data_collection/camera_sources.py -> /home/phy_ai/.ihub/daksha/build/daksha_data_collection/build/lib/daksha_data_collection
copying daksha_data_collection/delete_episode.py -> /home/phy_ai/.ihub/daksha/build/daksha_data_collection/build/lib/daksha_data_collection
copying daksha_data_collection/web_data_management_ui.py -> /home/phy_ai/.ihub/daksha/build/daksha_data_collection/build/lib/daksha_data_collection
copying daksha_data_collection/replay.py -> /home/phy_ai/.ihub/daksha/build/daksha_data_collection/build/lib/daksha_data_collection
copying daksha_data_collection/meta.py -> /home/phy_ai/.ihub/daksha/build/daksha_data_collection/build/lib/daksha_data_collection
copying daksha_data_collection/__init__.py -> /home/phy_ai/.ihub/daksha/build/daksha_data_collection/build/lib/daksha_data_collection
copying daksha_data_collection/ros_diagnostics.py -> /home/phy_ai/.ihub/daksha/build/daksha_data_collection/build/lib/daksha_data_collection
copying daksha_data_collection/ros2_topic_replay.py -> /home/phy_ai/.ihub/daksha/build/daksha_data_collection/build/lib/daksha_data_collection
copying daksha_data_collection/config.py -> /home/phy_ai/.ihub/daksha/build/daksha_data_collection/build/lib/daksha_data_collection
copying daksha_data_collection/mock_robot.py -> /home/phy_ai/.ihub/daksha/build/daksha_data_collection/build/lib/daksha_data_collection
copying daksha_data_collection/ros2_topic_recorder.py -> /home/phy_ai/.ihub/daksha/build/daksha_data_collection/build/lib/daksha_data_collection
copying daksha_data_collection/camera_ui_display.py -> /home/phy_ai/.ihub/daksha/build/daksha_data_collection/build/lib/daksha_data_collection
copying daksha_data_collection/recorder.py -> /home/phy_ai/.ihub/daksha/build/daksha_data_collection/build/lib/daksha_data_collection
copying daksha_data_collection/features.py -> /home/phy_ai/.ihub/daksha/build/daksha_data_collection/build/lib/daksha_data_collection
running install
running install_lib
creating /home/phy_ai/.ihub/daksha/install/daksha_data_collection/lib/python3.10/site-packages/daksha_data_collection
copying /home/phy_ai/.ihub/daksha/build/daksha_data_collection/build/lib/daksha_data_collection/camera_sources.py -> /home/phy_ai/.ihub/daksha/install/daksha_data_collection/lib/python3.10/site-packages/daksha_data_collection
copying /home/phy_ai/.ihub/daksha/build/daksha_data_collection/build/lib/daksha_data_collection/delete_episode.py -> /home/phy_ai/.ihub/daksha/install/daksha_data_collection/lib/python3.10/site-packages/daksha_data_collection
copying /home/phy_ai/.ihub/daksha/build/daksha_data_collection/build/lib/daksha_data_collection/web_data_management_ui.py -> /home/phy_ai/.ihub/daksha/install/daksha_data_collection/lib/python3.10/site-packages/daksha_data_collection
copying /home/phy_ai/.ihub/daksha/build/daksha_data_collection/build/lib/daksha_data_collection/replay.py -> /home/phy_ai/.ihub/daksha/install/daksha_data_collection/lib/python3.10/site-packages/daksha_data_collection
copying /home/phy_ai/.ihub/daksha/build/daksha_data_collection/build/lib/daksha_data_collection/meta.py -> /home/phy_ai/.ihub/daksha/install/daksha_data_collection/lib/python3.10/site-packages/daksha_data_collection
copying /home/phy_ai/.ihub/daksha/build/daksha_data_collection/build/lib/daksha_data_collection/__init__.py -> /home/phy_ai/.ihub/daksha/install/daksha_data_collection/lib/python3.10/site-packages/daksha_data_collection
copying /home/phy_ai/.ihub/daksha/build/daksha_data_collection/build/lib/daksha_data_collection/ros_diagnostics.py -> /home/phy_ai/.ihub/daksha/install/daksha_data_collection/lib/python3.10/site-packages/daksha_data_collection
copying /home/phy_ai/.ihub/daksha/build/daksha_data_collection/build/lib/daksha_data_collection/ros2_topic_replay.py -> /home/phy_ai/.ihub/daksha/install/daksha_data_collection/lib/python3.10/site-packages/daksha_data_collection
copying /home/phy_ai/.ihub/daksha/build/daksha_data_collection/build/lib/daksha_data_collection/config.py -> /home/phy_ai/.ihub/daksha/install/daksha_data_collection/lib/python3.10/site-packages/daksha_data_collection
copying /home/phy_ai/.ihub/daksha/build/daksha_data_collection/build/lib/daksha_data_collection/mock_robot.py -> /home/phy_ai/.ihub/daksha/install/daksha_data_collection/lib/python3.10/site-packages/daksha_data_collection
copying /home/phy_ai/.ihub/daksha/build/daksha_data_collection/build/lib/daksha_data_collection/ros2_topic_recorder.py -> /home/phy_ai/.ihub/daksha/install/daksha_data_collection/lib/python3.10/site-packages/daksha_data_collection
copying /home/phy_ai/.ihub/daksha/build/daksha_data_collection/build/lib/daksha_data_collection/camera_ui_display.py -> /home/phy_ai/.ihub/daksha/install/daksha_data_collection/lib/python3.10/site-packages/daksha_data_collection
copying /home/phy_ai/.ihub/daksha/build/daksha_data_collection/build/lib/daksha_data_collection/recorder.py -> /home/phy_ai/.ihub/daksha/install/daksha_data_collection/lib/python3.10/site-packages/daksha_data_collection
copying /home/phy_ai/.ihub/daksha/build/daksha_data_collection/build/lib/daksha_data_collection/features.py -> /home/phy_ai/.ihub/daksha/install/daksha_data_collection/lib/python3.10/site-packages/daksha_data_collection
byte-compiling /home/phy_ai/.ihub/daksha/install/daksha_data_collection/lib/python3.10/site-packages/daksha_data_collection/camera_sources.py to camera_sources.cpython-310.pyc
byte-compiling /home/phy_ai/.ihub/daksha/install/daksha_data_collection/lib/python3.10/site-packages/daksha_data_collection/delete_episode.py to delete_episode.cpython-310.pyc
byte-compiling /home/phy_ai/.ihub/daksha/install/daksha_data_collection/lib/python3.10/site-packages/daksha_data_collection/web_data_management_ui.py to web_data_management_ui.cpython-310.pyc
byte-compiling /home/phy_ai/.ihub/daksha/install/daksha_data_collection/lib/python3.10/site-packages/daksha_data_collection/replay.py to replay.cpython-310.pyc
byte-compiling /home/phy_ai/.ihub/daksha/install/daksha_data_collection/lib/python3.10/site-packages/daksha_data_collection/meta.py to meta.cpython-310.pyc
byte-compiling /home/phy_ai/.ihub/daksha/install/daksha_data_collection/lib/python3.10/site-packages/daksha_data_collection/__init__.py to __init__.cpython-310.pyc
byte-compiling /home/phy_ai/.ihub/daksha/install/daksha_data_collection/lib/python3.10/site-packages/daksha_data_collection/ros_diagnostics.py to ros_diagnostics.cpython-310.pyc
byte-compiling /home/phy_ai/.ihub/daksha/install/daksha_data_collection/lib/python3.10/site-packages/daksha_data_collection/ros2_topic_replay.py to ros2_topic_replay.cpython-310.pyc
byte-compiling /home/phy_ai/.ihub/daksha/install/daksha_data_collection/lib/python3.10/site-packages/daksha_data_collection/config.py to config.cpython-310.pyc
byte-compiling /home/phy_ai/.ihub/daksha/install/daksha_data_collection/lib/python3.10/site-packages/daksha_data_collection/mock_robot.py to mock_robot.cpython-310.pyc
byte-compiling /home/phy_ai/.ihub/daksha/install/daksha_data_collection/lib/python3.10/site-packages/daksha_data_collection/ros2_topic_recorder.py to ros2_topic_recorder.cpython-310.pyc
byte-compiling /home/phy_ai/.ihub/daksha/install/daksha_data_collection/lib/python3.10/site-packages/daksha_data_collection/camera_ui_display.py to camera_ui_display.cpython-310.pyc
byte-compiling /home/phy_ai/.ihub/daksha/install/daksha_data_collection/lib/python3.10/site-packages/daksha_data_collection/recorder.py to recorder.cpython-310.pyc
byte-compiling /home/phy_ai/.ihub/daksha/install/daksha_data_collection/lib/python3.10/site-packages/daksha_data_collection/features.py to features.cpython-310.pyc
running install_data
creating /home/phy_ai/.ihub/daksha/install/daksha_data_collection/share/ament_index
creating /home/phy_ai/.ihub/daksha/install/daksha_data_collection/share/ament_index/resource_index
creating /home/phy_ai/.ihub/daksha/install/daksha_data_collection/share/ament_index/resource_index/packages
copying resource/daksha_data_collection -> /home/phy_ai/.ihub/daksha/install/daksha_data_collection/share/ament_index/resource_index/packages
copying package.xml -> /home/phy_ai/.ihub/daksha/install/daksha_data_collection/share/daksha_data_collection
creating /home/phy_ai/.ihub/daksha/install/daksha_data_collection/share/daksha_data_collection/launch
copying launch/data_collection.launch.py -> /home/phy_ai/.ihub/daksha/install/daksha_data_collection/share/daksha_data_collection/launch
creating /home/phy_ai/.ihub/daksha/install/daksha_data_collection/share/daksha_data_collection/config
copying config/config.yaml -> /home/phy_ai/.ihub/daksha/install/daksha_data_collection/share/daksha_data_collection/config
running install_egg_info
Copying ../../../../build/daksha_data_collection/daksha_data_collection.egg-info to /home/phy_ai/.ihub/daksha/install/daksha_data_collection/lib/python3.10/site-packages/daksha_data_collection-0.0.0-py3.10.egg-info
running install_scripts
Installing delete_episode script to /home/phy_ai/.ihub/daksha/install/daksha_data_collection/lib/daksha_data_collection
Installing ros2_topic_recorder script to /home/phy_ai/.ihub/daksha/install/daksha_data_collection/lib/daksha_data_collection
Installing ros2_topic_replay script to /home/phy_ai/.ihub/daksha/install/daksha_data_collection/lib/daksha_data_collection
Installing web_data_management_ui script to /home/phy_ai/.ihub/daksha/install/daksha_data_collection/lib/daksha_data_collection
writing list of installed files to '/home/phy_ai/.ihub/daksha/build/daksha_data_collection/install.log'
