[1.002s] Invoking command in '/home/phy_ai/.ihub/daksha/src/ui/Clients_UI/daksha_data_collection': AMENT_PREFIX_PATH=/home/phy_ai/.ihub/daksha/install/hw_interface:/home/phy_ai/.ihub/daksha/install/daksha_msgs:${AMENT_PREFIX_PATH} CMAKE_PREFIX_PATH=/home/phy_ai/.ihub/daksha/install/hw_interface:/home/phy_ai/.ihub/daksha/install/daksha_msgs:${CMAKE_PREFIX_PATH} LD_LIBRARY_PATH=/home/phy_ai/.ihub/daksha/install/hw_interface/lib:/home/phy_ai/.ihub/daksha/install/daksha_msgs/lib:${LD_LIBRARY_PATH} PYTHONPATH=/home/phy_ai/.ihub/daksha/build/daksha_data_collection/prefix_override:/usr/lib/python3/dist-packages/colcon_core/task/python/colcon_distutils_commands:/home/phy_ai/.ihub/daksha/install/daksha_data_collection/lib/python3.10/site-packages:/home/phy_ai/.ihub/daksha/install/hw_interface/local/lib/python3.10/dist-packages:/home/phy_ai/.ihub/daksha/install/daksha_msgs/local/lib/python3.10/dist-packages:${PYTHONPATH} /usr/bin/python3 -W ignore:setup.py install is deprecated -W ignore:easy_install command is deprecated setup.py egg_info --egg-base ../../../../build/daksha_data_collection build --build-base /home/phy_ai/.ihub/daksha/build/daksha_data_collection/build install --record /home/phy_ai/.ihub/daksha/build/daksha_data_collection/install.log --install-scripts $base/lib/daksha_data_collection --single-version-externally-managed install_data
[1.267s] running egg_info
[1.267s] creating ../../../../build/daksha_data_collection/daksha_data_collection.egg-info
[1.268s] writing ../../../../build/daksha_data_collection/daksha_data_collection.egg-info/PKG-INFO
[1.268s] writing dependency_links to ../../../../build/daksha_data_collection/daksha_data_collection.egg-info/dependency_links.txt
[1.268s] writing entry points to ../../../../build/daksha_data_collection/daksha_data_collection.egg-info/entry_points.txt
[1.268s] writing requirements to ../../../../build/daksha_data_collection/daksha_data_collection.egg-info/requires.txt
[1.268s] writing top-level names to ../../../../build/daksha_data_collection/daksha_data_collection.egg-info/top_level.txt
[1.269s] writing manifest file '../../../../build/daksha_data_collection/daksha_data_collection.egg-info/SOURCES.txt'
[1.270s] reading manifest file '../../../../build/daksha_data_collection/daksha_data_collection.egg-info/SOURCES.txt'
[1.270s] writing manifest file '../../../../build/daksha_data_collection/daksha_data_collection.egg-info/SOURCES.txt'
[1.271s] running build
[1.271s] running build_py
[1.271s] creating /home/phy_ai/.ihub/daksha/build/daksha_data_collection/build
[1.271s] creating /home/phy_ai/.ihub/daksha/build/daksha_data_collection/build/lib
[1.271s] creating /home/phy_ai/.ihub/daksha/build/daksha_data_collection/build/lib/daksha_data_collection
[1.272s] copying daksha_data_collection/camera_sources.py -> /home/phy_ai/.ihub/daksha/build/daksha_data_collection/build/lib/daksha_data_collection
[1.272s] copying daksha_data_collection/delete_episode.py -> /home/phy_ai/.ihub/daksha/build/daksha_data_collection/build/lib/daksha_data_collection
[1.272s] copying daksha_data_collection/web_data_management_ui.py -> /home/phy_ai/.ihub/daksha/build/daksha_data_collection/build/lib/daksha_data_collection
[1.272s] copying daksha_data_collection/replay.py -> /home/phy_ai/.ihub/daksha/build/daksha_data_collection/build/lib/daksha_data_collection
[1.272s] copying daksha_data_collection/meta.py -> /home/phy_ai/.ihub/daksha/build/daksha_data_collection/build/lib/daksha_data_collection
[1.272s] copying daksha_data_collection/__init__.py -> /home/phy_ai/.ihub/daksha/build/daksha_data_collection/build/lib/daksha_data_collection
[1.272s] copying daksha_data_collection/ros_diagnostics.py -> /home/phy_ai/.ihub/daksha/build/daksha_data_collection/build/lib/daksha_data_collection
[1.272s] copying daksha_data_collection/ros2_topic_replay.py -> /home/phy_ai/.ihub/daksha/build/daksha_data_collection/build/lib/daksha_data_collection
[1.273s] copying daksha_data_collection/config.py -> /home/phy_ai/.ihub/daksha/build/daksha_data_collection/build/lib/daksha_data_collection
[1.273s] copying daksha_data_collection/mock_robot.py -> /home/phy_ai/.ihub/daksha/build/daksha_data_collection/build/lib/daksha_data_collection
[1.273s] copying daksha_data_collection/ros2_topic_recorder.py -> /home/phy_ai/.ihub/daksha/build/daksha_data_collection/build/lib/daksha_data_collection
[1.273s] copying daksha_data_collection/camera_ui_display.py -> /home/phy_ai/.ihub/daksha/build/daksha_data_collection/build/lib/daksha_data_collection
[1.273s] copying daksha_data_collection/recorder.py -> /home/phy_ai/.ihub/daksha/build/daksha_data_collection/build/lib/daksha_data_collection
[1.273s] copying daksha_data_collection/features.py -> /home/phy_ai/.ihub/daksha/build/daksha_data_collection/build/lib/daksha_data_collection
[1.273s] running install
[1.273s] running install_lib
[1.274s] creating /home/phy_ai/.ihub/daksha/install/daksha_data_collection/lib/python3.10/site-packages/daksha_data_collection
[1.274s] copying /home/phy_ai/.ihub/daksha/build/daksha_data_collection/build/lib/daksha_data_collection/camera_sources.py -> /home/phy_ai/.ihub/daksha/install/daksha_data_collection/lib/python3.10/site-packages/daksha_data_collection
[1.274s] copying /home/phy_ai/.ihub/daksha/build/daksha_data_collection/build/lib/daksha_data_collection/delete_episode.py -> /home/phy_ai/.ihub/daksha/install/daksha_data_collection/lib/python3.10/site-packages/daksha_data_collection
[1.274s] copying /home/phy_ai/.ihub/daksha/build/daksha_data_collection/build/lib/daksha_data_collection/web_data_management_ui.py -> /home/phy_ai/.ihub/daksha/install/daksha_data_collection/lib/python3.10/site-packages/daksha_data_collection
[1.275s] copying /home/phy_ai/.ihub/daksha/build/daksha_data_collection/build/lib/daksha_data_collection/replay.py -> /home/phy_ai/.ihub/daksha/install/daksha_data_collection/lib/python3.10/site-packages/daksha_data_collection
[1.275s] copying /home/phy_ai/.ihub/daksha/build/daksha_data_collection/build/lib/daksha_data_collection/meta.py -> /home/phy_ai/.ihub/daksha/install/daksha_data_collection/lib/python3.10/site-packages/daksha_data_collection
[1.275s] copying /home/phy_ai/.ihub/daksha/build/daksha_data_collection/build/lib/daksha_data_collection/__init__.py -> /home/phy_ai/.ihub/daksha/install/daksha_data_collection/lib/python3.10/site-packages/daksha_data_collection
[1.275s] copying /home/phy_ai/.ihub/daksha/build/daksha_data_collection/build/lib/daksha_data_collection/ros_diagnostics.py -> /home/phy_ai/.ihub/daksha/install/daksha_data_collection/lib/python3.10/site-packages/daksha_data_collection
[1.275s] copying /home/phy_ai/.ihub/daksha/build/daksha_data_collection/build/lib/daksha_data_collection/ros2_topic_replay.py -> /home/phy_ai/.ihub/daksha/install/daksha_data_collection/lib/python3.10/site-packages/daksha_data_collection
[1.275s] copying /home/phy_ai/.ihub/daksha/build/daksha_data_collection/build/lib/daksha_data_collection/config.py -> /home/phy_ai/.ihub/daksha/install/daksha_data_collection/lib/python3.10/site-packages/daksha_data_collection
[1.275s] copying /home/phy_ai/.ihub/daksha/build/daksha_data_collection/build/lib/daksha_data_collection/mock_robot.py -> /home/phy_ai/.ihub/daksha/install/daksha_data_collection/lib/python3.10/site-packages/daksha_data_collection
[1.275s] copying /home/phy_ai/.ihub/daksha/build/daksha_data_collection/build/lib/daksha_data_collection/ros2_topic_recorder.py -> /home/phy_ai/.ihub/daksha/install/daksha_data_collection/lib/python3.10/site-packages/daksha_data_collection
[1.276s] copying /home/phy_ai/.ihub/daksha/build/daksha_data_collection/build/lib/daksha_data_collection/camera_ui_display.py -> /home/phy_ai/.ihub/daksha/install/daksha_data_collection/lib/python3.10/site-packages/daksha_data_collection
[1.276s] copying /home/phy_ai/.ihub/daksha/build/daksha_data_collection/build/lib/daksha_data_collection/recorder.py -> /home/phy_ai/.ihub/daksha/install/daksha_data_collection/lib/python3.10/site-packages/daksha_data_collection
[1.276s] copying /home/phy_ai/.ihub/daksha/build/daksha_data_collection/build/lib/daksha_data_collection/features.py -> /home/phy_ai/.ihub/daksha/install/daksha_data_collection/lib/python3.10/site-packages/daksha_data_collection
[1.276s] byte-compiling /home/phy_ai/.ihub/daksha/install/daksha_data_collection/lib/python3.10/site-packages/daksha_data_collection/camera_sources.py to camera_sources.cpython-310.pyc
[1.277s] byte-compiling /home/phy_ai/.ihub/daksha/install/daksha_data_collection/lib/python3.10/site-packages/daksha_data_collection/delete_episode.py to delete_episode.cpython-310.pyc
[1.278s] byte-compiling /home/phy_ai/.ihub/daksha/install/daksha_data_collection/lib/python3.10/site-packages/daksha_data_collection/web_data_management_ui.py to web_data_management_ui.cpython-310.pyc
[1.288s] byte-compiling /home/phy_ai/.ihub/daksha/install/daksha_data_collection/lib/python3.10/site-packages/daksha_data_collection/replay.py to replay.cpython-310.pyc
[1.289s] byte-compiling /home/phy_ai/.ihub/daksha/install/daksha_data_collection/lib/python3.10/site-packages/daksha_data_collection/meta.py to meta.cpython-310.pyc
[1.290s] byte-compiling /home/phy_ai/.ihub/daksha/install/daksha_data_collection/lib/python3.10/site-packages/daksha_data_collection/__init__.py to __init__.cpython-310.pyc
[1.290s] byte-compiling /home/phy_ai/.ihub/daksha/install/daksha_data_collection/lib/python3.10/site-packages/daksha_data_collection/ros_diagnostics.py to ros_diagnostics.cpython-310.pyc
[1.291s] byte-compiling /home/phy_ai/.ihub/daksha/install/daksha_data_collection/lib/python3.10/site-packages/daksha_data_collection/ros2_topic_replay.py to ros2_topic_replay.cpython-310.pyc
[1.294s] byte-compiling /home/phy_ai/.ihub/daksha/install/daksha_data_collection/lib/python3.10/site-packages/daksha_data_collection/config.py to config.cpython-310.pyc
[1.295s] byte-compiling /home/phy_ai/.ihub/daksha/install/daksha_data_collection/lib/python3.10/site-packages/daksha_data_collection/mock_robot.py to mock_robot.cpython-310.pyc
[1.295s] byte-compiling /home/phy_ai/.ihub/daksha/install/daksha_data_collection/lib/python3.10/site-packages/daksha_data_collection/ros2_topic_recorder.py to ros2_topic_recorder.cpython-310.pyc
[1.300s] byte-compiling /home/phy_ai/.ihub/daksha/install/daksha_data_collection/lib/python3.10/site-packages/daksha_data_collection/camera_ui_display.py to camera_ui_display.cpython-310.pyc
[1.302s] byte-compiling /home/phy_ai/.ihub/daksha/install/daksha_data_collection/lib/python3.10/site-packages/daksha_data_collection/recorder.py to recorder.cpython-310.pyc
[1.304s] byte-compiling /home/phy_ai/.ihub/daksha/install/daksha_data_collection/lib/python3.10/site-packages/daksha_data_collection/features.py to features.cpython-310.pyc
[1.305s] running install_data
[1.305s] creating /home/phy_ai/.ihub/daksha/install/daksha_data_collection/share/ament_index
[1.305s] creating /home/phy_ai/.ihub/daksha/install/daksha_data_collection/share/ament_index/resource_index
[1.305s] creating /home/phy_ai/.ihub/daksha/install/daksha_data_collection/share/ament_index/resource_index/packages
[1.305s] copying resource/daksha_data_collection -> /home/phy_ai/.ihub/daksha/install/daksha_data_collection/share/ament_index/resource_index/packages
[1.306s] copying package.xml -> /home/phy_ai/.ihub/daksha/install/daksha_data_collection/share/daksha_data_collection
[1.306s] creating /home/phy_ai/.ihub/daksha/install/daksha_data_collection/share/daksha_data_collection/launch
[1.306s] copying launch/data_collection.launch.py -> /home/phy_ai/.ihub/daksha/install/daksha_data_collection/share/daksha_data_collection/launch
[1.306s] creating /home/phy_ai/.ihub/daksha/install/daksha_data_collection/share/daksha_data_collection/config
[1.306s] copying config/config.yaml -> /home/phy_ai/.ihub/daksha/install/daksha_data_collection/share/daksha_data_collection/config
[1.306s] running install_egg_info
[1.307s] Copying ../../../../build/daksha_data_collection/daksha_data_collection.egg-info to /home/phy_ai/.ihub/daksha/install/daksha_data_collection/lib/python3.10/site-packages/daksha_data_collection-0.0.0-py3.10.egg-info
[1.308s] running install_scripts
[1.329s] Installing delete_episode script to /home/phy_ai/.ihub/daksha/install/daksha_data_collection/lib/daksha_data_collection
[1.329s] Installing ros2_topic_recorder script to /home/phy_ai/.ihub/daksha/install/daksha_data_collection/lib/daksha_data_collection
[1.329s] Installing ros2_topic_replay script to /home/phy_ai/.ihub/daksha/install/daksha_data_collection/lib/daksha_data_collection
[1.329s] Installing web_data_management_ui script to /home/phy_ai/.ihub/daksha/install/daksha_data_collection/lib/daksha_data_collection
[1.330s] writing list of installed files to '/home/phy_ai/.ihub/daksha/build/daksha_data_collection/install.log'
[1.364s] Invoked command in '/home/phy_ai/.ihub/daksha/src/ui/Clients_UI/daksha_data_collection' returned '0': AMENT_PREFIX_PATH=/home/phy_ai/.ihub/daksha/install/hw_interface:/home/phy_ai/.ihub/daksha/install/daksha_msgs:${AMENT_PREFIX_PATH} CMAKE_PREFIX_PATH=/home/phy_ai/.ihub/daksha/install/hw_interface:/home/phy_ai/.ihub/daksha/install/daksha_msgs:${CMAKE_PREFIX_PATH} LD_LIBRARY_PATH=/home/phy_ai/.ihub/daksha/install/hw_interface/lib:/home/phy_ai/.ihub/daksha/install/daksha_msgs/lib:${LD_LIBRARY_PATH} PYTHONPATH=/home/phy_ai/.ihub/daksha/build/daksha_data_collection/prefix_override:/usr/lib/python3/dist-packages/colcon_core/task/python/colcon_distutils_commands:/home/phy_ai/.ihub/daksha/install/daksha_data_collection/lib/python3.10/site-packages:/home/phy_ai/.ihub/daksha/install/hw_interface/local/lib/python3.10/dist-packages:/home/phy_ai/.ihub/daksha/install/daksha_msgs/local/lib/python3.10/dist-packages:${PYTHONPATH} /usr/bin/python3 -W ignore:setup.py install is deprecated -W ignore:easy_install command is deprecated setup.py egg_info --egg-base ../../../../build/daksha_data_collection build --build-base /home/phy_ai/.ihub/daksha/build/daksha_data_collection/build install --record /home/phy_ai/.ihub/daksha/build/daksha_data_collection/install.log --install-scripts $base/lib/daksha_data_collection --single-version-externally-managed install_data
