-- The C compiler identification is GNU 11.4.0
-- The CXX compiler identification is GNU 11.4.0
-- Detecting C compiler ABI info
-- Detecting C compiler ABI info - done
-- Check for working C compiler: /usr/bin/cc - skipped
-- Detecting C compile features
-- Detecting C compile features - done
-- Detecting CXX compiler ABI info
-- Detecting CXX compiler ABI info - done
-- Check for working CXX compiler: /usr/bin/c++ - skipped
-- Detecting CXX compile features
-- Detecting CXX compile features - done
-- Found ament_cmake: 1.3.14 (/opt/ros/humble/share/ament_cmake/cmake)
-- Found Python3: /usr/bin/python3 (found version "3.10.12") found components: Interpreter 
-- Found rclpy: 3.3.21 (/opt/ros/humble/share/rclpy/cmake)
-- Found sensor_msgs: 4.9.2 (/opt/ros/humble/share/sensor_msgs/cmake)
-- Found rosidl_generator_c: 3.1.9 (/opt/ros/humble/share/rosidl_generator_c/cmake)
-- Found rosidl_adapter: 3.1.9 (/opt/ros/humble/share/rosidl_adapter/cmake)
-- Found rosidl_generator_cpp: 3.1.9 (/opt/ros/humble/share/rosidl_generator_cpp/cmake)
-- Using all available rosidl_typesupport_c: rosidl_typesupport_fastrtps_c;rosidl_typesupport_introspection_c
-- Using all available rosidl_typesupport_cpp: rosidl_typesupport_fastrtps_cpp;rosidl_typesupport_introspection_cpp
-- Found rosidl_default_generators: 1.2.1 (/opt/ros/humble/share/rosidl_default_generators/cmake)
-- Found ament_cmake_ros: 0.10.0 (/opt/ros/humble/share/ament_cmake_ros/cmake)
-- Using all available rosidl_typesupport_c: rosidl_typesupport_fastrtps_c;rosidl_typesupport_introspection_c
-- Using all available rosidl_typesupport_cpp: rosidl_typesupport_fastrtps_cpp;rosidl_typesupport_introspection_cpp
-- Found PythonInterp: /usr/bin/python3 (found suitable version "3.10.12", minimum required is "3.6") 
-- Found python_cmake_module: 0.10.0 (/opt/ros/humble/share/python_cmake_module/cmake)
-- Found PythonLibs: /usr/lib/x86_64-linux-gnu/libpython3.10.so (found suitable version "3.10.12", minimum required is "3.5") 
-- Using PYTHON_EXECUTABLE: /usr/bin/python3
-- Using PYTHON_INCLUDE_DIRS: /usr/include/python3.10
-- Using PYTHON_LIBRARIES: /usr/lib/x86_64-linux-gnu/libpython3.10.so
-- Found PythonExtra: .so  
-- Configuring done
-- Generating done
-- Build files have been written to: /home/phy_ai/.ihub/daksha/build/collision_management
[  3%] [34m[1mGenerating C code for ROS interfaces[0m
[  6%] [34m[1mGenerating Rust code for ROS interfaces[0m
[  9%] [34m[1mGenerating C++ code for ROS interfaces[0m
[  9%] Built target ament_cmake_python_copy_collision_management
[ 12%] [32mBuilding C object CMakeFiles/collision_management__rosidl_generator_c.dir/rosidl_generator_c/collision_management/srv/detail/get_collision_status__functions.c.o[0m
[ 12%] Built target collision_management__rs
[ 12%] Built target collision_management__cpp
[ 15%] [32m[1mLinking C shared library libcollision_management__rosidl_generator_c.so[0m
running egg_info
creating collision_management.egg-info
writing collision_management.egg-info/PKG-INFO
writing dependency_links to collision_management.egg-info/dependency_links.txt
writing top-level names to collision_management.egg-info/top_level.txt
writing manifest file 'collision_management.egg-info/SOURCES.txt'
reading manifest file 'collision_management.egg-info/SOURCES.txt'
writing manifest file 'collision_management.egg-info/SOURCES.txt'
[ 18%] [34m[1mGenerating C++ type support for eProsima Fast-RTPS[0m
[ 21%] [34m[1mGenerating C++ introspection for ROS interfaces[0m
[ 25%] [34m[1mGenerating C++ type support dispatch for ROS interfaces[0m
[ 25%] Built target collision_management__rosidl_generator_c
[ 34%] [34m[1mGenerating C type support for eProsima Fast-RTPS[0m
[ 34%] [34m[1mGenerating C type support dispatch for ROS interfaces[0m
[ 34%] Built target ament_cmake_python_build_collision_management_egg
[ 34%] [34m[1mGenerating C introspection for ROS interfaces[0m
[ 37%] [32mBuilding CXX object CMakeFiles/collision_management__rosidl_typesupport_fastrtps_cpp.dir/rosidl_typesupport_fastrtps_cpp/collision_management/srv/detail/dds_fastrtps/get_collision_status__type_support.cpp.o[0m
[ 40%] [32mBuilding CXX object CMakeFiles/collision_management__rosidl_typesupport_introspection_cpp.dir/rosidl_typesupport_introspection_cpp/collision_management/srv/detail/get_collision_status__type_support.cpp.o[0m
[ 43%] [32mBuilding CXX object CMakeFiles/collision_management__rosidl_typesupport_cpp.dir/rosidl_typesupport_cpp/collision_management/srv/get_collision_status__type_support.cpp.o[0m
[ 46%] [32mBuilding CXX object CMakeFiles/collision_management__rosidl_typesupport_c.dir/rosidl_typesupport_c/collision_management/srv/get_collision_status__type_support.cpp.o[0m
[ 50%] [32mBuilding C object CMakeFiles/collision_management__rosidl_typesupport_introspection_c.dir/rosidl_typesupport_introspection_c/collision_management/srv/detail/get_collision_status__type_support.c.o[0m
[ 53%] [32m[1mLinking CXX shared library libcollision_management__rosidl_typesupport_c.so[0m
[ 56%] [32mBuilding CXX object CMakeFiles/collision_management__rosidl_typesupport_fastrtps_c.dir/rosidl_typesupport_fastrtps_c/collision_management/srv/detail/get_collision_status__type_support_c.cpp.o[0m
[ 59%] [32m[1mLinking C shared library libcollision_management__rosidl_typesupport_introspection_c.so[0m
[ 59%] Built target collision_management__rosidl_typesupport_c
[ 59%] Built target collision_management__rosidl_typesupport_introspection_c
[ 62%] [32m[1mLinking CXX shared library libcollision_management__rosidl_typesupport_cpp.so[0m
[ 62%] Built target collision_management__rosidl_typesupport_cpp
[ 65%] [32m[1mLinking CXX shared library libcollision_management__rosidl_typesupport_introspection_cpp.so[0m
[ 65%] Built target collision_management__rosidl_typesupport_introspection_cpp
[ 68%] [32m[1mLinking CXX shared library libcollision_management__rosidl_typesupport_fastrtps_cpp.so[0m
[ 71%] [32m[1mLinking CXX shared library libcollision_management__rosidl_typesupport_fastrtps_c.so[0m
[ 71%] Built target collision_management__rosidl_typesupport_fastrtps_cpp
[ 71%] Built target collision_management__rosidl_typesupport_fastrtps_c
[ 71%] Built target collision_management
[ 75%] [34m[1mGenerating Python code for ROS interfaces[0m
[ 75%] Built target collision_management__py
[ 78%] [32mBuilding C object CMakeFiles/collision_management__rosidl_generator_py.dir/rosidl_generator_py/collision_management/srv/_get_collision_status_s.c.o[0m
[ 81%] [32m[1mLinking C shared library rosidl_generator_py/collision_management/libcollision_management__rosidl_generator_py.so[0m
[ 81%] Built target collision_management__rosidl_generator_py
[ 84%] [32mBuilding C object CMakeFiles/collision_management__rosidl_typesupport_fastrtps_c__pyext.dir/rosidl_generator_py/collision_management/_collision_management_s.ep.rosidl_typesupport_fastrtps_c.c.o[0m
[ 90%] [32mBuilding C object CMakeFiles/collision_management__rosidl_typesupport_c__pyext.dir/rosidl_generator_py/collision_management/_collision_management_s.ep.rosidl_typesupport_c.c.o[0m
[ 90%] [32mBuilding C object CMakeFiles/collision_management__rosidl_typesupport_introspection_c__pyext.dir/rosidl_generator_py/collision_management/_collision_management_s.ep.rosidl_typesupport_introspection_c.c.o[0m
[ 93%] [32m[1mLinking C shared library rosidl_generator_py/collision_management/collision_management_s__rosidl_typesupport_introspection_c.cpython-310-x86_64-linux-gnu.so[0m
[100%] [32m[1mLinking C shared library rosidl_generator_py/collision_management/collision_management_s__rosidl_typesupport_c.cpython-310-x86_64-linux-gnu.so[0m
[100%] [32m[1mLinking C shared library rosidl_generator_py/collision_management/collision_management_s__rosidl_typesupport_fastrtps_c.cpython-310-x86_64-linux-gnu.so[0m
[100%] Built target collision_management__rosidl_typesupport_c__pyext
[100%] Built target collision_management__rosidl_typesupport_fastrtps_c__pyext
[100%] Built target collision_management__rosidl_typesupport_introspection_c__pyext
-- Install configuration: ""
-- Installing: /home/phy_ai/.ihub/daksha/install/collision_management/share/ament_index/resource_index/rosidl_interfaces/collision_management
-- Installing: /home/phy_ai/.ihub/daksha/install/collision_management/include/collision_management/collision_management
-- Installing: /home/phy_ai/.ihub/daksha/install/collision_management/include/collision_management/collision_management/srv
-- Installing: /home/phy_ai/.ihub/daksha/install/collision_management/include/collision_management/collision_management/srv/detail
-- Installing: /home/phy_ai/.ihub/daksha/install/collision_management/include/collision_management/collision_management/srv/detail/get_collision_status__functions.c
-- Installing: /home/phy_ai/.ihub/daksha/install/collision_management/include/collision_management/collision_management/srv/detail/get_collision_status__struct.h
-- Installing: /home/phy_ai/.ihub/daksha/install/collision_management/include/collision_management/collision_management/srv/detail/get_collision_status__functions.h
-- Installing: /home/phy_ai/.ihub/daksha/install/collision_management/include/collision_management/collision_management/srv/detail/get_collision_status__type_support.h
-- Installing: /home/phy_ai/.ihub/daksha/install/collision_management/include/collision_management/collision_management/srv/get_collision_status.h
-- Installing: /home/phy_ai/.ihub/daksha/install/collision_management/include/collision_management/collision_management/msg
-- Installing: /home/phy_ai/.ihub/daksha/install/collision_management/include/collision_management/collision_management/msg/rosidl_generator_c__visibility_control.h
-- Installing: /home/phy_ai/.ihub/daksha/install/collision_management/share/collision_management/environment/library_path.sh
-- Installing: /home/phy_ai/.ihub/daksha/install/collision_management/share/collision_management/environment/library_path.dsv
-- Installing: /home/phy_ai/.ihub/daksha/install/collision_management/lib/libcollision_management__rosidl_generator_c.so
-- Set runtime path of "/home/phy_ai/.ihub/daksha/install/collision_management/lib/libcollision_management__rosidl_generator_c.so" to ""
-- Up-to-date: /home/phy_ai/.ihub/daksha/install/collision_management/include/collision_management/collision_management
-- Up-to-date: /home/phy_ai/.ihub/daksha/install/collision_management/include/collision_management/collision_management/srv
-- Up-to-date: /home/phy_ai/.ihub/daksha/install/collision_management/include/collision_management/collision_management/srv/detail
-- Installing: /home/phy_ai/.ihub/daksha/install/collision_management/include/collision_management/collision_management/srv/detail/get_collision_status__rosidl_typesupport_fastrtps_c.h
-- Up-to-date: /home/phy_ai/.ihub/daksha/install/collision_management/include/collision_management/collision_management/msg
-- Installing: /home/phy_ai/.ihub/daksha/install/collision_management/include/collision_management/collision_management/msg/rosidl_typesupport_fastrtps_c__visibility_control.h
-- Installing: /home/phy_ai/.ihub/daksha/install/collision_management/lib/libcollision_management__rosidl_typesupport_fastrtps_c.so
-- Set runtime path of "/home/phy_ai/.ihub/daksha/install/collision_management/lib/libcollision_management__rosidl_typesupport_fastrtps_c.so" to ""
-- Up-to-date: /home/phy_ai/.ihub/daksha/install/collision_management/include/collision_management/collision_management
-- Up-to-date: /home/phy_ai/.ihub/daksha/install/collision_management/include/collision_management/collision_management/srv
-- Up-to-date: /home/phy_ai/.ihub/daksha/install/collision_management/include/collision_management/collision_management/srv/detail
-- Installing: /home/phy_ai/.ihub/daksha/install/collision_management/include/collision_management/collision_management/srv/detail/get_collision_status__struct.hpp
-- Installing: /home/phy_ai/.ihub/daksha/install/collision_management/include/collision_management/collision_management/srv/detail/get_collision_status__builder.hpp
-- Installing: /home/phy_ai/.ihub/daksha/install/collision_management/include/collision_management/collision_management/srv/detail/get_collision_status__type_support.hpp
-- Installing: /home/phy_ai/.ihub/daksha/install/collision_management/include/collision_management/collision_management/srv/detail/get_collision_status__traits.hpp
-- Installing: /home/phy_ai/.ihub/daksha/install/collision_management/include/collision_management/collision_management/srv/get_collision_status.hpp
-- Up-to-date: /home/phy_ai/.ihub/daksha/install/collision_management/include/collision_management/collision_management/msg
-- Installing: /home/phy_ai/.ihub/daksha/install/collision_management/include/collision_management/collision_management/msg/rosidl_generator_cpp__visibility_control.hpp
-- Up-to-date: /home/phy_ai/.ihub/daksha/install/collision_management/include/collision_management/collision_management
-- Up-to-date: /home/phy_ai/.ihub/daksha/install/collision_management/include/collision_management/collision_management/srv
-- Up-to-date: /home/phy_ai/.ihub/daksha/install/collision_management/include/collision_management/collision_management/srv/detail
-- Installing: /home/phy_ai/.ihub/daksha/install/collision_management/include/collision_management/collision_management/srv/detail/dds_fastrtps
-- Installing: /home/phy_ai/.ihub/daksha/install/collision_management/include/collision_management/collision_management/srv/detail/get_collision_status__rosidl_typesupport_fastrtps_cpp.hpp
-- Up-to-date: /home/phy_ai/.ihub/daksha/install/collision_management/include/collision_management/collision_management/msg
-- Installing: /home/phy_ai/.ihub/daksha/install/collision_management/include/collision_management/collision_management/msg/rosidl_typesupport_fastrtps_cpp__visibility_control.h
-- Installing: /home/phy_ai/.ihub/daksha/install/collision_management/lib/libcollision_management__rosidl_typesupport_fastrtps_cpp.so
-- Set runtime path of "/home/phy_ai/.ihub/daksha/install/collision_management/lib/libcollision_management__rosidl_typesupport_fastrtps_cpp.so" to ""
-- Up-to-date: /home/phy_ai/.ihub/daksha/install/collision_management/include/collision_management/collision_management
-- Up-to-date: /home/phy_ai/.ihub/daksha/install/collision_management/include/collision_management/collision_management/srv
-- Up-to-date: /home/phy_ai/.ihub/daksha/install/collision_management/include/collision_management/collision_management/srv/detail
-- Installing: /home/phy_ai/.ihub/daksha/install/collision_management/include/collision_management/collision_management/srv/detail/get_collision_status__type_support.c
-- Installing: /home/phy_ai/.ihub/daksha/install/collision_management/include/collision_management/collision_management/srv/detail/get_collision_status__rosidl_typesupport_introspection_c.h
-- Up-to-date: /home/phy_ai/.ihub/daksha/install/collision_management/include/collision_management/collision_management/msg
-- Installing: /home/phy_ai/.ihub/daksha/install/collision_management/include/collision_management/collision_management/msg/rosidl_typesupport_introspection_c__visibility_control.h
-- Installing: /home/phy_ai/.ihub/daksha/install/collision_management/lib/libcollision_management__rosidl_typesupport_introspection_c.so
-- Set runtime path of "/home/phy_ai/.ihub/daksha/install/collision_management/lib/libcollision_management__rosidl_typesupport_introspection_c.so" to ""
-- Installing: /home/phy_ai/.ihub/daksha/install/collision_management/lib/libcollision_management__rosidl_typesupport_c.so
-- Set runtime path of "/home/phy_ai/.ihub/daksha/install/collision_management/lib/libcollision_management__rosidl_typesupport_c.so" to ""
-- Up-to-date: /home/phy_ai/.ihub/daksha/install/collision_management/include/collision_management/collision_management
-- Up-to-date: /home/phy_ai/.ihub/daksha/install/collision_management/include/collision_management/collision_management/srv
-- Up-to-date: /home/phy_ai/.ihub/daksha/install/collision_management/include/collision_management/collision_management/srv/detail
-- Installing: /home/phy_ai/.ihub/daksha/install/collision_management/include/collision_management/collision_management/srv/detail/get_collision_status__type_support.cpp
-- Installing: /home/phy_ai/.ihub/daksha/install/collision_management/include/collision_management/collision_management/srv/detail/get_collision_status__rosidl_typesupport_introspection_cpp.hpp
-- Installing: /home/phy_ai/.ihub/daksha/install/collision_management/lib/libcollision_management__rosidl_typesupport_introspection_cpp.so
-- Set runtime path of "/home/phy_ai/.ihub/daksha/install/collision_management/lib/libcollision_management__rosidl_typesupport_introspection_cpp.so" to ""
-- Installing: /home/phy_ai/.ihub/daksha/install/collision_management/lib/libcollision_management__rosidl_typesupport_cpp.so
-- Set runtime path of "/home/phy_ai/.ihub/daksha/install/collision_management/lib/libcollision_management__rosidl_typesupport_cpp.so" to ""
-- Installing: /home/phy_ai/.ihub/daksha/install/collision_management/share/collision_management/environment/pythonpath.sh
-- Installing: /home/phy_ai/.ihub/daksha/install/collision_management/share/collision_management/environment/pythonpath.dsv
-- Installing: /home/phy_ai/.ihub/daksha/install/collision_management/local/lib/python3.10/dist-packages/collision_management-0.0.1-py3.10.egg-info
-- Installing: /home/phy_ai/.ihub/daksha/install/collision_management/local/lib/python3.10/dist-packages/collision_management-0.0.1-py3.10.egg-info/SOURCES.txt
-- Installing: /home/phy_ai/.ihub/daksha/install/collision_management/local/lib/python3.10/dist-packages/collision_management-0.0.1-py3.10.egg-info/top_level.txt
-- Installing: /home/phy_ai/.ihub/daksha/install/collision_management/local/lib/python3.10/dist-packages/collision_management-0.0.1-py3.10.egg-info/PKG-INFO
-- Installing: /home/phy_ai/.ihub/daksha/install/collision_management/local/lib/python3.10/dist-packages/collision_management-0.0.1-py3.10.egg-info/dependency_links.txt
-- Installing: /home/phy_ai/.ihub/daksha/install/collision_management/local/lib/python3.10/dist-packages/collision_management
-- Installing: /home/phy_ai/.ihub/daksha/install/collision_management/local/lib/python3.10/dist-packages/collision_management/srv
-- Installing: /home/phy_ai/.ihub/daksha/install/collision_management/local/lib/python3.10/dist-packages/collision_management/srv/_get_collision_status_s.c
-- Installing: /home/phy_ai/.ihub/daksha/install/collision_management/local/lib/python3.10/dist-packages/collision_management/srv/__init__.py
-- Installing: /home/phy_ai/.ihub/daksha/install/collision_management/local/lib/python3.10/dist-packages/collision_management/srv/_get_collision_status.py
-- Installing: /home/phy_ai/.ihub/daksha/install/collision_management/local/lib/python3.10/dist-packages/collision_management/libcollision_management__rosidl_generator_py.so
-- Installing: /home/phy_ai/.ihub/daksha/install/collision_management/local/lib/python3.10/dist-packages/collision_management/_collision_management_s.ep.rosidl_typesupport_c.c
-- Installing: /home/phy_ai/.ihub/daksha/install/collision_management/local/lib/python3.10/dist-packages/collision_management/_collision_management_s.ep.rosidl_typesupport_fastrtps_c.c
-- Installing: /home/phy_ai/.ihub/daksha/install/collision_management/local/lib/python3.10/dist-packages/collision_management/__init__.py
-- Installing: /home/phy_ai/.ihub/daksha/install/collision_management/local/lib/python3.10/dist-packages/collision_management/_collision_management_s.ep.rosidl_typesupport_introspection_c.c
-- Installing: /home/phy_ai/.ihub/daksha/install/collision_management/local/lib/python3.10/dist-packages/collision_management/collision_management_s__rosidl_typesupport_c.cpython-310-x86_64-linux-gnu.so
-- Installing: /home/phy_ai/.ihub/daksha/install/collision_management/local/lib/python3.10/dist-packages/collision_management/collision_management_s__rosidl_typesupport_introspection_c.cpython-310-x86_64-linux-gnu.so
-- Installing: /home/phy_ai/.ihub/daksha/install/collision_management/local/lib/python3.10/dist-packages/collision_management/collision_management_s__rosidl_typesupport_fastrtps_c.cpython-310-x86_64-linux-gnu.so
Listing '/home/phy_ai/.ihub/daksha/install/collision_management/local/lib/python3.10/dist-packages/collision_management'...
Compiling '/home/phy_ai/.ihub/daksha/install/collision_management/local/lib/python3.10/dist-packages/collision_management/__init__.py'...
Listing '/home/phy_ai/.ihub/daksha/install/collision_management/local/lib/python3.10/dist-packages/collision_management/srv'...
Compiling '/home/phy_ai/.ihub/daksha/install/collision_management/local/lib/python3.10/dist-packages/collision_management/srv/__init__.py'...
Compiling '/home/phy_ai/.ihub/daksha/install/collision_management/local/lib/python3.10/dist-packages/collision_management/srv/_get_collision_status.py'...
-- Installing: /home/phy_ai/.ihub/daksha/install/collision_management/local/lib/python3.10/dist-packages/collision_management/collision_management_s__rosidl_typesupport_fastrtps_c.cpython-310-x86_64-linux-gnu.so
-- Set runtime path of "/home/phy_ai/.ihub/daksha/install/collision_management/local/lib/python3.10/dist-packages/collision_management/collision_management_s__rosidl_typesupport_fastrtps_c.cpython-310-x86_64-linux-gnu.so" to ""
-- Installing: /home/phy_ai/.ihub/daksha/install/collision_management/local/lib/python3.10/dist-packages/collision_management/collision_management_s__rosidl_typesupport_introspection_c.cpython-310-x86_64-linux-gnu.so
-- Set runtime path of "/home/phy_ai/.ihub/daksha/install/collision_management/local/lib/python3.10/dist-packages/collision_management/collision_management_s__rosidl_typesupport_introspection_c.cpython-310-x86_64-linux-gnu.so" to ""
-- Installing: /home/phy_ai/.ihub/daksha/install/collision_management/local/lib/python3.10/dist-packages/collision_management/collision_management_s__rosidl_typesupport_c.cpython-310-x86_64-linux-gnu.so
-- Set runtime path of "/home/phy_ai/.ihub/daksha/install/collision_management/local/lib/python3.10/dist-packages/collision_management/collision_management_s__rosidl_typesupport_c.cpython-310-x86_64-linux-gnu.so" to ""
-- Installing: /home/phy_ai/.ihub/daksha/install/collision_management/lib/libcollision_management__rosidl_generator_py.so
-- Set runtime path of "/home/phy_ai/.ihub/daksha/install/collision_management/lib/libcollision_management__rosidl_generator_py.so" to ""
-- Installing: /home/phy_ai/.ihub/daksha/install/collision_management/share/ament_index/resource_index/rust_packages/collision_management
-- Installing: /home/phy_ai/.ihub/daksha/install/collision_management/share/collision_management/rust
-- Installing: /home/phy_ai/.ihub/daksha/install/collision_management/share/collision_management/rust/build.rs
-- Installing: /home/phy_ai/.ihub/daksha/install/collision_management/share/collision_management/rust/src
-- Installing: /home/phy_ai/.ihub/daksha/install/collision_management/share/collision_management/rust/src/srv
-- Installing: /home/phy_ai/.ihub/daksha/install/collision_management/share/collision_management/rust/src/srv/rmw.rs
-- Installing: /home/phy_ai/.ihub/daksha/install/collision_management/share/collision_management/rust/src/lib.rs
-- Installing: /home/phy_ai/.ihub/daksha/install/collision_management/share/collision_management/rust/src/srv.rs
-- Installing: /home/phy_ai/.ihub/daksha/install/collision_management/share/collision_management/rust/Cargo.toml
-- Installing: /home/phy_ai/.ihub/daksha/install/collision_management/share/collision_management/srv/GetCollisionStatus.idl
-- Installing: /home/phy_ai/.ihub/daksha/install/collision_management/share/collision_management/srv/GetCollisionStatus.srv
-- Installing: /home/phy_ai/.ihub/daksha/install/collision_management/share/collision_management/srv/GetCollisionStatus_Request.msg
-- Installing: /home/phy_ai/.ihub/daksha/install/collision_management/share/collision_management/srv/GetCollisionStatus_Response.msg
-- Installing: /home/phy_ai/.ihub/daksha/install/collision_management/lib/collision_management/collision_guard_node.py
-- Installing: /home/phy_ai/.ihub/daksha/install/collision_management/share/collision_management/launch
-- Installing: /home/phy_ai/.ihub/daksha/install/collision_management/share/collision_management/launch/collision_management.launch.py
-- Installing: /home/phy_ai/.ihub/daksha/install/collision_management/share/ament_index/resource_index/package_run_dependencies/collision_management
-- Installing: /home/phy_ai/.ihub/daksha/install/collision_management/share/ament_index/resource_index/parent_prefix_path/collision_management
-- Installing: /home/phy_ai/.ihub/daksha/install/collision_management/share/collision_management/environment/ament_prefix_path.sh
-- Installing: /home/phy_ai/.ihub/daksha/install/collision_management/share/collision_management/environment/ament_prefix_path.dsv
-- Installing: /home/phy_ai/.ihub/daksha/install/collision_management/share/collision_management/environment/path.sh
-- Installing: /home/phy_ai/.ihub/daksha/install/collision_management/share/collision_management/environment/path.dsv
-- Installing: /home/phy_ai/.ihub/daksha/install/collision_management/share/collision_management/local_setup.bash
-- Installing: /home/phy_ai/.ihub/daksha/install/collision_management/share/collision_management/local_setup.sh
-- Installing: /home/phy_ai/.ihub/daksha/install/collision_management/share/collision_management/local_setup.zsh
-- Installing: /home/phy_ai/.ihub/daksha/install/collision_management/share/collision_management/local_setup.dsv
-- Installing: /home/phy_ai/.ihub/daksha/install/collision_management/share/collision_management/package.dsv
-- Installing: /home/phy_ai/.ihub/daksha/install/collision_management/share/ament_index/resource_index/packages/collision_management
-- Installing: /home/phy_ai/.ihub/daksha/install/collision_management/share/collision_management/cmake/export_collision_management__rosidl_generator_cExport.cmake
-- Installing: /home/phy_ai/.ihub/daksha/install/collision_management/share/collision_management/cmake/export_collision_management__rosidl_generator_cExport-noconfig.cmake
-- Installing: /home/phy_ai/.ihub/daksha/install/collision_management/share/collision_management/cmake/export_collision_management__rosidl_typesupport_fastrtps_cExport.cmake
-- Installing: /home/phy_ai/.ihub/daksha/install/collision_management/share/collision_management/cmake/export_collision_management__rosidl_typesupport_fastrtps_cExport-noconfig.cmake
-- Installing: /home/phy_ai/.ihub/daksha/install/collision_management/share/collision_management/cmake/export_collision_management__rosidl_generator_cppExport.cmake
-- Installing: /home/phy_ai/.ihub/daksha/install/collision_management/share/collision_management/cmake/export_collision_management__rosidl_typesupport_fastrtps_cppExport.cmake
-- Installing: /home/phy_ai/.ihub/daksha/install/collision_management/share/collision_management/cmake/export_collision_management__rosidl_typesupport_fastrtps_cppExport-noconfig.cmake
-- Installing: /home/phy_ai/.ihub/daksha/install/collision_management/share/collision_management/cmake/collision_management__rosidl_typesupport_introspection_cExport.cmake
-- Installing: /home/phy_ai/.ihub/daksha/install/collision_management/share/collision_management/cmake/collision_management__rosidl_typesupport_introspection_cExport-noconfig.cmake
-- Installing: /home/phy_ai/.ihub/daksha/install/collision_management/share/collision_management/cmake/collision_management__rosidl_typesupport_cExport.cmake
-- Installing: /home/phy_ai/.ihub/daksha/install/collision_management/share/collision_management/cmake/collision_management__rosidl_typesupport_cExport-noconfig.cmake
-- Installing: /home/phy_ai/.ihub/daksha/install/collision_management/share/collision_management/cmake/collision_management__rosidl_typesupport_introspection_cppExport.cmake
-- Installing: /home/phy_ai/.ihub/daksha/install/collision_management/share/collision_management/cmake/collision_management__rosidl_typesupport_introspection_cppExport-noconfig.cmake
-- Installing: /home/phy_ai/.ihub/daksha/install/collision_management/share/collision_management/cmake/collision_management__rosidl_typesupport_cppExport.cmake
-- Installing: /home/phy_ai/.ihub/daksha/install/collision_management/share/collision_management/cmake/collision_management__rosidl_typesupport_cppExport-noconfig.cmake
-- Installing: /home/phy_ai/.ihub/daksha/install/collision_management/share/collision_management/cmake/export_collision_management__rosidl_generator_pyExport.cmake
-- Installing: /home/phy_ai/.ihub/daksha/install/collision_management/share/collision_management/cmake/export_collision_management__rosidl_generator_pyExport-noconfig.cmake
-- Installing: /home/phy_ai/.ihub/daksha/install/collision_management/share/collision_management/cmake/rosidl_cmake-extras.cmake
-- Installing: /home/phy_ai/.ihub/daksha/install/collision_management/share/collision_management/cmake/ament_cmake_export_dependencies-extras.cmake
-- Installing: /home/phy_ai/.ihub/daksha/install/collision_management/share/collision_management/cmake/ament_cmake_export_include_directories-extras.cmake
-- Installing: /home/phy_ai/.ihub/daksha/install/collision_management/share/collision_management/cmake/ament_cmake_export_libraries-extras.cmake
-- Installing: /home/phy_ai/.ihub/daksha/install/collision_management/share/collision_management/cmake/ament_cmake_export_targets-extras.cmake
-- Installing: /home/phy_ai/.ihub/daksha/install/collision_management/share/collision_management/cmake/rosidl_cmake_export_typesupport_targets-extras.cmake
-- Installing: /home/phy_ai/.ihub/daksha/install/collision_management/share/collision_management/cmake/rosidl_cmake_export_typesupport_libraries-extras.cmake
-- Installing: /home/phy_ai/.ihub/daksha/install/collision_management/share/collision_management/cmake/rosidl_cmake_aggregate_target-extras.cmake
-- Installing: /home/phy_ai/.ihub/daksha/install/collision_management/share/collision_management/cmake/collision_managementConfig.cmake
-- Installing: /home/phy_ai/.ihub/daksha/install/collision_management/share/collision_management/cmake/collision_managementConfig-version.cmake
-- Installing: /home/phy_ai/.ihub/daksha/install/collision_management/share/collision_management/package.xml
