[0.652s] Invoking command in '/home/phy_ai/.ihub/daksha/build/collision_management': AMENT_PREFIX_PATH=/home/phy_ai/.ihub/daksha/install/kinematics:/home/phy_ai/.ihub/daksha/install/daksha_description_full_body:${AMENT_PREFIX_PATH} CMAKE_PREFIX_PATH=${CMAKE_PREFIX_PATH}:/home/phy_ai/.barani/gen2_full/install/world_camera_launch:/home/phy_ai/.barani/gen2_full/install/gen2:/home/phy_ai/.barani/gen2_full/install/vr_teleop:/home/phy_ai/.barani/gen2_full/install/ros_tcp_endpoint:/home/phy_ai/.barani/gen2_full/install/nav_bringup:/home/phy_ai/.barani/gen2_full/install/nav2_config:/home/phy_ai/.barani/gen2_full/install/kinematics:/home/phy_ai/.barani/gen2_full/install/joint_cmd_logger:/home/phy_ai/.barani/gen2_full/install/joint_analyzer:/home/phy_ai/.barani/gen2_full/install/daksha_data_collection:/home/phy_ai/.barani/gen2_full/install/gen2_leader:/home/phy_ai/.barani/gen2_full/install/amr_bringup:/home/phy_ai/.barani/gen2_full/install/daksha_final_urdf_description:/home/phy_ai/.barani/gen2_full/install/daksha_description_full_body:/home/phy_ai/.barani/gen2_full/install/daksha_base_urdf:/home/phy_ai/.barani/gen2_full/install/daksha_api_bridge_leader:/home/phy_ai/.barani/gen2_full/install/daksha_api_bridge_follower:/opt/ros/humble PYTHONPATH=/home/phy_ai/.ihub/daksha/install/kinematics/lib/python3.10/site-packages:/home/phy_ai/.ihub/daksha/install/daksha_description_full_body/lib/python3.10/site-packages:${PYTHONPATH} /usr/bin/cmake /home/phy_ai/.ihub/daksha/src/controllers/collision_management -DCMAKE_INSTALL_PREFIX=/home/phy_ai/.ihub/daksha/install/collision_management
[1.442s] -- The C compiler identification is GNU 11.4.0
[1.446s] -- The CXX compiler identification is GNU 11.4.0
[1.446s] -- Detecting C compiler ABI info
[1.446s] -- Detecting C compiler ABI info - done
[1.446s] -- Check for working C compiler: /usr/bin/cc - skipped
[1.446s] -- Detecting C compile features
[1.446s] -- Detecting C compile features - done
[1.446s] -- Detecting CXX compiler ABI info
[1.446s] -- Detecting CXX compiler ABI info - done
[1.462s] -- Check for working CXX compiler: /usr/bin/c++ - skipped
[1.463s] -- Detecting CXX compile features
[1.463s] -- Detecting CXX compile features - done
[1.475s] -- Found ament_cmake: 1.3.14 (/opt/ros/humble/share/ament_cmake/cmake)
[2.218s] -- Found Python3: /usr/bin/python3 (found version "3.10.12") found components: Interpreter 
[2.657s] -- Found rclpy: 3.3.21 (/opt/ros/humble/share/rclpy/cmake)
[2.668s] -- Found sensor_msgs: 4.9.2 (/opt/ros/humble/share/sensor_msgs/cmake)
[2.801s] -- Found rosidl_generator_c: 3.1.9 (/opt/ros/humble/share/rosidl_generator_c/cmake)
[2.821s] -- Found rosidl_adapter: 3.1.9 (/opt/ros/humble/share/rosidl_adapter/cmake)
[2.853s] -- Found rosidl_generator_cpp: 3.1.9 (/opt/ros/humble/share/rosidl_generator_cpp/cmake)
[2.893s] -- Using all available rosidl_typesupport_c: rosidl_typesupport_fastrtps_c;rosidl_typesupport_introspection_c
[2.952s] -- Using all available rosidl_typesupport_cpp: rosidl_typesupport_fastrtps_cpp;rosidl_typesupport_introspection_cpp
[3.306s] -- Found rosidl_default_generators: 1.2.1 (/opt/ros/humble/share/rosidl_default_generators/cmake)
[5.053s] -- Found ament_cmake_ros: 0.10.0 (/opt/ros/humble/share/ament_cmake_ros/cmake)
[7.299s] -- Using all available rosidl_typesupport_c: rosidl_typesupport_fastrtps_c;rosidl_typesupport_introspection_c
[8.295s] -- Using all available rosidl_typesupport_cpp: rosidl_typesupport_fastrtps_cpp;rosidl_typesupport_introspection_cpp
[8.349s] -- Found PythonInterp: /usr/bin/python3 (found suitable version "3.10.12", minimum required is "3.6") 
[8.355s] -- Found python_cmake_module: 0.10.0 (/opt/ros/humble/share/python_cmake_module/cmake)
[8.419s] -- Found PythonLibs: /usr/lib/x86_64-linux-gnu/libpython3.10.so (found suitable version "3.10.12", minimum required is "3.5") 
[8.419s] -- Using PYTHON_EXECUTABLE: /usr/bin/python3
[8.419s] -- Using PYTHON_INCLUDE_DIRS: /usr/include/python3.10
[8.419s] -- Using PYTHON_LIBRARIES: /usr/lib/x86_64-linux-gnu/libpython3.10.so
[8.471s] -- Found PythonExtra: .so  
[8.809s] -- Configuring done
[8.876s] -- Generating done
[8.897s] -- Build files have been written to: /home/phy_ai/.ihub/daksha/build/collision_management
[8.916s] Invoked command in '/home/phy_ai/.ihub/daksha/build/collision_management' returned '0': AMENT_PREFIX_PATH=/home/phy_ai/.ihub/daksha/install/kinematics:/home/phy_ai/.ihub/daksha/install/daksha_description_full_body:${AMENT_PREFIX_PATH} CMAKE_PREFIX_PATH=${CMAKE_PREFIX_PATH}:/home/phy_ai/.barani/gen2_full/install/world_camera_launch:/home/phy_ai/.barani/gen2_full/install/gen2:/home/phy_ai/.barani/gen2_full/install/vr_teleop:/home/phy_ai/.barani/gen2_full/install/ros_tcp_endpoint:/home/phy_ai/.barani/gen2_full/install/nav_bringup:/home/phy_ai/.barani/gen2_full/install/nav2_config:/home/phy_ai/.barani/gen2_full/install/kinematics:/home/phy_ai/.barani/gen2_full/install/joint_cmd_logger:/home/phy_ai/.barani/gen2_full/install/joint_analyzer:/home/phy_ai/.barani/gen2_full/install/daksha_data_collection:/home/phy_ai/.barani/gen2_full/install/gen2_leader:/home/phy_ai/.barani/gen2_full/install/amr_bringup:/home/phy_ai/.barani/gen2_full/install/daksha_final_urdf_description:/home/phy_ai/.barani/gen2_full/install/daksha_description_full_body:/home/phy_ai/.barani/gen2_full/install/daksha_base_urdf:/home/phy_ai/.barani/gen2_full/install/daksha_api_bridge_leader:/home/phy_ai/.barani/gen2_full/install/daksha_api_bridge_follower:/opt/ros/humble PYTHONPATH=/home/phy_ai/.ihub/daksha/install/kinematics/lib/python3.10/site-packages:/home/phy_ai/.ihub/daksha/install/daksha_description_full_body/lib/python3.10/site-packages:${PYTHONPATH} /usr/bin/cmake /home/phy_ai/.ihub/daksha/src/controllers/collision_management -DCMAKE_INSTALL_PREFIX=/home/phy_ai/.ihub/daksha/install/collision_management
[8.919s] Invoking command in '/home/phy_ai/.ihub/daksha/build/collision_management': AMENT_PREFIX_PATH=/home/phy_ai/.ihub/daksha/install/kinematics:/home/phy_ai/.ihub/daksha/install/daksha_description_full_body:${AMENT_PREFIX_PATH} CMAKE_PREFIX_PATH=${CMAKE_PREFIX_PATH}:/home/phy_ai/.barani/gen2_full/install/world_camera_launch:/home/phy_ai/.barani/gen2_full/install/gen2:/home/phy_ai/.barani/gen2_full/install/vr_teleop:/home/phy_ai/.barani/gen2_full/install/ros_tcp_endpoint:/home/phy_ai/.barani/gen2_full/install/nav_bringup:/home/phy_ai/.barani/gen2_full/install/nav2_config:/home/phy_ai/.barani/gen2_full/install/kinematics:/home/phy_ai/.barani/gen2_full/install/joint_cmd_logger:/home/phy_ai/.barani/gen2_full/install/joint_analyzer:/home/phy_ai/.barani/gen2_full/install/daksha_data_collection:/home/phy_ai/.barani/gen2_full/install/gen2_leader:/home/phy_ai/.barani/gen2_full/install/amr_bringup:/home/phy_ai/.barani/gen2_full/install/daksha_final_urdf_description:/home/phy_ai/.barani/gen2_full/install/daksha_description_full_body:/home/phy_ai/.barani/gen2_full/install/daksha_base_urdf:/home/phy_ai/.barani/gen2_full/install/daksha_api_bridge_leader:/home/phy_ai/.barani/gen2_full/install/daksha_api_bridge_follower:/opt/ros/humble PYTHONPATH=/home/phy_ai/.ihub/daksha/install/kinematics/lib/python3.10/site-packages:/home/phy_ai/.ihub/daksha/install/daksha_description_full_body/lib/python3.10/site-packages:${PYTHONPATH} /usr/bin/cmake --build /home/phy_ai/.ihub/daksha/build/collision_management -- -j16 -l16
[8.983s] [  3%] [34m[1mGenerating C code for ROS interfaces[0m
[8.999s] [  6%] [34m[1mGenerating Rust code for ROS interfaces[0m
[9.000s] [  9%] [34m[1mGenerating C++ code for ROS interfaces[0m
[9.021s] [  9%] Built target ament_cmake_python_copy_collision_management
[9.419s] [ 12%] [32mBuilding C object CMakeFiles/collision_management__rosidl_generator_c.dir/rosidl_generator_c/collision_management/srv/detail/get_collision_status__functions.c.o[0m
[9.503s] [ 12%] Built target collision_management__rs
[9.530s] [ 12%] Built target collision_management__cpp
[9.530s] [ 15%] [32m[1mLinking C shared library libcollision_management__rosidl_generator_c.so[0m
[9.533s] running egg_info
[9.534s] creating collision_management.egg-info
[9.535s] writing collision_management.egg-info/PKG-INFO
[9.535s] writing dependency_links to collision_management.egg-info/dependency_links.txt
[9.535s] writing top-level names to collision_management.egg-info/top_level.txt
[9.536s] writing manifest file 'collision_management.egg-info/SOURCES.txt'
[9.541s] reading manifest file 'collision_management.egg-info/SOURCES.txt'
[9.543s] writing manifest file 'collision_management.egg-info/SOURCES.txt'
[9.549s] [ 18%] [34m[1mGenerating C++ type support for eProsima Fast-RTPS[0m
[9.550s] [ 21%] [34m[1mGenerating C++ introspection for ROS interfaces[0m
[9.551s] [ 25%] [34m[1mGenerating C++ type support dispatch for ROS interfaces[0m
[9.619s] [ 25%] Built target collision_management__rosidl_generator_c
[9.643s] [ 34%] [34m[1mGenerating C type support for eProsima Fast-RTPS[0m
[9.644s] [ 34%] [34m[1mGenerating C type support dispatch for ROS interfaces[0m
[9.644s] [ 34%] Built target ament_cmake_python_build_collision_management_egg
[9.644s] [ 34%] [34m[1mGenerating C introspection for ROS interfaces[0m
[9.967s] [ 37%] [32mBuilding CXX object CMakeFiles/collision_management__rosidl_typesupport_fastrtps_cpp.dir/rosidl_typesupport_fastrtps_cpp/collision_management/srv/detail/dds_fastrtps/get_collision_status__type_support.cpp.o[0m
[9.993s] [ 40%] [32mBuilding CXX object CMakeFiles/collision_management__rosidl_typesupport_introspection_cpp.dir/rosidl_typesupport_introspection_cpp/collision_management/srv/detail/get_collision_status__type_support.cpp.o[0m
[10.094s] [ 43%] [32mBuilding CXX object CMakeFiles/collision_management__rosidl_typesupport_cpp.dir/rosidl_typesupport_cpp/collision_management/srv/get_collision_status__type_support.cpp.o[0m
[10.185s] [ 46%] [32mBuilding CXX object CMakeFiles/collision_management__rosidl_typesupport_c.dir/rosidl_typesupport_c/collision_management/srv/get_collision_status__type_support.cpp.o[0m
[10.230s] [ 50%] [32mBuilding C object CMakeFiles/collision_management__rosidl_typesupport_introspection_c.dir/rosidl_typesupport_introspection_c/collision_management/srv/detail/get_collision_status__type_support.c.o[0m
[10.263s] [ 53%] [32m[1mLinking CXX shared library libcollision_management__rosidl_typesupport_c.so[0m
[10.269s] [ 56%] [32mBuilding CXX object CMakeFiles/collision_management__rosidl_typesupport_fastrtps_c.dir/rosidl_typesupport_fastrtps_c/collision_management/srv/detail/get_collision_status__type_support_c.cpp.o[0m
[10.320s] [ 59%] [32m[1mLinking C shared library libcollision_management__rosidl_typesupport_introspection_c.so[0m
[10.377s] [ 59%] Built target collision_management__rosidl_typesupport_c
[10.425s] [ 59%] Built target collision_management__rosidl_typesupport_introspection_c
[10.566s] [ 62%] [32m[1mLinking CXX shared library libcollision_management__rosidl_typesupport_cpp.so[0m
[10.637s] [ 62%] Built target collision_management__rosidl_typesupport_cpp
[10.642s] [ 65%] [32m[1mLinking CXX shared library libcollision_management__rosidl_typesupport_introspection_cpp.so[0m
[10.773s] [ 65%] Built target collision_management__rosidl_typesupport_introspection_cpp
[10.786s] [ 68%] [32m[1mLinking CXX shared library libcollision_management__rosidl_typesupport_fastrtps_cpp.so[0m
[10.830s] [ 71%] [32m[1mLinking CXX shared library libcollision_management__rosidl_typesupport_fastrtps_c.so[0m
[11.007s] [ 71%] Built target collision_management__rosidl_typesupport_fastrtps_cpp
[11.026s] [ 71%] Built target collision_management__rosidl_typesupport_fastrtps_c
[11.059s] [ 71%] Built target collision_management
[11.091s] [ 75%] [34m[1mGenerating Python code for ROS interfaces[0m
[11.495s] [ 75%] Built target collision_management__py
[11.528s] [ 78%] [32mBuilding C object CMakeFiles/collision_management__rosidl_generator_py.dir/rosidl_generator_py/collision_management/srv/_get_collision_status_s.c.o[0m
[11.658s] [ 81%] [32m[1mLinking C shared library rosidl_generator_py/collision_management/libcollision_management__rosidl_generator_py.so[0m
[11.730s] [ 81%] Built target collision_management__rosidl_generator_py
[11.763s] [ 84%] [32mBuilding C object CMakeFiles/collision_management__rosidl_typesupport_fastrtps_c__pyext.dir/rosidl_generator_py/collision_management/_collision_management_s.ep.rosidl_typesupport_fastrtps_c.c.o[0m
[11.765s] [ 90%] [32mBuilding C object CMakeFiles/collision_management__rosidl_typesupport_c__pyext.dir/rosidl_generator_py/collision_management/_collision_management_s.ep.rosidl_typesupport_c.c.o[0m
[11.765s] [ 90%] [32mBuilding C object CMakeFiles/collision_management__rosidl_typesupport_introspection_c__pyext.dir/rosidl_generator_py/collision_management/_collision_management_s.ep.rosidl_typesupport_introspection_c.c.o[0m
[11.899s] [ 93%] [32m[1mLinking C shared library rosidl_generator_py/collision_management/collision_management_s__rosidl_typesupport_introspection_c.cpython-310-x86_64-linux-gnu.so[0m
[11.900s] [100%] [32m[1mLinking C shared library rosidl_generator_py/collision_management/collision_management_s__rosidl_typesupport_c.cpython-310-x86_64-linux-gnu.so[0m
[11.900s] [100%] [32m[1mLinking C shared library rosidl_generator_py/collision_management/collision_management_s__rosidl_typesupport_fastrtps_c.cpython-310-x86_64-linux-gnu.so[0m
[11.962s] [100%] Built target collision_management__rosidl_typesupport_c__pyext
[11.966s] [100%] Built target collision_management__rosidl_typesupport_fastrtps_c__pyext
[11.971s] [100%] Built target collision_management__rosidl_typesupport_introspection_c__pyext
[11.990s] Invoked command in '/home/phy_ai/.ihub/daksha/build/collision_management' returned '0': AMENT_PREFIX_PATH=/home/phy_ai/.ihub/daksha/install/kinematics:/home/phy_ai/.ihub/daksha/install/daksha_description_full_body:${AMENT_PREFIX_PATH} CMAKE_PREFIX_PATH=${CMAKE_PREFIX_PATH}:/home/phy_ai/.barani/gen2_full/install/world_camera_launch:/home/phy_ai/.barani/gen2_full/install/gen2:/home/phy_ai/.barani/gen2_full/install/vr_teleop:/home/phy_ai/.barani/gen2_full/install/ros_tcp_endpoint:/home/phy_ai/.barani/gen2_full/install/nav_bringup:/home/phy_ai/.barani/gen2_full/install/nav2_config:/home/phy_ai/.barani/gen2_full/install/kinematics:/home/phy_ai/.barani/gen2_full/install/joint_cmd_logger:/home/phy_ai/.barani/gen2_full/install/joint_analyzer:/home/phy_ai/.barani/gen2_full/install/daksha_data_collection:/home/phy_ai/.barani/gen2_full/install/gen2_leader:/home/phy_ai/.barani/gen2_full/install/amr_bringup:/home/phy_ai/.barani/gen2_full/install/daksha_final_urdf_description:/home/phy_ai/.barani/gen2_full/install/daksha_description_full_body:/home/phy_ai/.barani/gen2_full/install/daksha_base_urdf:/home/phy_ai/.barani/gen2_full/install/daksha_api_bridge_leader:/home/phy_ai/.barani/gen2_full/install/daksha_api_bridge_follower:/opt/ros/humble PYTHONPATH=/home/phy_ai/.ihub/daksha/install/kinematics/lib/python3.10/site-packages:/home/phy_ai/.ihub/daksha/install/daksha_description_full_body/lib/python3.10/site-packages:${PYTHONPATH} /usr/bin/cmake --build /home/phy_ai/.ihub/daksha/build/collision_management -- -j16 -l16
[11.993s] Invoking command in '/home/phy_ai/.ihub/daksha/build/collision_management': AMENT_PREFIX_PATH=/home/phy_ai/.ihub/daksha/install/kinematics:/home/phy_ai/.ihub/daksha/install/daksha_description_full_body:${AMENT_PREFIX_PATH} CMAKE_PREFIX_PATH=${CMAKE_PREFIX_PATH}:/home/phy_ai/.barani/gen2_full/install/world_camera_launch:/home/phy_ai/.barani/gen2_full/install/gen2:/home/phy_ai/.barani/gen2_full/install/vr_teleop:/home/phy_ai/.barani/gen2_full/install/ros_tcp_endpoint:/home/phy_ai/.barani/gen2_full/install/nav_bringup:/home/phy_ai/.barani/gen2_full/install/nav2_config:/home/phy_ai/.barani/gen2_full/install/kinematics:/home/phy_ai/.barani/gen2_full/install/joint_cmd_logger:/home/phy_ai/.barani/gen2_full/install/joint_analyzer:/home/phy_ai/.barani/gen2_full/install/daksha_data_collection:/home/phy_ai/.barani/gen2_full/install/gen2_leader:/home/phy_ai/.barani/gen2_full/install/amr_bringup:/home/phy_ai/.barani/gen2_full/install/daksha_final_urdf_description:/home/phy_ai/.barani/gen2_full/install/daksha_description_full_body:/home/phy_ai/.barani/gen2_full/install/daksha_base_urdf:/home/phy_ai/.barani/gen2_full/install/daksha_api_bridge_leader:/home/phy_ai/.barani/gen2_full/install/daksha_api_bridge_follower:/opt/ros/humble PYTHONPATH=/home/phy_ai/.ihub/daksha/install/kinematics/lib/python3.10/site-packages:/home/phy_ai/.ihub/daksha/install/daksha_description_full_body/lib/python3.10/site-packages:${PYTHONPATH} /usr/bin/cmake --install /home/phy_ai/.ihub/daksha/build/collision_management
[12.002s] -- Install configuration: ""
[12.003s] -- Installing: /home/phy_ai/.ihub/daksha/install/collision_management/share/ament_index/resource_index/rosidl_interfaces/collision_management
[12.003s] -- Installing: /home/phy_ai/.ihub/daksha/install/collision_management/include/collision_management/collision_management
[12.003s] -- Installing: /home/phy_ai/.ihub/daksha/install/collision_management/include/collision_management/collision_management/srv
[12.003s] -- Installing: /home/phy_ai/.ihub/daksha/install/collision_management/include/collision_management/collision_management/srv/detail
[12.003s] -- Installing: /home/phy_ai/.ihub/daksha/install/collision_management/include/collision_management/collision_management/srv/detail/get_collision_status__functions.c
[12.003s] -- Installing: /home/phy_ai/.ihub/daksha/install/collision_management/include/collision_management/collision_management/srv/detail/get_collision_status__struct.h
[12.004s] -- Installing: /home/phy_ai/.ihub/daksha/install/collision_management/include/collision_management/collision_management/srv/detail/get_collision_status__functions.h
[12.004s] -- Installing: /home/phy_ai/.ihub/daksha/install/collision_management/include/collision_management/collision_management/srv/detail/get_collision_status__type_support.h
[12.004s] -- Installing: /home/phy_ai/.ihub/daksha/install/collision_management/include/collision_management/collision_management/srv/get_collision_status.h
[12.004s] -- Installing: /home/phy_ai/.ihub/daksha/install/collision_management/include/collision_management/collision_management/msg
[12.005s] -- Installing: /home/phy_ai/.ihub/daksha/install/collision_management/include/collision_management/collision_management/msg/rosidl_generator_c__visibility_control.h
[12.005s] -- Installing: /home/phy_ai/.ihub/daksha/install/collision_management/share/collision_management/environment/library_path.sh
[12.005s] -- Installing: /home/phy_ai/.ihub/daksha/install/collision_management/share/collision_management/environment/library_path.dsv
[12.005s] -- Installing: /home/phy_ai/.ihub/daksha/install/collision_management/lib/libcollision_management__rosidl_generator_c.so
[12.006s] -- Set runtime path of "/home/phy_ai/.ihub/daksha/install/collision_management/lib/libcollision_management__rosidl_generator_c.so" to ""
[12.006s] -- Up-to-date: /home/phy_ai/.ihub/daksha/install/collision_management/include/collision_management/collision_management
[12.006s] -- Up-to-date: /home/phy_ai/.ihub/daksha/install/collision_management/include/collision_management/collision_management/srv
[12.006s] -- Up-to-date: /home/phy_ai/.ihub/daksha/install/collision_management/include/collision_management/collision_management/srv/detail
[12.006s] -- Installing: /home/phy_ai/.ihub/daksha/install/collision_management/include/collision_management/collision_management/srv/detail/get_collision_status__rosidl_typesupport_fastrtps_c.h
[12.006s] -- Up-to-date: /home/phy_ai/.ihub/daksha/install/collision_management/include/collision_management/collision_management/msg
[12.006s] -- Installing: /home/phy_ai/.ihub/daksha/install/collision_management/include/collision_management/collision_management/msg/rosidl_typesupport_fastrtps_c__visibility_control.h
[12.007s] -- Installing: /home/phy_ai/.ihub/daksha/install/collision_management/lib/libcollision_management__rosidl_typesupport_fastrtps_c.so
[12.007s] -- Set runtime path of "/home/phy_ai/.ihub/daksha/install/collision_management/lib/libcollision_management__rosidl_typesupport_fastrtps_c.so" to ""
[12.007s] -- Up-to-date: /home/phy_ai/.ihub/daksha/install/collision_management/include/collision_management/collision_management
[12.007s] -- Up-to-date: /home/phy_ai/.ihub/daksha/install/collision_management/include/collision_management/collision_management/srv
[12.008s] -- Up-to-date: /home/phy_ai/.ihub/daksha/install/collision_management/include/collision_management/collision_management/srv/detail
[12.008s] -- Installing: /home/phy_ai/.ihub/daksha/install/collision_management/include/collision_management/collision_management/srv/detail/get_collision_status__struct.hpp
[12.008s] -- Installing: /home/phy_ai/.ihub/daksha/install/collision_management/include/collision_management/collision_management/srv/detail/get_collision_status__builder.hpp
[12.008s] -- Installing: /home/phy_ai/.ihub/daksha/install/collision_management/include/collision_management/collision_management/srv/detail/get_collision_status__type_support.hpp
[12.008s] -- Installing: /home/phy_ai/.ihub/daksha/install/collision_management/include/collision_management/collision_management/srv/detail/get_collision_status__traits.hpp
[12.008s] -- Installing: /home/phy_ai/.ihub/daksha/install/collision_management/include/collision_management/collision_management/srv/get_collision_status.hpp
[12.008s] -- Up-to-date: /home/phy_ai/.ihub/daksha/install/collision_management/include/collision_management/collision_management/msg
[12.008s] -- Installing: /home/phy_ai/.ihub/daksha/install/collision_management/include/collision_management/collision_management/msg/rosidl_generator_cpp__visibility_control.hpp
[12.009s] -- Up-to-date: /home/phy_ai/.ihub/daksha/install/collision_management/include/collision_management/collision_management
[12.009s] -- Up-to-date: /home/phy_ai/.ihub/daksha/install/collision_management/include/collision_management/collision_management/srv
[12.009s] -- Up-to-date: /home/phy_ai/.ihub/daksha/install/collision_management/include/collision_management/collision_management/srv/detail
[12.009s] -- Installing: /home/phy_ai/.ihub/daksha/install/collision_management/include/collision_management/collision_management/srv/detail/dds_fastrtps
[12.009s] -- Installing: /home/phy_ai/.ihub/daksha/install/collision_management/include/collision_management/collision_management/srv/detail/get_collision_status__rosidl_typesupport_fastrtps_cpp.hpp
[12.009s] -- Up-to-date: /home/phy_ai/.ihub/daksha/install/collision_management/include/collision_management/collision_management/msg
[12.009s] -- Installing: /home/phy_ai/.ihub/daksha/install/collision_management/include/collision_management/collision_management/msg/rosidl_typesupport_fastrtps_cpp__visibility_control.h
[12.010s] -- Installing: /home/phy_ai/.ihub/daksha/install/collision_management/lib/libcollision_management__rosidl_typesupport_fastrtps_cpp.so
[12.010s] -- Set runtime path of "/home/phy_ai/.ihub/daksha/install/collision_management/lib/libcollision_management__rosidl_typesupport_fastrtps_cpp.so" to ""
[12.010s] -- Up-to-date: /home/phy_ai/.ihub/daksha/install/collision_management/include/collision_management/collision_management
[12.010s] -- Up-to-date: /home/phy_ai/.ihub/daksha/install/collision_management/include/collision_management/collision_management/srv
[12.010s] -- Up-to-date: /home/phy_ai/.ihub/daksha/install/collision_management/include/collision_management/collision_management/srv/detail
[12.011s] -- Installing: /home/phy_ai/.ihub/daksha/install/collision_management/include/collision_management/collision_management/srv/detail/get_collision_status__type_support.c
[12.011s] -- Installing: /home/phy_ai/.ihub/daksha/install/collision_management/include/collision_management/collision_management/srv/detail/get_collision_status__rosidl_typesupport_introspection_c.h
[12.011s] -- Up-to-date: /home/phy_ai/.ihub/daksha/install/collision_management/include/collision_management/collision_management/msg
[12.011s] -- Installing: /home/phy_ai/.ihub/daksha/install/collision_management/include/collision_management/collision_management/msg/rosidl_typesupport_introspection_c__visibility_control.h
[12.011s] -- Installing: /home/phy_ai/.ihub/daksha/install/collision_management/lib/libcollision_management__rosidl_typesupport_introspection_c.so
[12.012s] -- Set runtime path of "/home/phy_ai/.ihub/daksha/install/collision_management/lib/libcollision_management__rosidl_typesupport_introspection_c.so" to ""
[12.012s] -- Installing: /home/phy_ai/.ihub/daksha/install/collision_management/lib/libcollision_management__rosidl_typesupport_c.so
[12.012s] -- Set runtime path of "/home/phy_ai/.ihub/daksha/install/collision_management/lib/libcollision_management__rosidl_typesupport_c.so" to ""
[12.012s] -- Up-to-date: /home/phy_ai/.ihub/daksha/install/collision_management/include/collision_management/collision_management
[12.012s] -- Up-to-date: /home/phy_ai/.ihub/daksha/install/collision_management/include/collision_management/collision_management/srv
[12.012s] -- Up-to-date: /home/phy_ai/.ihub/daksha/install/collision_management/include/collision_management/collision_management/srv/detail
[12.013s] -- Installing: /home/phy_ai/.ihub/daksha/install/collision_management/include/collision_management/collision_management/srv/detail/get_collision_status__type_support.cpp
[12.013s] -- Installing: /home/phy_ai/.ihub/daksha/install/collision_management/include/collision_management/collision_management/srv/detail/get_collision_status__rosidl_typesupport_introspection_cpp.hpp
[12.013s] -- Installing: /home/phy_ai/.ihub/daksha/install/collision_management/lib/libcollision_management__rosidl_typesupport_introspection_cpp.so
[12.014s] -- Set runtime path of "/home/phy_ai/.ihub/daksha/install/collision_management/lib/libcollision_management__rosidl_typesupport_introspection_cpp.so" to ""
[12.014s] -- Installing: /home/phy_ai/.ihub/daksha/install/collision_management/lib/libcollision_management__rosidl_typesupport_cpp.so
[12.014s] -- Set runtime path of "/home/phy_ai/.ihub/daksha/install/collision_management/lib/libcollision_management__rosidl_typesupport_cpp.so" to ""
[12.014s] -- Installing: /home/phy_ai/.ihub/daksha/install/collision_management/share/collision_management/environment/pythonpath.sh
[12.015s] -- Installing: /home/phy_ai/.ihub/daksha/install/collision_management/share/collision_management/environment/pythonpath.dsv
[12.015s] -- Installing: /home/phy_ai/.ihub/daksha/install/collision_management/local/lib/python3.10/dist-packages/collision_management-0.0.1-py3.10.egg-info
[12.015s] -- Installing: /home/phy_ai/.ihub/daksha/install/collision_management/local/lib/python3.10/dist-packages/collision_management-0.0.1-py3.10.egg-info/SOURCES.txt
[12.015s] -- Installing: /home/phy_ai/.ihub/daksha/install/collision_management/local/lib/python3.10/dist-packages/collision_management-0.0.1-py3.10.egg-info/top_level.txt
[12.015s] -- Installing: /home/phy_ai/.ihub/daksha/install/collision_management/local/lib/python3.10/dist-packages/collision_management-0.0.1-py3.10.egg-info/PKG-INFO
[12.016s] -- Installing: /home/phy_ai/.ihub/daksha/install/collision_management/local/lib/python3.10/dist-packages/collision_management-0.0.1-py3.10.egg-info/dependency_links.txt
[12.016s] -- Installing: /home/phy_ai/.ihub/daksha/install/collision_management/local/lib/python3.10/dist-packages/collision_management
[12.016s] -- Installing: /home/phy_ai/.ihub/daksha/install/collision_management/local/lib/python3.10/dist-packages/collision_management/srv
[12.016s] -- Installing: /home/phy_ai/.ihub/daksha/install/collision_management/local/lib/python3.10/dist-packages/collision_management/srv/_get_collision_status_s.c
[12.016s] -- Installing: /home/phy_ai/.ihub/daksha/install/collision_management/local/lib/python3.10/dist-packages/collision_management/srv/__init__.py
[12.016s] -- Installing: /home/phy_ai/.ihub/daksha/install/collision_management/local/lib/python3.10/dist-packages/collision_management/srv/_get_collision_status.py
[12.017s] -- Installing: /home/phy_ai/.ihub/daksha/install/collision_management/local/lib/python3.10/dist-packages/collision_management/libcollision_management__rosidl_generator_py.so
[12.017s] -- Installing: /home/phy_ai/.ihub/daksha/install/collision_management/local/lib/python3.10/dist-packages/collision_management/_collision_management_s.ep.rosidl_typesupport_c.c
[12.017s] -- Installing: /home/phy_ai/.ihub/daksha/install/collision_management/local/lib/python3.10/dist-packages/collision_management/_collision_management_s.ep.rosidl_typesupport_fastrtps_c.c
[12.017s] -- Installing: /home/phy_ai/.ihub/daksha/install/collision_management/local/lib/python3.10/dist-packages/collision_management/__init__.py
[12.017s] -- Installing: /home/phy_ai/.ihub/daksha/install/collision_management/local/lib/python3.10/dist-packages/collision_management/_collision_management_s.ep.rosidl_typesupport_introspection_c.c
[12.017s] -- Installing: /home/phy_ai/.ihub/daksha/install/collision_management/local/lib/python3.10/dist-packages/collision_management/collision_management_s__rosidl_typesupport_c.cpython-310-x86_64-linux-gnu.so
[12.018s] -- Installing: /home/phy_ai/.ihub/daksha/install/collision_management/local/lib/python3.10/dist-packages/collision_management/collision_management_s__rosidl_typesupport_introspection_c.cpython-310-x86_64-linux-gnu.so
[12.018s] -- Installing: /home/phy_ai/.ihub/daksha/install/collision_management/local/lib/python3.10/dist-packages/collision_management/collision_management_s__rosidl_typesupport_fastrtps_c.cpython-310-x86_64-linux-gnu.so
[12.073s] Listing '/home/phy_ai/.ihub/daksha/install/collision_management/local/lib/python3.10/dist-packages/collision_management'...
[12.073s] Compiling '/home/phy_ai/.ihub/daksha/install/collision_management/local/lib/python3.10/dist-packages/collision_management/__init__.py'...
[12.074s] Listing '/home/phy_ai/.ihub/daksha/install/collision_management/local/lib/python3.10/dist-packages/collision_management/srv'...
[12.074s] Compiling '/home/phy_ai/.ihub/daksha/install/collision_management/local/lib/python3.10/dist-packages/collision_management/srv/__init__.py'...
[12.074s] Compiling '/home/phy_ai/.ihub/daksha/install/collision_management/local/lib/python3.10/dist-packages/collision_management/srv/_get_collision_status.py'...
[12.082s] -- Installing: /home/phy_ai/.ihub/daksha/install/collision_management/local/lib/python3.10/dist-packages/collision_management/collision_management_s__rosidl_typesupport_fastrtps_c.cpython-310-x86_64-linux-gnu.so
[12.082s] -- Set runtime path of "/home/phy_ai/.ihub/daksha/install/collision_management/local/lib/python3.10/dist-packages/collision_management/collision_management_s__rosidl_typesupport_fastrtps_c.cpython-310-x86_64-linux-gnu.so" to ""
[12.083s] -- Installing: /home/phy_ai/.ihub/daksha/install/collision_management/local/lib/python3.10/dist-packages/collision_management/collision_management_s__rosidl_typesupport_introspection_c.cpython-310-x86_64-linux-gnu.so
[12.083s] -- Set runtime path of "/home/phy_ai/.ihub/daksha/install/collision_management/local/lib/python3.10/dist-packages/collision_management/collision_management_s__rosidl_typesupport_introspection_c.cpython-310-x86_64-linux-gnu.so" to ""
[12.083s] -- Installing: /home/phy_ai/.ihub/daksha/install/collision_management/local/lib/python3.10/dist-packages/collision_management/collision_management_s__rosidl_typesupport_c.cpython-310-x86_64-linux-gnu.so
[12.084s] -- Set runtime path of "/home/phy_ai/.ihub/daksha/install/collision_management/local/lib/python3.10/dist-packages/collision_management/collision_management_s__rosidl_typesupport_c.cpython-310-x86_64-linux-gnu.so" to ""
[12.084s] -- Installing: /home/phy_ai/.ihub/daksha/install/collision_management/lib/libcollision_management__rosidl_generator_py.so
[12.084s] -- Set runtime path of "/home/phy_ai/.ihub/daksha/install/collision_management/lib/libcollision_management__rosidl_generator_py.so" to ""
[12.084s] -- Installing: /home/phy_ai/.ihub/daksha/install/collision_management/share/ament_index/resource_index/rust_packages/collision_management
[12.084s] -- Installing: /home/phy_ai/.ihub/daksha/install/collision_management/share/collision_management/rust
[12.084s] -- Installing: /home/phy_ai/.ihub/daksha/install/collision_management/share/collision_management/rust/build.rs
[12.085s] -- Installing: /home/phy_ai/.ihub/daksha/install/collision_management/share/collision_management/rust/src
[12.085s] -- Installing: /home/phy_ai/.ihub/daksha/install/collision_management/share/collision_management/rust/src/srv
[12.085s] -- Installing: /home/phy_ai/.ihub/daksha/install/collision_management/share/collision_management/rust/src/srv/rmw.rs
[12.085s] -- Installing: /home/phy_ai/.ihub/daksha/install/collision_management/share/collision_management/rust/src/lib.rs
[12.085s] -- Installing: /home/phy_ai/.ihub/daksha/install/collision_management/share/collision_management/rust/src/srv.rs
[12.085s] -- Installing: /home/phy_ai/.ihub/daksha/install/collision_management/share/collision_management/rust/Cargo.toml
[12.085s] -- Installing: /home/phy_ai/.ihub/daksha/install/collision_management/share/collision_management/srv/GetCollisionStatus.idl
[12.085s] -- Installing: /home/phy_ai/.ihub/daksha/install/collision_management/share/collision_management/srv/GetCollisionStatus.srv
[12.086s] -- Installing: /home/phy_ai/.ihub/daksha/install/collision_management/share/collision_management/srv/GetCollisionStatus_Request.msg
[12.086s] -- Installing: /home/phy_ai/.ihub/daksha/install/collision_management/share/collision_management/srv/GetCollisionStatus_Response.msg
[12.086s] -- Installing: /home/phy_ai/.ihub/daksha/install/collision_management/lib/collision_management/collision_guard_node.py
[12.086s] -- Installing: /home/phy_ai/.ihub/daksha/install/collision_management/share/collision_management/launch
[12.086s] -- Installing: /home/phy_ai/.ihub/daksha/install/collision_management/share/collision_management/launch/collision_management.launch.py
[12.087s] -- Installing: /home/phy_ai/.ihub/daksha/install/collision_management/share/ament_index/resource_index/package_run_dependencies/collision_management
[12.087s] -- Installing: /home/phy_ai/.ihub/daksha/install/collision_management/share/ament_index/resource_index/parent_prefix_path/collision_management
[12.087s] -- Installing: /home/phy_ai/.ihub/daksha/install/collision_management/share/collision_management/environment/ament_prefix_path.sh
[12.087s] -- Installing: /home/phy_ai/.ihub/daksha/install/collision_management/share/collision_management/environment/ament_prefix_path.dsv
[12.087s] -- Installing: /home/phy_ai/.ihub/daksha/install/collision_management/share/collision_management/environment/path.sh
[12.087s] -- Installing: /home/phy_ai/.ihub/daksha/install/collision_management/share/collision_management/environment/path.dsv
[12.088s] -- Installing: /home/phy_ai/.ihub/daksha/install/collision_management/share/collision_management/local_setup.bash
[12.088s] -- Installing: /home/phy_ai/.ihub/daksha/install/collision_management/share/collision_management/local_setup.sh
[12.088s] -- Installing: /home/phy_ai/.ihub/daksha/install/collision_management/share/collision_management/local_setup.zsh
[12.088s] -- Installing: /home/phy_ai/.ihub/daksha/install/collision_management/share/collision_management/local_setup.dsv
[12.088s] -- Installing: /home/phy_ai/.ihub/daksha/install/collision_management/share/collision_management/package.dsv
[12.088s] -- Installing: /home/phy_ai/.ihub/daksha/install/collision_management/share/ament_index/resource_index/packages/collision_management
[12.089s] -- Installing: /home/phy_ai/.ihub/daksha/install/collision_management/share/collision_management/cmake/export_collision_management__rosidl_generator_cExport.cmake
[12.089s] -- Installing: /home/phy_ai/.ihub/daksha/install/collision_management/share/collision_management/cmake/export_collision_management__rosidl_generator_cExport-noconfig.cmake
[12.089s] -- Installing: /home/phy_ai/.ihub/daksha/install/collision_management/share/collision_management/cmake/export_collision_management__rosidl_typesupport_fastrtps_cExport.cmake
[12.089s] -- Installing: /home/phy_ai/.ihub/daksha/install/collision_management/share/collision_management/cmake/export_collision_management__rosidl_typesupport_fastrtps_cExport-noconfig.cmake
[12.089s] -- Installing: /home/phy_ai/.ihub/daksha/install/collision_management/share/collision_management/cmake/export_collision_management__rosidl_generator_cppExport.cmake
[12.090s] -- Installing: /home/phy_ai/.ihub/daksha/install/collision_management/share/collision_management/cmake/export_collision_management__rosidl_typesupport_fastrtps_cppExport.cmake
[12.090s] -- Installing: /home/phy_ai/.ihub/daksha/install/collision_management/share/collision_management/cmake/export_collision_management__rosidl_typesupport_fastrtps_cppExport-noconfig.cmake
[12.090s] -- Installing: /home/phy_ai/.ihub/daksha/install/collision_management/share/collision_management/cmake/collision_management__rosidl_typesupport_introspection_cExport.cmake
[12.090s] -- Installing: /home/phy_ai/.ihub/daksha/install/collision_management/share/collision_management/cmake/collision_management__rosidl_typesupport_introspection_cExport-noconfig.cmake
[12.090s] -- Installing: /home/phy_ai/.ihub/daksha/install/collision_management/share/collision_management/cmake/collision_management__rosidl_typesupport_cExport.cmake
[12.091s] -- Installing: /home/phy_ai/.ihub/daksha/install/collision_management/share/collision_management/cmake/collision_management__rosidl_typesupport_cExport-noconfig.cmake
[12.091s] -- Installing: /home/phy_ai/.ihub/daksha/install/collision_management/share/collision_management/cmake/collision_management__rosidl_typesupport_introspection_cppExport.cmake
[12.091s] -- Installing: /home/phy_ai/.ihub/daksha/install/collision_management/share/collision_management/cmake/collision_management__rosidl_typesupport_introspection_cppExport-noconfig.cmake
[12.091s] -- Installing: /home/phy_ai/.ihub/daksha/install/collision_management/share/collision_management/cmake/collision_management__rosidl_typesupport_cppExport.cmake
[12.091s] -- Installing: /home/phy_ai/.ihub/daksha/install/collision_management/share/collision_management/cmake/collision_management__rosidl_typesupport_cppExport-noconfig.cmake
[12.091s] -- Installing: /home/phy_ai/.ihub/daksha/install/collision_management/share/collision_management/cmake/export_collision_management__rosidl_generator_pyExport.cmake
[12.092s] -- Installing: /home/phy_ai/.ihub/daksha/install/collision_management/share/collision_management/cmake/export_collision_management__rosidl_generator_pyExport-noconfig.cmake
[12.092s] -- Installing: /home/phy_ai/.ihub/daksha/install/collision_management/share/collision_management/cmake/rosidl_cmake-extras.cmake
[12.092s] -- Installing: /home/phy_ai/.ihub/daksha/install/collision_management/share/collision_management/cmake/ament_cmake_export_dependencies-extras.cmake
[12.092s] -- Installing: /home/phy_ai/.ihub/daksha/install/collision_management/share/collision_management/cmake/ament_cmake_export_include_directories-extras.cmake
[12.092s] -- Installing: /home/phy_ai/.ihub/daksha/install/collision_management/share/collision_management/cmake/ament_cmake_export_libraries-extras.cmake
[12.092s] -- Installing: /home/phy_ai/.ihub/daksha/install/collision_management/share/collision_management/cmake/ament_cmake_export_targets-extras.cmake
[12.093s] -- Installing: /home/phy_ai/.ihub/daksha/install/collision_management/share/collision_management/cmake/rosidl_cmake_export_typesupport_targets-extras.cmake
[12.093s] -- Installing: /home/phy_ai/.ihub/daksha/install/collision_management/share/collision_management/cmake/rosidl_cmake_export_typesupport_libraries-extras.cmake
[12.093s] -- Installing: /home/phy_ai/.ihub/daksha/install/collision_management/share/collision_management/cmake/rosidl_cmake_aggregate_target-extras.cmake
[12.093s] -- Installing: /home/phy_ai/.ihub/daksha/install/collision_management/share/collision_management/cmake/collision_managementConfig.cmake
[12.093s] -- Installing: /home/phy_ai/.ihub/daksha/install/collision_management/share/collision_management/cmake/collision_managementConfig-version.cmake
[12.093s] -- Installing: /home/phy_ai/.ihub/daksha/install/collision_management/share/collision_management/package.xml
[12.097s] Invoked command in '/home/phy_ai/.ihub/daksha/build/collision_management' returned '0': AMENT_PREFIX_PATH=/home/phy_ai/.ihub/daksha/install/kinematics:/home/phy_ai/.ihub/daksha/install/daksha_description_full_body:${AMENT_PREFIX_PATH} CMAKE_PREFIX_PATH=${CMAKE_PREFIX_PATH}:/home/phy_ai/.barani/gen2_full/install/world_camera_launch:/home/phy_ai/.barani/gen2_full/install/gen2:/home/phy_ai/.barani/gen2_full/install/vr_teleop:/home/phy_ai/.barani/gen2_full/install/ros_tcp_endpoint:/home/phy_ai/.barani/gen2_full/install/nav_bringup:/home/phy_ai/.barani/gen2_full/install/nav2_config:/home/phy_ai/.barani/gen2_full/install/kinematics:/home/phy_ai/.barani/gen2_full/install/joint_cmd_logger:/home/phy_ai/.barani/gen2_full/install/joint_analyzer:/home/phy_ai/.barani/gen2_full/install/daksha_data_collection:/home/phy_ai/.barani/gen2_full/install/gen2_leader:/home/phy_ai/.barani/gen2_full/install/amr_bringup:/home/phy_ai/.barani/gen2_full/install/daksha_final_urdf_description:/home/phy_ai/.barani/gen2_full/install/daksha_description_full_body:/home/phy_ai/.barani/gen2_full/install/daksha_base_urdf:/home/phy_ai/.barani/gen2_full/install/daksha_api_bridge_leader:/home/phy_ai/.barani/gen2_full/install/daksha_api_bridge_follower:/opt/ros/humble PYTHONPATH=/home/phy_ai/.ihub/daksha/install/kinematics/lib/python3.10/site-packages:/home/phy_ai/.ihub/daksha/install/daksha_description_full_body/lib/python3.10/site-packages:${PYTHONPATH} /usr/bin/cmake --install /home/phy_ai/.ihub/daksha/build/collision_management
