[2.317s] Invoking command in '/home/phy_ai/.ihub/daksha/src/world_camera_launch': PYTHONPATH=/home/phy_ai/.ihub/daksha/build/world_camera_launch/prefix_override:/usr/lib/python3/dist-packages/colcon_core/task/python/colcon_distutils_commands:/home/phy_ai/.ihub/daksha/install/world_camera_launch/lib/python3.10/site-packages:${PYTHONPATH} /usr/bin/python3 -W ignore:setup.py install is deprecated -W ignore:easy_install command is deprecated setup.py egg_info --egg-base ../../build/world_camera_launch build --build-base /home/phy_ai/.ihub/daksha/build/world_camera_launch/build install --record /home/phy_ai/.ihub/daksha/build/world_camera_launch/install.log --install-scripts $base/lib/world_camera_launch --single-version-externally-managed install_data
[2.668s] running egg_info
[2.669s] writing ../../build/world_camera_launch/world_camera_launch.egg-info/PKG-INFO
[2.670s] writing dependency_links to ../../build/world_camera_launch/world_camera_launch.egg-info/dependency_links.txt
[2.670s] writing entry points to ../../build/world_camera_launch/world_camera_launch.egg-info/entry_points.txt
[2.670s] writing requirements to ../../build/world_camera_launch/world_camera_launch.egg-info/requires.txt
[2.671s] writing top-level names to ../../build/world_camera_launch/world_camera_launch.egg-info/top_level.txt
[2.672s] reading manifest file '../../build/world_camera_launch/world_camera_launch.egg-info/SOURCES.txt'
[2.673s] writing manifest file '../../build/world_camera_launch/world_camera_launch.egg-info/SOURCES.txt'
[2.673s] running build
[2.673s] running build_py
[2.674s] running install
[2.674s] running install_lib
[2.676s] running install_data
[2.676s] running install_egg_info
[2.678s] removing '/home/phy_ai/.ihub/daksha/install/world_camera_launch/lib/python3.10/site-packages/world_camera_launch-0.0.0-py3.10.egg-info' (and everything under it)
[2.679s] Copying ../../build/world_camera_launch/world_camera_launch.egg-info to /home/phy_ai/.ihub/daksha/install/world_camera_launch/lib/python3.10/site-packages/world_camera_launch-0.0.0-py3.10.egg-info
[2.680s] running install_scripts
[2.707s] writing list of installed files to '/home/phy_ai/.ihub/daksha/build/world_camera_launch/install.log'
[2.757s] Invoked command in '/home/phy_ai/.ihub/daksha/src/world_camera_launch' returned '0': PYTHONPATH=/home/phy_ai/.ihub/daksha/build/world_camera_launch/prefix_override:/usr/lib/python3/dist-packages/colcon_core/task/python/colcon_distutils_commands:/home/phy_ai/.ihub/daksha/install/world_camera_launch/lib/python3.10/site-packages:${PYTHONPATH} /usr/bin/python3 -W ignore:setup.py install is deprecated -W ignore:easy_install command is deprecated setup.py egg_info --egg-base ../../build/world_camera_launch build --build-base /home/phy_ai/.ihub/daksha/build/world_camera_launch/build install --record /home/phy_ai/.ihub/daksha/build/world_camera_launch/install.log --install-scripts $base/lib/world_camera_launch --single-version-externally-managed install_data
