[4.692s] Invoking command in '/home/phy_ai/.ihub/daksha/src/controllers/kinematics': PYTHONPATH=/home/phy_ai/.ihub/daksha/build/kinematics/prefix_override:/usr/lib/python3/dist-packages/colcon_core/task/python/colcon_distutils_commands:/home/phy_ai/.ihub/daksha/install/kinematics/lib/python3.10/site-packages:${PYTHONPATH} /usr/bin/python3 -W ignore:setup.py install is deprecated -W ignore:easy_install command is deprecated setup.py egg_info --egg-base ../../../build/kinematics build --build-base /home/phy_ai/.ihub/daksha/build/kinematics/build install --record /home/phy_ai/.ihub/daksha/build/kinematics/install.log --install-scripts $base/lib/kinematics --single-version-externally-managed install_data
[5.114s] running egg_info
[5.114s] writing ../../../build/kinematics/kinematics.egg-info/PKG-INFO
[5.114s] writing dependency_links to ../../../build/kinematics/kinematics.egg-info/dependency_links.txt
[5.114s] writing entry points to ../../../build/kinematics/kinematics.egg-info/entry_points.txt
[5.115s] writing requirements to ../../../build/kinematics/kinematics.egg-info/requires.txt
[5.115s] writing top-level names to ../../../build/kinematics/kinematics.egg-info/top_level.txt
[5.116s] reading manifest file '../../../build/kinematics/kinematics.egg-info/SOURCES.txt'
[5.117s] writing manifest file '../../../build/kinematics/kinematics.egg-info/SOURCES.txt'
[5.117s] running build
[5.117s] running build_py
[5.117s] running install
[5.118s] running install_lib
[5.121s] running install_data
[5.121s] running install_egg_info
[5.123s] removing '/home/phy_ai/.ihub/daksha/install/kinematics/lib/python3.10/site-packages/kinematics-0.0.0-py3.10.egg-info' (and everything under it)
[5.125s] Copying ../../../build/kinematics/kinematics.egg-info to /home/phy_ai/.ihub/daksha/install/kinematics/lib/python3.10/site-packages/kinematics-0.0.0-py3.10.egg-info
[5.125s] running install_scripts
[5.160s] Installing ik_node script to /home/phy_ai/.ihub/daksha/install/kinematics/lib/kinematics
[5.160s] writing list of installed files to '/home/phy_ai/.ihub/daksha/build/kinematics/install.log'
[5.236s] Invoked command in '/home/phy_ai/.ihub/daksha/src/controllers/kinematics' returned '0': PYTHONPATH=/home/phy_ai/.ihub/daksha/build/kinematics/prefix_override:/usr/lib/python3/dist-packages/colcon_core/task/python/colcon_distutils_commands:/home/phy_ai/.ihub/daksha/install/kinematics/lib/python3.10/site-packages:${PYTHONPATH} /usr/bin/python3 -W ignore:setup.py install is deprecated -W ignore:easy_install command is deprecated setup.py egg_info --egg-base ../../../build/kinematics build --build-base /home/phy_ai/.ihub/daksha/build/kinematics/build install --record /home/phy_ai/.ihub/daksha/build/kinematics/install.log --install-scripts $base/lib/kinematics --single-version-externally-managed install_data
