[0.807s] Invoking command in '/home/phy_ai/.ihub/daksha/build/automation': CMAKE_PREFIX_PATH=${CMAKE_PREFIX_PATH}:/home/phy_ai/.barani/gen2_full/install/world_camera_launch:/home/phy_ai/.barani/gen2_full/install/gen2:/home/phy_ai/.barani/gen2_full/install/vr_teleop:/home/phy_ai/.barani/gen2_full/install/ros_tcp_endpoint:/home/phy_ai/.barani/gen2_full/install/nav_bringup:/home/phy_ai/.barani/gen2_full/install/nav2_config:/home/phy_ai/.barani/gen2_full/install/kinematics:/home/phy_ai/.barani/gen2_full/install/joint_cmd_logger:/home/phy_ai/.barani/gen2_full/install/joint_analyzer:/home/phy_ai/.barani/gen2_full/install/daksha_data_collection:/home/phy_ai/.barani/gen2_full/install/gen2_leader:/home/phy_ai/.barani/gen2_full/install/amr_bringup:/home/phy_ai/.barani/gen2_full/install/daksha_final_urdf_description:/home/phy_ai/.barani/gen2_full/install/daksha_description_full_body:/home/phy_ai/.barani/gen2_full/install/daksha_base_urdf:/home/phy_ai/.barani/gen2_full/install/daksha_api_bridge_leader:/home/phy_ai/.barani/gen2_full/install/daksha_api_bridge_follower:/opt/ros/humble /usr/bin/cmake /home/phy_ai/.ihub/daksha/src/automation -DCMAKE_INSTALL_PREFIX=/home/phy_ai/.ihub/daksha/install/automation
[2.761s] -- The C compiler identification is GNU 11.4.0
[2.761s] -- The CXX compiler identification is GNU 11.4.0
[2.763s] -- Detecting C compiler ABI info
[2.763s] -- Detecting C compiler ABI info - done
[2.763s] -- Check for working C compiler: /usr/bin/cc - skipped
[2.763s] -- Detecting C compile features
[2.763s] -- Detecting C compile features - done
[2.763s] -- Detecting CXX compiler ABI info
[2.763s] -- Detecting CXX compiler ABI info - done
[2.763s] -- Check for working CXX compiler: /usr/bin/c++ - skipped
[2.764s] -- Detecting CXX compile features
[2.765s] -- Detecting CXX compile features - done
[2.765s] -- Found ament_cmake: 1.3.14 (/opt/ros/humble/share/ament_cmake/cmake)
[2.766s] -- Found Python3: /usr/bin/python3 (found version "3.10.12") found components: Interpreter 
[2.766s] -- Configuring done
[2.766s] -- Generating done
[2.766s] -- Build files have been written to: /home/phy_ai/.ihub/daksha/build/automation
[2.773s] Invoked command in '/home/phy_ai/.ihub/daksha/build/automation' returned '0': CMAKE_PREFIX_PATH=${CMAKE_PREFIX_PATH}:/home/phy_ai/.barani/gen2_full/install/world_camera_launch:/home/phy_ai/.barani/gen2_full/install/gen2:/home/phy_ai/.barani/gen2_full/install/vr_teleop:/home/phy_ai/.barani/gen2_full/install/ros_tcp_endpoint:/home/phy_ai/.barani/gen2_full/install/nav_bringup:/home/phy_ai/.barani/gen2_full/install/nav2_config:/home/phy_ai/.barani/gen2_full/install/kinematics:/home/phy_ai/.barani/gen2_full/install/joint_cmd_logger:/home/phy_ai/.barani/gen2_full/install/joint_analyzer:/home/phy_ai/.barani/gen2_full/install/daksha_data_collection:/home/phy_ai/.barani/gen2_full/install/gen2_leader:/home/phy_ai/.barani/gen2_full/install/amr_bringup:/home/phy_ai/.barani/gen2_full/install/daksha_final_urdf_description:/home/phy_ai/.barani/gen2_full/install/daksha_description_full_body:/home/phy_ai/.barani/gen2_full/install/daksha_base_urdf:/home/phy_ai/.barani/gen2_full/install/daksha_api_bridge_leader:/home/phy_ai/.barani/gen2_full/install/daksha_api_bridge_follower:/opt/ros/humble /usr/bin/cmake /home/phy_ai/.ihub/daksha/src/automation -DCMAKE_INSTALL_PREFIX=/home/phy_ai/.ihub/daksha/install/automation
[2.774s] Invoking command in '/home/phy_ai/.ihub/daksha/build/automation': CMAKE_PREFIX_PATH=${CMAKE_PREFIX_PATH}:/home/phy_ai/.barani/gen2_full/install/world_camera_launch:/home/phy_ai/.barani/gen2_full/install/gen2:/home/phy_ai/.barani/gen2_full/install/vr_teleop:/home/phy_ai/.barani/gen2_full/install/ros_tcp_endpoint:/home/phy_ai/.barani/gen2_full/install/nav_bringup:/home/phy_ai/.barani/gen2_full/install/nav2_config:/home/phy_ai/.barani/gen2_full/install/kinematics:/home/phy_ai/.barani/gen2_full/install/joint_cmd_logger:/home/phy_ai/.barani/gen2_full/install/joint_analyzer:/home/phy_ai/.barani/gen2_full/install/daksha_data_collection:/home/phy_ai/.barani/gen2_full/install/gen2_leader:/home/phy_ai/.barani/gen2_full/install/amr_bringup:/home/phy_ai/.barani/gen2_full/install/daksha_final_urdf_description:/home/phy_ai/.barani/gen2_full/install/daksha_description_full_body:/home/phy_ai/.barani/gen2_full/install/daksha_base_urdf:/home/phy_ai/.barani/gen2_full/install/daksha_api_bridge_leader:/home/phy_ai/.barani/gen2_full/install/daksha_api_bridge_follower:/opt/ros/humble /usr/bin/cmake --build /home/phy_ai/.ihub/daksha/build/automation -- -j16 -l16
[3.176s] Invoked command in '/home/phy_ai/.ihub/daksha/build/automation' returned '0': CMAKE_PREFIX_PATH=${CMAKE_PREFIX_PATH}:/home/phy_ai/.barani/gen2_full/install/world_camera_launch:/home/phy_ai/.barani/gen2_full/install/gen2:/home/phy_ai/.barani/gen2_full/install/vr_teleop:/home/phy_ai/.barani/gen2_full/install/ros_tcp_endpoint:/home/phy_ai/.barani/gen2_full/install/nav_bringup:/home/phy_ai/.barani/gen2_full/install/nav2_config:/home/phy_ai/.barani/gen2_full/install/kinematics:/home/phy_ai/.barani/gen2_full/install/joint_cmd_logger:/home/phy_ai/.barani/gen2_full/install/joint_analyzer:/home/phy_ai/.barani/gen2_full/install/daksha_data_collection:/home/phy_ai/.barani/gen2_full/install/gen2_leader:/home/phy_ai/.barani/gen2_full/install/amr_bringup:/home/phy_ai/.barani/gen2_full/install/daksha_final_urdf_description:/home/phy_ai/.barani/gen2_full/install/daksha_description_full_body:/home/phy_ai/.barani/gen2_full/install/daksha_base_urdf:/home/phy_ai/.barani/gen2_full/install/daksha_api_bridge_leader:/home/phy_ai/.barani/gen2_full/install/daksha_api_bridge_follower:/opt/ros/humble /usr/bin/cmake --build /home/phy_ai/.ihub/daksha/build/automation -- -j16 -l16
[3.199s] Invoking command in '/home/phy_ai/.ihub/daksha/build/automation': CMAKE_PREFIX_PATH=${CMAKE_PREFIX_PATH}:/home/phy_ai/.barani/gen2_full/install/world_camera_launch:/home/phy_ai/.barani/gen2_full/install/gen2:/home/phy_ai/.barani/gen2_full/install/vr_teleop:/home/phy_ai/.barani/gen2_full/install/ros_tcp_endpoint:/home/phy_ai/.barani/gen2_full/install/nav_bringup:/home/phy_ai/.barani/gen2_full/install/nav2_config:/home/phy_ai/.barani/gen2_full/install/kinematics:/home/phy_ai/.barani/gen2_full/install/joint_cmd_logger:/home/phy_ai/.barani/gen2_full/install/joint_analyzer:/home/phy_ai/.barani/gen2_full/install/daksha_data_collection:/home/phy_ai/.barani/gen2_full/install/gen2_leader:/home/phy_ai/.barani/gen2_full/install/amr_bringup:/home/phy_ai/.barani/gen2_full/install/daksha_final_urdf_description:/home/phy_ai/.barani/gen2_full/install/daksha_description_full_body:/home/phy_ai/.barani/gen2_full/install/daksha_base_urdf:/home/phy_ai/.barani/gen2_full/install/daksha_api_bridge_leader:/home/phy_ai/.barani/gen2_full/install/daksha_api_bridge_follower:/opt/ros/humble /usr/bin/cmake --install /home/phy_ai/.ihub/daksha/build/automation
[3.216s] -- Install configuration: ""
[3.216s] -- Installing: /home/phy_ai/.ihub/daksha/install/automation/lib/automation/launch_control_app.py
[3.217s] -- Installing: /home/phy_ai/.ihub/daksha/install/automation/lib/automation/templates
[3.217s] -- Installing: /home/phy_ai/.ihub/daksha/install/automation/lib/automation/templates/ports.html
[3.217s] -- Installing: /home/phy_ai/.ihub/daksha/install/automation/lib/automation/templates/index.html
[3.217s] -- Installing: /home/phy_ai/.ihub/daksha/install/automation/lib/automation/static
[3.218s] -- Installing: /home/phy_ai/.ihub/daksha/install/automation/lib/automation/static/css
[3.218s] -- Installing: /home/phy_ai/.ihub/daksha/install/automation/lib/automation/static/css/style.css
[3.218s] -- Installing: /home/phy_ai/.ihub/daksha/install/automation/lib/automation/static/js
[3.218s] -- Installing: /home/phy_ai/.ihub/daksha/install/automation/lib/automation/static/js/app.js
[3.220s] -- Installing: /home/phy_ai/.ihub/daksha/install/automation/share/ament_index/resource_index/package_run_dependencies/automation
[3.220s] -- Installing: /home/phy_ai/.ihub/daksha/install/automation/share/ament_index/resource_index/parent_prefix_path/automation
[3.221s] -- Installing: /home/phy_ai/.ihub/daksha/install/automation/share/automation/environment/ament_prefix_path.sh
[3.221s] -- Installing: /home/phy_ai/.ihub/daksha/install/automation/share/automation/environment/ament_prefix_path.dsv
[3.222s] -- Installing: /home/phy_ai/.ihub/daksha/install/automation/share/automation/environment/path.sh
[3.222s] -- Installing: /home/phy_ai/.ihub/daksha/install/automation/share/automation/environment/path.dsv
[3.222s] -- Installing: /home/phy_ai/.ihub/daksha/install/automation/share/automation/local_setup.bash
[3.223s] -- Installing: /home/phy_ai/.ihub/daksha/install/automation/share/automation/local_setup.sh
[3.223s] -- Installing: /home/phy_ai/.ihub/daksha/install/automation/share/automation/local_setup.zsh
[3.223s] -- Installing: /home/phy_ai/.ihub/daksha/install/automation/share/automation/local_setup.dsv
[3.223s] -- Installing: /home/phy_ai/.ihub/daksha/install/automation/share/automation/package.dsv
[3.223s] -- Installing: /home/phy_ai/.ihub/daksha/install/automation/share/ament_index/resource_index/packages/automation
[3.223s] -- Installing: /home/phy_ai/.ihub/daksha/install/automation/share/automation/cmake/automationConfig.cmake
[3.225s] -- Installing: /home/phy_ai/.ihub/daksha/install/automation/share/automation/cmake/automationConfig-version.cmake
[3.225s] -- Installing: /home/phy_ai/.ihub/daksha/install/automation/share/automation/package.xml
[3.231s] Invoked command in '/home/phy_ai/.ihub/daksha/build/automation' returned '0': CMAKE_PREFIX_PATH=${CMAKE_PREFIX_PATH}:/home/phy_ai/.barani/gen2_full/install/world_camera_launch:/home/phy_ai/.barani/gen2_full/install/gen2:/home/phy_ai/.barani/gen2_full/install/vr_teleop:/home/phy_ai/.barani/gen2_full/install/ros_tcp_endpoint:/home/phy_ai/.barani/gen2_full/install/nav_bringup:/home/phy_ai/.barani/gen2_full/install/nav2_config:/home/phy_ai/.barani/gen2_full/install/kinematics:/home/phy_ai/.barani/gen2_full/install/joint_cmd_logger:/home/phy_ai/.barani/gen2_full/install/joint_analyzer:/home/phy_ai/.barani/gen2_full/install/daksha_data_collection:/home/phy_ai/.barani/gen2_full/install/gen2_leader:/home/phy_ai/.barani/gen2_full/install/amr_bringup:/home/phy_ai/.barani/gen2_full/install/daksha_final_urdf_description:/home/phy_ai/.barani/gen2_full/install/daksha_description_full_body:/home/phy_ai/.barani/gen2_full/install/daksha_base_urdf:/home/phy_ai/.barani/gen2_full/install/daksha_api_bridge_leader:/home/phy_ai/.barani/gen2_full/install/daksha_api_bridge_follower:/opt/ros/humble /usr/bin/cmake --install /home/phy_ai/.ihub/daksha/build/automation
