[7.914s] Invoking command in '/home/phy_ai/.ihub/daksha/src/controllers/kinematics': PYTHONPATH=/home/phy_ai/.ihub/daksha/build/kinematics/prefix_override:/usr/lib/python3/dist-packages/colcon_core/task/python/colcon_distutils_commands:/home/phy_ai/.ihub/daksha/install/kinematics/lib/python3.10/site-packages:${PYTHONPATH} /usr/bin/python3 -W ignore:setup.py install is deprecated -W ignore:easy_install command is deprecated setup.py egg_info --egg-base ../../../build/kinematics build --build-base /home/phy_ai/.ihub/daksha/build/kinematics/build install --record /home/phy_ai/.ihub/daksha/build/kinematics/install.log --install-scripts $base/lib/kinematics --single-version-externally-managed install_data
[8.703s] running egg_info
[8.704s] writing ../../../build/kinematics/kinematics.egg-info/PKG-INFO
[8.704s] writing dependency_links to ../../../build/kinematics/kinematics.egg-info/dependency_links.txt
[8.704s] writing entry points to ../../../build/kinematics/kinematics.egg-info/entry_points.txt
[8.704s] writing requirements to ../../../build/kinematics/kinematics.egg-info/requires.txt
[8.704s] writing top-level names to ../../../build/kinematics/kinematics.egg-info/top_level.txt
[8.711s] reading manifest file '../../../build/kinematics/kinematics.egg-info/SOURCES.txt'
[8.712s] writing manifest file '../../../build/kinematics/kinematics.egg-info/SOURCES.txt'
[8.712s] running build
[8.713s] running build_py
[8.716s] running install
[8.716s] running install_lib
[8.718s] running install_data
[8.718s] running install_egg_info
[8.723s] removing '/home/phy_ai/.ihub/daksha/install/kinematics/lib/python3.10/site-packages/kinematics-0.0.0-py3.10.egg-info' (and everything under it)
[8.727s] Copying ../../../build/kinematics/kinematics.egg-info to /home/phy_ai/.ihub/daksha/install/kinematics/lib/python3.10/site-packages/kinematics-0.0.0-py3.10.egg-info
[8.730s] running install_scripts
[8.787s] Installing ik_node script to /home/phy_ai/.ihub/daksha/install/kinematics/lib/kinematics
[8.787s] writing list of installed files to '/home/phy_ai/.ihub/daksha/build/kinematics/install.log'
[8.921s] Invoked command in '/home/phy_ai/.ihub/daksha/src/controllers/kinematics' returned '0': PYTHONPATH=/home/phy_ai/.ihub/daksha/build/kinematics/prefix_override:/usr/lib/python3/dist-packages/colcon_core/task/python/colcon_distutils_commands:/home/phy_ai/.ihub/daksha/install/kinematics/lib/python3.10/site-packages:${PYTHONPATH} /usr/bin/python3 -W ignore:setup.py install is deprecated -W ignore:easy_install command is deprecated setup.py egg_info --egg-base ../../../build/kinematics build --build-base /home/phy_ai/.ihub/daksha/build/kinematics/build install --record /home/phy_ai/.ihub/daksha/build/kinematics/install.log --install-scripts $base/lib/kinematics --single-version-externally-managed install_data
