[8.969s] Invoking command in '/home/phy_ai/.ihub/daksha/src/tele/gen2_leader': PYTHONPATH=/home/phy_ai/.ihub/daksha/build/gen2_leader/prefix_override:/usr/lib/python3/dist-packages/colcon_core/task/python/colcon_distutils_commands:/home/phy_ai/.ihub/daksha/install/gen2_leader/lib/python3.10/site-packages:${PYTHONPATH} /usr/bin/python3 -W ignore:setup.py install is deprecated -W ignore:easy_install command is deprecated setup.py egg_info --egg-base ../../../build/gen2_leader build --build-base /home/phy_ai/.ihub/daksha/build/gen2_leader/build install --record /home/phy_ai/.ihub/daksha/build/gen2_leader/install.log --install-scripts $base/lib/gen2_leader --single-version-externally-managed install_data
[9.776s] running egg_info
[9.783s] writing ../../../build/gen2_leader/gen2_leader.egg-info/PKG-INFO
[9.788s] writing dependency_links to ../../../build/gen2_leader/gen2_leader.egg-info/dependency_links.txt
[9.792s] writing entry points to ../../../build/gen2_leader/gen2_leader.egg-info/entry_points.txt
[9.793s] writing requirements to ../../../build/gen2_leader/gen2_leader.egg-info/requires.txt
[9.793s] writing top-level names to ../../../build/gen2_leader/gen2_leader.egg-info/top_level.txt
[9.823s] reading manifest file '../../../build/gen2_leader/gen2_leader.egg-info/SOURCES.txt'
[9.823s] adding license file 'LICENSE'
[9.827s] writing manifest file '../../../build/gen2_leader/gen2_leader.egg-info/SOURCES.txt'
[9.827s] running build
[9.827s] running build_py
[9.836s] running install
[9.839s] running install_lib
[9.858s] running install_data
[9.866s] running install_egg_info
[9.885s] removing '/home/phy_ai/.ihub/daksha/install/gen2_leader/lib/python3.10/site-packages/gen2_leader-0.0.0-py3.10.egg-info' (and everything under it)
[9.885s] Copying ../../../build/gen2_leader/gen2_leader.egg-info to /home/phy_ai/.ihub/daksha/install/gen2_leader/lib/python3.10/site-packages/gen2_leader-0.0.0-py3.10.egg-info
[9.894s] running install_scripts
[10.036s] Installing leader_mirror script to /home/phy_ai/.ihub/daksha/install/gen2_leader/lib/gen2_leader
[10.039s] Installing leader_raw script to /home/phy_ai/.ihub/daksha/install/gen2_leader/lib/gen2_leader
[10.039s] Installing leader_serial script to /home/phy_ai/.ihub/daksha/install/gen2_leader/lib/gen2_leader
[10.040s] Installing leader_torque_toggle script to /home/phy_ai/.ihub/daksha/install/gen2_leader/lib/gen2_leader
[10.040s] Installing leader_wifi script to /home/phy_ai/.ihub/daksha/install/gen2_leader/lib/gen2_leader
[10.041s] writing list of installed files to '/home/phy_ai/.ihub/daksha/build/gen2_leader/install.log'
[10.232s] Invoked command in '/home/phy_ai/.ihub/daksha/src/tele/gen2_leader' returned '0': PYTHONPATH=/home/phy_ai/.ihub/daksha/build/gen2_leader/prefix_override:/usr/lib/python3/dist-packages/colcon_core/task/python/colcon_distutils_commands:/home/phy_ai/.ihub/daksha/install/gen2_leader/lib/python3.10/site-packages:${PYTHONPATH} /usr/bin/python3 -W ignore:setup.py install is deprecated -W ignore:easy_install command is deprecated setup.py egg_info --egg-base ../../../build/gen2_leader build --build-base /home/phy_ai/.ihub/daksha/build/gen2_leader/build install --record /home/phy_ai/.ihub/daksha/build/gen2_leader/install.log --install-scripts $base/lib/gen2_leader --single-version-externally-managed install_data
