running develop
Removing /home/phy_ai/.ihub/daksha/install/motor_configure/lib/python3.10/site-packages/motor-configure.egg-link (link to .)
running egg_info
writing ../../build/motor_configure/motor_configure.egg-info/PKG-INFO
writing dependency_links to ../../build/motor_configure/motor_configure.egg-info/dependency_links.txt
writing entry points to ../../build/motor_configure/motor_configure.egg-info/entry_points.txt
writing requirements to ../../build/motor_configure/motor_configure.egg-info/requires.txt
writing top-level names to ../../build/motor_configure/motor_configure.egg-info/top_level.txt
reading manifest file '../../build/motor_configure/motor_configure.egg-info/SOURCES.txt'
writing manifest file '../../build/motor_configure/motor_configure.egg-info/SOURCES.txt'
running build
running build_py
creating /home/phy_ai/.ihub/daksha/build/motor_configure/build
creating /home/phy_ai/.ihub/daksha/build/motor_configure/build/lib
creating /home/phy_ai/.ihub/daksha/build/motor_configure/build/lib/motor_configure
copying motor_configure/motor_web.py -> /home/phy_ai/.ihub/daksha/build/motor_configure/build/lib/motor_configure
copying motor_configure/motor_driver.py -> /home/phy_ai/.ihub/daksha/build/motor_configure/build/lib/motor_configure
copying motor_configure/__init__.py -> /home/phy_ai/.ihub/daksha/build/motor_configure/build/lib/motor_configure
copying motor_configure/main.py -> /home/phy_ai/.ihub/daksha/build/motor_configure/build/lib/motor_configure
creating /home/phy_ai/.ihub/daksha/build/motor_configure/build/lib/motor_configure/static
copying motor_configure/static/index.html -> /home/phy_ai/.ihub/daksha/build/motor_configure/build/lib/motor_configure/static
running install
running install_lib
creating /home/phy_ai/.ihub/daksha/install/motor_configure/lib/python3.10/site-packages/motor_configure
copying /home/phy_ai/.ihub/daksha/build/motor_configure/build/lib/motor_configure/motor_web.py -> /home/phy_ai/.ihub/daksha/install/motor_configure/lib/python3.10/site-packages/motor_configure
copying /home/phy_ai/.ihub/daksha/build/motor_configure/build/lib/motor_configure/motor_driver.py -> /home/phy_ai/.ihub/daksha/install/motor_configure/lib/python3.10/site-packages/motor_configure
copying /home/phy_ai/.ihub/daksha/build/motor_configure/build/lib/motor_configure/__init__.py -> /home/phy_ai/.ihub/daksha/install/motor_configure/lib/python3.10/site-packages/motor_configure
creating /home/phy_ai/.ihub/daksha/install/motor_configure/lib/python3.10/site-packages/motor_configure/static
copying /home/phy_ai/.ihub/daksha/build/motor_configure/build/lib/motor_configure/static/index.html -> /home/phy_ai/.ihub/daksha/install/motor_configure/lib/python3.10/site-packages/motor_configure/static
copying /home/phy_ai/.ihub/daksha/build/motor_configure/build/lib/motor_configure/main.py -> /home/phy_ai/.ihub/daksha/install/motor_configure/lib/python3.10/site-packages/motor_configure
byte-compiling /home/phy_ai/.ihub/daksha/install/motor_configure/lib/python3.10/site-packages/motor_configure/motor_web.py to motor_web.cpython-310.pyc
byte-compiling /home/phy_ai/.ihub/daksha/install/motor_configure/lib/python3.10/site-packages/motor_configure/motor_driver.py to motor_driver.cpython-310.pyc
byte-compiling /home/phy_ai/.ihub/daksha/install/motor_configure/lib/python3.10/site-packages/motor_configure/__init__.py to __init__.cpython-310.pyc
byte-compiling /home/phy_ai/.ihub/daksha/install/motor_configure/lib/python3.10/site-packages/motor_configure/main.py to main.cpython-310.pyc
running install_data
copying resource/motor_configure -> /home/phy_ai/.ihub/daksha/install/motor_configure/share/ament_index/resource_index/packages
copying package.xml -> /home/phy_ai/.ihub/daksha/install/motor_configure/share/motor_configure
copying launch/motor_configure.launch.py -> /home/phy_ai/.ihub/daksha/install/motor_configure/share/motor_configure/launch
running install_egg_info
Copying ../../build/motor_configure/motor_configure.egg-info to /home/phy_ai/.ihub/daksha/install/motor_configure/lib/python3.10/site-packages/motor_configure-0.0.1-py3.10.egg-info
running install_scripts
Installing motor_configure script to /home/phy_ai/.ihub/daksha/install/motor_configure/lib/motor_configure
writing list of installed files to '/home/phy_ai/.ihub/daksha/build/motor_configure/install.log'
