[35m[1mConsolidate compiler generated dependencies of target gravity_torque_node[0m
[100%] Built target gravity_torque_node
-- Install configuration: ""
-- Up-to-date: /home/phy_ai/.ihub/daksha/install/dynamics/lib/dynamics/gravity_torque_node
-- Up-to-date: /home/phy_ai/.ihub/daksha/install/dynamics/share/dynamics/launch
-- Up-to-date: /home/phy_ai/.ihub/daksha/install/dynamics/share/dynamics/launch/gravity_torque.launch.py
-- Up-to-date: /home/phy_ai/.ihub/daksha/install/dynamics/share/ament_index/resource_index/package_run_dependencies/dynamics
-- Up-to-date: /home/phy_ai/.ihub/daksha/install/dynamics/share/ament_index/resource_index/parent_prefix_path/dynamics
-- Up-to-date: /home/phy_ai/.ihub/daksha/install/dynamics/share/dynamics/environment/ament_prefix_path.sh
-- Up-to-date: /home/phy_ai/.ihub/daksha/install/dynamics/share/dynamics/environment/ament_prefix_path.dsv
-- Up-to-date: /home/phy_ai/.ihub/daksha/install/dynamics/share/dynamics/environment/path.sh
-- Up-to-date: /home/phy_ai/.ihub/daksha/install/dynamics/share/dynamics/environment/path.dsv
-- Up-to-date: /home/phy_ai/.ihub/daksha/install/dynamics/share/dynamics/local_setup.bash
-- Up-to-date: /home/phy_ai/.ihub/daksha/install/dynamics/share/dynamics/local_setup.sh
-- Up-to-date: /home/phy_ai/.ihub/daksha/install/dynamics/share/dynamics/local_setup.zsh
-- Up-to-date: /home/phy_ai/.ihub/daksha/install/dynamics/share/dynamics/local_setup.dsv
-- Installing: /home/phy_ai/.ihub/daksha/install/dynamics/share/dynamics/package.dsv
-- Up-to-date: /home/phy_ai/.ihub/daksha/install/dynamics/share/ament_index/resource_index/packages/dynamics
-- Up-to-date: /home/phy_ai/.ihub/daksha/install/dynamics/share/dynamics/cmake/dynamicsConfig.cmake
-- Up-to-date: /home/phy_ai/.ihub/daksha/install/dynamics/share/dynamics/cmake/dynamicsConfig-version.cmake
-- Up-to-date: /home/phy_ai/.ihub/daksha/install/dynamics/share/dynamics/package.xml
