[3.102s] Invoking command in '/home/phy_ai/.ihub/daksha/build/dynamics': CMAKE_PREFIX_PATH=${CMAKE_PREFIX_PATH}:/home/phy_ai/.barani/gen2_full/install/world_camera_launch:/home/phy_ai/.barani/gen2_full/install/gen2:/home/phy_ai/.barani/gen2_full/install/vr_teleop:/home/phy_ai/.barani/gen2_full/install/ros_tcp_endpoint:/home/phy_ai/.barani/gen2_full/install/nav_bringup:/home/phy_ai/.barani/gen2_full/install/nav2_config:/home/phy_ai/.barani/gen2_full/install/kinematics:/home/phy_ai/.barani/gen2_full/install/joint_cmd_logger:/home/phy_ai/.barani/gen2_full/install/joint_analyzer:/home/phy_ai/.barani/gen2_full/install/daksha_data_collection:/home/phy_ai/.barani/gen2_full/install/gen2_leader:/home/phy_ai/.barani/gen2_full/install/amr_bringup:/home/phy_ai/.barani/gen2_full/install/daksha_final_urdf_description:/home/phy_ai/.barani/gen2_full/install/daksha_description_full_body:/home/phy_ai/.barani/gen2_full/install/daksha_base_urdf:/home/phy_ai/.barani/gen2_full/install/daksha_api_bridge_leader:/home/phy_ai/.barani/gen2_full/install/daksha_api_bridge_follower:/opt/ros/humble /usr/bin/cmake --build /home/phy_ai/.ihub/daksha/build/dynamics -- -j16 -l16
[5.743s] [35m[1mConsolidate compiler generated dependencies of target gravity_torque_node[0m
[5.743s] [100%] Built target gravity_torque_node
[5.771s] Invoked command in '/home/phy_ai/.ihub/daksha/build/dynamics' returned '0': CMAKE_PREFIX_PATH=${CMAKE_PREFIX_PATH}:/home/phy_ai/.barani/gen2_full/install/world_camera_launch:/home/phy_ai/.barani/gen2_full/install/gen2:/home/phy_ai/.barani/gen2_full/install/vr_teleop:/home/phy_ai/.barani/gen2_full/install/ros_tcp_endpoint:/home/phy_ai/.barani/gen2_full/install/nav_bringup:/home/phy_ai/.barani/gen2_full/install/nav2_config:/home/phy_ai/.barani/gen2_full/install/kinematics:/home/phy_ai/.barani/gen2_full/install/joint_cmd_logger:/home/phy_ai/.barani/gen2_full/install/joint_analyzer:/home/phy_ai/.barani/gen2_full/install/daksha_data_collection:/home/phy_ai/.barani/gen2_full/install/gen2_leader:/home/phy_ai/.barani/gen2_full/install/amr_bringup:/home/phy_ai/.barani/gen2_full/install/daksha_final_urdf_description:/home/phy_ai/.barani/gen2_full/install/daksha_description_full_body:/home/phy_ai/.barani/gen2_full/install/daksha_base_urdf:/home/phy_ai/.barani/gen2_full/install/daksha_api_bridge_leader:/home/phy_ai/.barani/gen2_full/install/daksha_api_bridge_follower:/opt/ros/humble /usr/bin/cmake --build /home/phy_ai/.ihub/daksha/build/dynamics -- -j16 -l16
[5.771s] Invoking command in '/home/phy_ai/.ihub/daksha/build/dynamics': CMAKE_PREFIX_PATH=${CMAKE_PREFIX_PATH}:/home/phy_ai/.barani/gen2_full/install/world_camera_launch:/home/phy_ai/.barani/gen2_full/install/gen2:/home/phy_ai/.barani/gen2_full/install/vr_teleop:/home/phy_ai/.barani/gen2_full/install/ros_tcp_endpoint:/home/phy_ai/.barani/gen2_full/install/nav_bringup:/home/phy_ai/.barani/gen2_full/install/nav2_config:/home/phy_ai/.barani/gen2_full/install/kinematics:/home/phy_ai/.barani/gen2_full/install/joint_cmd_logger:/home/phy_ai/.barani/gen2_full/install/joint_analyzer:/home/phy_ai/.barani/gen2_full/install/daksha_data_collection:/home/phy_ai/.barani/gen2_full/install/gen2_leader:/home/phy_ai/.barani/gen2_full/install/amr_bringup:/home/phy_ai/.barani/gen2_full/install/daksha_final_urdf_description:/home/phy_ai/.barani/gen2_full/install/daksha_description_full_body:/home/phy_ai/.barani/gen2_full/install/daksha_base_urdf:/home/phy_ai/.barani/gen2_full/install/daksha_api_bridge_leader:/home/phy_ai/.barani/gen2_full/install/daksha_api_bridge_follower:/opt/ros/humble /usr/bin/cmake --install /home/phy_ai/.ihub/daksha/build/dynamics
[5.885s] -- Install configuration: ""
[5.892s] -- Up-to-date: /home/phy_ai/.ihub/daksha/install/dynamics/lib/dynamics/gravity_torque_node
[5.892s] -- Up-to-date: /home/phy_ai/.ihub/daksha/install/dynamics/share/dynamics/launch
[5.892s] -- Up-to-date: /home/phy_ai/.ihub/daksha/install/dynamics/share/dynamics/launch/gravity_torque.launch.py
[5.893s] -- Up-to-date: /home/phy_ai/.ihub/daksha/install/dynamics/share/ament_index/resource_index/package_run_dependencies/dynamics
[5.893s] -- Up-to-date: /home/phy_ai/.ihub/daksha/install/dynamics/share/ament_index/resource_index/parent_prefix_path/dynamics
[5.893s] -- Up-to-date: /home/phy_ai/.ihub/daksha/install/dynamics/share/dynamics/environment/ament_prefix_path.sh
[5.893s] -- Up-to-date: /home/phy_ai/.ihub/daksha/install/dynamics/share/dynamics/environment/ament_prefix_path.dsv
[5.893s] -- Up-to-date: /home/phy_ai/.ihub/daksha/install/dynamics/share/dynamics/environment/path.sh
[5.893s] -- Up-to-date: /home/phy_ai/.ihub/daksha/install/dynamics/share/dynamics/environment/path.dsv
[5.893s] -- Up-to-date: /home/phy_ai/.ihub/daksha/install/dynamics/share/dynamics/local_setup.bash
[5.893s] -- Up-to-date: /home/phy_ai/.ihub/daksha/install/dynamics/share/dynamics/local_setup.sh
[5.893s] -- Up-to-date: /home/phy_ai/.ihub/daksha/install/dynamics/share/dynamics/local_setup.zsh
[5.908s] -- Up-to-date: /home/phy_ai/.ihub/daksha/install/dynamics/share/dynamics/local_setup.dsv
[5.908s] -- Installing: /home/phy_ai/.ihub/daksha/install/dynamics/share/dynamics/package.dsv
[5.908s] -- Up-to-date: /home/phy_ai/.ihub/daksha/install/dynamics/share/ament_index/resource_index/packages/dynamics
[5.908s] -- Up-to-date: /home/phy_ai/.ihub/daksha/install/dynamics/share/dynamics/cmake/dynamicsConfig.cmake
[5.908s] -- Up-to-date: /home/phy_ai/.ihub/daksha/install/dynamics/share/dynamics/cmake/dynamicsConfig-version.cmake
[5.908s] -- Up-to-date: /home/phy_ai/.ihub/daksha/install/dynamics/share/dynamics/package.xml
[6.184s] Invoked command in '/home/phy_ai/.ihub/daksha/build/dynamics' returned '0': CMAKE_PREFIX_PATH=${CMAKE_PREFIX_PATH}:/home/phy_ai/.barani/gen2_full/install/world_camera_launch:/home/phy_ai/.barani/gen2_full/install/gen2:/home/phy_ai/.barani/gen2_full/install/vr_teleop:/home/phy_ai/.barani/gen2_full/install/ros_tcp_endpoint:/home/phy_ai/.barani/gen2_full/install/nav_bringup:/home/phy_ai/.barani/gen2_full/install/nav2_config:/home/phy_ai/.barani/gen2_full/install/kinematics:/home/phy_ai/.barani/gen2_full/install/joint_cmd_logger:/home/phy_ai/.barani/gen2_full/install/joint_analyzer:/home/phy_ai/.barani/gen2_full/install/daksha_data_collection:/home/phy_ai/.barani/gen2_full/install/gen2_leader:/home/phy_ai/.barani/gen2_full/install/amr_bringup:/home/phy_ai/.barani/gen2_full/install/daksha_final_urdf_description:/home/phy_ai/.barani/gen2_full/install/daksha_description_full_body:/home/phy_ai/.barani/gen2_full/install/daksha_base_urdf:/home/phy_ai/.barani/gen2_full/install/daksha_api_bridge_leader:/home/phy_ai/.barani/gen2_full/install/daksha_api_bridge_follower:/opt/ros/humble /usr/bin/cmake --install /home/phy_ai/.ihub/daksha/build/dynamics
