[4.872s] Invoking command in '/home/phy_ai/.ihub/daksha/src/world_camera_launch': PYTHONPATH=/home/phy_ai/.ihub/daksha/build/world_camera_launch/prefix_override:/usr/lib/python3/dist-packages/colcon_core/task/python/colcon_distutils_commands:/home/phy_ai/.ihub/daksha/install/world_camera_launch/lib/python3.10/site-packages:${PYTHONPATH} /usr/bin/python3 -W ignore:setup.py install is deprecated -W ignore:easy_install command is deprecated setup.py egg_info --egg-base ../../build/world_camera_launch build --build-base /home/phy_ai/.ihub/daksha/build/world_camera_launch/build install --record /home/phy_ai/.ihub/daksha/build/world_camera_launch/install.log --install-scripts $base/lib/world_camera_launch --single-version-externally-managed install_data
[5.569s] running egg_info
[5.571s] writing ../../build/world_camera_launch/world_camera_launch.egg-info/PKG-INFO
[5.572s] writing dependency_links to ../../build/world_camera_launch/world_camera_launch.egg-info/dependency_links.txt
[5.573s] writing entry points to ../../build/world_camera_launch/world_camera_launch.egg-info/entry_points.txt
[5.573s] writing requirements to ../../build/world_camera_launch/world_camera_launch.egg-info/requires.txt
[5.573s] writing top-level names to ../../build/world_camera_launch/world_camera_launch.egg-info/top_level.txt
[5.577s] reading manifest file '../../build/world_camera_launch/world_camera_launch.egg-info/SOURCES.txt'
[5.579s] writing manifest file '../../build/world_camera_launch/world_camera_launch.egg-info/SOURCES.txt'
[5.579s] running build
[5.580s] running build_py
[5.580s] running install
[5.581s] running install_lib
[5.584s] running install_data
[5.584s] running install_egg_info
[5.591s] removing '/home/phy_ai/.ihub/daksha/install/world_camera_launch/lib/python3.10/site-packages/world_camera_launch-0.0.0-py3.10.egg-info' (and everything under it)
[5.592s] Copying ../../build/world_camera_launch/world_camera_launch.egg-info to /home/phy_ai/.ihub/daksha/install/world_camera_launch/lib/python3.10/site-packages/world_camera_launch-0.0.0-py3.10.egg-info
[5.592s] running install_scripts
[5.644s] writing list of installed files to '/home/phy_ai/.ihub/daksha/build/world_camera_launch/install.log'
[5.742s] Invoked command in '/home/phy_ai/.ihub/daksha/src/world_camera_launch' returned '0': PYTHONPATH=/home/phy_ai/.ihub/daksha/build/world_camera_launch/prefix_override:/usr/lib/python3/dist-packages/colcon_core/task/python/colcon_distutils_commands:/home/phy_ai/.ihub/daksha/install/world_camera_launch/lib/python3.10/site-packages:${PYTHONPATH} /usr/bin/python3 -W ignore:setup.py install is deprecated -W ignore:easy_install command is deprecated setup.py egg_info --egg-base ../../build/world_camera_launch build --build-base /home/phy_ai/.ihub/daksha/build/world_camera_launch/build install --record /home/phy_ai/.ihub/daksha/build/world_camera_launch/install.log --install-scripts $base/lib/world_camera_launch --single-version-externally-managed install_data
