-- The C compiler identification is GNU 11.4.0
-- The CXX compiler identification is GNU 11.4.0
-- Detecting C compiler ABI info
-- Detecting C compiler ABI info - done
-- Check for working C compiler: /usr/bin/cc - skipped
-- Detecting C compile features
-- Detecting C compile features - done
-- Detecting CXX compiler ABI info
-- Detecting CXX compiler ABI info - done
-- Check for working CXX compiler: /usr/bin/c++ - skipped
-- Detecting CXX compile features
-- Detecting CXX compile features - done
-- Found ament_cmake: 1.3.14 (/opt/ros/humble/share/ament_cmake/cmake)
-- Found Python3: /usr/bin/python3 (found version "3.10.12") found components: Interpreter 
-- Found rclcpp: 16.0.19 (/opt/ros/humble/share/rclcpp/cmake)
-- Found rosidl_generator_c: 3.1.9 (/opt/ros/humble/share/rosidl_generator_c/cmake)
-- Found rosidl_adapter: 3.1.9 (/opt/ros/humble/share/rosidl_adapter/cmake)
-- Found rosidl_generator_cpp: 3.1.9 (/opt/ros/humble/share/rosidl_generator_cpp/cmake)
-- Using all available rosidl_typesupport_c: rosidl_typesupport_fastrtps_c;rosidl_typesupport_introspection_c
-- Using all available rosidl_typesupport_cpp: rosidl_typesupport_fastrtps_cpp;rosidl_typesupport_introspection_cpp
-- Found rmw_implementation_cmake: 6.1.3 (/opt/ros/humble/share/rmw_implementation_cmake/cmake)
-- Found rmw_fastrtps_cpp: 6.2.10 (/opt/ros/humble/share/rmw_fastrtps_cpp/cmake)
-- Found OpenSSL: /usr/lib/x86_64-linux-gnu/libcrypto.so (found version "3.0.2")  
-- Found FastRTPS: /opt/ros/humble/include  
-- Using RMW implementation 'rmw_fastrtps_cpp' as default
-- Looking for pthread.h
-- Looking for pthread.h - found
-- Performing Test CMAKE_HAVE_LIBC_PTHREAD
-- Performing Test CMAKE_HAVE_LIBC_PTHREAD - Success
-- Found Threads: TRUE  
-- Found sensor_msgs: 4.9.2 (/opt/ros/humble/share/sensor_msgs/cmake)
-- Found urdf: 2.6.1 (/opt/ros/humble/share/urdf/cmake)
-- Found srdfdom: 2.0.7 (/opt/ros/humble/share/srdfdom/cmake)
-- Found moveit_core: 2.5.9 (/opt/ros/humble/share/moveit_core/cmake)
-- Found Boost: /usr/lib/x86_64-linux-gnu/cmake/Boost-1.74.0/BoostConfig.cmake (found version "1.74.0") found components: chrono date_time filesystem iostreams program_options regex serialization system thread 
-- Found parameter_traits: 0.7.5 (/opt/ros/humble/share/parameter_traits/cmake)
-- Found rclcpp_lifecycle: 16.0.19 (/opt/ros/humble/share/rclcpp_lifecycle/cmake)
-- library: /usr/lib/x86_64-linux-gnu/libcurl.so
-- Found Eigen3: TRUE (found version "3.4.0") 
-- Ensuring Eigen3 include directory is part of orocos-kdl CMake target
-- Found collision_management: 0.0.1 (/home/phy_ai/.ihub/daksha/install/collision_management/share/collision_management/cmake)
-- Configuring done
-- Generating done
-- Build files have been written to: /home/phy_ai/.ihub/daksha/build/moveit_collision_management
[ 50%] [32mBuilding CXX object CMakeFiles/moveit_collision_guard_node.dir/src/moveit_collision_guard_node.cpp.o[0m
[100%] [32m[1mLinking CXX executable moveit_collision_guard_node[0m
[100%] Built target moveit_collision_guard_node
-- Install configuration: ""
-- Installing: /home/phy_ai/.ihub/daksha/install/moveit_collision_management/lib/moveit_collision_management/moveit_collision_guard_node
-- Set runtime path of "/home/phy_ai/.ihub/daksha/install/moveit_collision_management/lib/moveit_collision_management/moveit_collision_guard_node" to ""
-- Installing: /home/phy_ai/.ihub/daksha/install/moveit_collision_management/share/moveit_collision_management/launch
-- Installing: /home/phy_ai/.ihub/daksha/install/moveit_collision_management/share/moveit_collision_management/launch/moveit_collision_management.launch.py
-- Installing: /home/phy_ai/.ihub/daksha/install/moveit_collision_management/share/moveit_collision_management/scripts
-- Installing: /home/phy_ai/.ihub/daksha/install/moveit_collision_management/share/moveit_collision_management/scripts/gen_moveit_srdf.py
-- Installing: /home/phy_ai/.ihub/daksha/install/moveit_collision_management/share/ament_index/resource_index/package_run_dependencies/moveit_collision_management
-- Installing: /home/phy_ai/.ihub/daksha/install/moveit_collision_management/share/ament_index/resource_index/parent_prefix_path/moveit_collision_management
-- Installing: /home/phy_ai/.ihub/daksha/install/moveit_collision_management/share/moveit_collision_management/environment/ament_prefix_path.sh
-- Installing: /home/phy_ai/.ihub/daksha/install/moveit_collision_management/share/moveit_collision_management/environment/ament_prefix_path.dsv
-- Installing: /home/phy_ai/.ihub/daksha/install/moveit_collision_management/share/moveit_collision_management/environment/path.sh
-- Installing: /home/phy_ai/.ihub/daksha/install/moveit_collision_management/share/moveit_collision_management/environment/path.dsv
-- Installing: /home/phy_ai/.ihub/daksha/install/moveit_collision_management/share/moveit_collision_management/local_setup.bash
-- Installing: /home/phy_ai/.ihub/daksha/install/moveit_collision_management/share/moveit_collision_management/local_setup.sh
-- Installing: /home/phy_ai/.ihub/daksha/install/moveit_collision_management/share/moveit_collision_management/local_setup.zsh
-- Installing: /home/phy_ai/.ihub/daksha/install/moveit_collision_management/share/moveit_collision_management/local_setup.dsv
-- Installing: /home/phy_ai/.ihub/daksha/install/moveit_collision_management/share/moveit_collision_management/package.dsv
-- Installing: /home/phy_ai/.ihub/daksha/install/moveit_collision_management/share/ament_index/resource_index/packages/moveit_collision_management
-- Installing: /home/phy_ai/.ihub/daksha/install/moveit_collision_management/share/moveit_collision_management/cmake/moveit_collision_managementConfig.cmake
-- Installing: /home/phy_ai/.ihub/daksha/install/moveit_collision_management/share/moveit_collision_management/cmake/moveit_collision_managementConfig-version.cmake
-- Installing: /home/phy_ai/.ihub/daksha/install/moveit_collision_management/share/moveit_collision_management/package.xml
