[0.029s] Invoking command in '/home/phy_ai/.ihub/daksha/build/moveit_collision_management': AMENT_PREFIX_PATH=/home/phy_ai/.ihub/daksha/install/collision_management:/home/phy_ai/.ihub/daksha/install/kinematics:/home/phy_ai/.ihub/daksha/install/daksha_description_full_body:${AMENT_PREFIX_PATH} CMAKE_PREFIX_PATH=/home/phy_ai/.ihub/daksha/install/collision_management:/home/phy_ai/.barani/gen2_full/install/web_nav_site:/home/phy_ai/.barani/gen2_full/install/trajectory_planning:/home/phy_ai/.barani/gen2_full/install/sllidar_ros2:/home/phy_ai/.barani/gen2_full/install/posveleff_controllers:/home/phy_ai/.barani/gen2_full/install/moveit_collision_management:/home/phy_ai/.barani/gen2_full/install/collision_management:/home/phy_ai/.barani/gen2_full/install/hw_interface:/home/phy_ai/.barani/gen2_full/install/gesture_management:/home/phy_ai/.barani/gen2_full/install/dynamics:/home/phy_ai/.barani/gen2_full/install/drax_hardware:/home/phy_ai/.barani/gen2_full/install/daksha_ui:/home/phy_ai/.barani/gen2_full/install/daksha_msgs:/home/phy_ai/.barani/gen2_full/install/automation:/home/phy_ai/.barani/gen2_full/install/world_camera_launch:/home/phy_ai/.barani/gen2_full/install/gen2:/home/phy_ai/.barani/gen2_full/install/vr_teleop:/home/phy_ai/.barani/gen2_full/install/ros_tcp_endpoint:/home/phy_ai/.barani/gen2_full/install/nav_bringup:/home/phy_ai/.barani/gen2_full/install/nav2_config:/home/phy_ai/.barani/gen2_full/install/kinematics:/home/phy_ai/.barani/gen2_full/install/joint_cmd_logger:/home/phy_ai/.barani/gen2_full/install/joint_analyzer:/home/phy_ai/.barani/gen2_full/install/daksha_data_collection:/home/phy_ai/.barani/gen2_full/install/gen2_leader:/home/phy_ai/.barani/gen2_full/install/amr_bringup:/home/phy_ai/.barani/gen2_full/install/daksha_final_urdf_description:/home/phy_ai/.barani/gen2_full/install/daksha_description_full_body:/home/phy_ai/.barani/gen2_full/install/daksha_base_urdf:/home/phy_ai/.barani/gen2_full/install/daksha_api_bridge_leader:/home/phy_ai/.barani/gen2_full/install/daksha_api_bridge_follower:/opt/ros/humble LD_LIBRARY_PATH=/home/phy_ai/.ihub/daksha/install/collision_management/lib:${LD_LIBRARY_PATH} PYTHONPATH=/home/phy_ai/.ihub/daksha/install/collision_management/local/lib/python3.10/dist-packages:/home/phy_ai/.ihub/daksha/install/kinematics/lib/python3.10/site-packages:/home/phy_ai/.ihub/daksha/install/daksha_description_full_body/lib/python3.10/site-packages:${PYTHONPATH} /usr/bin/cmake /home/phy_ai/.ihub/daksha/src/controllers/moveit_collision_management -DCMAKE_INSTALL_PREFIX=/home/phy_ai/.ihub/daksha/install/moveit_collision_management
[0.114s] -- The C compiler identification is GNU 11.4.0
[0.204s] -- The CXX compiler identification is GNU 11.4.0
[0.215s] -- Detecting C compiler ABI info
[0.332s] -- Detecting C compiler ABI info - done
[0.340s] -- Check for working C compiler: /usr/bin/cc - skipped
[0.340s] -- Detecting C compile features
[0.340s] -- Detecting C compile features - done
[0.344s] -- Detecting CXX compiler ABI info
[0.460s] -- Detecting CXX compiler ABI info - done
[0.468s] -- Check for working CXX compiler: /usr/bin/c++ - skipped
[0.469s] -- Detecting CXX compile features
[0.469s] -- Detecting CXX compile features - done
[0.477s] -- Found ament_cmake: 1.3.14 (/opt/ros/humble/share/ament_cmake/cmake)
[0.851s] -- Found Python3: /usr/bin/python3 (found version "3.10.12") found components: Interpreter 
[1.080s] -- Found rclcpp: 16.0.19 (/opt/ros/humble/share/rclcpp/cmake)
[1.178s] -- Found rosidl_generator_c: 3.1.9 (/opt/ros/humble/share/rosidl_generator_c/cmake)
[1.193s] -- Found rosidl_adapter: 3.1.9 (/opt/ros/humble/share/rosidl_adapter/cmake)
[1.212s] -- Found rosidl_generator_cpp: 3.1.9 (/opt/ros/humble/share/rosidl_generator_cpp/cmake)
[1.236s] -- Using all available rosidl_typesupport_c: rosidl_typesupport_fastrtps_c;rosidl_typesupport_introspection_c
[1.269s] -- Using all available rosidl_typesupport_cpp: rosidl_typesupport_fastrtps_cpp;rosidl_typesupport_introspection_cpp
[1.365s] -- Found rmw_implementation_cmake: 6.1.3 (/opt/ros/humble/share/rmw_implementation_cmake/cmake)
[1.374s] -- Found rmw_fastrtps_cpp: 6.2.10 (/opt/ros/humble/share/rmw_fastrtps_cpp/cmake)
[1.547s] -- Found OpenSSL: /usr/lib/x86_64-linux-gnu/libcrypto.so (found version "3.0.2")  
[1.590s] -- Found FastRTPS: /opt/ros/humble/include  
[1.656s] -- Using RMW implementation 'rmw_fastrtps_cpp' as default
[1.679s] -- Looking for pthread.h
[1.797s] -- Looking for pthread.h - found
[1.797s] -- Performing Test CMAKE_HAVE_LIBC_PTHREAD
[1.904s] -- Performing Test CMAKE_HAVE_LIBC_PTHREAD - Success
[1.905s] -- Found Threads: TRUE  
[1.987s] -- Found sensor_msgs: 4.9.2 (/opt/ros/humble/share/sensor_msgs/cmake)
[2.030s] -- Found urdf: 2.6.1 (/opt/ros/humble/share/urdf/cmake)
[2.116s] -- Found srdfdom: 2.0.7 (/opt/ros/humble/share/srdfdom/cmake)
[2.127s] -- Found moveit_core: 2.5.9 (/opt/ros/humble/share/moveit_core/cmake)
[2.234s] -- Found Boost: /usr/lib/x86_64-linux-gnu/cmake/Boost-1.74.0/BoostConfig.cmake (found version "1.74.0") found components: chrono date_time filesystem iostreams program_options regex serialization system thread 
[2.352s] -- Found parameter_traits: 0.7.5 (/opt/ros/humble/share/parameter_traits/cmake)
[2.396s] -- Found rclcpp_lifecycle: 16.0.19 (/opt/ros/humble/share/rclcpp_lifecycle/cmake)
[2.620s] -- library: /usr/lib/x86_64-linux-gnu/libcurl.so
[2.715s] -- Found Eigen3: TRUE (found version "3.4.0") 
[2.715s] -- Ensuring Eigen3 include directory is part of orocos-kdl CMake target
[3.080s] -- Found collision_management: 0.0.1 (/home/phy_ai/.ihub/daksha/install/collision_management/share/collision_management/cmake)
[3.188s] -- Configuring done
[3.225s] -- Generating done
[3.234s] -- Build files have been written to: /home/phy_ai/.ihub/daksha/build/moveit_collision_management
[3.267s] Invoked command in '/home/phy_ai/.ihub/daksha/build/moveit_collision_management' returned '0': AMENT_PREFIX_PATH=/home/phy_ai/.ihub/daksha/install/collision_management:/home/phy_ai/.ihub/daksha/install/kinematics:/home/phy_ai/.ihub/daksha/install/daksha_description_full_body:${AMENT_PREFIX_PATH} CMAKE_PREFIX_PATH=/home/phy_ai/.ihub/daksha/install/collision_management:/home/phy_ai/.barani/gen2_full/install/web_nav_site:/home/phy_ai/.barani/gen2_full/install/trajectory_planning:/home/phy_ai/.barani/gen2_full/install/sllidar_ros2:/home/phy_ai/.barani/gen2_full/install/posveleff_controllers:/home/phy_ai/.barani/gen2_full/install/moveit_collision_management:/home/phy_ai/.barani/gen2_full/install/collision_management:/home/phy_ai/.barani/gen2_full/install/hw_interface:/home/phy_ai/.barani/gen2_full/install/gesture_management:/home/phy_ai/.barani/gen2_full/install/dynamics:/home/phy_ai/.barani/gen2_full/install/drax_hardware:/home/phy_ai/.barani/gen2_full/install/daksha_ui:/home/phy_ai/.barani/gen2_full/install/daksha_msgs:/home/phy_ai/.barani/gen2_full/install/automation:/home/phy_ai/.barani/gen2_full/install/world_camera_launch:/home/phy_ai/.barani/gen2_full/install/gen2:/home/phy_ai/.barani/gen2_full/install/vr_teleop:/home/phy_ai/.barani/gen2_full/install/ros_tcp_endpoint:/home/phy_ai/.barani/gen2_full/install/nav_bringup:/home/phy_ai/.barani/gen2_full/install/nav2_config:/home/phy_ai/.barani/gen2_full/install/kinematics:/home/phy_ai/.barani/gen2_full/install/joint_cmd_logger:/home/phy_ai/.barani/gen2_full/install/joint_analyzer:/home/phy_ai/.barani/gen2_full/install/daksha_data_collection:/home/phy_ai/.barani/gen2_full/install/gen2_leader:/home/phy_ai/.barani/gen2_full/install/amr_bringup:/home/phy_ai/.barani/gen2_full/install/daksha_final_urdf_description:/home/phy_ai/.barani/gen2_full/install/daksha_description_full_body:/home/phy_ai/.barani/gen2_full/install/daksha_base_urdf:/home/phy_ai/.barani/gen2_full/install/daksha_api_bridge_leader:/home/phy_ai/.barani/gen2_full/install/daksha_api_bridge_follower:/opt/ros/humble LD_LIBRARY_PATH=/home/phy_ai/.ihub/daksha/install/collision_management/lib:${LD_LIBRARY_PATH} PYTHONPATH=/home/phy_ai/.ihub/daksha/install/collision_management/local/lib/python3.10/dist-packages:/home/phy_ai/.ihub/daksha/install/kinematics/lib/python3.10/site-packages:/home/phy_ai/.ihub/daksha/install/daksha_description_full_body/lib/python3.10/site-packages:${PYTHONPATH} /usr/bin/cmake /home/phy_ai/.ihub/daksha/src/controllers/moveit_collision_management -DCMAKE_INSTALL_PREFIX=/home/phy_ai/.ihub/daksha/install/moveit_collision_management
[3.270s] Invoking command in '/home/phy_ai/.ihub/daksha/build/moveit_collision_management': AMENT_PREFIX_PATH=/home/phy_ai/.ihub/daksha/install/collision_management:/home/phy_ai/.ihub/daksha/install/kinematics:/home/phy_ai/.ihub/daksha/install/daksha_description_full_body:${AMENT_PREFIX_PATH} CMAKE_PREFIX_PATH=/home/phy_ai/.ihub/daksha/install/collision_management:/home/phy_ai/.barani/gen2_full/install/web_nav_site:/home/phy_ai/.barani/gen2_full/install/trajectory_planning:/home/phy_ai/.barani/gen2_full/install/sllidar_ros2:/home/phy_ai/.barani/gen2_full/install/posveleff_controllers:/home/phy_ai/.barani/gen2_full/install/moveit_collision_management:/home/phy_ai/.barani/gen2_full/install/collision_management:/home/phy_ai/.barani/gen2_full/install/hw_interface:/home/phy_ai/.barani/gen2_full/install/gesture_management:/home/phy_ai/.barani/gen2_full/install/dynamics:/home/phy_ai/.barani/gen2_full/install/drax_hardware:/home/phy_ai/.barani/gen2_full/install/daksha_ui:/home/phy_ai/.barani/gen2_full/install/daksha_msgs:/home/phy_ai/.barani/gen2_full/install/automation:/home/phy_ai/.barani/gen2_full/install/world_camera_launch:/home/phy_ai/.barani/gen2_full/install/gen2:/home/phy_ai/.barani/gen2_full/install/vr_teleop:/home/phy_ai/.barani/gen2_full/install/ros_tcp_endpoint:/home/phy_ai/.barani/gen2_full/install/nav_bringup:/home/phy_ai/.barani/gen2_full/install/nav2_config:/home/phy_ai/.barani/gen2_full/install/kinematics:/home/phy_ai/.barani/gen2_full/install/joint_cmd_logger:/home/phy_ai/.barani/gen2_full/install/joint_analyzer:/home/phy_ai/.barani/gen2_full/install/daksha_data_collection:/home/phy_ai/.barani/gen2_full/install/gen2_leader:/home/phy_ai/.barani/gen2_full/install/amr_bringup:/home/phy_ai/.barani/gen2_full/install/daksha_final_urdf_description:/home/phy_ai/.barani/gen2_full/install/daksha_description_full_body:/home/phy_ai/.barani/gen2_full/install/daksha_base_urdf:/home/phy_ai/.barani/gen2_full/install/daksha_api_bridge_leader:/home/phy_ai/.barani/gen2_full/install/daksha_api_bridge_follower:/opt/ros/humble LD_LIBRARY_PATH=/home/phy_ai/.ihub/daksha/install/collision_management/lib:${LD_LIBRARY_PATH} PYTHONPATH=/home/phy_ai/.ihub/daksha/install/collision_management/local/lib/python3.10/dist-packages:/home/phy_ai/.ihub/daksha/install/kinematics/lib/python3.10/site-packages:/home/phy_ai/.ihub/daksha/install/daksha_description_full_body/lib/python3.10/site-packages:${PYTHONPATH} /usr/bin/cmake --build /home/phy_ai/.ihub/daksha/build/moveit_collision_management -- -j16 -l16
[3.366s] [ 50%] [32mBuilding CXX object CMakeFiles/moveit_collision_guard_node.dir/src/moveit_collision_guard_node.cpp.o[0m
[15.841s] [100%] [32m[1mLinking CXX executable moveit_collision_guard_node[0m
[16.915s] [100%] Built target moveit_collision_guard_node
[16.929s] Invoked command in '/home/phy_ai/.ihub/daksha/build/moveit_collision_management' returned '0': AMENT_PREFIX_PATH=/home/phy_ai/.ihub/daksha/install/collision_management:/home/phy_ai/.ihub/daksha/install/kinematics:/home/phy_ai/.ihub/daksha/install/daksha_description_full_body:${AMENT_PREFIX_PATH} CMAKE_PREFIX_PATH=/home/phy_ai/.ihub/daksha/install/collision_management:/home/phy_ai/.barani/gen2_full/install/web_nav_site:/home/phy_ai/.barani/gen2_full/install/trajectory_planning:/home/phy_ai/.barani/gen2_full/install/sllidar_ros2:/home/phy_ai/.barani/gen2_full/install/posveleff_controllers:/home/phy_ai/.barani/gen2_full/install/moveit_collision_management:/home/phy_ai/.barani/gen2_full/install/collision_management:/home/phy_ai/.barani/gen2_full/install/hw_interface:/home/phy_ai/.barani/gen2_full/install/gesture_management:/home/phy_ai/.barani/gen2_full/install/dynamics:/home/phy_ai/.barani/gen2_full/install/drax_hardware:/home/phy_ai/.barani/gen2_full/install/daksha_ui:/home/phy_ai/.barani/gen2_full/install/daksha_msgs:/home/phy_ai/.barani/gen2_full/install/automation:/home/phy_ai/.barani/gen2_full/install/world_camera_launch:/home/phy_ai/.barani/gen2_full/install/gen2:/home/phy_ai/.barani/gen2_full/install/vr_teleop:/home/phy_ai/.barani/gen2_full/install/ros_tcp_endpoint:/home/phy_ai/.barani/gen2_full/install/nav_bringup:/home/phy_ai/.barani/gen2_full/install/nav2_config:/home/phy_ai/.barani/gen2_full/install/kinematics:/home/phy_ai/.barani/gen2_full/install/joint_cmd_logger:/home/phy_ai/.barani/gen2_full/install/joint_analyzer:/home/phy_ai/.barani/gen2_full/install/daksha_data_collection:/home/phy_ai/.barani/gen2_full/install/gen2_leader:/home/phy_ai/.barani/gen2_full/install/amr_bringup:/home/phy_ai/.barani/gen2_full/install/daksha_final_urdf_description:/home/phy_ai/.barani/gen2_full/install/daksha_description_full_body:/home/phy_ai/.barani/gen2_full/install/daksha_base_urdf:/home/phy_ai/.barani/gen2_full/install/daksha_api_bridge_leader:/home/phy_ai/.barani/gen2_full/install/daksha_api_bridge_follower:/opt/ros/humble LD_LIBRARY_PATH=/home/phy_ai/.ihub/daksha/install/collision_management/lib:${LD_LIBRARY_PATH} PYTHONPATH=/home/phy_ai/.ihub/daksha/install/collision_management/local/lib/python3.10/dist-packages:/home/phy_ai/.ihub/daksha/install/kinematics/lib/python3.10/site-packages:/home/phy_ai/.ihub/daksha/install/daksha_description_full_body/lib/python3.10/site-packages:${PYTHONPATH} /usr/bin/cmake --build /home/phy_ai/.ihub/daksha/build/moveit_collision_management -- -j16 -l16
[16.932s] Invoking command in '/home/phy_ai/.ihub/daksha/build/moveit_collision_management': AMENT_PREFIX_PATH=/home/phy_ai/.ihub/daksha/install/collision_management:/home/phy_ai/.ihub/daksha/install/kinematics:/home/phy_ai/.ihub/daksha/install/daksha_description_full_body:${AMENT_PREFIX_PATH} CMAKE_PREFIX_PATH=/home/phy_ai/.ihub/daksha/install/collision_management:/home/phy_ai/.barani/gen2_full/install/web_nav_site:/home/phy_ai/.barani/gen2_full/install/trajectory_planning:/home/phy_ai/.barani/gen2_full/install/sllidar_ros2:/home/phy_ai/.barani/gen2_full/install/posveleff_controllers:/home/phy_ai/.barani/gen2_full/install/moveit_collision_management:/home/phy_ai/.barani/gen2_full/install/collision_management:/home/phy_ai/.barani/gen2_full/install/hw_interface:/home/phy_ai/.barani/gen2_full/install/gesture_management:/home/phy_ai/.barani/gen2_full/install/dynamics:/home/phy_ai/.barani/gen2_full/install/drax_hardware:/home/phy_ai/.barani/gen2_full/install/daksha_ui:/home/phy_ai/.barani/gen2_full/install/daksha_msgs:/home/phy_ai/.barani/gen2_full/install/automation:/home/phy_ai/.barani/gen2_full/install/world_camera_launch:/home/phy_ai/.barani/gen2_full/install/gen2:/home/phy_ai/.barani/gen2_full/install/vr_teleop:/home/phy_ai/.barani/gen2_full/install/ros_tcp_endpoint:/home/phy_ai/.barani/gen2_full/install/nav_bringup:/home/phy_ai/.barani/gen2_full/install/nav2_config:/home/phy_ai/.barani/gen2_full/install/kinematics:/home/phy_ai/.barani/gen2_full/install/joint_cmd_logger:/home/phy_ai/.barani/gen2_full/install/joint_analyzer:/home/phy_ai/.barani/gen2_full/install/daksha_data_collection:/home/phy_ai/.barani/gen2_full/install/gen2_leader:/home/phy_ai/.barani/gen2_full/install/amr_bringup:/home/phy_ai/.barani/gen2_full/install/daksha_final_urdf_description:/home/phy_ai/.barani/gen2_full/install/daksha_description_full_body:/home/phy_ai/.barani/gen2_full/install/daksha_base_urdf:/home/phy_ai/.barani/gen2_full/install/daksha_api_bridge_leader:/home/phy_ai/.barani/gen2_full/install/daksha_api_bridge_follower:/opt/ros/humble LD_LIBRARY_PATH=/home/phy_ai/.ihub/daksha/install/collision_management/lib:${LD_LIBRARY_PATH} PYTHONPATH=/home/phy_ai/.ihub/daksha/install/collision_management/local/lib/python3.10/dist-packages:/home/phy_ai/.ihub/daksha/install/kinematics/lib/python3.10/site-packages:/home/phy_ai/.ihub/daksha/install/daksha_description_full_body/lib/python3.10/site-packages:${PYTHONPATH} /usr/bin/cmake --install /home/phy_ai/.ihub/daksha/build/moveit_collision_management
[16.940s] -- Install configuration: ""
[16.940s] -- Installing: /home/phy_ai/.ihub/daksha/install/moveit_collision_management/lib/moveit_collision_management/moveit_collision_guard_node
[16.946s] -- Set runtime path of "/home/phy_ai/.ihub/daksha/install/moveit_collision_management/lib/moveit_collision_management/moveit_collision_guard_node" to ""
[16.946s] -- Installing: /home/phy_ai/.ihub/daksha/install/moveit_collision_management/share/moveit_collision_management/launch
[16.946s] -- Installing: /home/phy_ai/.ihub/daksha/install/moveit_collision_management/share/moveit_collision_management/launch/moveit_collision_management.launch.py
[16.946s] -- Installing: /home/phy_ai/.ihub/daksha/install/moveit_collision_management/share/moveit_collision_management/scripts
[16.946s] -- Installing: /home/phy_ai/.ihub/daksha/install/moveit_collision_management/share/moveit_collision_management/scripts/gen_moveit_srdf.py
[16.946s] -- Installing: /home/phy_ai/.ihub/daksha/install/moveit_collision_management/share/ament_index/resource_index/package_run_dependencies/moveit_collision_management
[16.946s] -- Installing: /home/phy_ai/.ihub/daksha/install/moveit_collision_management/share/ament_index/resource_index/parent_prefix_path/moveit_collision_management
[16.947s] -- Installing: /home/phy_ai/.ihub/daksha/install/moveit_collision_management/share/moveit_collision_management/environment/ament_prefix_path.sh
[16.947s] -- Installing: /home/phy_ai/.ihub/daksha/install/moveit_collision_management/share/moveit_collision_management/environment/ament_prefix_path.dsv
[16.947s] -- Installing: /home/phy_ai/.ihub/daksha/install/moveit_collision_management/share/moveit_collision_management/environment/path.sh
[16.947s] -- Installing: /home/phy_ai/.ihub/daksha/install/moveit_collision_management/share/moveit_collision_management/environment/path.dsv
[16.947s] -- Installing: /home/phy_ai/.ihub/daksha/install/moveit_collision_management/share/moveit_collision_management/local_setup.bash
[16.947s] -- Installing: /home/phy_ai/.ihub/daksha/install/moveit_collision_management/share/moveit_collision_management/local_setup.sh
[16.947s] -- Installing: /home/phy_ai/.ihub/daksha/install/moveit_collision_management/share/moveit_collision_management/local_setup.zsh
[16.947s] -- Installing: /home/phy_ai/.ihub/daksha/install/moveit_collision_management/share/moveit_collision_management/local_setup.dsv
[16.948s] -- Installing: /home/phy_ai/.ihub/daksha/install/moveit_collision_management/share/moveit_collision_management/package.dsv
[16.948s] -- Installing: /home/phy_ai/.ihub/daksha/install/moveit_collision_management/share/ament_index/resource_index/packages/moveit_collision_management
[16.948s] -- Installing: /home/phy_ai/.ihub/daksha/install/moveit_collision_management/share/moveit_collision_management/cmake/moveit_collision_managementConfig.cmake
[16.948s] -- Installing: /home/phy_ai/.ihub/daksha/install/moveit_collision_management/share/moveit_collision_management/cmake/moveit_collision_managementConfig-version.cmake
[16.948s] -- Installing: /home/phy_ai/.ihub/daksha/install/moveit_collision_management/share/moveit_collision_management/package.xml
[16.951s] Invoked command in '/home/phy_ai/.ihub/daksha/build/moveit_collision_management' returned '0': AMENT_PREFIX_PATH=/home/phy_ai/.ihub/daksha/install/collision_management:/home/phy_ai/.ihub/daksha/install/kinematics:/home/phy_ai/.ihub/daksha/install/daksha_description_full_body:${AMENT_PREFIX_PATH} CMAKE_PREFIX_PATH=/home/phy_ai/.ihub/daksha/install/collision_management:/home/phy_ai/.barani/gen2_full/install/web_nav_site:/home/phy_ai/.barani/gen2_full/install/trajectory_planning:/home/phy_ai/.barani/gen2_full/install/sllidar_ros2:/home/phy_ai/.barani/gen2_full/install/posveleff_controllers:/home/phy_ai/.barani/gen2_full/install/moveit_collision_management:/home/phy_ai/.barani/gen2_full/install/collision_management:/home/phy_ai/.barani/gen2_full/install/hw_interface:/home/phy_ai/.barani/gen2_full/install/gesture_management:/home/phy_ai/.barani/gen2_full/install/dynamics:/home/phy_ai/.barani/gen2_full/install/drax_hardware:/home/phy_ai/.barani/gen2_full/install/daksha_ui:/home/phy_ai/.barani/gen2_full/install/daksha_msgs:/home/phy_ai/.barani/gen2_full/install/automation:/home/phy_ai/.barani/gen2_full/install/world_camera_launch:/home/phy_ai/.barani/gen2_full/install/gen2:/home/phy_ai/.barani/gen2_full/install/vr_teleop:/home/phy_ai/.barani/gen2_full/install/ros_tcp_endpoint:/home/phy_ai/.barani/gen2_full/install/nav_bringup:/home/phy_ai/.barani/gen2_full/install/nav2_config:/home/phy_ai/.barani/gen2_full/install/kinematics:/home/phy_ai/.barani/gen2_full/install/joint_cmd_logger:/home/phy_ai/.barani/gen2_full/install/joint_analyzer:/home/phy_ai/.barani/gen2_full/install/daksha_data_collection:/home/phy_ai/.barani/gen2_full/install/gen2_leader:/home/phy_ai/.barani/gen2_full/install/amr_bringup:/home/phy_ai/.barani/gen2_full/install/daksha_final_urdf_description:/home/phy_ai/.barani/gen2_full/install/daksha_description_full_body:/home/phy_ai/.barani/gen2_full/install/daksha_base_urdf:/home/phy_ai/.barani/gen2_full/install/daksha_api_bridge_leader:/home/phy_ai/.barani/gen2_full/install/daksha_api_bridge_follower:/opt/ros/humble LD_LIBRARY_PATH=/home/phy_ai/.ihub/daksha/install/collision_management/lib:${LD_LIBRARY_PATH} PYTHONPATH=/home/phy_ai/.ihub/daksha/install/collision_management/local/lib/python3.10/dist-packages:/home/phy_ai/.ihub/daksha/install/kinematics/lib/python3.10/site-packages:/home/phy_ai/.ihub/daksha/install/daksha_description_full_body/lib/python3.10/site-packages:${PYTHONPATH} /usr/bin/cmake --install /home/phy_ai/.ihub/daksha/build/moveit_collision_management
