[2.275s] Invoking command in '/home/phy_ai/.ihub/daksha/src/world_camera_launch': PYTHONPATH=/home/phy_ai/.ihub/daksha/build/world_camera_launch/prefix_override:/usr/lib/python3/dist-packages/colcon_core/task/python/colcon_distutils_commands:/home/phy_ai/.ihub/daksha/install/world_camera_launch/lib/python3.10/site-packages:${PYTHONPATH} /usr/bin/python3 -W ignore:setup.py install is deprecated -W ignore:easy_install command is deprecated setup.py egg_info --egg-base ../../build/world_camera_launch build --build-base /home/phy_ai/.ihub/daksha/build/world_camera_launch/build install --record /home/phy_ai/.ihub/daksha/build/world_camera_launch/install.log --install-scripts $base/lib/world_camera_launch --single-version-externally-managed install_data
[2.627s] running egg_info
[2.629s] writing ../../build/world_camera_launch/world_camera_launch.egg-info/PKG-INFO
[2.629s] writing dependency_links to ../../build/world_camera_launch/world_camera_launch.egg-info/dependency_links.txt
[2.629s] writing entry points to ../../build/world_camera_launch/world_camera_launch.egg-info/entry_points.txt
[2.629s] writing requirements to ../../build/world_camera_launch/world_camera_launch.egg-info/requires.txt
[2.630s] writing top-level names to ../../build/world_camera_launch/world_camera_launch.egg-info/top_level.txt
[2.633s] reading manifest file '../../build/world_camera_launch/world_camera_launch.egg-info/SOURCES.txt'
[2.634s] writing manifest file '../../build/world_camera_launch/world_camera_launch.egg-info/SOURCES.txt'
[2.635s] running build
[2.635s] running build_py
[2.635s] running install
[2.636s] running install_lib
[2.638s] running install_data
[2.638s] running install_egg_info
[2.641s] removing '/home/phy_ai/.ihub/daksha/install/world_camera_launch/lib/python3.10/site-packages/world_camera_launch-0.0.0-py3.10.egg-info' (and everything under it)
[2.641s] Copying ../../build/world_camera_launch/world_camera_launch.egg-info to /home/phy_ai/.ihub/daksha/install/world_camera_launch/lib/python3.10/site-packages/world_camera_launch-0.0.0-py3.10.egg-info
[2.642s] running install_scripts
[2.670s] writing list of installed files to '/home/phy_ai/.ihub/daksha/build/world_camera_launch/install.log'
[2.732s] Invoked command in '/home/phy_ai/.ihub/daksha/src/world_camera_launch' returned '0': PYTHONPATH=/home/phy_ai/.ihub/daksha/build/world_camera_launch/prefix_override:/usr/lib/python3/dist-packages/colcon_core/task/python/colcon_distutils_commands:/home/phy_ai/.ihub/daksha/install/world_camera_launch/lib/python3.10/site-packages:${PYTHONPATH} /usr/bin/python3 -W ignore:setup.py install is deprecated -W ignore:easy_install command is deprecated setup.py egg_info --egg-base ../../build/world_camera_launch build --build-base /home/phy_ai/.ihub/daksha/build/world_camera_launch/build install --record /home/phy_ai/.ihub/daksha/build/world_camera_launch/install.log --install-scripts $base/lib/world_camera_launch --single-version-externally-managed install_data
