running egg_info
creating ../../build/daksha_description_full_body/daksha_description_full_body.egg-info
writing ../../build/daksha_description_full_body/daksha_description_full_body.egg-info/PKG-INFO
writing dependency_links to ../../build/daksha_description_full_body/daksha_description_full_body.egg-info/dependency_links.txt
writing entry points to ../../build/daksha_description_full_body/daksha_description_full_body.egg-info/entry_points.txt
writing requirements to ../../build/daksha_description_full_body/daksha_description_full_body.egg-info/requires.txt
writing top-level names to ../../build/daksha_description_full_body/daksha_description_full_body.egg-info/top_level.txt
writing manifest file '../../build/daksha_description_full_body/daksha_description_full_body.egg-info/SOURCES.txt'
reading manifest file '../../build/daksha_description_full_body/daksha_description_full_body.egg-info/SOURCES.txt'
writing manifest file '../../build/daksha_description_full_body/daksha_description_full_body.egg-info/SOURCES.txt'
running build
running build_py
creating /home/phy_ai/.ihub/daksha/build/daksha_description_full_body/build
creating /home/phy_ai/.ihub/daksha/build/daksha_description_full_body/build/lib
creating /home/phy_ai/.ihub/daksha/build/daksha_description_full_body/build/lib/daksha_description_full_body
copying daksha_description_full_body/__init__.py -> /home/phy_ai/.ihub/daksha/build/daksha_description_full_body/build/lib/daksha_description_full_body
running install
running install_lib
creating /home/phy_ai/.ihub/daksha/install/daksha_description_full_body/lib/python3.10/site-packages/daksha_description_full_body
copying /home/phy_ai/.ihub/daksha/build/daksha_description_full_body/build/lib/daksha_description_full_body/__init__.py -> /home/phy_ai/.ihub/daksha/install/daksha_description_full_body/lib/python3.10/site-packages/daksha_description_full_body
byte-compiling /home/phy_ai/.ihub/daksha/install/daksha_description_full_body/lib/python3.10/site-packages/daksha_description_full_body/__init__.py to __init__.cpython-310.pyc
running install_data
creating /home/phy_ai/.ihub/daksha/install/daksha_description_full_body/share/ament_index
creating /home/phy_ai/.ihub/daksha/install/daksha_description_full_body/share/ament_index/resource_index
creating /home/phy_ai/.ihub/daksha/install/daksha_description_full_body/share/ament_index/resource_index/packages
copying resource/daksha_description_full_body -> /home/phy_ai/.ihub/daksha/install/daksha_description_full_body/share/ament_index/resource_index/packages
copying package.xml -> /home/phy_ai/.ihub/daksha/install/daksha_description_full_body/share/daksha_description_full_body
creating /home/phy_ai/.ihub/daksha/install/daksha_description_full_body/share/daksha_description_full_body/launch
copying launch/display.launch.py -> /home/phy_ai/.ihub/daksha/install/daksha_description_full_body/share/daksha_description_full_body/launch
copying launch/display_xacro.launch.py -> /home/phy_ai/.ihub/daksha/install/daksha_description_full_body/share/daksha_description_full_body/launch
creating /home/phy_ai/.ihub/daksha/install/daksha_description_full_body/share/daksha_description_full_body/urdf
copying urdf/robot_collision.urdf -> /home/phy_ai/.ihub/daksha/install/daksha_description_full_body/share/daksha_description_full_body/urdf
copying urdf/robot.urdf -> /home/phy_ai/.ihub/daksha/install/daksha_description_full_body/share/daksha_description_full_body/urdf
creating /home/phy_ai/.ihub/daksha/install/daksha_description_full_body/share/daksha_description_full_body/srdf
copying srdf/daksha.srdf -> /home/phy_ai/.ihub/daksha/install/daksha_description_full_body/share/daksha_description_full_body/srdf
creating /home/phy_ai/.ihub/daksha/install/daksha_description_full_body/share/daksha_description_full_body/meshes
copying meshes/left_link_2.stl -> /home/phy_ai/.ihub/daksha/install/daksha_description_full_body/share/daksha_description_full_body/meshes
copying meshes/left_gripper_mount.stl -> /home/phy_ai/.ihub/daksha/install/daksha_description_full_body/share/daksha_description_full_body/meshes
copying meshes/left_link_4.stl -> /home/phy_ai/.ihub/daksha/install/daksha_description_full_body/share/daksha_description_full_body/meshes
copying meshes/left_link_8.stl -> /home/phy_ai/.ihub/daksha/install/daksha_description_full_body/share/daksha_description_full_body/meshes
copying meshes/right_link_5.stl -> /home/phy_ai/.ihub/daksha/install/daksha_description_full_body/share/daksha_description_full_body/meshes
copying meshes/right_left_finger.stl -> /home/phy_ai/.ihub/daksha/install/daksha_description_full_body/share/daksha_description_full_body/meshes
copying meshes/wheel_base.stl -> /home/phy_ai/.ihub/daksha/install/daksha_description_full_body/share/daksha_description_full_body/meshes
copying meshes/left_link_3.stl -> /home/phy_ai/.ihub/daksha/install/daksha_description_full_body/share/daksha_description_full_body/meshes
copying meshes/base_link.stl -> /home/phy_ai/.ihub/daksha/install/daksha_description_full_body/share/daksha_description_full_body/meshes
copying meshes/left_link_5.stl -> /home/phy_ai/.ihub/daksha/install/daksha_description_full_body/share/daksha_description_full_body/meshes
copying meshes/right_link_7.stl -> /home/phy_ai/.ihub/daksha/install/daksha_description_full_body/share/daksha_description_full_body/meshes
copying meshes/right_link_1.stl -> /home/phy_ai/.ihub/daksha/install/daksha_description_full_body/share/daksha_description_full_body/meshes
copying meshes/right_gripper_mount.stl -> /home/phy_ai/.ihub/daksha/install/daksha_description_full_body/share/daksha_description_full_body/meshes
copying meshes/left_left_finger_.stl -> /home/phy_ai/.ihub/daksha/install/daksha_description_full_body/share/daksha_description_full_body/meshes
copying meshes/right_link_2.stl -> /home/phy_ai/.ihub/daksha/install/daksha_description_full_body/share/daksha_description_full_body/meshes
copying meshes/right_link_4.stl -> /home/phy_ai/.ihub/daksha/install/daksha_description_full_body/share/daksha_description_full_body/meshes
copying meshes/right_link_8.stl -> /home/phy_ai/.ihub/daksha/install/daksha_description_full_body/share/daksha_description_full_body/meshes
copying meshes/right_link_3.stl -> /home/phy_ai/.ihub/daksha/install/daksha_description_full_body/share/daksha_description_full_body/meshes
copying meshes/right_link_6.stl -> /home/phy_ai/.ihub/daksha/install/daksha_description_full_body/share/daksha_description_full_body/meshes
copying meshes/left_link_7.stl -> /home/phy_ai/.ihub/daksha/install/daksha_description_full_body/share/daksha_description_full_body/meshes
copying meshes/right_right_finger.stl -> /home/phy_ai/.ihub/daksha/install/daksha_description_full_body/share/daksha_description_full_body/meshes
copying meshes/left_right_finger.stl -> /home/phy_ai/.ihub/daksha/install/daksha_description_full_body/share/daksha_description_full_body/meshes
copying meshes/left_link_1.stl -> /home/phy_ai/.ihub/daksha/install/daksha_description_full_body/share/daksha_description_full_body/meshes
copying meshes/left_link_6.stl -> /home/phy_ai/.ihub/daksha/install/daksha_description_full_body/share/daksha_description_full_body/meshes
creating /home/phy_ai/.ihub/daksha/install/daksha_description_full_body/share/daksha_description_full_body/config
running install_egg_info
Copying ../../build/daksha_description_full_body/daksha_description_full_body.egg-info to /home/phy_ai/.ihub/daksha/install/daksha_description_full_body/lib/python3.10/site-packages/daksha_description_full_body-0.0.0-py3.10.egg-info
running install_scripts
writing list of installed files to '/home/phy_ai/.ihub/daksha/build/daksha_description_full_body/install.log'
