[4.198s] Invoking command in '/home/phy_ai/.ihub/daksha/src/daksha_description_full_body': PYTHONPATH=/home/phy_ai/.ihub/daksha/build/daksha_description_full_body/prefix_override:/usr/lib/python3/dist-packages/colcon_core/task/python/colcon_distutils_commands:/home/phy_ai/.ihub/daksha/install/daksha_description_full_body/lib/python3.10/site-packages:${PYTHONPATH} /usr/bin/python3 -W ignore:setup.py install is deprecated -W ignore:easy_install command is deprecated setup.py egg_info --egg-base ../../build/daksha_description_full_body build --build-base /home/phy_ai/.ihub/daksha/build/daksha_description_full_body/build install --record /home/phy_ai/.ihub/daksha/build/daksha_description_full_body/install.log --install-scripts $base/lib/daksha_description_full_body --single-version-externally-managed install_data
[4.834s] running egg_info
[4.836s] creating ../../build/daksha_description_full_body/daksha_description_full_body.egg-info
[4.837s] writing ../../build/daksha_description_full_body/daksha_description_full_body.egg-info/PKG-INFO
[4.844s] writing dependency_links to ../../build/daksha_description_full_body/daksha_description_full_body.egg-info/dependency_links.txt
[4.847s] writing entry points to ../../build/daksha_description_full_body/daksha_description_full_body.egg-info/entry_points.txt
[4.847s] writing requirements to ../../build/daksha_description_full_body/daksha_description_full_body.egg-info/requires.txt
[4.847s] writing top-level names to ../../build/daksha_description_full_body/daksha_description_full_body.egg-info/top_level.txt
[4.847s] writing manifest file '../../build/daksha_description_full_body/daksha_description_full_body.egg-info/SOURCES.txt'
[4.857s] reading manifest file '../../build/daksha_description_full_body/daksha_description_full_body.egg-info/SOURCES.txt'
[4.858s] writing manifest file '../../build/daksha_description_full_body/daksha_description_full_body.egg-info/SOURCES.txt'
[4.859s] running build
[4.859s] running build_py
[4.859s] creating /home/phy_ai/.ihub/daksha/build/daksha_description_full_body/build
[4.860s] creating /home/phy_ai/.ihub/daksha/build/daksha_description_full_body/build/lib
[4.860s] creating /home/phy_ai/.ihub/daksha/build/daksha_description_full_body/build/lib/daksha_description_full_body
[4.860s] copying daksha_description_full_body/__init__.py -> /home/phy_ai/.ihub/daksha/build/daksha_description_full_body/build/lib/daksha_description_full_body
[4.860s] running install
[4.863s] running install_lib
[4.865s] creating /home/phy_ai/.ihub/daksha/install/daksha_description_full_body/lib/python3.10/site-packages/daksha_description_full_body
[4.865s] copying /home/phy_ai/.ihub/daksha/build/daksha_description_full_body/build/lib/daksha_description_full_body/__init__.py -> /home/phy_ai/.ihub/daksha/install/daksha_description_full_body/lib/python3.10/site-packages/daksha_description_full_body
[4.866s] byte-compiling /home/phy_ai/.ihub/daksha/install/daksha_description_full_body/lib/python3.10/site-packages/daksha_description_full_body/__init__.py to __init__.cpython-310.pyc
[4.870s] running install_data
[4.870s] creating /home/phy_ai/.ihub/daksha/install/daksha_description_full_body/share/ament_index
[4.870s] creating /home/phy_ai/.ihub/daksha/install/daksha_description_full_body/share/ament_index/resource_index
[4.870s] creating /home/phy_ai/.ihub/daksha/install/daksha_description_full_body/share/ament_index/resource_index/packages
[4.871s] copying resource/daksha_description_full_body -> /home/phy_ai/.ihub/daksha/install/daksha_description_full_body/share/ament_index/resource_index/packages
[4.872s] copying package.xml -> /home/phy_ai/.ihub/daksha/install/daksha_description_full_body/share/daksha_description_full_body
[4.872s] creating /home/phy_ai/.ihub/daksha/install/daksha_description_full_body/share/daksha_description_full_body/launch
[4.872s] copying launch/display.launch.py -> /home/phy_ai/.ihub/daksha/install/daksha_description_full_body/share/daksha_description_full_body/launch
[4.872s] copying launch/display_xacro.launch.py -> /home/phy_ai/.ihub/daksha/install/daksha_description_full_body/share/daksha_description_full_body/launch
[4.872s] creating /home/phy_ai/.ihub/daksha/install/daksha_description_full_body/share/daksha_description_full_body/urdf
[4.872s] copying urdf/robot_collision.urdf -> /home/phy_ai/.ihub/daksha/install/daksha_description_full_body/share/daksha_description_full_body/urdf
[4.872s] copying urdf/robot.urdf -> /home/phy_ai/.ihub/daksha/install/daksha_description_full_body/share/daksha_description_full_body/urdf
[4.875s] creating /home/phy_ai/.ihub/daksha/install/daksha_description_full_body/share/daksha_description_full_body/srdf
[4.875s] copying srdf/daksha.srdf -> /home/phy_ai/.ihub/daksha/install/daksha_description_full_body/share/daksha_description_full_body/srdf
[4.875s] creating /home/phy_ai/.ihub/daksha/install/daksha_description_full_body/share/daksha_description_full_body/meshes
[4.876s] copying meshes/left_link_2.stl -> /home/phy_ai/.ihub/daksha/install/daksha_description_full_body/share/daksha_description_full_body/meshes
[4.878s] copying meshes/left_gripper_mount.stl -> /home/phy_ai/.ihub/daksha/install/daksha_description_full_body/share/daksha_description_full_body/meshes
[4.878s] copying meshes/left_link_4.stl -> /home/phy_ai/.ihub/daksha/install/daksha_description_full_body/share/daksha_description_full_body/meshes
[4.878s] copying meshes/left_link_8.stl -> /home/phy_ai/.ihub/daksha/install/daksha_description_full_body/share/daksha_description_full_body/meshes
[4.878s] copying meshes/right_link_5.stl -> /home/phy_ai/.ihub/daksha/install/daksha_description_full_body/share/daksha_description_full_body/meshes
[4.881s] copying meshes/right_left_finger.stl -> /home/phy_ai/.ihub/daksha/install/daksha_description_full_body/share/daksha_description_full_body/meshes
[4.883s] copying meshes/wheel_base.stl -> /home/phy_ai/.ihub/daksha/install/daksha_description_full_body/share/daksha_description_full_body/meshes
[4.887s] copying meshes/left_link_3.stl -> /home/phy_ai/.ihub/daksha/install/daksha_description_full_body/share/daksha_description_full_body/meshes
[4.889s] copying meshes/base_link.stl -> /home/phy_ai/.ihub/daksha/install/daksha_description_full_body/share/daksha_description_full_body/meshes
[4.892s] copying meshes/left_link_5.stl -> /home/phy_ai/.ihub/daksha/install/daksha_description_full_body/share/daksha_description_full_body/meshes
[4.893s] copying meshes/right_link_7.stl -> /home/phy_ai/.ihub/daksha/install/daksha_description_full_body/share/daksha_description_full_body/meshes
[4.893s] copying meshes/right_link_1.stl -> /home/phy_ai/.ihub/daksha/install/daksha_description_full_body/share/daksha_description_full_body/meshes
[4.894s] copying meshes/right_gripper_mount.stl -> /home/phy_ai/.ihub/daksha/install/daksha_description_full_body/share/daksha_description_full_body/meshes
[4.896s] copying meshes/left_left_finger_.stl -> /home/phy_ai/.ihub/daksha/install/daksha_description_full_body/share/daksha_description_full_body/meshes
[4.896s] copying meshes/right_link_2.stl -> /home/phy_ai/.ihub/daksha/install/daksha_description_full_body/share/daksha_description_full_body/meshes
[4.899s] copying meshes/right_link_4.stl -> /home/phy_ai/.ihub/daksha/install/daksha_description_full_body/share/daksha_description_full_body/meshes
[4.900s] copying meshes/right_link_8.stl -> /home/phy_ai/.ihub/daksha/install/daksha_description_full_body/share/daksha_description_full_body/meshes
[4.900s] copying meshes/right_link_3.stl -> /home/phy_ai/.ihub/daksha/install/daksha_description_full_body/share/daksha_description_full_body/meshes
[4.904s] copying meshes/right_link_6.stl -> /home/phy_ai/.ihub/daksha/install/daksha_description_full_body/share/daksha_description_full_body/meshes
[4.904s] copying meshes/left_link_7.stl -> /home/phy_ai/.ihub/daksha/install/daksha_description_full_body/share/daksha_description_full_body/meshes
[4.904s] copying meshes/right_right_finger.stl -> /home/phy_ai/.ihub/daksha/install/daksha_description_full_body/share/daksha_description_full_body/meshes
[4.905s] copying meshes/left_right_finger.stl -> /home/phy_ai/.ihub/daksha/install/daksha_description_full_body/share/daksha_description_full_body/meshes
[4.909s] copying meshes/left_link_1.stl -> /home/phy_ai/.ihub/daksha/install/daksha_description_full_body/share/daksha_description_full_body/meshes
[4.909s] copying meshes/left_link_6.stl -> /home/phy_ai/.ihub/daksha/install/daksha_description_full_body/share/daksha_description_full_body/meshes
[4.910s] creating /home/phy_ai/.ihub/daksha/install/daksha_description_full_body/share/daksha_description_full_body/config
[4.910s] running install_egg_info
[4.916s] Copying ../../build/daksha_description_full_body/daksha_description_full_body.egg-info to /home/phy_ai/.ihub/daksha/install/daksha_description_full_body/lib/python3.10/site-packages/daksha_description_full_body-0.0.0-py3.10.egg-info
[4.917s] running install_scripts
[4.962s] writing list of installed files to '/home/phy_ai/.ihub/daksha/build/daksha_description_full_body/install.log'
[5.122s] Invoked command in '/home/phy_ai/.ihub/daksha/src/daksha_description_full_body' returned '0': PYTHONPATH=/home/phy_ai/.ihub/daksha/build/daksha_description_full_body/prefix_override:/usr/lib/python3/dist-packages/colcon_core/task/python/colcon_distutils_commands:/home/phy_ai/.ihub/daksha/install/daksha_description_full_body/lib/python3.10/site-packages:${PYTHONPATH} /usr/bin/python3 -W ignore:setup.py install is deprecated -W ignore:easy_install command is deprecated setup.py egg_info --egg-base ../../build/daksha_description_full_body build --build-base /home/phy_ai/.ihub/daksha/build/daksha_description_full_body/build install --record /home/phy_ai/.ihub/daksha/build/daksha_description_full_body/install.log --install-scripts $base/lib/daksha_description_full_body --single-version-externally-managed install_data
