running egg_info
creating ../../../build/daksha_api_bridge_follower/daksha_api_bridge_follower.egg-info
writing ../../../build/daksha_api_bridge_follower/daksha_api_bridge_follower.egg-info/PKG-INFO
writing dependency_links to ../../../build/daksha_api_bridge_follower/daksha_api_bridge_follower.egg-info/dependency_links.txt
writing entry points to ../../../build/daksha_api_bridge_follower/daksha_api_bridge_follower.egg-info/entry_points.txt
writing requirements to ../../../build/daksha_api_bridge_follower/daksha_api_bridge_follower.egg-info/requires.txt
writing top-level names to ../../../build/daksha_api_bridge_follower/daksha_api_bridge_follower.egg-info/top_level.txt
writing manifest file '../../../build/daksha_api_bridge_follower/daksha_api_bridge_follower.egg-info/SOURCES.txt'
reading manifest file '../../../build/daksha_api_bridge_follower/daksha_api_bridge_follower.egg-info/SOURCES.txt'
writing manifest file '../../../build/daksha_api_bridge_follower/daksha_api_bridge_follower.egg-info/SOURCES.txt'
running build
running build_py
creating /home/phy_ai/.ihub/daksha/build/daksha_api_bridge_follower/build
creating /home/phy_ai/.ihub/daksha/build/daksha_api_bridge_follower/build/lib
creating /home/phy_ai/.ihub/daksha/build/daksha_api_bridge_follower/build/lib/daksha_api_bridge_follower
copying daksha_api_bridge_follower/__init__.py -> /home/phy_ai/.ihub/daksha/build/daksha_api_bridge_follower/build/lib/daksha_api_bridge_follower
copying daksha_api_bridge_follower/joint_states_api_suscriber.py -> /home/phy_ai/.ihub/daksha/build/daksha_api_bridge_follower/build/lib/daksha_api_bridge_follower
copying daksha_api_bridge_follower/camera_suscriber.py -> /home/phy_ai/.ihub/daksha/build/daksha_api_bridge_follower/build/lib/daksha_api_bridge_follower
copying daksha_api_bridge_follower/joint_cmd_api_publish.py -> /home/phy_ai/.ihub/daksha/build/daksha_api_bridge_follower/build/lib/daksha_api_bridge_follower
running install
running install_lib
creating /home/phy_ai/.ihub/daksha/install/daksha_api_bridge_follower/lib/python3.10/site-packages/daksha_api_bridge_follower
copying /home/phy_ai/.ihub/daksha/build/daksha_api_bridge_follower/build/lib/daksha_api_bridge_follower/__init__.py -> /home/phy_ai/.ihub/daksha/install/daksha_api_bridge_follower/lib/python3.10/site-packages/daksha_api_bridge_follower
copying /home/phy_ai/.ihub/daksha/build/daksha_api_bridge_follower/build/lib/daksha_api_bridge_follower/joint_states_api_suscriber.py -> /home/phy_ai/.ihub/daksha/install/daksha_api_bridge_follower/lib/python3.10/site-packages/daksha_api_bridge_follower
copying /home/phy_ai/.ihub/daksha/build/daksha_api_bridge_follower/build/lib/daksha_api_bridge_follower/camera_suscriber.py -> /home/phy_ai/.ihub/daksha/install/daksha_api_bridge_follower/lib/python3.10/site-packages/daksha_api_bridge_follower
copying /home/phy_ai/.ihub/daksha/build/daksha_api_bridge_follower/build/lib/daksha_api_bridge_follower/joint_cmd_api_publish.py -> /home/phy_ai/.ihub/daksha/install/daksha_api_bridge_follower/lib/python3.10/site-packages/daksha_api_bridge_follower
byte-compiling /home/phy_ai/.ihub/daksha/install/daksha_api_bridge_follower/lib/python3.10/site-packages/daksha_api_bridge_follower/__init__.py to __init__.cpython-310.pyc
byte-compiling /home/phy_ai/.ihub/daksha/install/daksha_api_bridge_follower/lib/python3.10/site-packages/daksha_api_bridge_follower/joint_states_api_suscriber.py to joint_states_api_suscriber.cpython-310.pyc
byte-compiling /home/phy_ai/.ihub/daksha/install/daksha_api_bridge_follower/lib/python3.10/site-packages/daksha_api_bridge_follower/camera_suscriber.py to camera_suscriber.cpython-310.pyc
byte-compiling /home/phy_ai/.ihub/daksha/install/daksha_api_bridge_follower/lib/python3.10/site-packages/daksha_api_bridge_follower/joint_cmd_api_publish.py to joint_cmd_api_publish.cpython-310.pyc
running install_data
creating /home/phy_ai/.ihub/daksha/install/daksha_api_bridge_follower/share/ament_index
creating /home/phy_ai/.ihub/daksha/install/daksha_api_bridge_follower/share/ament_index/resource_index
creating /home/phy_ai/.ihub/daksha/install/daksha_api_bridge_follower/share/ament_index/resource_index/packages
copying resource/daksha_api_bridge_follower -> /home/phy_ai/.ihub/daksha/install/daksha_api_bridge_follower/share/ament_index/resource_index/packages
copying package.xml -> /home/phy_ai/.ihub/daksha/install/daksha_api_bridge_follower/share/daksha_api_bridge_follower
creating /home/phy_ai/.ihub/daksha/install/daksha_api_bridge_follower/share/daksha_api_bridge_follower/config
copying config/send_cameras.yaml -> /home/phy_ai/.ihub/daksha/install/daksha_api_bridge_follower/share/daksha_api_bridge_follower/config
creating /home/phy_ai/.ihub/daksha/install/daksha_api_bridge_follower/share/daksha_api_bridge_follower/launch
copying launch/follower_bridge.launch.py -> /home/phy_ai/.ihub/daksha/install/daksha_api_bridge_follower/share/daksha_api_bridge_follower/launch
copying launch/camera_bridge.launch.py -> /home/phy_ai/.ihub/daksha/install/daksha_api_bridge_follower/share/daksha_api_bridge_follower/launch
running install_egg_info
Copying ../../../build/daksha_api_bridge_follower/daksha_api_bridge_follower.egg-info to /home/phy_ai/.ihub/daksha/install/daksha_api_bridge_follower/lib/python3.10/site-packages/daksha_api_bridge_follower-0.0.0-py3.10.egg-info
running install_scripts
Installing camera_publisher script to /home/phy_ai/.ihub/daksha/install/daksha_api_bridge_follower/lib/daksha_api_bridge_follower
Installing joint_cmd_api_subscriber script to /home/phy_ai/.ihub/daksha/install/daksha_api_bridge_follower/lib/daksha_api_bridge_follower
Installing joint_states_api_publisher script to /home/phy_ai/.ihub/daksha/install/daksha_api_bridge_follower/lib/daksha_api_bridge_follower
writing list of installed files to '/home/phy_ai/.ihub/daksha/build/daksha_api_bridge_follower/install.log'
