[4.226s] Invoking command in '/home/phy_ai/.ihub/daksha/src/global/daksha_api_bridge_follower': PYTHONPATH=/home/phy_ai/.ihub/daksha/build/daksha_api_bridge_follower/prefix_override:/usr/lib/python3/dist-packages/colcon_core/task/python/colcon_distutils_commands:/home/phy_ai/.ihub/daksha/install/daksha_api_bridge_follower/lib/python3.10/site-packages:${PYTHONPATH} /usr/bin/python3 -W ignore:setup.py install is deprecated -W ignore:easy_install command is deprecated setup.py egg_info --egg-base ../../../build/daksha_api_bridge_follower build --build-base /home/phy_ai/.ihub/daksha/build/daksha_api_bridge_follower/build install --record /home/phy_ai/.ihub/daksha/build/daksha_api_bridge_follower/install.log --install-scripts $base/lib/daksha_api_bridge_follower --single-version-externally-managed install_data
[5.087s] running egg_info
[5.087s] creating ../../../build/daksha_api_bridge_follower/daksha_api_bridge_follower.egg-info
[5.087s] writing ../../../build/daksha_api_bridge_follower/daksha_api_bridge_follower.egg-info/PKG-INFO
[5.087s] writing dependency_links to ../../../build/daksha_api_bridge_follower/daksha_api_bridge_follower.egg-info/dependency_links.txt
[5.087s] writing entry points to ../../../build/daksha_api_bridge_follower/daksha_api_bridge_follower.egg-info/entry_points.txt
[5.087s] writing requirements to ../../../build/daksha_api_bridge_follower/daksha_api_bridge_follower.egg-info/requires.txt
[5.087s] writing top-level names to ../../../build/daksha_api_bridge_follower/daksha_api_bridge_follower.egg-info/top_level.txt
[5.087s] writing manifest file '../../../build/daksha_api_bridge_follower/daksha_api_bridge_follower.egg-info/SOURCES.txt'
[5.087s] reading manifest file '../../../build/daksha_api_bridge_follower/daksha_api_bridge_follower.egg-info/SOURCES.txt'
[5.087s] writing manifest file '../../../build/daksha_api_bridge_follower/daksha_api_bridge_follower.egg-info/SOURCES.txt'
[5.090s] running build
[5.090s] running build_py
[5.091s] creating /home/phy_ai/.ihub/daksha/build/daksha_api_bridge_follower/build
[5.091s] creating /home/phy_ai/.ihub/daksha/build/daksha_api_bridge_follower/build/lib
[5.091s] creating /home/phy_ai/.ihub/daksha/build/daksha_api_bridge_follower/build/lib/daksha_api_bridge_follower
[5.091s] copying daksha_api_bridge_follower/__init__.py -> /home/phy_ai/.ihub/daksha/build/daksha_api_bridge_follower/build/lib/daksha_api_bridge_follower
[5.091s] copying daksha_api_bridge_follower/joint_states_api_suscriber.py -> /home/phy_ai/.ihub/daksha/build/daksha_api_bridge_follower/build/lib/daksha_api_bridge_follower
[5.095s] copying daksha_api_bridge_follower/camera_suscriber.py -> /home/phy_ai/.ihub/daksha/build/daksha_api_bridge_follower/build/lib/daksha_api_bridge_follower
[5.096s] copying daksha_api_bridge_follower/joint_cmd_api_publish.py -> /home/phy_ai/.ihub/daksha/build/daksha_api_bridge_follower/build/lib/daksha_api_bridge_follower
[5.096s] running install
[5.096s] running install_lib
[5.096s] creating /home/phy_ai/.ihub/daksha/install/daksha_api_bridge_follower/lib/python3.10/site-packages/daksha_api_bridge_follower
[5.096s] copying /home/phy_ai/.ihub/daksha/build/daksha_api_bridge_follower/build/lib/daksha_api_bridge_follower/__init__.py -> /home/phy_ai/.ihub/daksha/install/daksha_api_bridge_follower/lib/python3.10/site-packages/daksha_api_bridge_follower
[5.097s] copying /home/phy_ai/.ihub/daksha/build/daksha_api_bridge_follower/build/lib/daksha_api_bridge_follower/joint_states_api_suscriber.py -> /home/phy_ai/.ihub/daksha/install/daksha_api_bridge_follower/lib/python3.10/site-packages/daksha_api_bridge_follower
[5.098s] copying /home/phy_ai/.ihub/daksha/build/daksha_api_bridge_follower/build/lib/daksha_api_bridge_follower/camera_suscriber.py -> /home/phy_ai/.ihub/daksha/install/daksha_api_bridge_follower/lib/python3.10/site-packages/daksha_api_bridge_follower
[5.098s] copying /home/phy_ai/.ihub/daksha/build/daksha_api_bridge_follower/build/lib/daksha_api_bridge_follower/joint_cmd_api_publish.py -> /home/phy_ai/.ihub/daksha/install/daksha_api_bridge_follower/lib/python3.10/site-packages/daksha_api_bridge_follower
[5.098s] byte-compiling /home/phy_ai/.ihub/daksha/install/daksha_api_bridge_follower/lib/python3.10/site-packages/daksha_api_bridge_follower/__init__.py to __init__.cpython-310.pyc
[5.098s] byte-compiling /home/phy_ai/.ihub/daksha/install/daksha_api_bridge_follower/lib/python3.10/site-packages/daksha_api_bridge_follower/joint_states_api_suscriber.py to joint_states_api_suscriber.cpython-310.pyc
[5.098s] byte-compiling /home/phy_ai/.ihub/daksha/install/daksha_api_bridge_follower/lib/python3.10/site-packages/daksha_api_bridge_follower/camera_suscriber.py to camera_suscriber.cpython-310.pyc
[5.098s] byte-compiling /home/phy_ai/.ihub/daksha/install/daksha_api_bridge_follower/lib/python3.10/site-packages/daksha_api_bridge_follower/joint_cmd_api_publish.py to joint_cmd_api_publish.cpython-310.pyc
[5.098s] running install_data
[5.098s] creating /home/phy_ai/.ihub/daksha/install/daksha_api_bridge_follower/share/ament_index
[5.098s] creating /home/phy_ai/.ihub/daksha/install/daksha_api_bridge_follower/share/ament_index/resource_index
[5.100s] creating /home/phy_ai/.ihub/daksha/install/daksha_api_bridge_follower/share/ament_index/resource_index/packages
[5.100s] copying resource/daksha_api_bridge_follower -> /home/phy_ai/.ihub/daksha/install/daksha_api_bridge_follower/share/ament_index/resource_index/packages
[5.100s] copying package.xml -> /home/phy_ai/.ihub/daksha/install/daksha_api_bridge_follower/share/daksha_api_bridge_follower
[5.100s] creating /home/phy_ai/.ihub/daksha/install/daksha_api_bridge_follower/share/daksha_api_bridge_follower/config
[5.100s] copying config/send_cameras.yaml -> /home/phy_ai/.ihub/daksha/install/daksha_api_bridge_follower/share/daksha_api_bridge_follower/config
[5.100s] creating /home/phy_ai/.ihub/daksha/install/daksha_api_bridge_follower/share/daksha_api_bridge_follower/launch
[5.100s] copying launch/follower_bridge.launch.py -> /home/phy_ai/.ihub/daksha/install/daksha_api_bridge_follower/share/daksha_api_bridge_follower/launch
[5.100s] copying launch/camera_bridge.launch.py -> /home/phy_ai/.ihub/daksha/install/daksha_api_bridge_follower/share/daksha_api_bridge_follower/launch
[5.100s] running install_egg_info
[5.100s] Copying ../../../build/daksha_api_bridge_follower/daksha_api_bridge_follower.egg-info to /home/phy_ai/.ihub/daksha/install/daksha_api_bridge_follower/lib/python3.10/site-packages/daksha_api_bridge_follower-0.0.0-py3.10.egg-info
[5.100s] running install_scripts
[5.100s] Installing camera_publisher script to /home/phy_ai/.ihub/daksha/install/daksha_api_bridge_follower/lib/daksha_api_bridge_follower
[5.101s] Installing joint_cmd_api_subscriber script to /home/phy_ai/.ihub/daksha/install/daksha_api_bridge_follower/lib/daksha_api_bridge_follower
[5.101s] Installing joint_states_api_publisher script to /home/phy_ai/.ihub/daksha/install/daksha_api_bridge_follower/lib/daksha_api_bridge_follower
[5.101s] writing list of installed files to '/home/phy_ai/.ihub/daksha/build/daksha_api_bridge_follower/install.log'
[5.155s] Invoked command in '/home/phy_ai/.ihub/daksha/src/global/daksha_api_bridge_follower' returned '0': PYTHONPATH=/home/phy_ai/.ihub/daksha/build/daksha_api_bridge_follower/prefix_override:/usr/lib/python3/dist-packages/colcon_core/task/python/colcon_distutils_commands:/home/phy_ai/.ihub/daksha/install/daksha_api_bridge_follower/lib/python3.10/site-packages:${PYTHONPATH} /usr/bin/python3 -W ignore:setup.py install is deprecated -W ignore:easy_install command is deprecated setup.py egg_info --egg-base ../../../build/daksha_api_bridge_follower build --build-base /home/phy_ai/.ihub/daksha/build/daksha_api_bridge_follower/build install --record /home/phy_ai/.ihub/daksha/build/daksha_api_bridge_follower/install.log --install-scripts $base/lib/daksha_api_bridge_follower --single-version-externally-managed install_data
