[0.034s] Invoking command in '/home/phy_ai/.ihub/daksha/build/web_nav_site': CMAKE_PREFIX_PATH=${CMAKE_PREFIX_PATH}:/home/phy_ai/.barani/gen2_full/install/world_camera_launch:/home/phy_ai/.barani/gen2_full/install/gen2:/home/phy_ai/.barani/gen2_full/install/vr_teleop:/home/phy_ai/.barani/gen2_full/install/ros_tcp_endpoint:/home/phy_ai/.barani/gen2_full/install/nav_bringup:/home/phy_ai/.barani/gen2_full/install/nav2_config:/home/phy_ai/.barani/gen2_full/install/kinematics:/home/phy_ai/.barani/gen2_full/install/joint_cmd_logger:/home/phy_ai/.barani/gen2_full/install/joint_analyzer:/home/phy_ai/.barani/gen2_full/install/daksha_data_collection:/home/phy_ai/.barani/gen2_full/install/gen2_leader:/home/phy_ai/.barani/gen2_full/install/amr_bringup:/home/phy_ai/.barani/gen2_full/install/daksha_final_urdf_description:/home/phy_ai/.barani/gen2_full/install/daksha_description_full_body:/home/phy_ai/.barani/gen2_full/install/daksha_base_urdf:/home/phy_ai/.barani/gen2_full/install/daksha_api_bridge_leader:/home/phy_ai/.barani/gen2_full/install/daksha_api_bridge_follower:/opt/ros/humble /usr/bin/cmake /home/phy_ai/.ihub/daksha/src/navigation/web_nav_site -DCMAKE_INSTALL_PREFIX=/home/phy_ai/.ihub/daksha/install/web_nav_site
[0.161s] -- The C compiler identification is GNU 11.4.0
[0.276s] -- The CXX compiler identification is GNU 11.4.0
[0.286s] -- Detecting C compiler ABI info
[0.396s] -- Detecting C compiler ABI info - done
[0.403s] -- Check for working C compiler: /usr/bin/cc - skipped
[0.403s] -- Detecting C compile features
[0.404s] -- Detecting C compile features - done
[0.407s] -- Detecting CXX compiler ABI info
[0.551s] -- Detecting CXX compiler ABI info - done
[0.560s] -- Check for working CXX compiler: /usr/bin/c++ - skipped
[0.561s] -- Detecting CXX compile features
[0.561s] -- Detecting CXX compile features - done
[0.571s] -- Found ament_cmake: 1.3.14 (/opt/ros/humble/share/ament_cmake/cmake)
[1.102s] -- Found Python3: /usr/bin/python3 (found version "3.10.12") found components: Interpreter 
[1.747s] -- Configuring done
[1.751s] -- Generating done
[1.762s] -- Build files have been written to: /home/phy_ai/.ihub/daksha/build/web_nav_site
[1.787s] Invoked command in '/home/phy_ai/.ihub/daksha/build/web_nav_site' returned '0': CMAKE_PREFIX_PATH=${CMAKE_PREFIX_PATH}:/home/phy_ai/.barani/gen2_full/install/world_camera_launch:/home/phy_ai/.barani/gen2_full/install/gen2:/home/phy_ai/.barani/gen2_full/install/vr_teleop:/home/phy_ai/.barani/gen2_full/install/ros_tcp_endpoint:/home/phy_ai/.barani/gen2_full/install/nav_bringup:/home/phy_ai/.barani/gen2_full/install/nav2_config:/home/phy_ai/.barani/gen2_full/install/kinematics:/home/phy_ai/.barani/gen2_full/install/joint_cmd_logger:/home/phy_ai/.barani/gen2_full/install/joint_analyzer:/home/phy_ai/.barani/gen2_full/install/daksha_data_collection:/home/phy_ai/.barani/gen2_full/install/gen2_leader:/home/phy_ai/.barani/gen2_full/install/amr_bringup:/home/phy_ai/.barani/gen2_full/install/daksha_final_urdf_description:/home/phy_ai/.barani/gen2_full/install/daksha_description_full_body:/home/phy_ai/.barani/gen2_full/install/daksha_base_urdf:/home/phy_ai/.barani/gen2_full/install/daksha_api_bridge_leader:/home/phy_ai/.barani/gen2_full/install/daksha_api_bridge_follower:/opt/ros/humble /usr/bin/cmake /home/phy_ai/.ihub/daksha/src/navigation/web_nav_site -DCMAKE_INSTALL_PREFIX=/home/phy_ai/.ihub/daksha/install/web_nav_site
[1.787s] Invoking command in '/home/phy_ai/.ihub/daksha/build/web_nav_site': CMAKE_PREFIX_PATH=${CMAKE_PREFIX_PATH}:/home/phy_ai/.barani/gen2_full/install/world_camera_launch:/home/phy_ai/.barani/gen2_full/install/gen2:/home/phy_ai/.barani/gen2_full/install/vr_teleop:/home/phy_ai/.barani/gen2_full/install/ros_tcp_endpoint:/home/phy_ai/.barani/gen2_full/install/nav_bringup:/home/phy_ai/.barani/gen2_full/install/nav2_config:/home/phy_ai/.barani/gen2_full/install/kinematics:/home/phy_ai/.barani/gen2_full/install/joint_cmd_logger:/home/phy_ai/.barani/gen2_full/install/joint_analyzer:/home/phy_ai/.barani/gen2_full/install/daksha_data_collection:/home/phy_ai/.barani/gen2_full/install/gen2_leader:/home/phy_ai/.barani/gen2_full/install/amr_bringup:/home/phy_ai/.barani/gen2_full/install/daksha_final_urdf_description:/home/phy_ai/.barani/gen2_full/install/daksha_description_full_body:/home/phy_ai/.barani/gen2_full/install/daksha_base_urdf:/home/phy_ai/.barani/gen2_full/install/daksha_api_bridge_leader:/home/phy_ai/.barani/gen2_full/install/daksha_api_bridge_follower:/opt/ros/humble /usr/bin/cmake --build /home/phy_ai/.ihub/daksha/build/web_nav_site -- -j16 -l16
[1.923s] Invoked command in '/home/phy_ai/.ihub/daksha/build/web_nav_site' returned '0': CMAKE_PREFIX_PATH=${CMAKE_PREFIX_PATH}:/home/phy_ai/.barani/gen2_full/install/world_camera_launch:/home/phy_ai/.barani/gen2_full/install/gen2:/home/phy_ai/.barani/gen2_full/install/vr_teleop:/home/phy_ai/.barani/gen2_full/install/ros_tcp_endpoint:/home/phy_ai/.barani/gen2_full/install/nav_bringup:/home/phy_ai/.barani/gen2_full/install/nav2_config:/home/phy_ai/.barani/gen2_full/install/kinematics:/home/phy_ai/.barani/gen2_full/install/joint_cmd_logger:/home/phy_ai/.barani/gen2_full/install/joint_analyzer:/home/phy_ai/.barani/gen2_full/install/daksha_data_collection:/home/phy_ai/.barani/gen2_full/install/gen2_leader:/home/phy_ai/.barani/gen2_full/install/amr_bringup:/home/phy_ai/.barani/gen2_full/install/daksha_final_urdf_description:/home/phy_ai/.barani/gen2_full/install/daksha_description_full_body:/home/phy_ai/.barani/gen2_full/install/daksha_base_urdf:/home/phy_ai/.barani/gen2_full/install/daksha_api_bridge_leader:/home/phy_ai/.barani/gen2_full/install/daksha_api_bridge_follower:/opt/ros/humble /usr/bin/cmake --build /home/phy_ai/.ihub/daksha/build/web_nav_site -- -j16 -l16
[1.924s] Invoking command in '/home/phy_ai/.ihub/daksha/build/web_nav_site': CMAKE_PREFIX_PATH=${CMAKE_PREFIX_PATH}:/home/phy_ai/.barani/gen2_full/install/world_camera_launch:/home/phy_ai/.barani/gen2_full/install/gen2:/home/phy_ai/.barani/gen2_full/install/vr_teleop:/home/phy_ai/.barani/gen2_full/install/ros_tcp_endpoint:/home/phy_ai/.barani/gen2_full/install/nav_bringup:/home/phy_ai/.barani/gen2_full/install/nav2_config:/home/phy_ai/.barani/gen2_full/install/kinematics:/home/phy_ai/.barani/gen2_full/install/joint_cmd_logger:/home/phy_ai/.barani/gen2_full/install/joint_analyzer:/home/phy_ai/.barani/gen2_full/install/daksha_data_collection:/home/phy_ai/.barani/gen2_full/install/gen2_leader:/home/phy_ai/.barani/gen2_full/install/amr_bringup:/home/phy_ai/.barani/gen2_full/install/daksha_final_urdf_description:/home/phy_ai/.barani/gen2_full/install/daksha_description_full_body:/home/phy_ai/.barani/gen2_full/install/daksha_base_urdf:/home/phy_ai/.barani/gen2_full/install/daksha_api_bridge_leader:/home/phy_ai/.barani/gen2_full/install/daksha_api_bridge_follower:/opt/ros/humble /usr/bin/cmake --install /home/phy_ai/.ihub/daksha/build/web_nav_site
[1.962s] -- Install configuration: ""
[1.962s] -- Installing: /home/phy_ai/.ihub/daksha/install/web_nav_site/lib/web_nav_site/server.py
[1.963s] -- Installing: /home/phy_ai/.ihub/daksha/install/web_nav_site/lib/web_nav_site/static
[1.969s] -- Installing: /home/phy_ai/.ihub/daksha/install/web_nav_site/lib/web_nav_site/static/vendor
[1.969s] -- Installing: /home/phy_ai/.ihub/daksha/install/web_nav_site/lib/web_nav_site/static/vendor/three.min.js
[1.969s] -- Installing: /home/phy_ai/.ihub/daksha/install/web_nav_site/lib/web_nav_site/static/vendor/OrbitControls.js
[1.969s] -- Installing: /home/phy_ai/.ihub/daksha/install/web_nav_site/lib/web_nav_site/static/vendor/STLLoader.js
[1.970s] -- Installing: /home/phy_ai/.ihub/daksha/install/web_nav_site/lib/web_nav_site/static/index.html
[1.978s] -- Installing: /home/phy_ai/.ihub/daksha/install/web_nav_site/lib/web_nav_site/config
[1.978s] -- Installing: /home/phy_ai/.ihub/daksha/install/web_nav_site/lib/web_nav_site/config/missions.json
[1.978s] -- Installing: /home/phy_ai/.ihub/daksha/install/web_nav_site/lib/web_nav_site/config/waypoints.json
[1.979s] -- Installing: /home/phy_ai/.ihub/daksha/install/web_nav_site/lib/web_nav_site/config/topics.json
[1.979s] -- Installing: /home/phy_ai/.ihub/daksha/install/web_nav_site/share/web_nav_site/launch
[1.979s] -- Installing: /home/phy_ai/.ihub/daksha/install/web_nav_site/share/web_nav_site/launch/web_nav_site.launch.py
[1.979s] -- Installing: /home/phy_ai/.ihub/daksha/install/web_nav_site/share/ament_index/resource_index/package_run_dependencies/web_nav_site
[1.979s] -- Installing: /home/phy_ai/.ihub/daksha/install/web_nav_site/share/ament_index/resource_index/parent_prefix_path/web_nav_site
[1.982s] -- Installing: /home/phy_ai/.ihub/daksha/install/web_nav_site/share/web_nav_site/environment/ament_prefix_path.sh
[1.983s] -- Installing: /home/phy_ai/.ihub/daksha/install/web_nav_site/share/web_nav_site/environment/ament_prefix_path.dsv
[1.983s] -- Installing: /home/phy_ai/.ihub/daksha/install/web_nav_site/share/web_nav_site/environment/path.sh
[1.983s] -- Installing: /home/phy_ai/.ihub/daksha/install/web_nav_site/share/web_nav_site/environment/path.dsv
[1.984s] -- Installing: /home/phy_ai/.ihub/daksha/install/web_nav_site/share/web_nav_site/local_setup.bash
[1.984s] -- Installing: /home/phy_ai/.ihub/daksha/install/web_nav_site/share/web_nav_site/local_setup.sh
[1.986s] -- Installing: /home/phy_ai/.ihub/daksha/install/web_nav_site/share/web_nav_site/local_setup.zsh
[1.986s] -- Installing: /home/phy_ai/.ihub/daksha/install/web_nav_site/share/web_nav_site/local_setup.dsv
[1.986s] -- Installing: /home/phy_ai/.ihub/daksha/install/web_nav_site/share/web_nav_site/package.dsv
[1.986s] -- Installing: /home/phy_ai/.ihub/daksha/install/web_nav_site/share/ament_index/resource_index/packages/web_nav_site
[1.986s] -- Installing: /home/phy_ai/.ihub/daksha/install/web_nav_site/share/web_nav_site/cmake/web_nav_siteConfig.cmake
[1.986s] -- Installing: /home/phy_ai/.ihub/daksha/install/web_nav_site/share/web_nav_site/cmake/web_nav_siteConfig-version.cmake
[1.987s] -- Installing: /home/phy_ai/.ihub/daksha/install/web_nav_site/share/web_nav_site/package.xml
[1.994s] Invoked command in '/home/phy_ai/.ihub/daksha/build/web_nav_site' returned '0': CMAKE_PREFIX_PATH=${CMAKE_PREFIX_PATH}:/home/phy_ai/.barani/gen2_full/install/world_camera_launch:/home/phy_ai/.barani/gen2_full/install/gen2:/home/phy_ai/.barani/gen2_full/install/vr_teleop:/home/phy_ai/.barani/gen2_full/install/ros_tcp_endpoint:/home/phy_ai/.barani/gen2_full/install/nav_bringup:/home/phy_ai/.barani/gen2_full/install/nav2_config:/home/phy_ai/.barani/gen2_full/install/kinematics:/home/phy_ai/.barani/gen2_full/install/joint_cmd_logger:/home/phy_ai/.barani/gen2_full/install/joint_analyzer:/home/phy_ai/.barani/gen2_full/install/daksha_data_collection:/home/phy_ai/.barani/gen2_full/install/gen2_leader:/home/phy_ai/.barani/gen2_full/install/amr_bringup:/home/phy_ai/.barani/gen2_full/install/daksha_final_urdf_description:/home/phy_ai/.barani/gen2_full/install/daksha_description_full_body:/home/phy_ai/.barani/gen2_full/install/daksha_base_urdf:/home/phy_ai/.barani/gen2_full/install/daksha_api_bridge_leader:/home/phy_ai/.barani/gen2_full/install/daksha_api_bridge_follower:/opt/ros/humble /usr/bin/cmake --install /home/phy_ai/.ihub/daksha/build/web_nav_site
