[0.417s] Invoking command in '/home/phy_ai/.ihub/daksha/build/hw_interface': CMAKE_PREFIX_PATH=${CMAKE_PREFIX_PATH}:/home/phy_ai/.ihub/daksha/install/world_camera_launch:/home/phy_ai/.ihub/daksha/install/motortest:/home/phy_ai/.ihub/daksha/install/gen2:/home/phy_ai/.ihub/daksha/install/vr_teleop:/home/phy_ai/.ihub/daksha/install/vajara:/home/phy_ai/.ihub/daksha/install/ros_tcp_endpoint:/home/phy_ai/.ihub/daksha/install/kinematics:/home/phy_ai/.ihub/daksha/install/joint_cmd_logger:/home/phy_ai/.ihub/daksha/install/joint_analyzer:/home/phy_ai/.ihub/daksha/install/daksha_data_collection:/home/phy_ai/.ihub/daksha/install/gen2_leader:/home/phy_ai/.ihub/daksha/install/daksha_final_urdf_description:/home/phy_ai/.ihub/daksha/install/daksha_description_full_body:/home/phy_ai/.ihub/daksha/install/daksha_api_bridge_leader:/home/phy_ai/.ihub/daksha/install/daksha_api_bridge_follower:/home/phy_ai/.barani/gen2_full/install/world_camera_launch:/home/phy_ai/.barani/gen2_full/install/gen2:/home/phy_ai/.barani/gen2_full/install/vr_teleop:/home/phy_ai/.barani/gen2_full/install/ros_tcp_endpoint:/home/phy_ai/.barani/gen2_full/install/nav_bringup:/home/phy_ai/.barani/gen2_full/install/nav2_config:/home/phy_ai/.barani/gen2_full/install/kinematics:/home/phy_ai/.barani/gen2_full/install/joint_cmd_logger:/home/phy_ai/.barani/gen2_full/install/joint_analyzer:/home/phy_ai/.barani/gen2_full/install/daksha_data_collection:/home/phy_ai/.barani/gen2_full/install/gen2_leader:/home/phy_ai/.barani/gen2_full/install/amr_bringup:/home/phy_ai/.barani/gen2_full/install/daksha_final_urdf_description:/home/phy_ai/.barani/gen2_full/install/daksha_description_full_body:/home/phy_ai/.barani/gen2_full/install/daksha_base_urdf:/home/phy_ai/.barani/gen2_full/install/daksha_api_bridge_leader:/home/phy_ai/.barani/gen2_full/install/daksha_api_bridge_follower:/opt/ros/humble /usr/bin/cmake --build /home/phy_ai/.ihub/daksha/build/hw_interface -- -j16 -l16
[2.743s] [  3%] Built target vcan_bridge_node
[2.745s] [  9%] Built target hw_interface__cpp
[2.745s] [ 15%] Built target hw_interface__rosidl_generator_c
[2.746s] [ 17%] Built target hw_interface__rs
[2.746s] [ 17%] Built target ament_cmake_python_copy_hw_interface
[2.747s] [ 46%] Built target hw_interface__rosidl_typesupport_c
[2.747s] [ 46%] Built target hw_interface__rosidl_typesupport_introspection_cpp
[2.747s] [ 46%] Built target hw_interface__rosidl_typesupport_introspection_c
[2.749s] [ 55%] Built target hw_interface__rosidl_typesupport_fastrtps_cpp
[2.749s] [ 65%] Built target hw_interface__rosidl_typesupport_cpp
[2.749s] [ 75%] Built target hw_interface__rosidl_typesupport_fastrtps_c
[2.751s] [ 75%] Built target hw_interface
[2.751s] [ 78%] Built target hw_interface_plugin
[2.752s] [ 80%] Built target hw_interface__py
[2.752s] [ 88%] Built target hw_interface__rosidl_generator_py
[2.752s] [ 92%] Built target hw_interface__rosidl_typesupport_fastrtps_c__pyext
[2.753s] [ 96%] Built target hw_interface__rosidl_typesupport_introspection_c__pyext
[2.754s] [100%] Built target hw_interface__rosidl_typesupport_c__pyext
[2.754s] running egg_info
[2.754s] writing hw_interface.egg-info/PKG-INFO
[2.754s] writing dependency_links to hw_interface.egg-info/dependency_links.txt
[2.754s] writing top-level names to hw_interface.egg-info/top_level.txt
[2.755s] reading manifest file 'hw_interface.egg-info/SOURCES.txt'
[2.755s] writing manifest file 'hw_interface.egg-info/SOURCES.txt'
[2.755s] [100%] Built target ament_cmake_python_build_hw_interface_egg
[2.768s] Invoked command in '/home/phy_ai/.ihub/daksha/build/hw_interface' returned '0': CMAKE_PREFIX_PATH=${CMAKE_PREFIX_PATH}:/home/phy_ai/.ihub/daksha/install/world_camera_launch:/home/phy_ai/.ihub/daksha/install/motortest:/home/phy_ai/.ihub/daksha/install/gen2:/home/phy_ai/.ihub/daksha/install/vr_teleop:/home/phy_ai/.ihub/daksha/install/vajara:/home/phy_ai/.ihub/daksha/install/ros_tcp_endpoint:/home/phy_ai/.ihub/daksha/install/kinematics:/home/phy_ai/.ihub/daksha/install/joint_cmd_logger:/home/phy_ai/.ihub/daksha/install/joint_analyzer:/home/phy_ai/.ihub/daksha/install/daksha_data_collection:/home/phy_ai/.ihub/daksha/install/gen2_leader:/home/phy_ai/.ihub/daksha/install/daksha_final_urdf_description:/home/phy_ai/.ihub/daksha/install/daksha_description_full_body:/home/phy_ai/.ihub/daksha/install/daksha_api_bridge_leader:/home/phy_ai/.ihub/daksha/install/daksha_api_bridge_follower:/home/phy_ai/.barani/gen2_full/install/world_camera_launch:/home/phy_ai/.barani/gen2_full/install/gen2:/home/phy_ai/.barani/gen2_full/install/vr_teleop:/home/phy_ai/.barani/gen2_full/install/ros_tcp_endpoint:/home/phy_ai/.barani/gen2_full/install/nav_bringup:/home/phy_ai/.barani/gen2_full/install/nav2_config:/home/phy_ai/.barani/gen2_full/install/kinematics:/home/phy_ai/.barani/gen2_full/install/joint_cmd_logger:/home/phy_ai/.barani/gen2_full/install/joint_analyzer:/home/phy_ai/.barani/gen2_full/install/daksha_data_collection:/home/phy_ai/.barani/gen2_full/install/gen2_leader:/home/phy_ai/.barani/gen2_full/install/amr_bringup:/home/phy_ai/.barani/gen2_full/install/daksha_final_urdf_description:/home/phy_ai/.barani/gen2_full/install/daksha_description_full_body:/home/phy_ai/.barani/gen2_full/install/daksha_base_urdf:/home/phy_ai/.barani/gen2_full/install/daksha_api_bridge_leader:/home/phy_ai/.barani/gen2_full/install/daksha_api_bridge_follower:/opt/ros/humble /usr/bin/cmake --build /home/phy_ai/.ihub/daksha/build/hw_interface -- -j16 -l16
[2.771s] Invoking command in '/home/phy_ai/.ihub/daksha/build/hw_interface': CMAKE_PREFIX_PATH=${CMAKE_PREFIX_PATH}:/home/phy_ai/.ihub/daksha/install/world_camera_launch:/home/phy_ai/.ihub/daksha/install/motortest:/home/phy_ai/.ihub/daksha/install/gen2:/home/phy_ai/.ihub/daksha/install/vr_teleop:/home/phy_ai/.ihub/daksha/install/vajara:/home/phy_ai/.ihub/daksha/install/ros_tcp_endpoint:/home/phy_ai/.ihub/daksha/install/kinematics:/home/phy_ai/.ihub/daksha/install/joint_cmd_logger:/home/phy_ai/.ihub/daksha/install/joint_analyzer:/home/phy_ai/.ihub/daksha/install/daksha_data_collection:/home/phy_ai/.ihub/daksha/install/gen2_leader:/home/phy_ai/.ihub/daksha/install/daksha_final_urdf_description:/home/phy_ai/.ihub/daksha/install/daksha_description_full_body:/home/phy_ai/.ihub/daksha/install/daksha_api_bridge_leader:/home/phy_ai/.ihub/daksha/install/daksha_api_bridge_follower:/home/phy_ai/.barani/gen2_full/install/world_camera_launch:/home/phy_ai/.barani/gen2_full/install/gen2:/home/phy_ai/.barani/gen2_full/install/vr_teleop:/home/phy_ai/.barani/gen2_full/install/ros_tcp_endpoint:/home/phy_ai/.barani/gen2_full/install/nav_bringup:/home/phy_ai/.barani/gen2_full/install/nav2_config:/home/phy_ai/.barani/gen2_full/install/kinematics:/home/phy_ai/.barani/gen2_full/install/joint_cmd_logger:/home/phy_ai/.barani/gen2_full/install/joint_analyzer:/home/phy_ai/.barani/gen2_full/install/daksha_data_collection:/home/phy_ai/.barani/gen2_full/install/gen2_leader:/home/phy_ai/.barani/gen2_full/install/amr_bringup:/home/phy_ai/.barani/gen2_full/install/daksha_final_urdf_description:/home/phy_ai/.barani/gen2_full/install/daksha_description_full_body:/home/phy_ai/.barani/gen2_full/install/daksha_base_urdf:/home/phy_ai/.barani/gen2_full/install/daksha_api_bridge_leader:/home/phy_ai/.barani/gen2_full/install/daksha_api_bridge_follower:/opt/ros/humble /usr/bin/cmake --install /home/phy_ai/.ihub/daksha/build/hw_interface
[3.105s] -- Install configuration: ""
[3.105s] -- Up-to-date: /home/phy_ai/.ihub/daksha/install/hw_interface/share/ament_index/resource_index/rosidl_interfaces/hw_interface
[3.105s] -- Up-to-date: /home/phy_ai/.ihub/daksha/install/hw_interface/include/hw_interface/hw_interface
[3.105s] -- Up-to-date: /home/phy_ai/.ihub/daksha/install/hw_interface/include/hw_interface/hw_interface/srv
[3.105s] -- Up-to-date: /home/phy_ai/.ihub/daksha/install/hw_interface/include/hw_interface/hw_interface/srv/detail
[3.105s] -- Up-to-date: /home/phy_ai/.ihub/daksha/install/hw_interface/include/hw_interface/hw_interface/srv/detail/set_motor_gains__struct.h
[3.105s] -- Up-to-date: /home/phy_ai/.ihub/daksha/install/hw_interface/include/hw_interface/hw_interface/srv/detail/set_motor_gains__functions.h
[3.105s] -- Up-to-date: /home/phy_ai/.ihub/daksha/install/hw_interface/include/hw_interface/hw_interface/srv/detail/set_motor_gains__functions.c
[3.106s] -- Up-to-date: /home/phy_ai/.ihub/daksha/install/hw_interface/include/hw_interface/hw_interface/srv/detail/set_motor_gains__type_support.h
[3.106s] -- Up-to-date: /home/phy_ai/.ihub/daksha/install/hw_interface/include/hw_interface/hw_interface/srv/set_motor_gains.h
[3.106s] -- Up-to-date: /home/phy_ai/.ihub/daksha/install/hw_interface/include/hw_interface/hw_interface/msg
[3.106s] -- Up-to-date: /home/phy_ai/.ihub/daksha/install/hw_interface/include/hw_interface/hw_interface/msg/motor_status_array.h
[3.106s] -- Up-to-date: /home/phy_ai/.ihub/daksha/install/hw_interface/include/hw_interface/hw_interface/msg/detail
[3.106s] -- Up-to-date: /home/phy_ai/.ihub/daksha/install/hw_interface/include/hw_interface/hw_interface/msg/detail/motor_status_array__functions.h
[3.106s] -- Up-to-date: /home/phy_ai/.ihub/daksha/install/hw_interface/include/hw_interface/hw_interface/msg/detail/motor_status_array__functions.c
[3.106s] -- Up-to-date: /home/phy_ai/.ihub/daksha/install/hw_interface/include/hw_interface/hw_interface/msg/detail/motor_status__functions.h
[3.106s] -- Up-to-date: /home/phy_ai/.ihub/daksha/install/hw_interface/include/hw_interface/hw_interface/msg/detail/motor_status__type_support.h
[3.107s] -- Up-to-date: /home/phy_ai/.ihub/daksha/install/hw_interface/include/hw_interface/hw_interface/msg/detail/motor_status__struct.h
[3.107s] -- Up-to-date: /home/phy_ai/.ihub/daksha/install/hw_interface/include/hw_interface/hw_interface/msg/detail/motor_status_array__type_support.h
[3.107s] -- Up-to-date: /home/phy_ai/.ihub/daksha/install/hw_interface/include/hw_interface/hw_interface/msg/detail/motor_status_array__struct.h
[3.107s] -- Up-to-date: /home/phy_ai/.ihub/daksha/install/hw_interface/include/hw_interface/hw_interface/msg/detail/motor_status__functions.c
[3.108s] -- Up-to-date: /home/phy_ai/.ihub/daksha/install/hw_interface/include/hw_interface/hw_interface/msg/motor_status.h
[3.108s] -- Up-to-date: /home/phy_ai/.ihub/daksha/install/hw_interface/include/hw_interface/hw_interface/msg/rosidl_generator_c__visibility_control.h
[3.108s] -- Up-to-date: /home/phy_ai/.ihub/daksha/install/hw_interface/share/hw_interface/environment/library_path.sh
[3.108s] -- Up-to-date: /home/phy_ai/.ihub/daksha/install/hw_interface/share/hw_interface/environment/library_path.dsv
[3.108s] -- Up-to-date: /home/phy_ai/.ihub/daksha/install/hw_interface/lib/libhw_interface__rosidl_generator_c.so
[3.108s] -- Up-to-date: /home/phy_ai/.ihub/daksha/install/hw_interface/include/hw_interface/hw_interface
[3.108s] -- Up-to-date: /home/phy_ai/.ihub/daksha/install/hw_interface/include/hw_interface/hw_interface/srv
[3.108s] -- Up-to-date: /home/phy_ai/.ihub/daksha/install/hw_interface/include/hw_interface/hw_interface/srv/detail
[3.108s] -- Up-to-date: /home/phy_ai/.ihub/daksha/install/hw_interface/include/hw_interface/hw_interface/srv/detail/set_motor_gains__rosidl_typesupport_fastrtps_c.h
[3.109s] -- Up-to-date: /home/phy_ai/.ihub/daksha/install/hw_interface/include/hw_interface/hw_interface/msg
[3.109s] -- Up-to-date: /home/phy_ai/.ihub/daksha/install/hw_interface/include/hw_interface/hw_interface/msg/detail
[3.109s] -- Up-to-date: /home/phy_ai/.ihub/daksha/install/hw_interface/include/hw_interface/hw_interface/msg/detail/motor_status__rosidl_typesupport_fastrtps_c.h
[3.109s] -- Up-to-date: /home/phy_ai/.ihub/daksha/install/hw_interface/include/hw_interface/hw_interface/msg/detail/motor_status_array__rosidl_typesupport_fastrtps_c.h
[3.109s] -- Up-to-date: /home/phy_ai/.ihub/daksha/install/hw_interface/include/hw_interface/hw_interface/msg/rosidl_typesupport_fastrtps_c__visibility_control.h
[3.109s] -- Up-to-date: /home/phy_ai/.ihub/daksha/install/hw_interface/lib/libhw_interface__rosidl_typesupport_fastrtps_c.so
[3.110s] -- Up-to-date: /home/phy_ai/.ihub/daksha/install/hw_interface/include/hw_interface/hw_interface
[3.110s] -- Up-to-date: /home/phy_ai/.ihub/daksha/install/hw_interface/include/hw_interface/hw_interface/srv
[3.110s] -- Up-to-date: /home/phy_ai/.ihub/daksha/install/hw_interface/include/hw_interface/hw_interface/srv/set_motor_gains.hpp
[3.110s] -- Up-to-date: /home/phy_ai/.ihub/daksha/install/hw_interface/include/hw_interface/hw_interface/srv/detail
[3.110s] -- Up-to-date: /home/phy_ai/.ihub/daksha/install/hw_interface/include/hw_interface/hw_interface/srv/detail/set_motor_gains__type_support.hpp
[3.110s] -- Up-to-date: /home/phy_ai/.ihub/daksha/install/hw_interface/include/hw_interface/hw_interface/srv/detail/set_motor_gains__traits.hpp
[3.110s] -- Up-to-date: /home/phy_ai/.ihub/daksha/install/hw_interface/include/hw_interface/hw_interface/srv/detail/set_motor_gains__struct.hpp
[3.111s] -- Up-to-date: /home/phy_ai/.ihub/daksha/install/hw_interface/include/hw_interface/hw_interface/srv/detail/set_motor_gains__builder.hpp
[3.112s] -- Up-to-date: /home/phy_ai/.ihub/daksha/install/hw_interface/include/hw_interface/hw_interface/msg
[3.112s] -- Up-to-date: /home/phy_ai/.ihub/daksha/install/hw_interface/include/hw_interface/hw_interface/msg/motor_status.hpp
[3.112s] -- Up-to-date: /home/phy_ai/.ihub/daksha/install/hw_interface/include/hw_interface/hw_interface/msg/motor_status_array.hpp
[3.112s] -- Up-to-date: /home/phy_ai/.ihub/daksha/install/hw_interface/include/hw_interface/hw_interface/msg/detail
[3.113s] -- Up-to-date: /home/phy_ai/.ihub/daksha/install/hw_interface/include/hw_interface/hw_interface/msg/detail/motor_status_array__struct.hpp
[3.113s] -- Up-to-date: /home/phy_ai/.ihub/daksha/install/hw_interface/include/hw_interface/hw_interface/msg/detail/motor_status__traits.hpp
[3.113s] -- Up-to-date: /home/phy_ai/.ihub/daksha/install/hw_interface/include/hw_interface/hw_interface/msg/detail/motor_status_array__type_support.hpp
[3.113s] -- Up-to-date: /home/phy_ai/.ihub/daksha/install/hw_interface/include/hw_interface/hw_interface/msg/detail/motor_status__type_support.hpp
[3.113s] -- Up-to-date: /home/phy_ai/.ihub/daksha/install/hw_interface/include/hw_interface/hw_interface/msg/detail/motor_status_array__traits.hpp
[3.113s] -- Up-to-date: /home/phy_ai/.ihub/daksha/install/hw_interface/include/hw_interface/hw_interface/msg/detail/motor_status__builder.hpp
[3.113s] -- Up-to-date: /home/phy_ai/.ihub/daksha/install/hw_interface/include/hw_interface/hw_interface/msg/detail/motor_status__struct.hpp
[3.114s] -- Up-to-date: /home/phy_ai/.ihub/daksha/install/hw_interface/include/hw_interface/hw_interface/msg/detail/motor_status_array__builder.hpp
[3.114s] -- Up-to-date: /home/phy_ai/.ihub/daksha/install/hw_interface/include/hw_interface/hw_interface/msg/rosidl_generator_cpp__visibility_control.hpp
[3.114s] -- Up-to-date: /home/phy_ai/.ihub/daksha/install/hw_interface/include/hw_interface/hw_interface
[3.114s] -- Up-to-date: /home/phy_ai/.ihub/daksha/install/hw_interface/include/hw_interface/hw_interface/srv
[3.114s] -- Up-to-date: /home/phy_ai/.ihub/daksha/install/hw_interface/include/hw_interface/hw_interface/srv/detail
[3.114s] -- Up-to-date: /home/phy_ai/.ihub/daksha/install/hw_interface/include/hw_interface/hw_interface/srv/detail/dds_fastrtps
[3.114s] -- Up-to-date: /home/phy_ai/.ihub/daksha/install/hw_interface/include/hw_interface/hw_interface/srv/detail/set_motor_gains__rosidl_typesupport_fastrtps_cpp.hpp
[3.114s] -- Up-to-date: /home/phy_ai/.ihub/daksha/install/hw_interface/include/hw_interface/hw_interface/msg
[3.114s] -- Up-to-date: /home/phy_ai/.ihub/daksha/install/hw_interface/include/hw_interface/hw_interface/msg/detail
[3.114s] -- Up-to-date: /home/phy_ai/.ihub/daksha/install/hw_interface/include/hw_interface/hw_interface/msg/detail/dds_fastrtps
[3.114s] -- Up-to-date: /home/phy_ai/.ihub/daksha/install/hw_interface/include/hw_interface/hw_interface/msg/detail/motor_status_array__rosidl_typesupport_fastrtps_cpp.hpp
[3.142s] -- Up-to-date: /home/phy_ai/.ihub/daksha/install/hw_interface/include/hw_interface/hw_interface/msg/detail/motor_status__rosidl_typesupport_fastrtps_cpp.hpp
[3.143s] -- Up-to-date: /home/phy_ai/.ihub/daksha/install/hw_interface/include/hw_interface/hw_interface/msg/rosidl_typesupport_fastrtps_cpp__visibility_control.h
[3.143s] -- Up-to-date: /home/phy_ai/.ihub/daksha/install/hw_interface/lib/libhw_interface__rosidl_typesupport_fastrtps_cpp.so
[3.143s] -- Up-to-date: /home/phy_ai/.ihub/daksha/install/hw_interface/include/hw_interface/hw_interface
[3.143s] -- Up-to-date: /home/phy_ai/.ihub/daksha/install/hw_interface/include/hw_interface/hw_interface/srv
[3.143s] -- Up-to-date: /home/phy_ai/.ihub/daksha/install/hw_interface/include/hw_interface/hw_interface/srv/detail
[3.144s] -- Up-to-date: /home/phy_ai/.ihub/daksha/install/hw_interface/include/hw_interface/hw_interface/srv/detail/set_motor_gains__rosidl_typesupport_introspection_c.h
[3.144s] -- Up-to-date: /home/phy_ai/.ihub/daksha/install/hw_interface/include/hw_interface/hw_interface/srv/detail/set_motor_gains__type_support.c
[3.145s] -- Up-to-date: /home/phy_ai/.ihub/daksha/install/hw_interface/include/hw_interface/hw_interface/msg
[3.145s] -- Up-to-date: /home/phy_ai/.ihub/daksha/install/hw_interface/include/hw_interface/hw_interface/msg/detail
[3.145s] -- Up-to-date: /home/phy_ai/.ihub/daksha/install/hw_interface/include/hw_interface/hw_interface/msg/detail/motor_status__type_support.c
[3.146s] -- Up-to-date: /home/phy_ai/.ihub/daksha/install/hw_interface/include/hw_interface/hw_interface/msg/detail/motor_status_array__type_support.c
[3.146s] -- Up-to-date: /home/phy_ai/.ihub/daksha/install/hw_interface/include/hw_interface/hw_interface/msg/detail/motor_status_array__rosidl_typesupport_introspection_c.h
[3.146s] -- Up-to-date: /home/phy_ai/.ihub/daksha/install/hw_interface/include/hw_interface/hw_interface/msg/detail/motor_status__rosidl_typesupport_introspection_c.h
[3.146s] -- Up-to-date: /home/phy_ai/.ihub/daksha/install/hw_interface/include/hw_interface/hw_interface/msg/rosidl_typesupport_introspection_c__visibility_control.h
[3.147s] -- Up-to-date: /home/phy_ai/.ihub/daksha/install/hw_interface/lib/libhw_interface__rosidl_typesupport_introspection_c.so
[3.147s] -- Up-to-date: /home/phy_ai/.ihub/daksha/install/hw_interface/lib/libhw_interface__rosidl_typesupport_c.so
[3.148s] -- Up-to-date: /home/phy_ai/.ihub/daksha/install/hw_interface/include/hw_interface/hw_interface
[3.148s] -- Up-to-date: /home/phy_ai/.ihub/daksha/install/hw_interface/include/hw_interface/hw_interface/srv
[3.148s] -- Up-to-date: /home/phy_ai/.ihub/daksha/install/hw_interface/include/hw_interface/hw_interface/srv/detail
[3.149s] -- Up-to-date: /home/phy_ai/.ihub/daksha/install/hw_interface/include/hw_interface/hw_interface/srv/detail/set_motor_gains__type_support.cpp
[3.149s] -- Up-to-date: /home/phy_ai/.ihub/daksha/install/hw_interface/include/hw_interface/hw_interface/srv/detail/set_motor_gains__rosidl_typesupport_introspection_cpp.hpp
[3.150s] -- Up-to-date: /home/phy_ai/.ihub/daksha/install/hw_interface/include/hw_interface/hw_interface/msg
[3.151s] -- Up-to-date: /home/phy_ai/.ihub/daksha/install/hw_interface/include/hw_interface/hw_interface/msg/detail
[3.153s] -- Up-to-date: /home/phy_ai/.ihub/daksha/install/hw_interface/include/hw_interface/hw_interface/msg/detail/motor_status_array__rosidl_typesupport_introspection_cpp.hpp
[3.154s] -- Up-to-date: /home/phy_ai/.ihub/daksha/install/hw_interface/include/hw_interface/hw_interface/msg/detail/motor_status__type_support.cpp
[3.154s] -- Up-to-date: /home/phy_ai/.ihub/daksha/install/hw_interface/include/hw_interface/hw_interface/msg/detail/motor_status_array__type_support.cpp
[3.154s] -- Up-to-date: /home/phy_ai/.ihub/daksha/install/hw_interface/include/hw_interface/hw_interface/msg/detail/motor_status__rosidl_typesupport_introspection_cpp.hpp
[3.155s] -- Up-to-date: /home/phy_ai/.ihub/daksha/install/hw_interface/lib/libhw_interface__rosidl_typesupport_introspection_cpp.so
[3.155s] -- Up-to-date: /home/phy_ai/.ihub/daksha/install/hw_interface/lib/libhw_interface__rosidl_typesupport_cpp.so
[3.155s] -- Up-to-date: /home/phy_ai/.ihub/daksha/install/hw_interface/share/hw_interface/environment/pythonpath.sh
[3.197s] -- Up-to-date: /home/phy_ai/.ihub/daksha/install/hw_interface/share/hw_interface/environment/pythonpath.dsv
[3.197s] -- Up-to-date: /home/phy_ai/.ihub/daksha/install/hw_interface/local/lib/python3.10/dist-packages/hw_interface-0.0.0-py3.10.egg-info
[3.197s] -- Installing: /home/phy_ai/.ihub/daksha/install/hw_interface/local/lib/python3.10/dist-packages/hw_interface-0.0.0-py3.10.egg-info/SOURCES.txt
[3.198s] -- Installing: /home/phy_ai/.ihub/daksha/install/hw_interface/local/lib/python3.10/dist-packages/hw_interface-0.0.0-py3.10.egg-info/top_level.txt
[3.198s] -- Installing: /home/phy_ai/.ihub/daksha/install/hw_interface/local/lib/python3.10/dist-packages/hw_interface-0.0.0-py3.10.egg-info/PKG-INFO
[3.198s] -- Installing: /home/phy_ai/.ihub/daksha/install/hw_interface/local/lib/python3.10/dist-packages/hw_interface-0.0.0-py3.10.egg-info/dependency_links.txt
[3.198s] -- Up-to-date: /home/phy_ai/.ihub/daksha/install/hw_interface/local/lib/python3.10/dist-packages/hw_interface
[3.199s] -- Up-to-date: /home/phy_ai/.ihub/daksha/install/hw_interface/local/lib/python3.10/dist-packages/hw_interface/srv
[3.199s] -- Up-to-date: /home/phy_ai/.ihub/daksha/install/hw_interface/local/lib/python3.10/dist-packages/hw_interface/srv/_set_motor_gains_s.c
[3.200s] -- Up-to-date: /home/phy_ai/.ihub/daksha/install/hw_interface/local/lib/python3.10/dist-packages/hw_interface/srv/_set_motor_gains.py
[3.200s] -- Up-to-date: /home/phy_ai/.ihub/daksha/install/hw_interface/local/lib/python3.10/dist-packages/hw_interface/srv/__init__.py
[3.200s] -- Up-to-date: /home/phy_ai/.ihub/daksha/install/hw_interface/local/lib/python3.10/dist-packages/hw_interface/hw_interface_s__rosidl_typesupport_introspection_c.cpython-310-x86_64-linux-gnu.so
[3.201s] -- Up-to-date: /home/phy_ai/.ihub/daksha/install/hw_interface/local/lib/python3.10/dist-packages/hw_interface/hw_interface_s__rosidl_typesupport_fastrtps_c.cpython-310-x86_64-linux-gnu.so
[3.203s] -- Up-to-date: /home/phy_ai/.ihub/daksha/install/hw_interface/local/lib/python3.10/dist-packages/hw_interface/__init__.py
[3.204s] -- Up-to-date: /home/phy_ai/.ihub/daksha/install/hw_interface/local/lib/python3.10/dist-packages/hw_interface/_hw_interface_s.ep.rosidl_typesupport_c.c
[3.204s] -- Up-to-date: /home/phy_ai/.ihub/daksha/install/hw_interface/local/lib/python3.10/dist-packages/hw_interface/_hw_interface_s.ep.rosidl_typesupport_fastrtps_c.c
[3.204s] -- Up-to-date: /home/phy_ai/.ihub/daksha/install/hw_interface/local/lib/python3.10/dist-packages/hw_interface/_hw_interface_s.ep.rosidl_typesupport_introspection_c.c
[3.204s] -- Up-to-date: /home/phy_ai/.ihub/daksha/install/hw_interface/local/lib/python3.10/dist-packages/hw_interface/msg
[3.204s] -- Up-to-date: /home/phy_ai/.ihub/daksha/install/hw_interface/local/lib/python3.10/dist-packages/hw_interface/msg/_motor_status.py
[3.204s] -- Up-to-date: /home/phy_ai/.ihub/daksha/install/hw_interface/local/lib/python3.10/dist-packages/hw_interface/msg/_motor_status_s.c
[3.204s] -- Up-to-date: /home/phy_ai/.ihub/daksha/install/hw_interface/local/lib/python3.10/dist-packages/hw_interface/msg/__init__.py
[3.205s] -- Up-to-date: /home/phy_ai/.ihub/daksha/install/hw_interface/local/lib/python3.10/dist-packages/hw_interface/msg/_motor_status_array_s.c
[3.205s] -- Up-to-date: /home/phy_ai/.ihub/daksha/install/hw_interface/local/lib/python3.10/dist-packages/hw_interface/msg/_motor_status_array.py
[3.205s] -- Up-to-date: /home/phy_ai/.ihub/daksha/install/hw_interface/local/lib/python3.10/dist-packages/hw_interface/libhw_interface__rosidl_generator_py.so
[3.205s] -- Up-to-date: /home/phy_ai/.ihub/daksha/install/hw_interface/local/lib/python3.10/dist-packages/hw_interface/hw_interface_s__rosidl_typesupport_c.cpython-310-x86_64-linux-gnu.so
[3.205s] Listing '/home/phy_ai/.ihub/daksha/install/hw_interface/local/lib/python3.10/dist-packages/hw_interface'...
[3.205s] Listing '/home/phy_ai/.ihub/daksha/install/hw_interface/local/lib/python3.10/dist-packages/hw_interface/msg'...
[3.205s] Listing '/home/phy_ai/.ihub/daksha/install/hw_interface/local/lib/python3.10/dist-packages/hw_interface/srv'...
[3.205s] -- Up-to-date: /home/phy_ai/.ihub/daksha/install/hw_interface/local/lib/python3.10/dist-packages/hw_interface/hw_interface_s__rosidl_typesupport_fastrtps_c.cpython-310-x86_64-linux-gnu.so
[3.205s] -- Up-to-date: /home/phy_ai/.ihub/daksha/install/hw_interface/local/lib/python3.10/dist-packages/hw_interface/hw_interface_s__rosidl_typesupport_introspection_c.cpython-310-x86_64-linux-gnu.so
[3.205s] -- Up-to-date: /home/phy_ai/.ihub/daksha/install/hw_interface/local/lib/python3.10/dist-packages/hw_interface/hw_interface_s__rosidl_typesupport_c.cpython-310-x86_64-linux-gnu.so
[3.206s] -- Up-to-date: /home/phy_ai/.ihub/daksha/install/hw_interface/lib/libhw_interface__rosidl_generator_py.so
[3.206s] -- Up-to-date: /home/phy_ai/.ihub/daksha/install/hw_interface/share/ament_index/resource_index/rust_packages/hw_interface
[3.206s] -- Up-to-date: /home/phy_ai/.ihub/daksha/install/hw_interface/share/hw_interface/rust
[3.206s] -- Up-to-date: /home/phy_ai/.ihub/daksha/install/hw_interface/share/hw_interface/rust/build.rs
[3.207s] -- Up-to-date: /home/phy_ai/.ihub/daksha/install/hw_interface/share/hw_interface/rust/src
[3.207s] -- Up-to-date: /home/phy_ai/.ihub/daksha/install/hw_interface/share/hw_interface/rust/src/srv
[3.207s] -- Up-to-date: /home/phy_ai/.ihub/daksha/install/hw_interface/share/hw_interface/rust/src/srv/rmw.rs
[3.207s] -- Up-to-date: /home/phy_ai/.ihub/daksha/install/hw_interface/share/hw_interface/rust/src/lib.rs
[3.207s] -- Up-to-date: /home/phy_ai/.ihub/daksha/install/hw_interface/share/hw_interface/rust/src/srv.rs
[3.208s] -- Up-to-date: /home/phy_ai/.ihub/daksha/install/hw_interface/share/hw_interface/rust/src/msg.rs
[3.208s] -- Up-to-date: /home/phy_ai/.ihub/daksha/install/hw_interface/share/hw_interface/rust/src/msg
[3.208s] -- Up-to-date: /home/phy_ai/.ihub/daksha/install/hw_interface/share/hw_interface/rust/src/msg/rmw.rs
[3.208s] -- Up-to-date: /home/phy_ai/.ihub/daksha/install/hw_interface/share/hw_interface/rust/Cargo.toml
[3.208s] -- Up-to-date: /home/phy_ai/.ihub/daksha/install/hw_interface/share/hw_interface/msg/MotorStatus.idl
[3.208s] -- Up-to-date: /home/phy_ai/.ihub/daksha/install/hw_interface/share/hw_interface/msg/MotorStatusArray.idl
[3.209s] -- Up-to-date: /home/phy_ai/.ihub/daksha/install/hw_interface/share/hw_interface/srv/SetMotorGains.idl
[3.210s] -- Up-to-date: /home/phy_ai/.ihub/daksha/install/hw_interface/share/hw_interface/msg/MotorStatus.msg
[3.210s] -- Up-to-date: /home/phy_ai/.ihub/daksha/install/hw_interface/share/hw_interface/msg/MotorStatusArray.msg
[3.210s] -- Up-to-date: /home/phy_ai/.ihub/daksha/install/hw_interface/share/hw_interface/srv/SetMotorGains.srv
[3.210s] -- Up-to-date: /home/phy_ai/.ihub/daksha/install/hw_interface/share/hw_interface/srv/SetMotorGains_Request.msg
[3.211s] -- Up-to-date: /home/phy_ai/.ihub/daksha/install/hw_interface/share/hw_interface/srv/SetMotorGains_Response.msg
[3.211s] -- Up-to-date: /home/phy_ai/.ihub/daksha/install/hw_interface/lib/hw_interface/vcan_bridge_node
[3.211s] -- Up-to-date: /home/phy_ai/.ihub/daksha/install/hw_interface/share/hw_interface/my_robot_hardware_interface.xml
[3.211s] -- Up-to-date: /home/phy_ai/.ihub/daksha/install/hw_interface/share/hw_interface/my_robot_hardware_interface.xml
[3.211s] -- Up-to-date: /home/phy_ai/.ihub/daksha/install/hw_interface/lib/libhw_interface_plugin.so
[3.212s] -- Up-to-date: /home/phy_ai/.ihub/daksha/install/hw_interface/include
[3.212s] -- Up-to-date: /home/phy_ai/.ihub/daksha/install/hw_interface/include/hw_interface
[3.212s] -- Up-to-date: /home/phy_ai/.ihub/daksha/install/hw_interface/include/hw_interface/driver.hpp
[3.213s] -- Up-to-date: /home/phy_ai/.ihub/daksha/install/hw_interface/include/hw_interface/socketcan_transport.hpp
[3.213s] -- Up-to-date: /home/phy_ai/.ihub/daksha/install/hw_interface/include/hw_interface/arm_interface.hpp
[3.214s] -- Up-to-date: /home/phy_ai/.ihub/daksha/install/hw_interface/share/ament_index/resource_index/package_run_dependencies/hw_interface
[3.214s] -- Up-to-date: /home/phy_ai/.ihub/daksha/install/hw_interface/share/ament_index/resource_index/parent_prefix_path/hw_interface
[3.214s] -- Up-to-date: /home/phy_ai/.ihub/daksha/install/hw_interface/share/hw_interface/environment/ament_prefix_path.sh
[3.216s] -- Up-to-date: /home/phy_ai/.ihub/daksha/install/hw_interface/share/hw_interface/environment/ament_prefix_path.dsv
[3.216s] -- Up-to-date: /home/phy_ai/.ihub/daksha/install/hw_interface/share/hw_interface/environment/path.sh
[3.216s] -- Up-to-date: /home/phy_ai/.ihub/daksha/install/hw_interface/share/hw_interface/environment/path.dsv
[3.216s] -- Up-to-date: /home/phy_ai/.ihub/daksha/install/hw_interface/share/hw_interface/local_setup.bash
[3.216s] -- Up-to-date: /home/phy_ai/.ihub/daksha/install/hw_interface/share/hw_interface/local_setup.sh
[3.216s] -- Up-to-date: /home/phy_ai/.ihub/daksha/install/hw_interface/share/hw_interface/local_setup.zsh
[3.217s] -- Up-to-date: /home/phy_ai/.ihub/daksha/install/hw_interface/share/hw_interface/local_setup.dsv
[3.217s] -- Installing: /home/phy_ai/.ihub/daksha/install/hw_interface/share/hw_interface/package.dsv
[3.217s] -- Up-to-date: /home/phy_ai/.ihub/daksha/install/hw_interface/share/ament_index/resource_index/packages/hw_interface
[3.217s] -- Up-to-date: /home/phy_ai/.ihub/daksha/install/hw_interface/share/ament_index/resource_index/hardware_interface__pluginlib__plugin/hw_interface
[3.217s] -- Up-to-date: /home/phy_ai/.ihub/daksha/install/hw_interface/share/hw_interface/cmake/export_hw_interface__rosidl_generator_cExport.cmake
[3.217s] -- Up-to-date: /home/phy_ai/.ihub/daksha/install/hw_interface/share/hw_interface/cmake/export_hw_interface__rosidl_generator_cExport-noconfig.cmake
[3.218s] -- Up-to-date: /home/phy_ai/.ihub/daksha/install/hw_interface/share/hw_interface/cmake/export_hw_interface__rosidl_typesupport_fastrtps_cExport.cmake
[3.218s] -- Up-to-date: /home/phy_ai/.ihub/daksha/install/hw_interface/share/hw_interface/cmake/export_hw_interface__rosidl_typesupport_fastrtps_cExport-noconfig.cmake
[3.218s] -- Up-to-date: /home/phy_ai/.ihub/daksha/install/hw_interface/share/hw_interface/cmake/export_hw_interface__rosidl_generator_cppExport.cmake
[3.222s] -- Up-to-date: /home/phy_ai/.ihub/daksha/install/hw_interface/share/hw_interface/cmake/export_hw_interface__rosidl_typesupport_fastrtps_cppExport.cmake
[3.222s] -- Up-to-date: /home/phy_ai/.ihub/daksha/install/hw_interface/share/hw_interface/cmake/export_hw_interface__rosidl_typesupport_fastrtps_cppExport-noconfig.cmake
[3.222s] -- Up-to-date: /home/phy_ai/.ihub/daksha/install/hw_interface/share/hw_interface/cmake/hw_interface__rosidl_typesupport_introspection_cExport.cmake
[3.222s] -- Up-to-date: /home/phy_ai/.ihub/daksha/install/hw_interface/share/hw_interface/cmake/hw_interface__rosidl_typesupport_introspection_cExport-noconfig.cmake
[3.223s] -- Up-to-date: /home/phy_ai/.ihub/daksha/install/hw_interface/share/hw_interface/cmake/hw_interface__rosidl_typesupport_cExport.cmake
[3.223s] -- Up-to-date: /home/phy_ai/.ihub/daksha/install/hw_interface/share/hw_interface/cmake/hw_interface__rosidl_typesupport_cExport-noconfig.cmake
[3.224s] -- Up-to-date: /home/phy_ai/.ihub/daksha/install/hw_interface/share/hw_interface/cmake/hw_interface__rosidl_typesupport_introspection_cppExport.cmake
[3.224s] -- Up-to-date: /home/phy_ai/.ihub/daksha/install/hw_interface/share/hw_interface/cmake/hw_interface__rosidl_typesupport_introspection_cppExport-noconfig.cmake
[3.225s] -- Up-to-date: /home/phy_ai/.ihub/daksha/install/hw_interface/share/hw_interface/cmake/hw_interface__rosidl_typesupport_cppExport.cmake
[3.225s] -- Up-to-date: /home/phy_ai/.ihub/daksha/install/hw_interface/share/hw_interface/cmake/hw_interface__rosidl_typesupport_cppExport-noconfig.cmake
[3.226s] -- Up-to-date: /home/phy_ai/.ihub/daksha/install/hw_interface/share/hw_interface/cmake/export_hw_interface__rosidl_generator_pyExport.cmake
[3.226s] -- Up-to-date: /home/phy_ai/.ihub/daksha/install/hw_interface/share/hw_interface/cmake/export_hw_interface__rosidl_generator_pyExport-noconfig.cmake
[3.227s] -- Up-to-date: /home/phy_ai/.ihub/daksha/install/hw_interface/share/hw_interface/cmake/rosidl_cmake-extras.cmake
[3.227s] -- Up-to-date: /home/phy_ai/.ihub/daksha/install/hw_interface/share/hw_interface/cmake/ament_cmake_export_include_directories-extras.cmake
[3.227s] -- Up-to-date: /home/phy_ai/.ihub/daksha/install/hw_interface/share/hw_interface/cmake/ament_cmake_export_libraries-extras.cmake
[3.227s] -- Up-to-date: /home/phy_ai/.ihub/daksha/install/hw_interface/share/hw_interface/cmake/ament_cmake_export_targets-extras.cmake
[3.228s] -- Up-to-date: /home/phy_ai/.ihub/daksha/install/hw_interface/share/hw_interface/cmake/rosidl_cmake_export_typesupport_targets-extras.cmake
[3.230s] -- Up-to-date: /home/phy_ai/.ihub/daksha/install/hw_interface/share/hw_interface/cmake/ament_cmake_export_dependencies-extras.cmake
[3.230s] -- Up-to-date: /home/phy_ai/.ihub/daksha/install/hw_interface/share/hw_interface/cmake/rosidl_cmake_export_typesupport_libraries-extras.cmake
[3.231s] -- Up-to-date: /home/phy_ai/.ihub/daksha/install/hw_interface/share/hw_interface/cmake/rosidl_cmake_aggregate_target-extras.cmake
[3.231s] -- Up-to-date: /home/phy_ai/.ihub/daksha/install/hw_interface/share/hw_interface/cmake/hw_interfaceConfig.cmake
[3.231s] -- Up-to-date: /home/phy_ai/.ihub/daksha/install/hw_interface/share/hw_interface/cmake/hw_interfaceConfig-version.cmake
[3.231s] -- Up-to-date: /home/phy_ai/.ihub/daksha/install/hw_interface/share/hw_interface/package.xml
[3.360s] Invoked command in '/home/phy_ai/.ihub/daksha/build/hw_interface' returned '0': CMAKE_PREFIX_PATH=${CMAKE_PREFIX_PATH}:/home/phy_ai/.ihub/daksha/install/world_camera_launch:/home/phy_ai/.ihub/daksha/install/motortest:/home/phy_ai/.ihub/daksha/install/gen2:/home/phy_ai/.ihub/daksha/install/vr_teleop:/home/phy_ai/.ihub/daksha/install/vajara:/home/phy_ai/.ihub/daksha/install/ros_tcp_endpoint:/home/phy_ai/.ihub/daksha/install/kinematics:/home/phy_ai/.ihub/daksha/install/joint_cmd_logger:/home/phy_ai/.ihub/daksha/install/joint_analyzer:/home/phy_ai/.ihub/daksha/install/daksha_data_collection:/home/phy_ai/.ihub/daksha/install/gen2_leader:/home/phy_ai/.ihub/daksha/install/daksha_final_urdf_description:/home/phy_ai/.ihub/daksha/install/daksha_description_full_body:/home/phy_ai/.ihub/daksha/install/daksha_api_bridge_leader:/home/phy_ai/.ihub/daksha/install/daksha_api_bridge_follower:/home/phy_ai/.barani/gen2_full/install/world_camera_launch:/home/phy_ai/.barani/gen2_full/install/gen2:/home/phy_ai/.barani/gen2_full/install/vr_teleop:/home/phy_ai/.barani/gen2_full/install/ros_tcp_endpoint:/home/phy_ai/.barani/gen2_full/install/nav_bringup:/home/phy_ai/.barani/gen2_full/install/nav2_config:/home/phy_ai/.barani/gen2_full/install/kinematics:/home/phy_ai/.barani/gen2_full/install/joint_cmd_logger:/home/phy_ai/.barani/gen2_full/install/joint_analyzer:/home/phy_ai/.barani/gen2_full/install/daksha_data_collection:/home/phy_ai/.barani/gen2_full/install/gen2_leader:/home/phy_ai/.barani/gen2_full/install/amr_bringup:/home/phy_ai/.barani/gen2_full/install/daksha_final_urdf_description:/home/phy_ai/.barani/gen2_full/install/daksha_description_full_body:/home/phy_ai/.barani/gen2_full/install/daksha_base_urdf:/home/phy_ai/.barani/gen2_full/install/daksha_api_bridge_leader:/home/phy_ai/.barani/gen2_full/install/daksha_api_bridge_follower:/opt/ros/humble /usr/bin/cmake --install /home/phy_ai/.ihub/daksha/build/hw_interface
