running egg_info
creating ../../../build/vr_teleop/vr_teleop.egg-info
writing ../../../build/vr_teleop/vr_teleop.egg-info/PKG-INFO
writing dependency_links to ../../../build/vr_teleop/vr_teleop.egg-info/dependency_links.txt
writing entry points to ../../../build/vr_teleop/vr_teleop.egg-info/entry_points.txt
writing requirements to ../../../build/vr_teleop/vr_teleop.egg-info/requires.txt
writing top-level names to ../../../build/vr_teleop/vr_teleop.egg-info/top_level.txt
writing manifest file '../../../build/vr_teleop/vr_teleop.egg-info/SOURCES.txt'
reading manifest file '../../../build/vr_teleop/vr_teleop.egg-info/SOURCES.txt'
writing manifest file '../../../build/vr_teleop/vr_teleop.egg-info/SOURCES.txt'
running build
running build_py
creating /home/phy_ai/.ihub/daksha/build/vr_teleop/build
creating /home/phy_ai/.ihub/daksha/build/vr_teleop/build/lib
creating /home/phy_ai/.ihub/daksha/build/vr_teleop/build/lib/vr_teleop
copying vr_teleop/__init__.py -> /home/phy_ai/.ihub/daksha/build/vr_teleop/build/lib/vr_teleop
creating /home/phy_ai/.ihub/daksha/build/vr_teleop/build/lib/vr_teleop/main_scripts
copying vr_teleop/main_scripts/quest_tf_mirror.py -> /home/phy_ai/.ihub/daksha/build/vr_teleop/build/lib/vr_teleop/main_scripts
copying vr_teleop/main_scripts/quest_tf_switch.py -> /home/phy_ai/.ihub/daksha/build/vr_teleop/build/lib/vr_teleop/main_scripts
copying vr_teleop/main_scripts/vr_pose_relay.py -> /home/phy_ai/.ihub/daksha/build/vr_teleop/build/lib/vr_teleop/main_scripts
copying vr_teleop/main_scripts/vr_gripper_ctrl.py -> /home/phy_ai/.ihub/daksha/build/vr_teleop/build/lib/vr_teleop/main_scripts
copying vr_teleop/main_scripts/quest_tf.py -> /home/phy_ai/.ihub/daksha/build/vr_teleop/build/lib/vr_teleop/main_scripts
copying vr_teleop/main_scripts/__init__.py -> /home/phy_ai/.ihub/daksha/build/vr_teleop/build/lib/vr_teleop/main_scripts
copying vr_teleop/main_scripts/vr_management_ui.py -> /home/phy_ai/.ihub/daksha/build/vr_teleop/build/lib/vr_teleop/main_scripts
copying vr_teleop/main_scripts/quest_tf_to_pose.py -> /home/phy_ai/.ihub/daksha/build/vr_teleop/build/lib/vr_teleop/main_scripts
creating /home/phy_ai/.ihub/daksha/build/vr_teleop/build/lib/vr_teleop/bridge_nodes
copying vr_teleop/bridge_nodes/server.py -> /home/phy_ai/.ihub/daksha/build/vr_teleop/build/lib/vr_teleop/bridge_nodes
copying vr_teleop/bridge_nodes/thread_pauser.py -> /home/phy_ai/.ihub/daksha/build/vr_teleop/build/lib/vr_teleop/bridge_nodes
copying vr_teleop/bridge_nodes/default_server_endpoint.py -> /home/phy_ai/.ihub/daksha/build/vr_teleop/build/lib/vr_teleop/bridge_nodes
copying vr_teleop/bridge_nodes/unity_service.py -> /home/phy_ai/.ihub/daksha/build/vr_teleop/build/lib/vr_teleop/bridge_nodes
copying vr_teleop/bridge_nodes/__init__.py -> /home/phy_ai/.ihub/daksha/build/vr_teleop/build/lib/vr_teleop/bridge_nodes
copying vr_teleop/bridge_nodes/publisher.py -> /home/phy_ai/.ihub/daksha/build/vr_teleop/build/lib/vr_teleop/bridge_nodes
copying vr_teleop/bridge_nodes/tcp_sender.py -> /home/phy_ai/.ihub/daksha/build/vr_teleop/build/lib/vr_teleop/bridge_nodes
copying vr_teleop/bridge_nodes/communication.py -> /home/phy_ai/.ihub/daksha/build/vr_teleop/build/lib/vr_teleop/bridge_nodes
copying vr_teleop/bridge_nodes/subscriber.py -> /home/phy_ai/.ihub/daksha/build/vr_teleop/build/lib/vr_teleop/bridge_nodes
copying vr_teleop/bridge_nodes/exceptions.py -> /home/phy_ai/.ihub/daksha/build/vr_teleop/build/lib/vr_teleop/bridge_nodes
copying vr_teleop/bridge_nodes/client.py -> /home/phy_ai/.ihub/daksha/build/vr_teleop/build/lib/vr_teleop/bridge_nodes
copying vr_teleop/bridge_nodes/service.py -> /home/phy_ai/.ihub/daksha/build/vr_teleop/build/lib/vr_teleop/bridge_nodes
running install
running install_lib
creating /home/phy_ai/.ihub/daksha/install/vr_teleop/lib/python3.10/site-packages/vr_teleop
creating /home/phy_ai/.ihub/daksha/install/vr_teleop/lib/python3.10/site-packages/vr_teleop/bridge_nodes
copying /home/phy_ai/.ihub/daksha/build/vr_teleop/build/lib/vr_teleop/bridge_nodes/server.py -> /home/phy_ai/.ihub/daksha/install/vr_teleop/lib/python3.10/site-packages/vr_teleop/bridge_nodes
copying /home/phy_ai/.ihub/daksha/build/vr_teleop/build/lib/vr_teleop/bridge_nodes/thread_pauser.py -> /home/phy_ai/.ihub/daksha/install/vr_teleop/lib/python3.10/site-packages/vr_teleop/bridge_nodes
copying /home/phy_ai/.ihub/daksha/build/vr_teleop/build/lib/vr_teleop/bridge_nodes/default_server_endpoint.py -> /home/phy_ai/.ihub/daksha/install/vr_teleop/lib/python3.10/site-packages/vr_teleop/bridge_nodes
copying /home/phy_ai/.ihub/daksha/build/vr_teleop/build/lib/vr_teleop/bridge_nodes/unity_service.py -> /home/phy_ai/.ihub/daksha/install/vr_teleop/lib/python3.10/site-packages/vr_teleop/bridge_nodes
copying /home/phy_ai/.ihub/daksha/build/vr_teleop/build/lib/vr_teleop/bridge_nodes/__init__.py -> /home/phy_ai/.ihub/daksha/install/vr_teleop/lib/python3.10/site-packages/vr_teleop/bridge_nodes
copying /home/phy_ai/.ihub/daksha/build/vr_teleop/build/lib/vr_teleop/bridge_nodes/publisher.py -> /home/phy_ai/.ihub/daksha/install/vr_teleop/lib/python3.10/site-packages/vr_teleop/bridge_nodes
copying /home/phy_ai/.ihub/daksha/build/vr_teleop/build/lib/vr_teleop/bridge_nodes/tcp_sender.py -> /home/phy_ai/.ihub/daksha/install/vr_teleop/lib/python3.10/site-packages/vr_teleop/bridge_nodes
copying /home/phy_ai/.ihub/daksha/build/vr_teleop/build/lib/vr_teleop/bridge_nodes/communication.py -> /home/phy_ai/.ihub/daksha/install/vr_teleop/lib/python3.10/site-packages/vr_teleop/bridge_nodes
copying /home/phy_ai/.ihub/daksha/build/vr_teleop/build/lib/vr_teleop/bridge_nodes/subscriber.py -> /home/phy_ai/.ihub/daksha/install/vr_teleop/lib/python3.10/site-packages/vr_teleop/bridge_nodes
copying /home/phy_ai/.ihub/daksha/build/vr_teleop/build/lib/vr_teleop/bridge_nodes/exceptions.py -> /home/phy_ai/.ihub/daksha/install/vr_teleop/lib/python3.10/site-packages/vr_teleop/bridge_nodes
copying /home/phy_ai/.ihub/daksha/build/vr_teleop/build/lib/vr_teleop/bridge_nodes/client.py -> /home/phy_ai/.ihub/daksha/install/vr_teleop/lib/python3.10/site-packages/vr_teleop/bridge_nodes
copying /home/phy_ai/.ihub/daksha/build/vr_teleop/build/lib/vr_teleop/bridge_nodes/service.py -> /home/phy_ai/.ihub/daksha/install/vr_teleop/lib/python3.10/site-packages/vr_teleop/bridge_nodes
copying /home/phy_ai/.ihub/daksha/build/vr_teleop/build/lib/vr_teleop/__init__.py -> /home/phy_ai/.ihub/daksha/install/vr_teleop/lib/python3.10/site-packages/vr_teleop
creating /home/phy_ai/.ihub/daksha/install/vr_teleop/lib/python3.10/site-packages/vr_teleop/main_scripts
copying /home/phy_ai/.ihub/daksha/build/vr_teleop/build/lib/vr_teleop/main_scripts/quest_tf_mirror.py -> /home/phy_ai/.ihub/daksha/install/vr_teleop/lib/python3.10/site-packages/vr_teleop/main_scripts
copying /home/phy_ai/.ihub/daksha/build/vr_teleop/build/lib/vr_teleop/main_scripts/quest_tf_switch.py -> /home/phy_ai/.ihub/daksha/install/vr_teleop/lib/python3.10/site-packages/vr_teleop/main_scripts
copying /home/phy_ai/.ihub/daksha/build/vr_teleop/build/lib/vr_teleop/main_scripts/vr_pose_relay.py -> /home/phy_ai/.ihub/daksha/install/vr_teleop/lib/python3.10/site-packages/vr_teleop/main_scripts
copying /home/phy_ai/.ihub/daksha/build/vr_teleop/build/lib/vr_teleop/main_scripts/vr_gripper_ctrl.py -> /home/phy_ai/.ihub/daksha/install/vr_teleop/lib/python3.10/site-packages/vr_teleop/main_scripts
copying /home/phy_ai/.ihub/daksha/build/vr_teleop/build/lib/vr_teleop/main_scripts/quest_tf.py -> /home/phy_ai/.ihub/daksha/install/vr_teleop/lib/python3.10/site-packages/vr_teleop/main_scripts
copying /home/phy_ai/.ihub/daksha/build/vr_teleop/build/lib/vr_teleop/main_scripts/__init__.py -> /home/phy_ai/.ihub/daksha/install/vr_teleop/lib/python3.10/site-packages/vr_teleop/main_scripts
copying /home/phy_ai/.ihub/daksha/build/vr_teleop/build/lib/vr_teleop/main_scripts/vr_management_ui.py -> /home/phy_ai/.ihub/daksha/install/vr_teleop/lib/python3.10/site-packages/vr_teleop/main_scripts
copying /home/phy_ai/.ihub/daksha/build/vr_teleop/build/lib/vr_teleop/main_scripts/quest_tf_to_pose.py -> /home/phy_ai/.ihub/daksha/install/vr_teleop/lib/python3.10/site-packages/vr_teleop/main_scripts
byte-compiling /home/phy_ai/.ihub/daksha/install/vr_teleop/lib/python3.10/site-packages/vr_teleop/bridge_nodes/server.py to server.cpython-310.pyc
byte-compiling /home/phy_ai/.ihub/daksha/install/vr_teleop/lib/python3.10/site-packages/vr_teleop/bridge_nodes/thread_pauser.py to thread_pauser.cpython-310.pyc
byte-compiling /home/phy_ai/.ihub/daksha/install/vr_teleop/lib/python3.10/site-packages/vr_teleop/bridge_nodes/default_server_endpoint.py to default_server_endpoint.cpython-310.pyc
byte-compiling /home/phy_ai/.ihub/daksha/install/vr_teleop/lib/python3.10/site-packages/vr_teleop/bridge_nodes/unity_service.py to unity_service.cpython-310.pyc
byte-compiling /home/phy_ai/.ihub/daksha/install/vr_teleop/lib/python3.10/site-packages/vr_teleop/bridge_nodes/__init__.py to __init__.cpython-310.pyc
byte-compiling /home/phy_ai/.ihub/daksha/install/vr_teleop/lib/python3.10/site-packages/vr_teleop/bridge_nodes/publisher.py to publisher.cpython-310.pyc
byte-compiling /home/phy_ai/.ihub/daksha/install/vr_teleop/lib/python3.10/site-packages/vr_teleop/bridge_nodes/tcp_sender.py to tcp_sender.cpython-310.pyc
byte-compiling /home/phy_ai/.ihub/daksha/install/vr_teleop/lib/python3.10/site-packages/vr_teleop/bridge_nodes/communication.py to communication.cpython-310.pyc
byte-compiling /home/phy_ai/.ihub/daksha/install/vr_teleop/lib/python3.10/site-packages/vr_teleop/bridge_nodes/subscriber.py to subscriber.cpython-310.pyc
byte-compiling /home/phy_ai/.ihub/daksha/install/vr_teleop/lib/python3.10/site-packages/vr_teleop/bridge_nodes/exceptions.py to exceptions.cpython-310.pyc
byte-compiling /home/phy_ai/.ihub/daksha/install/vr_teleop/lib/python3.10/site-packages/vr_teleop/bridge_nodes/client.py to client.cpython-310.pyc
byte-compiling /home/phy_ai/.ihub/daksha/install/vr_teleop/lib/python3.10/site-packages/vr_teleop/bridge_nodes/service.py to service.cpython-310.pyc
byte-compiling /home/phy_ai/.ihub/daksha/install/vr_teleop/lib/python3.10/site-packages/vr_teleop/__init__.py to __init__.cpython-310.pyc
byte-compiling /home/phy_ai/.ihub/daksha/install/vr_teleop/lib/python3.10/site-packages/vr_teleop/main_scripts/quest_tf_mirror.py to quest_tf_mirror.cpython-310.pyc
byte-compiling /home/phy_ai/.ihub/daksha/install/vr_teleop/lib/python3.10/site-packages/vr_teleop/main_scripts/quest_tf_switch.py to quest_tf_switch.cpython-310.pyc
byte-compiling /home/phy_ai/.ihub/daksha/install/vr_teleop/lib/python3.10/site-packages/vr_teleop/main_scripts/vr_pose_relay.py to vr_pose_relay.cpython-310.pyc
byte-compiling /home/phy_ai/.ihub/daksha/install/vr_teleop/lib/python3.10/site-packages/vr_teleop/main_scripts/vr_gripper_ctrl.py to vr_gripper_ctrl.cpython-310.pyc
byte-compiling /home/phy_ai/.ihub/daksha/install/vr_teleop/lib/python3.10/site-packages/vr_teleop/main_scripts/quest_tf.py to quest_tf.cpython-310.pyc
byte-compiling /home/phy_ai/.ihub/daksha/install/vr_teleop/lib/python3.10/site-packages/vr_teleop/main_scripts/__init__.py to __init__.cpython-310.pyc
byte-compiling /home/phy_ai/.ihub/daksha/install/vr_teleop/lib/python3.10/site-packages/vr_teleop/main_scripts/vr_management_ui.py to vr_management_ui.cpython-310.pyc
byte-compiling /home/phy_ai/.ihub/daksha/install/vr_teleop/lib/python3.10/site-packages/vr_teleop/main_scripts/quest_tf_to_pose.py to quest_tf_to_pose.cpython-310.pyc
running install_data
creating /home/phy_ai/.ihub/daksha/install/vr_teleop/share/ament_index
creating /home/phy_ai/.ihub/daksha/install/vr_teleop/share/ament_index/resource_index
creating /home/phy_ai/.ihub/daksha/install/vr_teleop/share/ament_index/resource_index/packages
copying resource/vr_teleop -> /home/phy_ai/.ihub/daksha/install/vr_teleop/share/ament_index/resource_index/packages
copying package.xml -> /home/phy_ai/.ihub/daksha/install/vr_teleop/share/vr_teleop
creating /home/phy_ai/.ihub/daksha/install/vr_teleop/share/vr_teleop/launch
copying launch/endpoint.py -> /home/phy_ai/.ihub/daksha/install/vr_teleop/share/vr_teleop/launch
copying launch/vr_control.py -> /home/phy_ai/.ihub/daksha/install/vr_teleop/share/vr_teleop/launch
copying launch/vr_control_mirror.py -> /home/phy_ai/.ihub/daksha/install/vr_teleop/share/vr_teleop/launch
copying launch/vr_control_switch.py -> /home/phy_ai/.ihub/daksha/install/vr_teleop/share/vr_teleop/launch
running install_egg_info
Copying ../../../build/vr_teleop/vr_teleop.egg-info to /home/phy_ai/.ihub/daksha/install/vr_teleop/lib/python3.10/site-packages/vr_teleop-0.0.1-py3.10.egg-info
running install_scripts
Installing default_server_endpoint script to /home/phy_ai/.ihub/daksha/install/vr_teleop/lib/vr_teleop
Installing quest_tf script to /home/phy_ai/.ihub/daksha/install/vr_teleop/lib/vr_teleop
Installing quest_tf_mirror script to /home/phy_ai/.ihub/daksha/install/vr_teleop/lib/vr_teleop
Installing quest_tf_switch script to /home/phy_ai/.ihub/daksha/install/vr_teleop/lib/vr_teleop
Installing quest_tf_to_pose script to /home/phy_ai/.ihub/daksha/install/vr_teleop/lib/vr_teleop
Installing vr_gripper_ctrl script to /home/phy_ai/.ihub/daksha/install/vr_teleop/lib/vr_teleop
Installing vr_management_ui script to /home/phy_ai/.ihub/daksha/install/vr_teleop/lib/vr_teleop
Installing vr_pose_relay script to /home/phy_ai/.ihub/daksha/install/vr_teleop/lib/vr_teleop
writing list of installed files to '/home/phy_ai/.ihub/daksha/build/vr_teleop/install.log'
