[2.449s] Invoking command in '/home/phy_ai/.ihub/daksha/src/tele/vr_teleop': AMENT_PREFIX_PATH=/home/phy_ai/.ihub/daksha/install/kinematics:${AMENT_PREFIX_PATH} PYTHONPATH=/home/phy_ai/.ihub/daksha/build/vr_teleop/prefix_override:/usr/lib/python3/dist-packages/colcon_core/task/python/colcon_distutils_commands:/home/phy_ai/.ihub/daksha/install/vr_teleop/lib/python3.10/site-packages:/home/phy_ai/.ihub/daksha/install/kinematics/lib/python3.10/site-packages:${PYTHONPATH} /usr/bin/python3 -W ignore:setup.py install is deprecated -W ignore:easy_install command is deprecated setup.py egg_info --egg-base ../../../build/vr_teleop build --build-base /home/phy_ai/.ihub/daksha/build/vr_teleop/build install --record /home/phy_ai/.ihub/daksha/build/vr_teleop/install.log --install-scripts $base/lib/vr_teleop --single-version-externally-managed install_data
[3.119s] running egg_info
[3.120s] creating ../../../build/vr_teleop/vr_teleop.egg-info
[3.121s] writing ../../../build/vr_teleop/vr_teleop.egg-info/PKG-INFO
[3.122s] writing dependency_links to ../../../build/vr_teleop/vr_teleop.egg-info/dependency_links.txt
[3.122s] writing entry points to ../../../build/vr_teleop/vr_teleop.egg-info/entry_points.txt
[3.122s] writing requirements to ../../../build/vr_teleop/vr_teleop.egg-info/requires.txt
[3.123s] writing top-level names to ../../../build/vr_teleop/vr_teleop.egg-info/top_level.txt
[3.124s] writing manifest file '../../../build/vr_teleop/vr_teleop.egg-info/SOURCES.txt'
[3.131s] reading manifest file '../../../build/vr_teleop/vr_teleop.egg-info/SOURCES.txt'
[3.131s] writing manifest file '../../../build/vr_teleop/vr_teleop.egg-info/SOURCES.txt'
[3.131s] running build
[3.132s] running build_py
[3.132s] creating /home/phy_ai/.ihub/daksha/build/vr_teleop/build
[3.132s] creating /home/phy_ai/.ihub/daksha/build/vr_teleop/build/lib
[3.132s] creating /home/phy_ai/.ihub/daksha/build/vr_teleop/build/lib/vr_teleop
[3.132s] copying vr_teleop/__init__.py -> /home/phy_ai/.ihub/daksha/build/vr_teleop/build/lib/vr_teleop
[3.133s] creating /home/phy_ai/.ihub/daksha/build/vr_teleop/build/lib/vr_teleop/main_scripts
[3.133s] copying vr_teleop/main_scripts/quest_tf_mirror.py -> /home/phy_ai/.ihub/daksha/build/vr_teleop/build/lib/vr_teleop/main_scripts
[3.134s] copying vr_teleop/main_scripts/quest_tf_switch.py -> /home/phy_ai/.ihub/daksha/build/vr_teleop/build/lib/vr_teleop/main_scripts
[3.134s] copying vr_teleop/main_scripts/vr_pose_relay.py -> /home/phy_ai/.ihub/daksha/build/vr_teleop/build/lib/vr_teleop/main_scripts
[3.135s] copying vr_teleop/main_scripts/vr_gripper_ctrl.py -> /home/phy_ai/.ihub/daksha/build/vr_teleop/build/lib/vr_teleop/main_scripts
[3.135s] copying vr_teleop/main_scripts/quest_tf.py -> /home/phy_ai/.ihub/daksha/build/vr_teleop/build/lib/vr_teleop/main_scripts
[3.138s] copying vr_teleop/main_scripts/__init__.py -> /home/phy_ai/.ihub/daksha/build/vr_teleop/build/lib/vr_teleop/main_scripts
[3.138s] copying vr_teleop/main_scripts/vr_management_ui.py -> /home/phy_ai/.ihub/daksha/build/vr_teleop/build/lib/vr_teleop/main_scripts
[3.138s] copying vr_teleop/main_scripts/quest_tf_to_pose.py -> /home/phy_ai/.ihub/daksha/build/vr_teleop/build/lib/vr_teleop/main_scripts
[3.138s] creating /home/phy_ai/.ihub/daksha/build/vr_teleop/build/lib/vr_teleop/bridge_nodes
[3.138s] copying vr_teleop/bridge_nodes/server.py -> /home/phy_ai/.ihub/daksha/build/vr_teleop/build/lib/vr_teleop/bridge_nodes
[3.139s] copying vr_teleop/bridge_nodes/thread_pauser.py -> /home/phy_ai/.ihub/daksha/build/vr_teleop/build/lib/vr_teleop/bridge_nodes
[3.140s] copying vr_teleop/bridge_nodes/default_server_endpoint.py -> /home/phy_ai/.ihub/daksha/build/vr_teleop/build/lib/vr_teleop/bridge_nodes
[3.140s] copying vr_teleop/bridge_nodes/unity_service.py -> /home/phy_ai/.ihub/daksha/build/vr_teleop/build/lib/vr_teleop/bridge_nodes
[3.141s] copying vr_teleop/bridge_nodes/__init__.py -> /home/phy_ai/.ihub/daksha/build/vr_teleop/build/lib/vr_teleop/bridge_nodes
[3.141s] copying vr_teleop/bridge_nodes/publisher.py -> /home/phy_ai/.ihub/daksha/build/vr_teleop/build/lib/vr_teleop/bridge_nodes
[3.141s] copying vr_teleop/bridge_nodes/tcp_sender.py -> /home/phy_ai/.ihub/daksha/build/vr_teleop/build/lib/vr_teleop/bridge_nodes
[3.143s] copying vr_teleop/bridge_nodes/communication.py -> /home/phy_ai/.ihub/daksha/build/vr_teleop/build/lib/vr_teleop/bridge_nodes
[3.143s] copying vr_teleop/bridge_nodes/subscriber.py -> /home/phy_ai/.ihub/daksha/build/vr_teleop/build/lib/vr_teleop/bridge_nodes
[3.143s] copying vr_teleop/bridge_nodes/exceptions.py -> /home/phy_ai/.ihub/daksha/build/vr_teleop/build/lib/vr_teleop/bridge_nodes
[3.143s] copying vr_teleop/bridge_nodes/client.py -> /home/phy_ai/.ihub/daksha/build/vr_teleop/build/lib/vr_teleop/bridge_nodes
[3.144s] copying vr_teleop/bridge_nodes/service.py -> /home/phy_ai/.ihub/daksha/build/vr_teleop/build/lib/vr_teleop/bridge_nodes
[3.144s] running install
[3.144s] running install_lib
[3.144s] creating /home/phy_ai/.ihub/daksha/install/vr_teleop/lib/python3.10/site-packages/vr_teleop
[3.144s] creating /home/phy_ai/.ihub/daksha/install/vr_teleop/lib/python3.10/site-packages/vr_teleop/bridge_nodes
[3.148s] copying /home/phy_ai/.ihub/daksha/build/vr_teleop/build/lib/vr_teleop/bridge_nodes/server.py -> /home/phy_ai/.ihub/daksha/install/vr_teleop/lib/python3.10/site-packages/vr_teleop/bridge_nodes
[3.148s] copying /home/phy_ai/.ihub/daksha/build/vr_teleop/build/lib/vr_teleop/bridge_nodes/thread_pauser.py -> /home/phy_ai/.ihub/daksha/install/vr_teleop/lib/python3.10/site-packages/vr_teleop/bridge_nodes
[3.148s] copying /home/phy_ai/.ihub/daksha/build/vr_teleop/build/lib/vr_teleop/bridge_nodes/default_server_endpoint.py -> /home/phy_ai/.ihub/daksha/install/vr_teleop/lib/python3.10/site-packages/vr_teleop/bridge_nodes
[3.148s] copying /home/phy_ai/.ihub/daksha/build/vr_teleop/build/lib/vr_teleop/bridge_nodes/unity_service.py -> /home/phy_ai/.ihub/daksha/install/vr_teleop/lib/python3.10/site-packages/vr_teleop/bridge_nodes
[3.149s] copying /home/phy_ai/.ihub/daksha/build/vr_teleop/build/lib/vr_teleop/bridge_nodes/__init__.py -> /home/phy_ai/.ihub/daksha/install/vr_teleop/lib/python3.10/site-packages/vr_teleop/bridge_nodes
[3.149s] copying /home/phy_ai/.ihub/daksha/build/vr_teleop/build/lib/vr_teleop/bridge_nodes/publisher.py -> /home/phy_ai/.ihub/daksha/install/vr_teleop/lib/python3.10/site-packages/vr_teleop/bridge_nodes
[3.149s] copying /home/phy_ai/.ihub/daksha/build/vr_teleop/build/lib/vr_teleop/bridge_nodes/tcp_sender.py -> /home/phy_ai/.ihub/daksha/install/vr_teleop/lib/python3.10/site-packages/vr_teleop/bridge_nodes
[3.149s] copying /home/phy_ai/.ihub/daksha/build/vr_teleop/build/lib/vr_teleop/bridge_nodes/communication.py -> /home/phy_ai/.ihub/daksha/install/vr_teleop/lib/python3.10/site-packages/vr_teleop/bridge_nodes
[3.149s] copying /home/phy_ai/.ihub/daksha/build/vr_teleop/build/lib/vr_teleop/bridge_nodes/subscriber.py -> /home/phy_ai/.ihub/daksha/install/vr_teleop/lib/python3.10/site-packages/vr_teleop/bridge_nodes
[3.149s] copying /home/phy_ai/.ihub/daksha/build/vr_teleop/build/lib/vr_teleop/bridge_nodes/exceptions.py -> /home/phy_ai/.ihub/daksha/install/vr_teleop/lib/python3.10/site-packages/vr_teleop/bridge_nodes
[3.149s] copying /home/phy_ai/.ihub/daksha/build/vr_teleop/build/lib/vr_teleop/bridge_nodes/client.py -> /home/phy_ai/.ihub/daksha/install/vr_teleop/lib/python3.10/site-packages/vr_teleop/bridge_nodes
[3.149s] copying /home/phy_ai/.ihub/daksha/build/vr_teleop/build/lib/vr_teleop/bridge_nodes/service.py -> /home/phy_ai/.ihub/daksha/install/vr_teleop/lib/python3.10/site-packages/vr_teleop/bridge_nodes
[3.149s] copying /home/phy_ai/.ihub/daksha/build/vr_teleop/build/lib/vr_teleop/__init__.py -> /home/phy_ai/.ihub/daksha/install/vr_teleop/lib/python3.10/site-packages/vr_teleop
[3.149s] creating /home/phy_ai/.ihub/daksha/install/vr_teleop/lib/python3.10/site-packages/vr_teleop/main_scripts
[3.149s] copying /home/phy_ai/.ihub/daksha/build/vr_teleop/build/lib/vr_teleop/main_scripts/quest_tf_mirror.py -> /home/phy_ai/.ihub/daksha/install/vr_teleop/lib/python3.10/site-packages/vr_teleop/main_scripts
[3.150s] copying /home/phy_ai/.ihub/daksha/build/vr_teleop/build/lib/vr_teleop/main_scripts/quest_tf_switch.py -> /home/phy_ai/.ihub/daksha/install/vr_teleop/lib/python3.10/site-packages/vr_teleop/main_scripts
[3.150s] copying /home/phy_ai/.ihub/daksha/build/vr_teleop/build/lib/vr_teleop/main_scripts/vr_pose_relay.py -> /home/phy_ai/.ihub/daksha/install/vr_teleop/lib/python3.10/site-packages/vr_teleop/main_scripts
[3.150s] copying /home/phy_ai/.ihub/daksha/build/vr_teleop/build/lib/vr_teleop/main_scripts/vr_gripper_ctrl.py -> /home/phy_ai/.ihub/daksha/install/vr_teleop/lib/python3.10/site-packages/vr_teleop/main_scripts
[3.150s] copying /home/phy_ai/.ihub/daksha/build/vr_teleop/build/lib/vr_teleop/main_scripts/quest_tf.py -> /home/phy_ai/.ihub/daksha/install/vr_teleop/lib/python3.10/site-packages/vr_teleop/main_scripts
[3.150s] copying /home/phy_ai/.ihub/daksha/build/vr_teleop/build/lib/vr_teleop/main_scripts/__init__.py -> /home/phy_ai/.ihub/daksha/install/vr_teleop/lib/python3.10/site-packages/vr_teleop/main_scripts
[3.150s] copying /home/phy_ai/.ihub/daksha/build/vr_teleop/build/lib/vr_teleop/main_scripts/vr_management_ui.py -> /home/phy_ai/.ihub/daksha/install/vr_teleop/lib/python3.10/site-packages/vr_teleop/main_scripts
[3.150s] copying /home/phy_ai/.ihub/daksha/build/vr_teleop/build/lib/vr_teleop/main_scripts/quest_tf_to_pose.py -> /home/phy_ai/.ihub/daksha/install/vr_teleop/lib/python3.10/site-packages/vr_teleop/main_scripts
[3.150s] byte-compiling /home/phy_ai/.ihub/daksha/install/vr_teleop/lib/python3.10/site-packages/vr_teleop/bridge_nodes/server.py to server.cpython-310.pyc
[3.155s] byte-compiling /home/phy_ai/.ihub/daksha/install/vr_teleop/lib/python3.10/site-packages/vr_teleop/bridge_nodes/thread_pauser.py to thread_pauser.cpython-310.pyc
[3.156s] byte-compiling /home/phy_ai/.ihub/daksha/install/vr_teleop/lib/python3.10/site-packages/vr_teleop/bridge_nodes/default_server_endpoint.py to default_server_endpoint.cpython-310.pyc
[3.157s] byte-compiling /home/phy_ai/.ihub/daksha/install/vr_teleop/lib/python3.10/site-packages/vr_teleop/bridge_nodes/unity_service.py to unity_service.cpython-310.pyc
[3.158s] byte-compiling /home/phy_ai/.ihub/daksha/install/vr_teleop/lib/python3.10/site-packages/vr_teleop/bridge_nodes/__init__.py to __init__.cpython-310.pyc
[3.158s] byte-compiling /home/phy_ai/.ihub/daksha/install/vr_teleop/lib/python3.10/site-packages/vr_teleop/bridge_nodes/publisher.py to publisher.cpython-310.pyc
[3.159s] byte-compiling /home/phy_ai/.ihub/daksha/install/vr_teleop/lib/python3.10/site-packages/vr_teleop/bridge_nodes/tcp_sender.py to tcp_sender.cpython-310.pyc
[3.164s] byte-compiling /home/phy_ai/.ihub/daksha/install/vr_teleop/lib/python3.10/site-packages/vr_teleop/bridge_nodes/communication.py to communication.cpython-310.pyc
[3.164s] byte-compiling /home/phy_ai/.ihub/daksha/install/vr_teleop/lib/python3.10/site-packages/vr_teleop/bridge_nodes/subscriber.py to subscriber.cpython-310.pyc
[3.164s] byte-compiling /home/phy_ai/.ihub/daksha/install/vr_teleop/lib/python3.10/site-packages/vr_teleop/bridge_nodes/exceptions.py to exceptions.cpython-310.pyc
[3.164s] byte-compiling /home/phy_ai/.ihub/daksha/install/vr_teleop/lib/python3.10/site-packages/vr_teleop/bridge_nodes/client.py to client.cpython-310.pyc
[3.166s] byte-compiling /home/phy_ai/.ihub/daksha/install/vr_teleop/lib/python3.10/site-packages/vr_teleop/bridge_nodes/service.py to service.cpython-310.pyc
[3.167s] byte-compiling /home/phy_ai/.ihub/daksha/install/vr_teleop/lib/python3.10/site-packages/vr_teleop/__init__.py to __init__.cpython-310.pyc
[3.169s] byte-compiling /home/phy_ai/.ihub/daksha/install/vr_teleop/lib/python3.10/site-packages/vr_teleop/main_scripts/quest_tf_mirror.py to quest_tf_mirror.cpython-310.pyc
[3.169s] byte-compiling /home/phy_ai/.ihub/daksha/install/vr_teleop/lib/python3.10/site-packages/vr_teleop/main_scripts/quest_tf_switch.py to quest_tf_switch.cpython-310.pyc
[3.170s] byte-compiling /home/phy_ai/.ihub/daksha/install/vr_teleop/lib/python3.10/site-packages/vr_teleop/main_scripts/vr_pose_relay.py to vr_pose_relay.cpython-310.pyc
[3.171s] byte-compiling /home/phy_ai/.ihub/daksha/install/vr_teleop/lib/python3.10/site-packages/vr_teleop/main_scripts/vr_gripper_ctrl.py to vr_gripper_ctrl.cpython-310.pyc
[3.173s] byte-compiling /home/phy_ai/.ihub/daksha/install/vr_teleop/lib/python3.10/site-packages/vr_teleop/main_scripts/quest_tf.py to quest_tf.cpython-310.pyc
[3.177s] byte-compiling /home/phy_ai/.ihub/daksha/install/vr_teleop/lib/python3.10/site-packages/vr_teleop/main_scripts/__init__.py to __init__.cpython-310.pyc
[3.177s] byte-compiling /home/phy_ai/.ihub/daksha/install/vr_teleop/lib/python3.10/site-packages/vr_teleop/main_scripts/vr_management_ui.py to vr_management_ui.cpython-310.pyc
[3.182s] byte-compiling /home/phy_ai/.ihub/daksha/install/vr_teleop/lib/python3.10/site-packages/vr_teleop/main_scripts/quest_tf_to_pose.py to quest_tf_to_pose.cpython-310.pyc
[3.183s] running install_data
[3.184s] creating /home/phy_ai/.ihub/daksha/install/vr_teleop/share/ament_index
[3.184s] creating /home/phy_ai/.ihub/daksha/install/vr_teleop/share/ament_index/resource_index
[3.184s] creating /home/phy_ai/.ihub/daksha/install/vr_teleop/share/ament_index/resource_index/packages
[3.184s] copying resource/vr_teleop -> /home/phy_ai/.ihub/daksha/install/vr_teleop/share/ament_index/resource_index/packages
[3.184s] copying package.xml -> /home/phy_ai/.ihub/daksha/install/vr_teleop/share/vr_teleop
[3.184s] creating /home/phy_ai/.ihub/daksha/install/vr_teleop/share/vr_teleop/launch
[3.185s] copying launch/endpoint.py -> /home/phy_ai/.ihub/daksha/install/vr_teleop/share/vr_teleop/launch
[3.185s] copying launch/vr_control.py -> /home/phy_ai/.ihub/daksha/install/vr_teleop/share/vr_teleop/launch
[3.185s] copying launch/vr_control_mirror.py -> /home/phy_ai/.ihub/daksha/install/vr_teleop/share/vr_teleop/launch
[3.185s] copying launch/vr_control_switch.py -> /home/phy_ai/.ihub/daksha/install/vr_teleop/share/vr_teleop/launch
[3.185s] running install_egg_info
[3.193s] Copying ../../../build/vr_teleop/vr_teleop.egg-info to /home/phy_ai/.ihub/daksha/install/vr_teleop/lib/python3.10/site-packages/vr_teleop-0.0.1-py3.10.egg-info
[3.193s] running install_scripts
[3.242s] Installing default_server_endpoint script to /home/phy_ai/.ihub/daksha/install/vr_teleop/lib/vr_teleop
[3.245s] Installing quest_tf script to /home/phy_ai/.ihub/daksha/install/vr_teleop/lib/vr_teleop
[3.245s] Installing quest_tf_mirror script to /home/phy_ai/.ihub/daksha/install/vr_teleop/lib/vr_teleop
[3.245s] Installing quest_tf_switch script to /home/phy_ai/.ihub/daksha/install/vr_teleop/lib/vr_teleop
[3.245s] Installing quest_tf_to_pose script to /home/phy_ai/.ihub/daksha/install/vr_teleop/lib/vr_teleop
[3.246s] Installing vr_gripper_ctrl script to /home/phy_ai/.ihub/daksha/install/vr_teleop/lib/vr_teleop
[3.246s] Installing vr_management_ui script to /home/phy_ai/.ihub/daksha/install/vr_teleop/lib/vr_teleop
[3.246s] Installing vr_pose_relay script to /home/phy_ai/.ihub/daksha/install/vr_teleop/lib/vr_teleop
[3.246s] writing list of installed files to '/home/phy_ai/.ihub/daksha/build/vr_teleop/install.log'
[3.339s] Invoked command in '/home/phy_ai/.ihub/daksha/src/tele/vr_teleop' returned '0': AMENT_PREFIX_PATH=/home/phy_ai/.ihub/daksha/install/kinematics:${AMENT_PREFIX_PATH} PYTHONPATH=/home/phy_ai/.ihub/daksha/build/vr_teleop/prefix_override:/usr/lib/python3/dist-packages/colcon_core/task/python/colcon_distutils_commands:/home/phy_ai/.ihub/daksha/install/vr_teleop/lib/python3.10/site-packages:/home/phy_ai/.ihub/daksha/install/kinematics/lib/python3.10/site-packages:${PYTHONPATH} /usr/bin/python3 -W ignore:setup.py install is deprecated -W ignore:easy_install command is deprecated setup.py egg_info --egg-base ../../../build/vr_teleop build --build-base /home/phy_ai/.ihub/daksha/build/vr_teleop/build install --record /home/phy_ai/.ihub/daksha/build/vr_teleop/install.log --install-scripts $base/lib/vr_teleop --single-version-externally-managed install_data
