[4.627s] Invoking command in '/home/phy_ai/.ihub/daksha/src/global/daksha_api_bridge_follower': PYTHONPATH=/home/phy_ai/.ihub/daksha/build/daksha_api_bridge_follower/prefix_override:/usr/lib/python3/dist-packages/colcon_core/task/python/colcon_distutils_commands:/home/phy_ai/.ihub/daksha/install/daksha_api_bridge_follower/lib/python3.10/site-packages:${PYTHONPATH} /usr/bin/python3 -W ignore:setup.py install is deprecated -W ignore:easy_install command is deprecated setup.py egg_info --egg-base ../../../build/daksha_api_bridge_follower build --build-base /home/phy_ai/.ihub/daksha/build/daksha_api_bridge_follower/build install --record /home/phy_ai/.ihub/daksha/build/daksha_api_bridge_follower/install.log --install-scripts $base/lib/daksha_api_bridge_follower --single-version-externally-managed install_data
[5.051s] running egg_info
[5.051s] writing ../../../build/daksha_api_bridge_follower/daksha_api_bridge_follower.egg-info/PKG-INFO
[5.052s] writing dependency_links to ../../../build/daksha_api_bridge_follower/daksha_api_bridge_follower.egg-info/dependency_links.txt
[5.052s] writing entry points to ../../../build/daksha_api_bridge_follower/daksha_api_bridge_follower.egg-info/entry_points.txt
[5.053s] writing requirements to ../../../build/daksha_api_bridge_follower/daksha_api_bridge_follower.egg-info/requires.txt
[5.053s] writing top-level names to ../../../build/daksha_api_bridge_follower/daksha_api_bridge_follower.egg-info/top_level.txt
[5.054s] reading manifest file '../../../build/daksha_api_bridge_follower/daksha_api_bridge_follower.egg-info/SOURCES.txt'
[5.056s] writing manifest file '../../../build/daksha_api_bridge_follower/daksha_api_bridge_follower.egg-info/SOURCES.txt'
[5.056s] running build
[5.057s] running build_py
[5.057s] running install
[5.058s] running install_lib
[5.060s] running install_data
[5.060s] running install_egg_info
[5.063s] removing '/home/phy_ai/.ihub/daksha/install/daksha_api_bridge_follower/lib/python3.10/site-packages/daksha_api_bridge_follower-0.0.0-py3.10.egg-info' (and everything under it)
[5.065s] Copying ../../../build/daksha_api_bridge_follower/daksha_api_bridge_follower.egg-info to /home/phy_ai/.ihub/daksha/install/daksha_api_bridge_follower/lib/python3.10/site-packages/daksha_api_bridge_follower-0.0.0-py3.10.egg-info
[5.065s] running install_scripts
[5.100s] Installing camera_publisher script to /home/phy_ai/.ihub/daksha/install/daksha_api_bridge_follower/lib/daksha_api_bridge_follower
[5.101s] Installing joint_cmd_api_subscriber script to /home/phy_ai/.ihub/daksha/install/daksha_api_bridge_follower/lib/daksha_api_bridge_follower
[5.104s] Installing joint_states_api_publisher script to /home/phy_ai/.ihub/daksha/install/daksha_api_bridge_follower/lib/daksha_api_bridge_follower
[5.104s] writing list of installed files to '/home/phy_ai/.ihub/daksha/build/daksha_api_bridge_follower/install.log'
[5.168s] Invoked command in '/home/phy_ai/.ihub/daksha/src/global/daksha_api_bridge_follower' returned '0': PYTHONPATH=/home/phy_ai/.ihub/daksha/build/daksha_api_bridge_follower/prefix_override:/usr/lib/python3/dist-packages/colcon_core/task/python/colcon_distutils_commands:/home/phy_ai/.ihub/daksha/install/daksha_api_bridge_follower/lib/python3.10/site-packages:${PYTHONPATH} /usr/bin/python3 -W ignore:setup.py install is deprecated -W ignore:easy_install command is deprecated setup.py egg_info --egg-base ../../../build/daksha_api_bridge_follower build --build-base /home/phy_ai/.ihub/daksha/build/daksha_api_bridge_follower/build install --record /home/phy_ai/.ihub/daksha/build/daksha_api_bridge_follower/install.log --install-scripts $base/lib/daksha_api_bridge_follower --single-version-externally-managed install_data
