[4.306s] Invoking command in '/home/phy_ai/.ihub/daksha/build/posveleff_controllers': CMAKE_PREFIX_PATH=${CMAKE_PREFIX_PATH}:/home/phy_ai/.barani/gen2_full/install/world_camera_launch:/home/phy_ai/.barani/gen2_full/install/gen2:/home/phy_ai/.barani/gen2_full/install/vr_teleop:/home/phy_ai/.barani/gen2_full/install/ros_tcp_endpoint:/home/phy_ai/.barani/gen2_full/install/nav_bringup:/home/phy_ai/.barani/gen2_full/install/nav2_config:/home/phy_ai/.barani/gen2_full/install/kinematics:/home/phy_ai/.barani/gen2_full/install/joint_cmd_logger:/home/phy_ai/.barani/gen2_full/install/joint_analyzer:/home/phy_ai/.barani/gen2_full/install/daksha_data_collection:/home/phy_ai/.barani/gen2_full/install/gen2_leader:/home/phy_ai/.barani/gen2_full/install/amr_bringup:/home/phy_ai/.barani/gen2_full/install/daksha_final_urdf_description:/home/phy_ai/.barani/gen2_full/install/daksha_description_full_body:/home/phy_ai/.barani/gen2_full/install/daksha_base_urdf:/home/phy_ai/.barani/gen2_full/install/daksha_api_bridge_leader:/home/phy_ai/.barani/gen2_full/install/daksha_api_bridge_follower:/opt/ros/humble /usr/bin/cmake --build /home/phy_ai/.ihub/daksha/build/posveleff_controllers -- -j16 -l16
[4.847s] [100%] Built target posveleff_controller
[4.921s] Invoked command in '/home/phy_ai/.ihub/daksha/build/posveleff_controllers' returned '0': CMAKE_PREFIX_PATH=${CMAKE_PREFIX_PATH}:/home/phy_ai/.barani/gen2_full/install/world_camera_launch:/home/phy_ai/.barani/gen2_full/install/gen2:/home/phy_ai/.barani/gen2_full/install/vr_teleop:/home/phy_ai/.barani/gen2_full/install/ros_tcp_endpoint:/home/phy_ai/.barani/gen2_full/install/nav_bringup:/home/phy_ai/.barani/gen2_full/install/nav2_config:/home/phy_ai/.barani/gen2_full/install/kinematics:/home/phy_ai/.barani/gen2_full/install/joint_cmd_logger:/home/phy_ai/.barani/gen2_full/install/joint_analyzer:/home/phy_ai/.barani/gen2_full/install/daksha_data_collection:/home/phy_ai/.barani/gen2_full/install/gen2_leader:/home/phy_ai/.barani/gen2_full/install/amr_bringup:/home/phy_ai/.barani/gen2_full/install/daksha_final_urdf_description:/home/phy_ai/.barani/gen2_full/install/daksha_description_full_body:/home/phy_ai/.barani/gen2_full/install/daksha_base_urdf:/home/phy_ai/.barani/gen2_full/install/daksha_api_bridge_leader:/home/phy_ai/.barani/gen2_full/install/daksha_api_bridge_follower:/opt/ros/humble /usr/bin/cmake --build /home/phy_ai/.ihub/daksha/build/posveleff_controllers -- -j16 -l16
[4.923s] Invoking command in '/home/phy_ai/.ihub/daksha/build/posveleff_controllers': CMAKE_PREFIX_PATH=${CMAKE_PREFIX_PATH}:/home/phy_ai/.barani/gen2_full/install/world_camera_launch:/home/phy_ai/.barani/gen2_full/install/gen2:/home/phy_ai/.barani/gen2_full/install/vr_teleop:/home/phy_ai/.barani/gen2_full/install/ros_tcp_endpoint:/home/phy_ai/.barani/gen2_full/install/nav_bringup:/home/phy_ai/.barani/gen2_full/install/nav2_config:/home/phy_ai/.barani/gen2_full/install/kinematics:/home/phy_ai/.barani/gen2_full/install/joint_cmd_logger:/home/phy_ai/.barani/gen2_full/install/joint_analyzer:/home/phy_ai/.barani/gen2_full/install/daksha_data_collection:/home/phy_ai/.barani/gen2_full/install/gen2_leader:/home/phy_ai/.barani/gen2_full/install/amr_bringup:/home/phy_ai/.barani/gen2_full/install/daksha_final_urdf_description:/home/phy_ai/.barani/gen2_full/install/daksha_description_full_body:/home/phy_ai/.barani/gen2_full/install/daksha_base_urdf:/home/phy_ai/.barani/gen2_full/install/daksha_api_bridge_leader:/home/phy_ai/.barani/gen2_full/install/daksha_api_bridge_follower:/opt/ros/humble /usr/bin/cmake --install /home/phy_ai/.ihub/daksha/build/posveleff_controllers
[5.220s] -- Install configuration: ""
[5.220s] -- Up-to-date: /home/phy_ai/.ihub/daksha/install/posveleff_controllers/share/posveleff_controllers/controller_plugins.xml
[5.220s] -- Up-to-date: /home/phy_ai/.ihub/daksha/install/posveleff_controllers/lib/libposveleff_controller.so
[5.220s] -- Up-to-date: /home/phy_ai/.ihub/daksha/install/posveleff_controllers/include
[5.220s] -- Up-to-date: /home/phy_ai/.ihub/daksha/install/posveleff_controllers/include/posveleff_controllers
[5.221s] -- Up-to-date: /home/phy_ai/.ihub/daksha/install/posveleff_controllers/include/posveleff_controllers/posveleff_controller.hpp
[5.221s] -- Up-to-date: /home/phy_ai/.ihub/daksha/install/posveleff_controllers/share/posveleff_controllers/controller_plugins.xml
[5.221s] -- Up-to-date: /home/phy_ai/.ihub/daksha/install/posveleff_controllers/share/ament_index/resource_index/package_run_dependencies/posveleff_controllers
[5.221s] -- Up-to-date: /home/phy_ai/.ihub/daksha/install/posveleff_controllers/share/ament_index/resource_index/parent_prefix_path/posveleff_controllers
[5.221s] -- Up-to-date: /home/phy_ai/.ihub/daksha/install/posveleff_controllers/share/posveleff_controllers/environment/ament_prefix_path.sh
[5.221s] -- Up-to-date: /home/phy_ai/.ihub/daksha/install/posveleff_controllers/share/posveleff_controllers/environment/ament_prefix_path.dsv
[5.221s] -- Up-to-date: /home/phy_ai/.ihub/daksha/install/posveleff_controllers/share/posveleff_controllers/environment/path.sh
[5.221s] -- Up-to-date: /home/phy_ai/.ihub/daksha/install/posveleff_controllers/share/posveleff_controllers/environment/path.dsv
[5.221s] -- Up-to-date: /home/phy_ai/.ihub/daksha/install/posveleff_controllers/share/posveleff_controllers/local_setup.bash
[5.222s] -- Up-to-date: /home/phy_ai/.ihub/daksha/install/posveleff_controllers/share/posveleff_controllers/local_setup.sh
[5.228s] -- Up-to-date: /home/phy_ai/.ihub/daksha/install/posveleff_controllers/share/posveleff_controllers/local_setup.zsh
[5.228s] -- Up-to-date: /home/phy_ai/.ihub/daksha/install/posveleff_controllers/share/posveleff_controllers/local_setup.dsv
[5.229s] -- Installing: /home/phy_ai/.ihub/daksha/install/posveleff_controllers/share/posveleff_controllers/package.dsv
[5.229s] -- Up-to-date: /home/phy_ai/.ihub/daksha/install/posveleff_controllers/share/ament_index/resource_index/packages/posveleff_controllers
[5.229s] -- Up-to-date: /home/phy_ai/.ihub/daksha/install/posveleff_controllers/share/ament_index/resource_index/controller_interface__pluginlib__plugin/posveleff_controllers
[5.233s] -- Up-to-date: /home/phy_ai/.ihub/daksha/install/posveleff_controllers/share/posveleff_controllers/cmake/ament_cmake_export_include_directories-extras.cmake
[5.233s] -- Up-to-date: /home/phy_ai/.ihub/daksha/install/posveleff_controllers/share/posveleff_controllers/cmake/ament_cmake_export_dependencies-extras.cmake
[5.233s] -- Up-to-date: /home/phy_ai/.ihub/daksha/install/posveleff_controllers/share/posveleff_controllers/cmake/posveleff_controllersConfig.cmake
[5.233s] -- Up-to-date: /home/phy_ai/.ihub/daksha/install/posveleff_controllers/share/posveleff_controllers/cmake/posveleff_controllersConfig-version.cmake
[5.233s] -- Up-to-date: /home/phy_ai/.ihub/daksha/install/posveleff_controllers/share/posveleff_controllers/package.xml
[5.389s] Invoked command in '/home/phy_ai/.ihub/daksha/build/posveleff_controllers' returned '0': CMAKE_PREFIX_PATH=${CMAKE_PREFIX_PATH}:/home/phy_ai/.barani/gen2_full/install/world_camera_launch:/home/phy_ai/.barani/gen2_full/install/gen2:/home/phy_ai/.barani/gen2_full/install/vr_teleop:/home/phy_ai/.barani/gen2_full/install/ros_tcp_endpoint:/home/phy_ai/.barani/gen2_full/install/nav_bringup:/home/phy_ai/.barani/gen2_full/install/nav2_config:/home/phy_ai/.barani/gen2_full/install/kinematics:/home/phy_ai/.barani/gen2_full/install/joint_cmd_logger:/home/phy_ai/.barani/gen2_full/install/joint_analyzer:/home/phy_ai/.barani/gen2_full/install/daksha_data_collection:/home/phy_ai/.barani/gen2_full/install/gen2_leader:/home/phy_ai/.barani/gen2_full/install/amr_bringup:/home/phy_ai/.barani/gen2_full/install/daksha_final_urdf_description:/home/phy_ai/.barani/gen2_full/install/daksha_description_full_body:/home/phy_ai/.barani/gen2_full/install/daksha_base_urdf:/home/phy_ai/.barani/gen2_full/install/daksha_api_bridge_leader:/home/phy_ai/.barani/gen2_full/install/daksha_api_bridge_follower:/opt/ros/humble /usr/bin/cmake --install /home/phy_ai/.ihub/daksha/build/posveleff_controllers
