running egg_info
writing ../../../build/gen2_leader/gen2_leader.egg-info/PKG-INFO
writing dependency_links to ../../../build/gen2_leader/gen2_leader.egg-info/dependency_links.txt
writing entry points to ../../../build/gen2_leader/gen2_leader.egg-info/entry_points.txt
writing requirements to ../../../build/gen2_leader/gen2_leader.egg-info/requires.txt
writing top-level names to ../../../build/gen2_leader/gen2_leader.egg-info/top_level.txt
reading manifest file '../../../build/gen2_leader/gen2_leader.egg-info/SOURCES.txt'
adding license file 'LICENSE'
writing manifest file '../../../build/gen2_leader/gen2_leader.egg-info/SOURCES.txt'
running build
running build_py
running install
running install_lib
running install_data
running install_egg_info
removing '/home/phy_ai/.ihub/daksha/install/gen2_leader/lib/python3.10/site-packages/gen2_leader-0.0.0-py3.10.egg-info' (and everything under it)
Copying ../../../build/gen2_leader/gen2_leader.egg-info to /home/phy_ai/.ihub/daksha/install/gen2_leader/lib/python3.10/site-packages/gen2_leader-0.0.0-py3.10.egg-info
running install_scripts
Installing leader_mirror script to /home/phy_ai/.ihub/daksha/install/gen2_leader/lib/gen2_leader
Installing leader_raw script to /home/phy_ai/.ihub/daksha/install/gen2_leader/lib/gen2_leader
Installing leader_serial script to /home/phy_ai/.ihub/daksha/install/gen2_leader/lib/gen2_leader
Installing leader_torque_toggle script to /home/phy_ai/.ihub/daksha/install/gen2_leader/lib/gen2_leader
Installing leader_wifi script to /home/phy_ai/.ihub/daksha/install/gen2_leader/lib/gen2_leader
writing list of installed files to '/home/phy_ai/.ihub/daksha/build/gen2_leader/install.log'
