[4.596s] Invoking command in '/home/phy_ai/.ihub/daksha/src/tele/gen2_leader': PYTHONPATH=/home/phy_ai/.ihub/daksha/build/gen2_leader/prefix_override:/usr/lib/python3/dist-packages/colcon_core/task/python/colcon_distutils_commands:/home/phy_ai/.ihub/daksha/install/gen2_leader/lib/python3.10/site-packages:${PYTHONPATH} /usr/bin/python3 -W ignore:setup.py install is deprecated -W ignore:easy_install command is deprecated setup.py egg_info --egg-base ../../../build/gen2_leader build --build-base /home/phy_ai/.ihub/daksha/build/gen2_leader/build install --record /home/phy_ai/.ihub/daksha/build/gen2_leader/install.log --install-scripts $base/lib/gen2_leader --single-version-externally-managed install_data
[5.040s] running egg_info
[5.041s] writing ../../../build/gen2_leader/gen2_leader.egg-info/PKG-INFO
[5.042s] writing dependency_links to ../../../build/gen2_leader/gen2_leader.egg-info/dependency_links.txt
[5.042s] writing entry points to ../../../build/gen2_leader/gen2_leader.egg-info/entry_points.txt
[5.042s] writing requirements to ../../../build/gen2_leader/gen2_leader.egg-info/requires.txt
[5.042s] writing top-level names to ../../../build/gen2_leader/gen2_leader.egg-info/top_level.txt
[5.045s] reading manifest file '../../../build/gen2_leader/gen2_leader.egg-info/SOURCES.txt'
[5.045s] adding license file 'LICENSE'
[5.047s] writing manifest file '../../../build/gen2_leader/gen2_leader.egg-info/SOURCES.txt'
[5.047s] running build
[5.047s] running build_py
[5.047s] running install
[5.048s] running install_lib
[5.051s] running install_data
[5.051s] running install_egg_info
[5.055s] removing '/home/phy_ai/.ihub/daksha/install/gen2_leader/lib/python3.10/site-packages/gen2_leader-0.0.0-py3.10.egg-info' (and everything under it)
[5.055s] Copying ../../../build/gen2_leader/gen2_leader.egg-info to /home/phy_ai/.ihub/daksha/install/gen2_leader/lib/python3.10/site-packages/gen2_leader-0.0.0-py3.10.egg-info
[5.057s] running install_scripts
[5.092s] Installing leader_mirror script to /home/phy_ai/.ihub/daksha/install/gen2_leader/lib/gen2_leader
[5.092s] Installing leader_raw script to /home/phy_ai/.ihub/daksha/install/gen2_leader/lib/gen2_leader
[5.092s] Installing leader_serial script to /home/phy_ai/.ihub/daksha/install/gen2_leader/lib/gen2_leader
[5.093s] Installing leader_torque_toggle script to /home/phy_ai/.ihub/daksha/install/gen2_leader/lib/gen2_leader
[5.093s] Installing leader_wifi script to /home/phy_ai/.ihub/daksha/install/gen2_leader/lib/gen2_leader
[5.093s] writing list of installed files to '/home/phy_ai/.ihub/daksha/build/gen2_leader/install.log'
[5.188s] Invoked command in '/home/phy_ai/.ihub/daksha/src/tele/gen2_leader' returned '0': PYTHONPATH=/home/phy_ai/.ihub/daksha/build/gen2_leader/prefix_override:/usr/lib/python3/dist-packages/colcon_core/task/python/colcon_distutils_commands:/home/phy_ai/.ihub/daksha/install/gen2_leader/lib/python3.10/site-packages:${PYTHONPATH} /usr/bin/python3 -W ignore:setup.py install is deprecated -W ignore:easy_install command is deprecated setup.py egg_info --egg-base ../../../build/gen2_leader build --build-base /home/phy_ai/.ihub/daksha/build/gen2_leader/build install --record /home/phy_ai/.ihub/daksha/build/gen2_leader/install.log --install-scripts $base/lib/gen2_leader --single-version-externally-managed install_data
