[1.307s] Invoking command in '/home/phy_ai/.ihub/daksha/build/hw_interface': CMAKE_PREFIX_PATH=${CMAKE_PREFIX_PATH}:/home/phy_ai/.barani/gen2_full/install/world_camera_launch:/home/phy_ai/.barani/gen2_full/install/gen2:/home/phy_ai/.barani/gen2_full/install/vr_teleop:/home/phy_ai/.barani/gen2_full/install/ros_tcp_endpoint:/home/phy_ai/.barani/gen2_full/install/nav_bringup:/home/phy_ai/.barani/gen2_full/install/nav2_config:/home/phy_ai/.barani/gen2_full/install/kinematics:/home/phy_ai/.barani/gen2_full/install/joint_cmd_logger:/home/phy_ai/.barani/gen2_full/install/joint_analyzer:/home/phy_ai/.barani/gen2_full/install/daksha_data_collection:/home/phy_ai/.barani/gen2_full/install/gen2_leader:/home/phy_ai/.barani/gen2_full/install/amr_bringup:/home/phy_ai/.barani/gen2_full/install/daksha_final_urdf_description:/home/phy_ai/.barani/gen2_full/install/daksha_description_full_body:/home/phy_ai/.barani/gen2_full/install/daksha_base_urdf:/home/phy_ai/.barani/gen2_full/install/daksha_api_bridge_leader:/home/phy_ai/.barani/gen2_full/install/daksha_api_bridge_follower:/opt/ros/humble /usr/bin/cmake --build /home/phy_ai/.ihub/daksha/build/hw_interface -- -j16 -l16
[5.823s] [35m[1mConsolidate compiler generated dependencies of target vcan_bridge_node[0m
[5.824s] [35m[1mConsolidate compiler generated dependencies of target hw_interface__rosidl_generator_c[0m
[5.824s] [  1%] Built target hw_interface__rs
[5.824s] [  3%] Built target hw_interface__cpp
[5.824s] [  7%] Built target vcan_bridge_node
[5.824s] [ 17%] Built target hw_interface__rosidl_generator_c
[5.824s] [ 17%] Built target ament_cmake_python_copy_hw_interface
[5.824s] [35m[1mConsolidate compiler generated dependencies of target hw_interface__rosidl_typesupport_cpp[0m
[5.824s] [35m[1mConsolidate compiler generated dependencies of target hw_interface__rosidl_typesupport_introspection_cpp[0m
[5.824s] [35m[1mConsolidate compiler generated dependencies of target hw_interface__rosidl_typesupport_fastrtps_cpp[0m
[5.824s] [35m[1mConsolidate compiler generated dependencies of target hw_interface__rosidl_typesupport_introspection_c[0m
[5.825s] [35m[1mConsolidate compiler generated dependencies of target hw_interface__rosidl_typesupport_c[0m
[5.825s] [ 26%] Built target hw_interface__rosidl_typesupport_cpp
[5.825s] [35m[1mConsolidate compiler generated dependencies of target hw_interface__rosidl_typesupport_fastrtps_c[0m
[5.825s] [ 36%] Built target hw_interface__rosidl_typesupport_fastrtps_cpp
[5.826s] [ 46%] Built target hw_interface__rosidl_typesupport_introspection_c
[5.826s] [ 55%] Built target hw_interface__rosidl_typesupport_c
[5.828s] [ 65%] Built target hw_interface__rosidl_typesupport_introspection_cpp
[5.828s] [35m[1mConsolidate compiler generated dependencies of target hw_interface_plugin[0m
[5.828s] [ 75%] Built target hw_interface__rosidl_typesupport_fastrtps_c
[5.828s] [ 78%] Built target hw_interface_plugin
[5.829s] [ 78%] Built target hw_interface
[5.829s] [ 80%] Built target hw_interface__py
[5.829s] [35m[1mConsolidate compiler generated dependencies of target hw_interface__rosidl_generator_py[0m
[5.829s] [ 88%] Built target hw_interface__rosidl_generator_py
[5.829s] [35m[1mConsolidate compiler generated dependencies of target hw_interface__rosidl_typesupport_fastrtps_c__pyext[0m
[5.829s] [35m[1mConsolidate compiler generated dependencies of target hw_interface__rosidl_typesupport_introspection_c__pyext[0m
[5.829s] [35m[1mConsolidate compiler generated dependencies of target hw_interface__rosidl_typesupport_c__pyext[0m
[5.829s] [ 92%] Built target hw_interface__rosidl_typesupport_fastrtps_c__pyext
[5.829s] [ 96%] Built target hw_interface__rosidl_typesupport_introspection_c__pyext
[5.829s] [100%] Built target hw_interface__rosidl_typesupport_c__pyext
[5.830s] running egg_info
[5.830s] writing hw_interface.egg-info/PKG-INFO
[5.830s] writing dependency_links to hw_interface.egg-info/dependency_links.txt
[5.830s] writing top-level names to hw_interface.egg-info/top_level.txt
[5.830s] reading manifest file 'hw_interface.egg-info/SOURCES.txt'
[5.830s] writing manifest file 'hw_interface.egg-info/SOURCES.txt'
[5.830s] [100%] Built target ament_cmake_python_build_hw_interface_egg
[5.851s] Invoked command in '/home/phy_ai/.ihub/daksha/build/hw_interface' returned '0': CMAKE_PREFIX_PATH=${CMAKE_PREFIX_PATH}:/home/phy_ai/.barani/gen2_full/install/world_camera_launch:/home/phy_ai/.barani/gen2_full/install/gen2:/home/phy_ai/.barani/gen2_full/install/vr_teleop:/home/phy_ai/.barani/gen2_full/install/ros_tcp_endpoint:/home/phy_ai/.barani/gen2_full/install/nav_bringup:/home/phy_ai/.barani/gen2_full/install/nav2_config:/home/phy_ai/.barani/gen2_full/install/kinematics:/home/phy_ai/.barani/gen2_full/install/joint_cmd_logger:/home/phy_ai/.barani/gen2_full/install/joint_analyzer:/home/phy_ai/.barani/gen2_full/install/daksha_data_collection:/home/phy_ai/.barani/gen2_full/install/gen2_leader:/home/phy_ai/.barani/gen2_full/install/amr_bringup:/home/phy_ai/.barani/gen2_full/install/daksha_final_urdf_description:/home/phy_ai/.barani/gen2_full/install/daksha_description_full_body:/home/phy_ai/.barani/gen2_full/install/daksha_base_urdf:/home/phy_ai/.barani/gen2_full/install/daksha_api_bridge_leader:/home/phy_ai/.barani/gen2_full/install/daksha_api_bridge_follower:/opt/ros/humble /usr/bin/cmake --build /home/phy_ai/.ihub/daksha/build/hw_interface -- -j16 -l16
[5.854s] Invoking command in '/home/phy_ai/.ihub/daksha/build/hw_interface': CMAKE_PREFIX_PATH=${CMAKE_PREFIX_PATH}:/home/phy_ai/.barani/gen2_full/install/world_camera_launch:/home/phy_ai/.barani/gen2_full/install/gen2:/home/phy_ai/.barani/gen2_full/install/vr_teleop:/home/phy_ai/.barani/gen2_full/install/ros_tcp_endpoint:/home/phy_ai/.barani/gen2_full/install/nav_bringup:/home/phy_ai/.barani/gen2_full/install/nav2_config:/home/phy_ai/.barani/gen2_full/install/kinematics:/home/phy_ai/.barani/gen2_full/install/joint_cmd_logger:/home/phy_ai/.barani/gen2_full/install/joint_analyzer:/home/phy_ai/.barani/gen2_full/install/daksha_data_collection:/home/phy_ai/.barani/gen2_full/install/gen2_leader:/home/phy_ai/.barani/gen2_full/install/amr_bringup:/home/phy_ai/.barani/gen2_full/install/daksha_final_urdf_description:/home/phy_ai/.barani/gen2_full/install/daksha_description_full_body:/home/phy_ai/.barani/gen2_full/install/daksha_base_urdf:/home/phy_ai/.barani/gen2_full/install/daksha_api_bridge_leader:/home/phy_ai/.barani/gen2_full/install/daksha_api_bridge_follower:/opt/ros/humble /usr/bin/cmake --install /home/phy_ai/.ihub/daksha/build/hw_interface
[5.930s] -- Install configuration: ""
[5.930s] -- Up-to-date: /home/phy_ai/.ihub/daksha/install/hw_interface/share/ament_index/resource_index/rosidl_interfaces/hw_interface
[5.930s] -- Up-to-date: /home/phy_ai/.ihub/daksha/install/hw_interface/include/hw_interface/hw_interface
[5.930s] -- Up-to-date: /home/phy_ai/.ihub/daksha/install/hw_interface/include/hw_interface/hw_interface/srv
[5.930s] -- Up-to-date: /home/phy_ai/.ihub/daksha/install/hw_interface/include/hw_interface/hw_interface/srv/detail
[5.930s] -- Up-to-date: /home/phy_ai/.ihub/daksha/install/hw_interface/include/hw_interface/hw_interface/srv/detail/set_motor_gains__struct.h
[5.930s] -- Up-to-date: /home/phy_ai/.ihub/daksha/install/hw_interface/include/hw_interface/hw_interface/srv/detail/set_motor_gains__functions.h
[5.931s] -- Up-to-date: /home/phy_ai/.ihub/daksha/install/hw_interface/include/hw_interface/hw_interface/srv/detail/set_motor_gains__functions.c
[5.931s] -- Up-to-date: /home/phy_ai/.ihub/daksha/install/hw_interface/include/hw_interface/hw_interface/srv/detail/set_motor_gains__type_support.h
[5.931s] -- Up-to-date: /home/phy_ai/.ihub/daksha/install/hw_interface/include/hw_interface/hw_interface/srv/set_motor_gains.h
[5.931s] -- Up-to-date: /home/phy_ai/.ihub/daksha/install/hw_interface/include/hw_interface/hw_interface/msg
[5.931s] -- Up-to-date: /home/phy_ai/.ihub/daksha/install/hw_interface/include/hw_interface/hw_interface/msg/motor_status_array.h
[5.931s] -- Up-to-date: /home/phy_ai/.ihub/daksha/install/hw_interface/include/hw_interface/hw_interface/msg/detail
[5.933s] -- Up-to-date: /home/phy_ai/.ihub/daksha/install/hw_interface/include/hw_interface/hw_interface/msg/detail/motor_status_array__functions.h
[5.934s] -- Up-to-date: /home/phy_ai/.ihub/daksha/install/hw_interface/include/hw_interface/hw_interface/msg/detail/motor_status_array__functions.c
[5.938s] -- Up-to-date: /home/phy_ai/.ihub/daksha/install/hw_interface/include/hw_interface/hw_interface/msg/detail/motor_status__functions.h
[5.938s] -- Up-to-date: /home/phy_ai/.ihub/daksha/install/hw_interface/include/hw_interface/hw_interface/msg/detail/motor_status__type_support.h
[5.939s] -- Up-to-date: /home/phy_ai/.ihub/daksha/install/hw_interface/include/hw_interface/hw_interface/msg/detail/motor_status__struct.h
[5.942s] -- Up-to-date: /home/phy_ai/.ihub/daksha/install/hw_interface/include/hw_interface/hw_interface/msg/detail/motor_status_array__type_support.h
[5.942s] -- Up-to-date: /home/phy_ai/.ihub/daksha/install/hw_interface/include/hw_interface/hw_interface/msg/detail/motor_status_array__struct.h
[5.942s] -- Up-to-date: /home/phy_ai/.ihub/daksha/install/hw_interface/include/hw_interface/hw_interface/msg/detail/motor_status__functions.c
[5.942s] -- Up-to-date: /home/phy_ai/.ihub/daksha/install/hw_interface/include/hw_interface/hw_interface/msg/motor_status.h
[5.943s] -- Up-to-date: /home/phy_ai/.ihub/daksha/install/hw_interface/include/hw_interface/hw_interface/msg/rosidl_generator_c__visibility_control.h
[5.952s] -- Up-to-date: /home/phy_ai/.ihub/daksha/install/hw_interface/share/hw_interface/environment/library_path.sh
[5.952s] -- Up-to-date: /home/phy_ai/.ihub/daksha/install/hw_interface/share/hw_interface/environment/library_path.dsv
[5.953s] -- Up-to-date: /home/phy_ai/.ihub/daksha/install/hw_interface/lib/libhw_interface__rosidl_generator_c.so
[5.953s] -- Up-to-date: /home/phy_ai/.ihub/daksha/install/hw_interface/include/hw_interface/hw_interface
[5.953s] -- Up-to-date: /home/phy_ai/.ihub/daksha/install/hw_interface/include/hw_interface/hw_interface/srv
[5.953s] -- Up-to-date: /home/phy_ai/.ihub/daksha/install/hw_interface/include/hw_interface/hw_interface/srv/detail
[5.953s] -- Up-to-date: /home/phy_ai/.ihub/daksha/install/hw_interface/include/hw_interface/hw_interface/srv/detail/set_motor_gains__rosidl_typesupport_fastrtps_c.h
[5.953s] -- Up-to-date: /home/phy_ai/.ihub/daksha/install/hw_interface/include/hw_interface/hw_interface/msg
[5.954s] -- Up-to-date: /home/phy_ai/.ihub/daksha/install/hw_interface/include/hw_interface/hw_interface/msg/detail
[5.954s] -- Up-to-date: /home/phy_ai/.ihub/daksha/install/hw_interface/include/hw_interface/hw_interface/msg/detail/motor_status__rosidl_typesupport_fastrtps_c.h
[6.004s] -- Up-to-date: /home/phy_ai/.ihub/daksha/install/hw_interface/include/hw_interface/hw_interface/msg/detail/motor_status_array__rosidl_typesupport_fastrtps_c.h
[6.012s] -- Up-to-date: /home/phy_ai/.ihub/daksha/install/hw_interface/include/hw_interface/hw_interface/msg/rosidl_typesupport_fastrtps_c__visibility_control.h
[6.013s] -- Up-to-date: /home/phy_ai/.ihub/daksha/install/hw_interface/lib/libhw_interface__rosidl_typesupport_fastrtps_c.so
[6.013s] -- Up-to-date: /home/phy_ai/.ihub/daksha/install/hw_interface/include/hw_interface/hw_interface
[6.013s] -- Up-to-date: /home/phy_ai/.ihub/daksha/install/hw_interface/include/hw_interface/hw_interface/srv
[6.013s] -- Up-to-date: /home/phy_ai/.ihub/daksha/install/hw_interface/include/hw_interface/hw_interface/srv/set_motor_gains.hpp
[6.013s] -- Up-to-date: /home/phy_ai/.ihub/daksha/install/hw_interface/include/hw_interface/hw_interface/srv/detail
[6.013s] -- Up-to-date: /home/phy_ai/.ihub/daksha/install/hw_interface/include/hw_interface/hw_interface/srv/detail/set_motor_gains__type_support.hpp
[6.013s] -- Up-to-date: /home/phy_ai/.ihub/daksha/install/hw_interface/include/hw_interface/hw_interface/srv/detail/set_motor_gains__traits.hpp
[6.013s] -- Up-to-date: /home/phy_ai/.ihub/daksha/install/hw_interface/include/hw_interface/hw_interface/srv/detail/set_motor_gains__struct.hpp
[6.013s] -- Up-to-date: /home/phy_ai/.ihub/daksha/install/hw_interface/include/hw_interface/hw_interface/srv/detail/set_motor_gains__builder.hpp
[6.014s] -- Up-to-date: /home/phy_ai/.ihub/daksha/install/hw_interface/include/hw_interface/hw_interface/msg
[6.014s] -- Up-to-date: /home/phy_ai/.ihub/daksha/install/hw_interface/include/hw_interface/hw_interface/msg/motor_status.hpp
[6.014s] -- Up-to-date: /home/phy_ai/.ihub/daksha/install/hw_interface/include/hw_interface/hw_interface/msg/motor_status_array.hpp
[6.014s] -- Up-to-date: /home/phy_ai/.ihub/daksha/install/hw_interface/include/hw_interface/hw_interface/msg/detail
[6.014s] -- Up-to-date: /home/phy_ai/.ihub/daksha/install/hw_interface/include/hw_interface/hw_interface/msg/detail/motor_status_array__struct.hpp
[6.014s] -- Up-to-date: /home/phy_ai/.ihub/daksha/install/hw_interface/include/hw_interface/hw_interface/msg/detail/motor_status__traits.hpp
[6.014s] -- Up-to-date: /home/phy_ai/.ihub/daksha/install/hw_interface/include/hw_interface/hw_interface/msg/detail/motor_status_array__type_support.hpp
[6.014s] -- Up-to-date: /home/phy_ai/.ihub/daksha/install/hw_interface/include/hw_interface/hw_interface/msg/detail/motor_status__type_support.hpp
[6.015s] -- Up-to-date: /home/phy_ai/.ihub/daksha/install/hw_interface/include/hw_interface/hw_interface/msg/detail/motor_status_array__traits.hpp
[6.015s] -- Up-to-date: /home/phy_ai/.ihub/daksha/install/hw_interface/include/hw_interface/hw_interface/msg/detail/motor_status__builder.hpp
[6.015s] -- Up-to-date: /home/phy_ai/.ihub/daksha/install/hw_interface/include/hw_interface/hw_interface/msg/detail/motor_status__struct.hpp
[6.015s] -- Up-to-date: /home/phy_ai/.ihub/daksha/install/hw_interface/include/hw_interface/hw_interface/msg/detail/motor_status_array__builder.hpp
[6.015s] -- Up-to-date: /home/phy_ai/.ihub/daksha/install/hw_interface/include/hw_interface/hw_interface/msg/rosidl_generator_cpp__visibility_control.hpp
[6.015s] -- Up-to-date: /home/phy_ai/.ihub/daksha/install/hw_interface/include/hw_interface/hw_interface
[6.015s] -- Up-to-date: /home/phy_ai/.ihub/daksha/install/hw_interface/include/hw_interface/hw_interface/srv
[6.025s] -- Up-to-date: /home/phy_ai/.ihub/daksha/install/hw_interface/include/hw_interface/hw_interface/srv/detail
[6.030s] -- Up-to-date: /home/phy_ai/.ihub/daksha/install/hw_interface/include/hw_interface/hw_interface/srv/detail/dds_fastrtps
[6.038s] -- Up-to-date: /home/phy_ai/.ihub/daksha/install/hw_interface/include/hw_interface/hw_interface/srv/detail/set_motor_gains__rosidl_typesupport_fastrtps_cpp.hpp
[6.039s] -- Up-to-date: /home/phy_ai/.ihub/daksha/install/hw_interface/include/hw_interface/hw_interface/msg
[6.039s] -- Up-to-date: /home/phy_ai/.ihub/daksha/install/hw_interface/include/hw_interface/hw_interface/msg/detail
[6.039s] -- Up-to-date: /home/phy_ai/.ihub/daksha/install/hw_interface/include/hw_interface/hw_interface/msg/detail/dds_fastrtps
[6.039s] -- Up-to-date: /home/phy_ai/.ihub/daksha/install/hw_interface/include/hw_interface/hw_interface/msg/detail/motor_status_array__rosidl_typesupport_fastrtps_cpp.hpp
[6.039s] -- Up-to-date: /home/phy_ai/.ihub/daksha/install/hw_interface/include/hw_interface/hw_interface/msg/detail/motor_status__rosidl_typesupport_fastrtps_cpp.hpp
[6.039s] -- Up-to-date: /home/phy_ai/.ihub/daksha/install/hw_interface/include/hw_interface/hw_interface/msg/rosidl_typesupport_fastrtps_cpp__visibility_control.h
[6.056s] -- Up-to-date: /home/phy_ai/.ihub/daksha/install/hw_interface/lib/libhw_interface__rosidl_typesupport_fastrtps_cpp.so
[6.056s] -- Up-to-date: /home/phy_ai/.ihub/daksha/install/hw_interface/include/hw_interface/hw_interface
[6.056s] -- Up-to-date: /home/phy_ai/.ihub/daksha/install/hw_interface/include/hw_interface/hw_interface/srv
[6.057s] -- Up-to-date: /home/phy_ai/.ihub/daksha/install/hw_interface/include/hw_interface/hw_interface/srv/detail
[6.057s] -- Up-to-date: /home/phy_ai/.ihub/daksha/install/hw_interface/include/hw_interface/hw_interface/srv/detail/set_motor_gains__rosidl_typesupport_introspection_c.h
[6.057s] -- Up-to-date: /home/phy_ai/.ihub/daksha/install/hw_interface/include/hw_interface/hw_interface/srv/detail/set_motor_gains__type_support.c
[6.057s] -- Up-to-date: /home/phy_ai/.ihub/daksha/install/hw_interface/include/hw_interface/hw_interface/msg
[6.057s] -- Up-to-date: /home/phy_ai/.ihub/daksha/install/hw_interface/include/hw_interface/hw_interface/msg/detail
[6.057s] -- Up-to-date: /home/phy_ai/.ihub/daksha/install/hw_interface/include/hw_interface/hw_interface/msg/detail/motor_status__type_support.c
[6.065s] -- Up-to-date: /home/phy_ai/.ihub/daksha/install/hw_interface/include/hw_interface/hw_interface/msg/detail/motor_status_array__type_support.c
[6.068s] -- Up-to-date: /home/phy_ai/.ihub/daksha/install/hw_interface/include/hw_interface/hw_interface/msg/detail/motor_status_array__rosidl_typesupport_introspection_c.h
[6.068s] -- Up-to-date: /home/phy_ai/.ihub/daksha/install/hw_interface/include/hw_interface/hw_interface/msg/detail/motor_status__rosidl_typesupport_introspection_c.h
[6.069s] -- Up-to-date: /home/phy_ai/.ihub/daksha/install/hw_interface/include/hw_interface/hw_interface/msg/rosidl_typesupport_introspection_c__visibility_control.h
[6.073s] -- Up-to-date: /home/phy_ai/.ihub/daksha/install/hw_interface/lib/libhw_interface__rosidl_typesupport_introspection_c.so
[6.073s] -- Up-to-date: /home/phy_ai/.ihub/daksha/install/hw_interface/lib/libhw_interface__rosidl_typesupport_c.so
[6.073s] -- Up-to-date: /home/phy_ai/.ihub/daksha/install/hw_interface/include/hw_interface/hw_interface
[6.074s] -- Up-to-date: /home/phy_ai/.ihub/daksha/install/hw_interface/include/hw_interface/hw_interface/srv
[6.074s] -- Up-to-date: /home/phy_ai/.ihub/daksha/install/hw_interface/include/hw_interface/hw_interface/srv/detail
[6.074s] -- Up-to-date: /home/phy_ai/.ihub/daksha/install/hw_interface/include/hw_interface/hw_interface/srv/detail/set_motor_gains__type_support.cpp
[6.074s] -- Up-to-date: /home/phy_ai/.ihub/daksha/install/hw_interface/include/hw_interface/hw_interface/srv/detail/set_motor_gains__rosidl_typesupport_introspection_cpp.hpp
[6.074s] -- Up-to-date: /home/phy_ai/.ihub/daksha/install/hw_interface/include/hw_interface/hw_interface/msg
[6.074s] -- Up-to-date: /home/phy_ai/.ihub/daksha/install/hw_interface/include/hw_interface/hw_interface/msg/detail
[6.074s] -- Up-to-date: /home/phy_ai/.ihub/daksha/install/hw_interface/include/hw_interface/hw_interface/msg/detail/motor_status_array__rosidl_typesupport_introspection_cpp.hpp
[6.080s] -- Up-to-date: /home/phy_ai/.ihub/daksha/install/hw_interface/include/hw_interface/hw_interface/msg/detail/motor_status__type_support.cpp
[6.080s] -- Up-to-date: /home/phy_ai/.ihub/daksha/install/hw_interface/include/hw_interface/hw_interface/msg/detail/motor_status_array__type_support.cpp
[6.080s] -- Up-to-date: /home/phy_ai/.ihub/daksha/install/hw_interface/include/hw_interface/hw_interface/msg/detail/motor_status__rosidl_typesupport_introspection_cpp.hpp
[6.080s] -- Up-to-date: /home/phy_ai/.ihub/daksha/install/hw_interface/lib/libhw_interface__rosidl_typesupport_introspection_cpp.so
[6.080s] -- Up-to-date: /home/phy_ai/.ihub/daksha/install/hw_interface/lib/libhw_interface__rosidl_typesupport_cpp.so
[6.080s] -- Up-to-date: /home/phy_ai/.ihub/daksha/install/hw_interface/share/hw_interface/environment/pythonpath.sh
[6.080s] -- Up-to-date: /home/phy_ai/.ihub/daksha/install/hw_interface/share/hw_interface/environment/pythonpath.dsv
[6.081s] -- Up-to-date: /home/phy_ai/.ihub/daksha/install/hw_interface/local/lib/python3.10/dist-packages/hw_interface-0.0.0-py3.10.egg-info
[6.083s] -- Installing: /home/phy_ai/.ihub/daksha/install/hw_interface/local/lib/python3.10/dist-packages/hw_interface-0.0.0-py3.10.egg-info/SOURCES.txt
[6.083s] -- Installing: /home/phy_ai/.ihub/daksha/install/hw_interface/local/lib/python3.10/dist-packages/hw_interface-0.0.0-py3.10.egg-info/top_level.txt
[6.083s] -- Installing: /home/phy_ai/.ihub/daksha/install/hw_interface/local/lib/python3.10/dist-packages/hw_interface-0.0.0-py3.10.egg-info/PKG-INFO
[6.085s] -- Installing: /home/phy_ai/.ihub/daksha/install/hw_interface/local/lib/python3.10/dist-packages/hw_interface-0.0.0-py3.10.egg-info/dependency_links.txt
[6.086s] -- Up-to-date: /home/phy_ai/.ihub/daksha/install/hw_interface/local/lib/python3.10/dist-packages/hw_interface
[6.087s] -- Up-to-date: /home/phy_ai/.ihub/daksha/install/hw_interface/local/lib/python3.10/dist-packages/hw_interface/srv
[6.087s] -- Up-to-date: /home/phy_ai/.ihub/daksha/install/hw_interface/local/lib/python3.10/dist-packages/hw_interface/srv/_set_motor_gains_s.c
[6.088s] -- Up-to-date: /home/phy_ai/.ihub/daksha/install/hw_interface/local/lib/python3.10/dist-packages/hw_interface/srv/_set_motor_gains.py
[6.088s] -- Up-to-date: /home/phy_ai/.ihub/daksha/install/hw_interface/local/lib/python3.10/dist-packages/hw_interface/srv/__init__.py
[6.088s] -- Up-to-date: /home/phy_ai/.ihub/daksha/install/hw_interface/local/lib/python3.10/dist-packages/hw_interface/hw_interface_s__rosidl_typesupport_introspection_c.cpython-310-x86_64-linux-gnu.so
[6.088s] -- Up-to-date: /home/phy_ai/.ihub/daksha/install/hw_interface/local/lib/python3.10/dist-packages/hw_interface/hw_interface_s__rosidl_typesupport_fastrtps_c.cpython-310-x86_64-linux-gnu.so
[6.089s] -- Up-to-date: /home/phy_ai/.ihub/daksha/install/hw_interface/local/lib/python3.10/dist-packages/hw_interface/__init__.py
[6.089s] -- Up-to-date: /home/phy_ai/.ihub/daksha/install/hw_interface/local/lib/python3.10/dist-packages/hw_interface/_hw_interface_s.ep.rosidl_typesupport_c.c
[6.090s] -- Up-to-date: /home/phy_ai/.ihub/daksha/install/hw_interface/local/lib/python3.10/dist-packages/hw_interface/_hw_interface_s.ep.rosidl_typesupport_fastrtps_c.c
[6.090s] -- Up-to-date: /home/phy_ai/.ihub/daksha/install/hw_interface/local/lib/python3.10/dist-packages/hw_interface/_hw_interface_s.ep.rosidl_typesupport_introspection_c.c
[6.090s] -- Up-to-date: /home/phy_ai/.ihub/daksha/install/hw_interface/local/lib/python3.10/dist-packages/hw_interface/msg
[6.099s] -- Up-to-date: /home/phy_ai/.ihub/daksha/install/hw_interface/local/lib/python3.10/dist-packages/hw_interface/msg/_motor_status.py
[6.099s] -- Up-to-date: /home/phy_ai/.ihub/daksha/install/hw_interface/local/lib/python3.10/dist-packages/hw_interface/msg/_motor_status_s.c
[6.099s] -- Up-to-date: /home/phy_ai/.ihub/daksha/install/hw_interface/local/lib/python3.10/dist-packages/hw_interface/msg/__init__.py
[6.099s] -- Up-to-date: /home/phy_ai/.ihub/daksha/install/hw_interface/local/lib/python3.10/dist-packages/hw_interface/msg/_motor_status_array_s.c
[6.099s] -- Up-to-date: /home/phy_ai/.ihub/daksha/install/hw_interface/local/lib/python3.10/dist-packages/hw_interface/msg/_motor_status_array.py
[6.100s] -- Up-to-date: /home/phy_ai/.ihub/daksha/install/hw_interface/local/lib/python3.10/dist-packages/hw_interface/libhw_interface__rosidl_generator_py.so
[6.100s] -- Up-to-date: /home/phy_ai/.ihub/daksha/install/hw_interface/local/lib/python3.10/dist-packages/hw_interface/hw_interface_s__rosidl_typesupport_c.cpython-310-x86_64-linux-gnu.so
[6.213s] Listing '/home/phy_ai/.ihub/daksha/install/hw_interface/local/lib/python3.10/dist-packages/hw_interface'...
[6.213s] Listing '/home/phy_ai/.ihub/daksha/install/hw_interface/local/lib/python3.10/dist-packages/hw_interface/msg'...
[6.213s] Listing '/home/phy_ai/.ihub/daksha/install/hw_interface/local/lib/python3.10/dist-packages/hw_interface/srv'...
[6.234s] -- Up-to-date: /home/phy_ai/.ihub/daksha/install/hw_interface/local/lib/python3.10/dist-packages/hw_interface/hw_interface_s__rosidl_typesupport_fastrtps_c.cpython-310-x86_64-linux-gnu.so
[6.234s] -- Up-to-date: /home/phy_ai/.ihub/daksha/install/hw_interface/local/lib/python3.10/dist-packages/hw_interface/hw_interface_s__rosidl_typesupport_introspection_c.cpython-310-x86_64-linux-gnu.so
[6.234s] -- Up-to-date: /home/phy_ai/.ihub/daksha/install/hw_interface/local/lib/python3.10/dist-packages/hw_interface/hw_interface_s__rosidl_typesupport_c.cpython-310-x86_64-linux-gnu.so
[6.234s] -- Up-to-date: /home/phy_ai/.ihub/daksha/install/hw_interface/lib/libhw_interface__rosidl_generator_py.so
[6.235s] -- Up-to-date: /home/phy_ai/.ihub/daksha/install/hw_interface/share/ament_index/resource_index/rust_packages/hw_interface
[6.235s] -- Up-to-date: /home/phy_ai/.ihub/daksha/install/hw_interface/share/hw_interface/rust
[6.235s] -- Up-to-date: /home/phy_ai/.ihub/daksha/install/hw_interface/share/hw_interface/rust/build.rs
[6.235s] -- Up-to-date: /home/phy_ai/.ihub/daksha/install/hw_interface/share/hw_interface/rust/src
[6.235s] -- Up-to-date: /home/phy_ai/.ihub/daksha/install/hw_interface/share/hw_interface/rust/src/srv
[6.235s] -- Up-to-date: /home/phy_ai/.ihub/daksha/install/hw_interface/share/hw_interface/rust/src/srv/rmw.rs
[6.235s] -- Up-to-date: /home/phy_ai/.ihub/daksha/install/hw_interface/share/hw_interface/rust/src/lib.rs
[6.235s] -- Up-to-date: /home/phy_ai/.ihub/daksha/install/hw_interface/share/hw_interface/rust/src/srv.rs
[6.235s] -- Up-to-date: /home/phy_ai/.ihub/daksha/install/hw_interface/share/hw_interface/rust/src/msg.rs
[6.236s] -- Up-to-date: /home/phy_ai/.ihub/daksha/install/hw_interface/share/hw_interface/rust/src/msg
[6.236s] -- Up-to-date: /home/phy_ai/.ihub/daksha/install/hw_interface/share/hw_interface/rust/src/msg/rmw.rs
[6.236s] -- Up-to-date: /home/phy_ai/.ihub/daksha/install/hw_interface/share/hw_interface/rust/Cargo.toml
[6.236s] -- Up-to-date: /home/phy_ai/.ihub/daksha/install/hw_interface/share/hw_interface/msg/MotorStatus.idl
[6.236s] -- Up-to-date: /home/phy_ai/.ihub/daksha/install/hw_interface/share/hw_interface/msg/MotorStatusArray.idl
[6.236s] -- Up-to-date: /home/phy_ai/.ihub/daksha/install/hw_interface/share/hw_interface/srv/SetMotorGains.idl
[6.236s] -- Up-to-date: /home/phy_ai/.ihub/daksha/install/hw_interface/share/hw_interface/msg/MotorStatus.msg
[6.236s] -- Up-to-date: /home/phy_ai/.ihub/daksha/install/hw_interface/share/hw_interface/msg/MotorStatusArray.msg
[6.237s] -- Up-to-date: /home/phy_ai/.ihub/daksha/install/hw_interface/share/hw_interface/srv/SetMotorGains.srv
[6.237s] -- Up-to-date: /home/phy_ai/.ihub/daksha/install/hw_interface/share/hw_interface/srv/SetMotorGains_Request.msg
[6.237s] -- Up-to-date: /home/phy_ai/.ihub/daksha/install/hw_interface/share/hw_interface/srv/SetMotorGains_Response.msg
[6.237s] -- Up-to-date: /home/phy_ai/.ihub/daksha/install/hw_interface/lib/hw_interface/vcan_bridge_node
[6.237s] -- Up-to-date: /home/phy_ai/.ihub/daksha/install/hw_interface/share/hw_interface/my_robot_hardware_interface.xml
[6.237s] -- Up-to-date: /home/phy_ai/.ihub/daksha/install/hw_interface/share/hw_interface/my_robot_hardware_interface.xml
[6.237s] -- Up-to-date: /home/phy_ai/.ihub/daksha/install/hw_interface/lib/libhw_interface_plugin.so
[6.237s] -- Up-to-date: /home/phy_ai/.ihub/daksha/install/hw_interface/include
[6.237s] -- Up-to-date: /home/phy_ai/.ihub/daksha/install/hw_interface/include/hw_interface
[6.238s] -- Up-to-date: /home/phy_ai/.ihub/daksha/install/hw_interface/include/hw_interface/driver.hpp
[6.238s] -- Up-to-date: /home/phy_ai/.ihub/daksha/install/hw_interface/include/hw_interface/socketcan_transport.hpp
[6.238s] -- Up-to-date: /home/phy_ai/.ihub/daksha/install/hw_interface/include/hw_interface/arm_interface.hpp
[6.238s] -- Up-to-date: /home/phy_ai/.ihub/daksha/install/hw_interface/share/ament_index/resource_index/package_run_dependencies/hw_interface
[6.238s] -- Up-to-date: /home/phy_ai/.ihub/daksha/install/hw_interface/share/ament_index/resource_index/parent_prefix_path/hw_interface
[6.238s] -- Up-to-date: /home/phy_ai/.ihub/daksha/install/hw_interface/share/hw_interface/environment/ament_prefix_path.sh
[6.238s] -- Up-to-date: /home/phy_ai/.ihub/daksha/install/hw_interface/share/hw_interface/environment/ament_prefix_path.dsv
[6.239s] -- Up-to-date: /home/phy_ai/.ihub/daksha/install/hw_interface/share/hw_interface/environment/path.sh
[6.239s] -- Up-to-date: /home/phy_ai/.ihub/daksha/install/hw_interface/share/hw_interface/environment/path.dsv
[6.239s] -- Up-to-date: /home/phy_ai/.ihub/daksha/install/hw_interface/share/hw_interface/local_setup.bash
[6.239s] -- Up-to-date: /home/phy_ai/.ihub/daksha/install/hw_interface/share/hw_interface/local_setup.sh
[6.239s] -- Up-to-date: /home/phy_ai/.ihub/daksha/install/hw_interface/share/hw_interface/local_setup.zsh
[6.239s] -- Up-to-date: /home/phy_ai/.ihub/daksha/install/hw_interface/share/hw_interface/local_setup.dsv
[6.239s] -- Installing: /home/phy_ai/.ihub/daksha/install/hw_interface/share/hw_interface/package.dsv
[6.239s] -- Up-to-date: /home/phy_ai/.ihub/daksha/install/hw_interface/share/ament_index/resource_index/packages/hw_interface
[6.239s] -- Up-to-date: /home/phy_ai/.ihub/daksha/install/hw_interface/share/ament_index/resource_index/hardware_interface__pluginlib__plugin/hw_interface
[6.240s] -- Up-to-date: /home/phy_ai/.ihub/daksha/install/hw_interface/share/hw_interface/cmake/export_hw_interface__rosidl_generator_cExport.cmake
[6.240s] -- Up-to-date: /home/phy_ai/.ihub/daksha/install/hw_interface/share/hw_interface/cmake/export_hw_interface__rosidl_generator_cExport-noconfig.cmake
[6.240s] -- Up-to-date: /home/phy_ai/.ihub/daksha/install/hw_interface/share/hw_interface/cmake/export_hw_interface__rosidl_typesupport_fastrtps_cExport.cmake
[6.240s] -- Up-to-date: /home/phy_ai/.ihub/daksha/install/hw_interface/share/hw_interface/cmake/export_hw_interface__rosidl_typesupport_fastrtps_cExport-noconfig.cmake
[6.240s] -- Up-to-date: /home/phy_ai/.ihub/daksha/install/hw_interface/share/hw_interface/cmake/export_hw_interface__rosidl_generator_cppExport.cmake
[6.240s] -- Up-to-date: /home/phy_ai/.ihub/daksha/install/hw_interface/share/hw_interface/cmake/export_hw_interface__rosidl_typesupport_fastrtps_cppExport.cmake
[6.240s] -- Up-to-date: /home/phy_ai/.ihub/daksha/install/hw_interface/share/hw_interface/cmake/export_hw_interface__rosidl_typesupport_fastrtps_cppExport-noconfig.cmake
[6.240s] -- Up-to-date: /home/phy_ai/.ihub/daksha/install/hw_interface/share/hw_interface/cmake/hw_interface__rosidl_typesupport_introspection_cExport.cmake
[6.241s] -- Up-to-date: /home/phy_ai/.ihub/daksha/install/hw_interface/share/hw_interface/cmake/hw_interface__rosidl_typesupport_introspection_cExport-noconfig.cmake
[6.241s] -- Up-to-date: /home/phy_ai/.ihub/daksha/install/hw_interface/share/hw_interface/cmake/hw_interface__rosidl_typesupport_cExport.cmake
[6.241s] -- Up-to-date: /home/phy_ai/.ihub/daksha/install/hw_interface/share/hw_interface/cmake/hw_interface__rosidl_typesupport_cExport-noconfig.cmake
[6.241s] -- Up-to-date: /home/phy_ai/.ihub/daksha/install/hw_interface/share/hw_interface/cmake/hw_interface__rosidl_typesupport_introspection_cppExport.cmake
[6.241s] -- Up-to-date: /home/phy_ai/.ihub/daksha/install/hw_interface/share/hw_interface/cmake/hw_interface__rosidl_typesupport_introspection_cppExport-noconfig.cmake
[6.241s] -- Up-to-date: /home/phy_ai/.ihub/daksha/install/hw_interface/share/hw_interface/cmake/hw_interface__rosidl_typesupport_cppExport.cmake
[6.241s] -- Up-to-date: /home/phy_ai/.ihub/daksha/install/hw_interface/share/hw_interface/cmake/hw_interface__rosidl_typesupport_cppExport-noconfig.cmake
[6.241s] -- Up-to-date: /home/phy_ai/.ihub/daksha/install/hw_interface/share/hw_interface/cmake/export_hw_interface__rosidl_generator_pyExport.cmake
[6.241s] -- Up-to-date: /home/phy_ai/.ihub/daksha/install/hw_interface/share/hw_interface/cmake/export_hw_interface__rosidl_generator_pyExport-noconfig.cmake
[6.242s] -- Up-to-date: /home/phy_ai/.ihub/daksha/install/hw_interface/share/hw_interface/cmake/rosidl_cmake-extras.cmake
[6.242s] -- Up-to-date: /home/phy_ai/.ihub/daksha/install/hw_interface/share/hw_interface/cmake/ament_cmake_export_include_directories-extras.cmake
[6.242s] -- Up-to-date: /home/phy_ai/.ihub/daksha/install/hw_interface/share/hw_interface/cmake/ament_cmake_export_libraries-extras.cmake
[6.242s] -- Up-to-date: /home/phy_ai/.ihub/daksha/install/hw_interface/share/hw_interface/cmake/ament_cmake_export_targets-extras.cmake
[6.242s] -- Up-to-date: /home/phy_ai/.ihub/daksha/install/hw_interface/share/hw_interface/cmake/rosidl_cmake_export_typesupport_targets-extras.cmake
[6.242s] -- Up-to-date: /home/phy_ai/.ihub/daksha/install/hw_interface/share/hw_interface/cmake/ament_cmake_export_dependencies-extras.cmake
[6.242s] -- Up-to-date: /home/phy_ai/.ihub/daksha/install/hw_interface/share/hw_interface/cmake/rosidl_cmake_export_typesupport_libraries-extras.cmake
[6.242s] -- Up-to-date: /home/phy_ai/.ihub/daksha/install/hw_interface/share/hw_interface/cmake/rosidl_cmake_aggregate_target-extras.cmake
[6.243s] -- Up-to-date: /home/phy_ai/.ihub/daksha/install/hw_interface/share/hw_interface/cmake/hw_interfaceConfig.cmake
[6.243s] -- Up-to-date: /home/phy_ai/.ihub/daksha/install/hw_interface/share/hw_interface/cmake/hw_interfaceConfig-version.cmake
[6.243s] -- Up-to-date: /home/phy_ai/.ihub/daksha/install/hw_interface/share/hw_interface/package.xml
[6.371s] Invoked command in '/home/phy_ai/.ihub/daksha/build/hw_interface' returned '0': CMAKE_PREFIX_PATH=${CMAKE_PREFIX_PATH}:/home/phy_ai/.barani/gen2_full/install/world_camera_launch:/home/phy_ai/.barani/gen2_full/install/gen2:/home/phy_ai/.barani/gen2_full/install/vr_teleop:/home/phy_ai/.barani/gen2_full/install/ros_tcp_endpoint:/home/phy_ai/.barani/gen2_full/install/nav_bringup:/home/phy_ai/.barani/gen2_full/install/nav2_config:/home/phy_ai/.barani/gen2_full/install/kinematics:/home/phy_ai/.barani/gen2_full/install/joint_cmd_logger:/home/phy_ai/.barani/gen2_full/install/joint_analyzer:/home/phy_ai/.barani/gen2_full/install/daksha_data_collection:/home/phy_ai/.barani/gen2_full/install/gen2_leader:/home/phy_ai/.barani/gen2_full/install/amr_bringup:/home/phy_ai/.barani/gen2_full/install/daksha_final_urdf_description:/home/phy_ai/.barani/gen2_full/install/daksha_description_full_body:/home/phy_ai/.barani/gen2_full/install/daksha_base_urdf:/home/phy_ai/.barani/gen2_full/install/daksha_api_bridge_leader:/home/phy_ai/.barani/gen2_full/install/daksha_api_bridge_follower:/opt/ros/humble /usr/bin/cmake --install /home/phy_ai/.ihub/daksha/build/hw_interface
