[100%] Built target posveleff_controller
-- Install configuration: ""
-- Up-to-date: /home/phy_ai/.ihub/daksha/install/posveleff_controllers/share/posveleff_controllers/controller_plugins.xml
-- Up-to-date: /home/phy_ai/.ihub/daksha/install/posveleff_controllers/lib/libposveleff_controller.so
-- Up-to-date: /home/phy_ai/.ihub/daksha/install/posveleff_controllers/include
-- Up-to-date: /home/phy_ai/.ihub/daksha/install/posveleff_controllers/include/posveleff_controllers
-- Up-to-date: /home/phy_ai/.ihub/daksha/install/posveleff_controllers/include/posveleff_controllers/posveleff_controller.hpp
-- Up-to-date: /home/phy_ai/.ihub/daksha/install/posveleff_controllers/share/posveleff_controllers/controller_plugins.xml
-- Up-to-date: /home/phy_ai/.ihub/daksha/install/posveleff_controllers/share/ament_index/resource_index/package_run_dependencies/posveleff_controllers
-- Up-to-date: /home/phy_ai/.ihub/daksha/install/posveleff_controllers/share/ament_index/resource_index/parent_prefix_path/posveleff_controllers
-- Up-to-date: /home/phy_ai/.ihub/daksha/install/posveleff_controllers/share/posveleff_controllers/environment/ament_prefix_path.sh
-- Up-to-date: /home/phy_ai/.ihub/daksha/install/posveleff_controllers/share/posveleff_controllers/environment/ament_prefix_path.dsv
-- Up-to-date: /home/phy_ai/.ihub/daksha/install/posveleff_controllers/share/posveleff_controllers/environment/path.sh
-- Up-to-date: /home/phy_ai/.ihub/daksha/install/posveleff_controllers/share/posveleff_controllers/environment/path.dsv
-- Up-to-date: /home/phy_ai/.ihub/daksha/install/posveleff_controllers/share/posveleff_controllers/local_setup.bash
-- Up-to-date: /home/phy_ai/.ihub/daksha/install/posveleff_controllers/share/posveleff_controllers/local_setup.sh
-- Up-to-date: /home/phy_ai/.ihub/daksha/install/posveleff_controllers/share/posveleff_controllers/local_setup.zsh
-- Up-to-date: /home/phy_ai/.ihub/daksha/install/posveleff_controllers/share/posveleff_controllers/local_setup.dsv
-- Installing: /home/phy_ai/.ihub/daksha/install/posveleff_controllers/share/posveleff_controllers/package.dsv
-- Up-to-date: /home/phy_ai/.ihub/daksha/install/posveleff_controllers/share/ament_index/resource_index/packages/posveleff_controllers
-- Up-to-date: /home/phy_ai/.ihub/daksha/install/posveleff_controllers/share/ament_index/resource_index/controller_interface__pluginlib__plugin/posveleff_controllers
-- Up-to-date: /home/phy_ai/.ihub/daksha/install/posveleff_controllers/share/posveleff_controllers/cmake/ament_cmake_export_include_directories-extras.cmake
-- Up-to-date: /home/phy_ai/.ihub/daksha/install/posveleff_controllers/share/posveleff_controllers/cmake/ament_cmake_export_dependencies-extras.cmake
-- Up-to-date: /home/phy_ai/.ihub/daksha/install/posveleff_controllers/share/posveleff_controllers/cmake/posveleff_controllersConfig.cmake
-- Up-to-date: /home/phy_ai/.ihub/daksha/install/posveleff_controllers/share/posveleff_controllers/cmake/posveleff_controllersConfig-version.cmake
-- Up-to-date: /home/phy_ai/.ihub/daksha/install/posveleff_controllers/share/posveleff_controllers/package.xml
