running egg_info
creating ../../build/world_camera_launch/world_camera_launch.egg-info
writing ../../build/world_camera_launch/world_camera_launch.egg-info/PKG-INFO
writing dependency_links to ../../build/world_camera_launch/world_camera_launch.egg-info/dependency_links.txt
writing entry points to ../../build/world_camera_launch/world_camera_launch.egg-info/entry_points.txt
writing requirements to ../../build/world_camera_launch/world_camera_launch.egg-info/requires.txt
writing top-level names to ../../build/world_camera_launch/world_camera_launch.egg-info/top_level.txt
writing manifest file '../../build/world_camera_launch/world_camera_launch.egg-info/SOURCES.txt'
reading manifest file '../../build/world_camera_launch/world_camera_launch.egg-info/SOURCES.txt'
writing manifest file '../../build/world_camera_launch/world_camera_launch.egg-info/SOURCES.txt'
running build
running build_py
creating /home/phy_ai/.ihub/daksha/build/world_camera_launch/build
creating /home/phy_ai/.ihub/daksha/build/world_camera_launch/build/lib
creating /home/phy_ai/.ihub/daksha/build/world_camera_launch/build/lib/world_camera_launch
copying world_camera_launch/__init__.py -> /home/phy_ai/.ihub/daksha/build/world_camera_launch/build/lib/world_camera_launch
running install
running install_lib
creating /home/phy_ai/.ihub/daksha/install/world_camera_launch/lib/python3.10/site-packages/world_camera_launch
copying /home/phy_ai/.ihub/daksha/build/world_camera_launch/build/lib/world_camera_launch/__init__.py -> /home/phy_ai/.ihub/daksha/install/world_camera_launch/lib/python3.10/site-packages/world_camera_launch
byte-compiling /home/phy_ai/.ihub/daksha/install/world_camera_launch/lib/python3.10/site-packages/world_camera_launch/__init__.py to __init__.cpython-310.pyc
running install_data
creating /home/phy_ai/.ihub/daksha/install/world_camera_launch/share/ament_index
creating /home/phy_ai/.ihub/daksha/install/world_camera_launch/share/ament_index/resource_index
creating /home/phy_ai/.ihub/daksha/install/world_camera_launch/share/ament_index/resource_index/packages
copying resource/world_camera_launch -> /home/phy_ai/.ihub/daksha/install/world_camera_launch/share/ament_index/resource_index/packages
copying package.xml -> /home/phy_ai/.ihub/daksha/install/world_camera_launch/share/world_camera_launch
creating /home/phy_ai/.ihub/daksha/install/world_camera_launch/share/world_camera_launch/launch
copying launch/world_camera.launch.py -> /home/phy_ai/.ihub/daksha/install/world_camera_launch/share/world_camera_launch/launch
copying launch/start_all_cameras.launch.py -> /home/phy_ai/.ihub/daksha/install/world_camera_launch/share/world_camera_launch/launch
running install_egg_info
Copying ../../build/world_camera_launch/world_camera_launch.egg-info to /home/phy_ai/.ihub/daksha/install/world_camera_launch/lib/python3.10/site-packages/world_camera_launch-0.0.0-py3.10.egg-info
running install_scripts
writing list of installed files to '/home/phy_ai/.ihub/daksha/build/world_camera_launch/install.log'
