[2.598s] Invoking command in '/home/phy_ai/.ihub/daksha/src/world_camera_launch': PYTHONPATH=/home/phy_ai/.ihub/daksha/build/world_camera_launch/prefix_override:/usr/lib/python3/dist-packages/colcon_core/task/python/colcon_distutils_commands:/home/phy_ai/.ihub/daksha/install/world_camera_launch/lib/python3.10/site-packages:${PYTHONPATH} /usr/bin/python3 -W ignore:setup.py install is deprecated -W ignore:easy_install command is deprecated setup.py egg_info --egg-base ../../build/world_camera_launch build --build-base /home/phy_ai/.ihub/daksha/build/world_camera_launch/build install --record /home/phy_ai/.ihub/daksha/build/world_camera_launch/install.log --install-scripts $base/lib/world_camera_launch --single-version-externally-managed install_data
[3.308s] running egg_info
[3.309s] creating ../../build/world_camera_launch/world_camera_launch.egg-info
[3.310s] writing ../../build/world_camera_launch/world_camera_launch.egg-info/PKG-INFO
[3.310s] writing dependency_links to ../../build/world_camera_launch/world_camera_launch.egg-info/dependency_links.txt
[3.310s] writing entry points to ../../build/world_camera_launch/world_camera_launch.egg-info/entry_points.txt
[3.311s] writing requirements to ../../build/world_camera_launch/world_camera_launch.egg-info/requires.txt
[3.311s] writing top-level names to ../../build/world_camera_launch/world_camera_launch.egg-info/top_level.txt
[3.315s] writing manifest file '../../build/world_camera_launch/world_camera_launch.egg-info/SOURCES.txt'
[3.315s] reading manifest file '../../build/world_camera_launch/world_camera_launch.egg-info/SOURCES.txt'
[3.320s] writing manifest file '../../build/world_camera_launch/world_camera_launch.egg-info/SOURCES.txt'
[3.320s] running build
[3.320s] running build_py
[3.320s] creating /home/phy_ai/.ihub/daksha/build/world_camera_launch/build
[3.320s] creating /home/phy_ai/.ihub/daksha/build/world_camera_launch/build/lib
[3.320s] creating /home/phy_ai/.ihub/daksha/build/world_camera_launch/build/lib/world_camera_launch
[3.320s] copying world_camera_launch/__init__.py -> /home/phy_ai/.ihub/daksha/build/world_camera_launch/build/lib/world_camera_launch
[3.320s] running install
[3.321s] running install_lib
[3.321s] creating /home/phy_ai/.ihub/daksha/install/world_camera_launch/lib/python3.10/site-packages/world_camera_launch
[3.321s] copying /home/phy_ai/.ihub/daksha/build/world_camera_launch/build/lib/world_camera_launch/__init__.py -> /home/phy_ai/.ihub/daksha/install/world_camera_launch/lib/python3.10/site-packages/world_camera_launch
[3.323s] byte-compiling /home/phy_ai/.ihub/daksha/install/world_camera_launch/lib/python3.10/site-packages/world_camera_launch/__init__.py to __init__.cpython-310.pyc
[3.323s] running install_data
[3.323s] creating /home/phy_ai/.ihub/daksha/install/world_camera_launch/share/ament_index
[3.324s] creating /home/phy_ai/.ihub/daksha/install/world_camera_launch/share/ament_index/resource_index
[3.324s] creating /home/phy_ai/.ihub/daksha/install/world_camera_launch/share/ament_index/resource_index/packages
[3.324s] copying resource/world_camera_launch -> /home/phy_ai/.ihub/daksha/install/world_camera_launch/share/ament_index/resource_index/packages
[3.324s] copying package.xml -> /home/phy_ai/.ihub/daksha/install/world_camera_launch/share/world_camera_launch
[3.326s] creating /home/phy_ai/.ihub/daksha/install/world_camera_launch/share/world_camera_launch/launch
[3.326s] copying launch/world_camera.launch.py -> /home/phy_ai/.ihub/daksha/install/world_camera_launch/share/world_camera_launch/launch
[3.326s] copying launch/start_all_cameras.launch.py -> /home/phy_ai/.ihub/daksha/install/world_camera_launch/share/world_camera_launch/launch
[3.326s] running install_egg_info
[3.329s] Copying ../../build/world_camera_launch/world_camera_launch.egg-info to /home/phy_ai/.ihub/daksha/install/world_camera_launch/lib/python3.10/site-packages/world_camera_launch-0.0.0-py3.10.egg-info
[3.331s] running install_scripts
[3.381s] writing list of installed files to '/home/phy_ai/.ihub/daksha/build/world_camera_launch/install.log'
[3.504s] Invoked command in '/home/phy_ai/.ihub/daksha/src/world_camera_launch' returned '0': PYTHONPATH=/home/phy_ai/.ihub/daksha/build/world_camera_launch/prefix_override:/usr/lib/python3/dist-packages/colcon_core/task/python/colcon_distutils_commands:/home/phy_ai/.ihub/daksha/install/world_camera_launch/lib/python3.10/site-packages:${PYTHONPATH} /usr/bin/python3 -W ignore:setup.py install is deprecated -W ignore:easy_install command is deprecated setup.py egg_info --egg-base ../../build/world_camera_launch build --build-base /home/phy_ai/.ihub/daksha/build/world_camera_launch/build install --record /home/phy_ai/.ihub/daksha/build/world_camera_launch/install.log --install-scripts $base/lib/world_camera_launch --single-version-externally-managed install_data
