[1.363s] Invoking command in '/home/phy_ai/.ihub/daksha/src/gen2': AMENT_PREFIX_PATH=/home/phy_ai/.ihub/daksha/install/vr_teleop:/home/phy_ai/.ihub/daksha/install/kinematics:/home/phy_ai/.ihub/daksha/install/hw_interface:${AMENT_PREFIX_PATH} CMAKE_PREFIX_PATH=/home/phy_ai/.ihub/daksha/install/hw_interface:${CMAKE_PREFIX_PATH} LD_LIBRARY_PATH=/home/phy_ai/.ihub/daksha/install/hw_interface/lib:${LD_LIBRARY_PATH} PYTHONPATH=/home/phy_ai/.ihub/daksha/build/gen2/prefix_override:/usr/lib/python3/dist-packages/colcon_core/task/python/colcon_distutils_commands:/home/phy_ai/.ihub/daksha/install/gen2/lib/python3.10/site-packages:/home/phy_ai/.ihub/daksha/install/vr_teleop/lib/python3.10/site-packages:/home/phy_ai/.ihub/daksha/install/kinematics/lib/python3.10/site-packages:/home/phy_ai/.ihub/daksha/install/hw_interface/local/lib/python3.10/dist-packages:${PYTHONPATH} /usr/bin/python3 -W ignore:setup.py install is deprecated -W ignore:easy_install command is deprecated setup.py egg_info --egg-base ../../build/gen2 build --build-base /home/phy_ai/.ihub/daksha/build/gen2/build install --record /home/phy_ai/.ihub/daksha/build/gen2/install.log --install-scripts $base/lib/gen2 --single-version-externally-managed install_data
[1.808s] running egg_info
[1.810s] writing ../../build/gen2/gen2.egg-info/PKG-INFO
[1.810s] writing dependency_links to ../../build/gen2/gen2.egg-info/dependency_links.txt
[1.811s] writing entry points to ../../build/gen2/gen2.egg-info/entry_points.txt
[1.811s] writing requirements to ../../build/gen2/gen2.egg-info/requires.txt
[1.811s] writing top-level names to ../../build/gen2/gen2.egg-info/top_level.txt
[1.814s] reading manifest file '../../build/gen2/gen2.egg-info/SOURCES.txt'
[1.814s] adding license file 'LICENSE'
[1.815s] writing manifest file '../../build/gen2/gen2.egg-info/SOURCES.txt'
[1.816s] running build
[1.816s] running build_py
[1.817s] running install
[1.817s] running install_lib
[1.821s] running install_data
[1.821s] running install_egg_info
[1.825s] removing '/home/phy_ai/.ihub/daksha/install/gen2/lib/python3.10/site-packages/gen2-0.0.0-py3.10.egg-info' (and everything under it)
[1.825s] Copying ../../build/gen2/gen2.egg-info to /home/phy_ai/.ihub/daksha/install/gen2/lib/python3.10/site-packages/gen2-0.0.0-py3.10.egg-info
[1.826s] running install_scripts
[1.863s] Installing GravityToJointCmd script to /home/phy_ai/.ihub/daksha/install/gen2/lib/gen2
[1.863s] Installing HomeMoveService script to /home/phy_ai/.ihub/daksha/install/gen2/lib/gen2
[1.863s] Installing arm_recovery_watchdog script to /home/phy_ai/.ihub/daksha/install/gen2/lib/gen2
[1.863s] Installing battery_info script to /home/phy_ai/.ihub/daksha/install/gen2/lib/gen2
[1.864s] Installing gravity_ff_tuner script to /home/phy_ai/.ihub/daksha/install/gen2/lib/gen2
[1.865s] Installing gravity_scale_setter script to /home/phy_ai/.ihub/daksha/install/gen2/lib/gen2
[1.865s] Installing joint_cmd script to /home/phy_ai/.ihub/daksha/install/gen2/lib/gen2
[1.865s] Installing joint_cmd_publisher_from_joint_sates script to /home/phy_ai/.ihub/daksha/install/gen2/lib/gen2
[1.865s] Installing joint_cmd_web_ui script to /home/phy_ai/.ihub/daksha/install/gen2/lib/gen2
[1.866s] Installing leader_controller_ui script to /home/phy_ai/.ihub/daksha/install/gen2/lib/gen2
[1.866s] Installing mode_toggler script to /home/phy_ai/.ihub/daksha/install/gen2/lib/gen2
[1.866s] Installing teach_mode_node script to /home/phy_ai/.ihub/daksha/install/gen2/lib/gen2
[1.866s] Installing vcan_bridge script to /home/phy_ai/.ihub/daksha/install/gen2/lib/gen2
[1.867s] writing list of installed files to '/home/phy_ai/.ihub/daksha/build/gen2/install.log'
[1.932s] Invoked command in '/home/phy_ai/.ihub/daksha/src/gen2' returned '0': AMENT_PREFIX_PATH=/home/phy_ai/.ihub/daksha/install/vr_teleop:/home/phy_ai/.ihub/daksha/install/kinematics:/home/phy_ai/.ihub/daksha/install/hw_interface:${AMENT_PREFIX_PATH} CMAKE_PREFIX_PATH=/home/phy_ai/.ihub/daksha/install/hw_interface:${CMAKE_PREFIX_PATH} LD_LIBRARY_PATH=/home/phy_ai/.ihub/daksha/install/hw_interface/lib:${LD_LIBRARY_PATH} PYTHONPATH=/home/phy_ai/.ihub/daksha/build/gen2/prefix_override:/usr/lib/python3/dist-packages/colcon_core/task/python/colcon_distutils_commands:/home/phy_ai/.ihub/daksha/install/gen2/lib/python3.10/site-packages:/home/phy_ai/.ihub/daksha/install/vr_teleop/lib/python3.10/site-packages:/home/phy_ai/.ihub/daksha/install/kinematics/lib/python3.10/site-packages:/home/phy_ai/.ihub/daksha/install/hw_interface/local/lib/python3.10/dist-packages:${PYTHONPATH} /usr/bin/python3 -W ignore:setup.py install is deprecated -W ignore:easy_install command is deprecated setup.py egg_info --egg-base ../../build/gen2 build --build-base /home/phy_ai/.ihub/daksha/build/gen2/build install --record /home/phy_ai/.ihub/daksha/build/gen2/install.log --install-scripts $base/lib/gen2 --single-version-externally-managed install_data
