[  1%] Built target hw_interface__rs
[ 11%] Built target vcan_bridge_node
[ 15%] Built target hw_interface__rosidl_generator_c
[ 17%] Built target hw_interface__cpp
[ 17%] Built target ament_cmake_python_copy_hw_interface
[ 42%] Built target hw_interface__rosidl_typesupport_fastrtps_c
[ 36%] Built target hw_interface__rosidl_typesupport_c
[ 46%] Built target hw_interface__rosidl_typesupport_introspection_c
[ 65%] Built target hw_interface__rosidl_typesupport_fastrtps_cpp
[ 65%] Built target hw_interface__rosidl_typesupport_cpp
[ 75%] Built target hw_interface__rosidl_typesupport_introspection_cpp
[ 75%] Built target hw_interface
[ 78%] Built target hw_interface_plugin
[ 80%] Built target hw_interface__py
[ 88%] Built target hw_interface__rosidl_generator_py
[ 92%] Built target hw_interface__rosidl_typesupport_fastrtps_c__pyext
[ 96%] Built target hw_interface__rosidl_typesupport_c__pyext
[100%] Built target hw_interface__rosidl_typesupport_introspection_c__pyext
running egg_info
writing hw_interface.egg-info/PKG-INFO
writing dependency_links to hw_interface.egg-info/dependency_links.txt
writing top-level names to hw_interface.egg-info/top_level.txt
reading manifest file 'hw_interface.egg-info/SOURCES.txt'
writing manifest file 'hw_interface.egg-info/SOURCES.txt'
[100%] Built target ament_cmake_python_build_hw_interface_egg
-- Install configuration: ""
-- Up-to-date: /home/phy_ai/.ihub/daksha/install/hw_interface/share/ament_index/resource_index/rosidl_interfaces/hw_interface
-- Up-to-date: /home/phy_ai/.ihub/daksha/install/hw_interface/include/hw_interface/hw_interface
-- Up-to-date: /home/phy_ai/.ihub/daksha/install/hw_interface/include/hw_interface/hw_interface/srv
-- Up-to-date: /home/phy_ai/.ihub/daksha/install/hw_interface/include/hw_interface/hw_interface/srv/detail
-- Up-to-date: /home/phy_ai/.ihub/daksha/install/hw_interface/include/hw_interface/hw_interface/srv/detail/set_motor_gains__struct.h
-- Up-to-date: /home/phy_ai/.ihub/daksha/install/hw_interface/include/hw_interface/hw_interface/srv/detail/set_motor_gains__functions.h
-- Up-to-date: /home/phy_ai/.ihub/daksha/install/hw_interface/include/hw_interface/hw_interface/srv/detail/set_motor_gains__functions.c
-- Up-to-date: /home/phy_ai/.ihub/daksha/install/hw_interface/include/hw_interface/hw_interface/srv/detail/set_motor_gains__type_support.h
-- Up-to-date: /home/phy_ai/.ihub/daksha/install/hw_interface/include/hw_interface/hw_interface/srv/set_motor_gains.h
-- Up-to-date: /home/phy_ai/.ihub/daksha/install/hw_interface/include/hw_interface/hw_interface/msg
-- Up-to-date: /home/phy_ai/.ihub/daksha/install/hw_interface/include/hw_interface/hw_interface/msg/motor_status_array.h
-- Up-to-date: /home/phy_ai/.ihub/daksha/install/hw_interface/include/hw_interface/hw_interface/msg/detail
-- Up-to-date: /home/phy_ai/.ihub/daksha/install/hw_interface/include/hw_interface/hw_interface/msg/detail/motor_status_array__functions.h
-- Up-to-date: /home/phy_ai/.ihub/daksha/install/hw_interface/include/hw_interface/hw_interface/msg/detail/motor_status_array__functions.c
-- Up-to-date: /home/phy_ai/.ihub/daksha/install/hw_interface/include/hw_interface/hw_interface/msg/detail/motor_status__functions.h
-- Up-to-date: /home/phy_ai/.ihub/daksha/install/hw_interface/include/hw_interface/hw_interface/msg/detail/motor_status__type_support.h
-- Up-to-date: /home/phy_ai/.ihub/daksha/install/hw_interface/include/hw_interface/hw_interface/msg/detail/motor_status__struct.h
-- Up-to-date: /home/phy_ai/.ihub/daksha/install/hw_interface/include/hw_interface/hw_interface/msg/detail/motor_status_array__type_support.h
-- Up-to-date: /home/phy_ai/.ihub/daksha/install/hw_interface/include/hw_interface/hw_interface/msg/detail/motor_status_array__struct.h
-- Up-to-date: /home/phy_ai/.ihub/daksha/install/hw_interface/include/hw_interface/hw_interface/msg/detail/motor_status__functions.c
-- Up-to-date: /home/phy_ai/.ihub/daksha/install/hw_interface/include/hw_interface/hw_interface/msg/motor_status.h
-- Up-to-date: /home/phy_ai/.ihub/daksha/install/hw_interface/include/hw_interface/hw_interface/msg/rosidl_generator_c__visibility_control.h
-- Up-to-date: /home/phy_ai/.ihub/daksha/install/hw_interface/share/hw_interface/environment/library_path.sh
-- Up-to-date: /home/phy_ai/.ihub/daksha/install/hw_interface/share/hw_interface/environment/library_path.dsv
-- Up-to-date: /home/phy_ai/.ihub/daksha/install/hw_interface/lib/libhw_interface__rosidl_generator_c.so
-- Up-to-date: /home/phy_ai/.ihub/daksha/install/hw_interface/include/hw_interface/hw_interface
-- Up-to-date: /home/phy_ai/.ihub/daksha/install/hw_interface/include/hw_interface/hw_interface/srv
-- Up-to-date: /home/phy_ai/.ihub/daksha/install/hw_interface/include/hw_interface/hw_interface/srv/detail
-- Up-to-date: /home/phy_ai/.ihub/daksha/install/hw_interface/include/hw_interface/hw_interface/srv/detail/set_motor_gains__rosidl_typesupport_fastrtps_c.h
-- Up-to-date: /home/phy_ai/.ihub/daksha/install/hw_interface/include/hw_interface/hw_interface/msg
-- Up-to-date: /home/phy_ai/.ihub/daksha/install/hw_interface/include/hw_interface/hw_interface/msg/detail
-- Up-to-date: /home/phy_ai/.ihub/daksha/install/hw_interface/include/hw_interface/hw_interface/msg/detail/motor_status__rosidl_typesupport_fastrtps_c.h
-- Up-to-date: /home/phy_ai/.ihub/daksha/install/hw_interface/include/hw_interface/hw_interface/msg/detail/motor_status_array__rosidl_typesupport_fastrtps_c.h
-- Up-to-date: /home/phy_ai/.ihub/daksha/install/hw_interface/include/hw_interface/hw_interface/msg/rosidl_typesupport_fastrtps_c__visibility_control.h
-- Up-to-date: /home/phy_ai/.ihub/daksha/install/hw_interface/lib/libhw_interface__rosidl_typesupport_fastrtps_c.so
-- Up-to-date: /home/phy_ai/.ihub/daksha/install/hw_interface/include/hw_interface/hw_interface
-- Up-to-date: /home/phy_ai/.ihub/daksha/install/hw_interface/include/hw_interface/hw_interface/srv
-- Up-to-date: /home/phy_ai/.ihub/daksha/install/hw_interface/include/hw_interface/hw_interface/srv/set_motor_gains.hpp
-- Up-to-date: /home/phy_ai/.ihub/daksha/install/hw_interface/include/hw_interface/hw_interface/srv/detail
-- Up-to-date: /home/phy_ai/.ihub/daksha/install/hw_interface/include/hw_interface/hw_interface/srv/detail/set_motor_gains__type_support.hpp
-- Up-to-date: /home/phy_ai/.ihub/daksha/install/hw_interface/include/hw_interface/hw_interface/srv/detail/set_motor_gains__traits.hpp
-- Up-to-date: /home/phy_ai/.ihub/daksha/install/hw_interface/include/hw_interface/hw_interface/srv/detail/set_motor_gains__struct.hpp
-- Up-to-date: /home/phy_ai/.ihub/daksha/install/hw_interface/include/hw_interface/hw_interface/srv/detail/set_motor_gains__builder.hpp
-- Up-to-date: /home/phy_ai/.ihub/daksha/install/hw_interface/include/hw_interface/hw_interface/msg
-- Up-to-date: /home/phy_ai/.ihub/daksha/install/hw_interface/include/hw_interface/hw_interface/msg/motor_status.hpp
-- Up-to-date: /home/phy_ai/.ihub/daksha/install/hw_interface/include/hw_interface/hw_interface/msg/motor_status_array.hpp
-- Up-to-date: /home/phy_ai/.ihub/daksha/install/hw_interface/include/hw_interface/hw_interface/msg/detail
-- Up-to-date: /home/phy_ai/.ihub/daksha/install/hw_interface/include/hw_interface/hw_interface/msg/detail/motor_status_array__struct.hpp
-- Up-to-date: /home/phy_ai/.ihub/daksha/install/hw_interface/include/hw_interface/hw_interface/msg/detail/motor_status__traits.hpp
-- Up-to-date: /home/phy_ai/.ihub/daksha/install/hw_interface/include/hw_interface/hw_interface/msg/detail/motor_status_array__type_support.hpp
-- Up-to-date: /home/phy_ai/.ihub/daksha/install/hw_interface/include/hw_interface/hw_interface/msg/detail/motor_status__type_support.hpp
-- Up-to-date: /home/phy_ai/.ihub/daksha/install/hw_interface/include/hw_interface/hw_interface/msg/detail/motor_status_array__traits.hpp
-- Up-to-date: /home/phy_ai/.ihub/daksha/install/hw_interface/include/hw_interface/hw_interface/msg/detail/motor_status__builder.hpp
-- Up-to-date: /home/phy_ai/.ihub/daksha/install/hw_interface/include/hw_interface/hw_interface/msg/detail/motor_status__struct.hpp
-- Up-to-date: /home/phy_ai/.ihub/daksha/install/hw_interface/include/hw_interface/hw_interface/msg/detail/motor_status_array__builder.hpp
-- Up-to-date: /home/phy_ai/.ihub/daksha/install/hw_interface/include/hw_interface/hw_interface/msg/rosidl_generator_cpp__visibility_control.hpp
-- Up-to-date: /home/phy_ai/.ihub/daksha/install/hw_interface/include/hw_interface/hw_interface
-- Up-to-date: /home/phy_ai/.ihub/daksha/install/hw_interface/include/hw_interface/hw_interface/srv
-- Up-to-date: /home/phy_ai/.ihub/daksha/install/hw_interface/include/hw_interface/hw_interface/srv/detail
-- Up-to-date: /home/phy_ai/.ihub/daksha/install/hw_interface/include/hw_interface/hw_interface/srv/detail/dds_fastrtps
-- Up-to-date: /home/phy_ai/.ihub/daksha/install/hw_interface/include/hw_interface/hw_interface/srv/detail/set_motor_gains__rosidl_typesupport_fastrtps_cpp.hpp
-- Up-to-date: /home/phy_ai/.ihub/daksha/install/hw_interface/include/hw_interface/hw_interface/msg
-- Up-to-date: /home/phy_ai/.ihub/daksha/install/hw_interface/include/hw_interface/hw_interface/msg/detail
-- Up-to-date: /home/phy_ai/.ihub/daksha/install/hw_interface/include/hw_interface/hw_interface/msg/detail/dds_fastrtps
-- Up-to-date: /home/phy_ai/.ihub/daksha/install/hw_interface/include/hw_interface/hw_interface/msg/detail/motor_status_array__rosidl_typesupport_fastrtps_cpp.hpp
-- Up-to-date: /home/phy_ai/.ihub/daksha/install/hw_interface/include/hw_interface/hw_interface/msg/detail/motor_status__rosidl_typesupport_fastrtps_cpp.hpp
-- Up-to-date: /home/phy_ai/.ihub/daksha/install/hw_interface/include/hw_interface/hw_interface/msg/rosidl_typesupport_fastrtps_cpp__visibility_control.h
-- Up-to-date: /home/phy_ai/.ihub/daksha/install/hw_interface/lib/libhw_interface__rosidl_typesupport_fastrtps_cpp.so
-- Up-to-date: /home/phy_ai/.ihub/daksha/install/hw_interface/include/hw_interface/hw_interface
-- Up-to-date: /home/phy_ai/.ihub/daksha/install/hw_interface/include/hw_interface/hw_interface/srv
-- Up-to-date: /home/phy_ai/.ihub/daksha/install/hw_interface/include/hw_interface/hw_interface/srv/detail
-- Up-to-date: /home/phy_ai/.ihub/daksha/install/hw_interface/include/hw_interface/hw_interface/srv/detail/set_motor_gains__rosidl_typesupport_introspection_c.h
-- Up-to-date: /home/phy_ai/.ihub/daksha/install/hw_interface/include/hw_interface/hw_interface/srv/detail/set_motor_gains__type_support.c
-- Up-to-date: /home/phy_ai/.ihub/daksha/install/hw_interface/include/hw_interface/hw_interface/msg
-- Up-to-date: /home/phy_ai/.ihub/daksha/install/hw_interface/include/hw_interface/hw_interface/msg/detail
-- Up-to-date: /home/phy_ai/.ihub/daksha/install/hw_interface/include/hw_interface/hw_interface/msg/detail/motor_status__type_support.c
-- Up-to-date: /home/phy_ai/.ihub/daksha/install/hw_interface/include/hw_interface/hw_interface/msg/detail/motor_status_array__type_support.c
-- Up-to-date: /home/phy_ai/.ihub/daksha/install/hw_interface/include/hw_interface/hw_interface/msg/detail/motor_status_array__rosidl_typesupport_introspection_c.h
-- Up-to-date: /home/phy_ai/.ihub/daksha/install/hw_interface/include/hw_interface/hw_interface/msg/detail/motor_status__rosidl_typesupport_introspection_c.h
-- Up-to-date: /home/phy_ai/.ihub/daksha/install/hw_interface/include/hw_interface/hw_interface/msg/rosidl_typesupport_introspection_c__visibility_control.h
-- Up-to-date: /home/phy_ai/.ihub/daksha/install/hw_interface/lib/libhw_interface__rosidl_typesupport_introspection_c.so
-- Up-to-date: /home/phy_ai/.ihub/daksha/install/hw_interface/lib/libhw_interface__rosidl_typesupport_c.so
-- Up-to-date: /home/phy_ai/.ihub/daksha/install/hw_interface/include/hw_interface/hw_interface
-- Up-to-date: /home/phy_ai/.ihub/daksha/install/hw_interface/include/hw_interface/hw_interface/srv
-- Up-to-date: /home/phy_ai/.ihub/daksha/install/hw_interface/include/hw_interface/hw_interface/srv/detail
-- Up-to-date: /home/phy_ai/.ihub/daksha/install/hw_interface/include/hw_interface/hw_interface/srv/detail/set_motor_gains__type_support.cpp
-- Up-to-date: /home/phy_ai/.ihub/daksha/install/hw_interface/include/hw_interface/hw_interface/srv/detail/set_motor_gains__rosidl_typesupport_introspection_cpp.hpp
-- Up-to-date: /home/phy_ai/.ihub/daksha/install/hw_interface/include/hw_interface/hw_interface/msg
-- Up-to-date: /home/phy_ai/.ihub/daksha/install/hw_interface/include/hw_interface/hw_interface/msg/detail
-- Up-to-date: /home/phy_ai/.ihub/daksha/install/hw_interface/include/hw_interface/hw_interface/msg/detail/motor_status_array__rosidl_typesupport_introspection_cpp.hpp
-- Up-to-date: /home/phy_ai/.ihub/daksha/install/hw_interface/include/hw_interface/hw_interface/msg/detail/motor_status__type_support.cpp
-- Up-to-date: /home/phy_ai/.ihub/daksha/install/hw_interface/include/hw_interface/hw_interface/msg/detail/motor_status_array__type_support.cpp
-- Up-to-date: /home/phy_ai/.ihub/daksha/install/hw_interface/include/hw_interface/hw_interface/msg/detail/motor_status__rosidl_typesupport_introspection_cpp.hpp
-- Up-to-date: /home/phy_ai/.ihub/daksha/install/hw_interface/lib/libhw_interface__rosidl_typesupport_introspection_cpp.so
-- Up-to-date: /home/phy_ai/.ihub/daksha/install/hw_interface/lib/libhw_interface__rosidl_typesupport_cpp.so
-- Up-to-date: /home/phy_ai/.ihub/daksha/install/hw_interface/share/hw_interface/environment/pythonpath.sh
-- Up-to-date: /home/phy_ai/.ihub/daksha/install/hw_interface/share/hw_interface/environment/pythonpath.dsv
-- Up-to-date: /home/phy_ai/.ihub/daksha/install/hw_interface/local/lib/python3.10/dist-packages/hw_interface-0.0.0-py3.10.egg-info
-- Installing: /home/phy_ai/.ihub/daksha/install/hw_interface/local/lib/python3.10/dist-packages/hw_interface-0.0.0-py3.10.egg-info/SOURCES.txt
-- Installing: /home/phy_ai/.ihub/daksha/install/hw_interface/local/lib/python3.10/dist-packages/hw_interface-0.0.0-py3.10.egg-info/top_level.txt
-- Installing: /home/phy_ai/.ihub/daksha/install/hw_interface/local/lib/python3.10/dist-packages/hw_interface-0.0.0-py3.10.egg-info/PKG-INFO
-- Installing: /home/phy_ai/.ihub/daksha/install/hw_interface/local/lib/python3.10/dist-packages/hw_interface-0.0.0-py3.10.egg-info/dependency_links.txt
-- Up-to-date: /home/phy_ai/.ihub/daksha/install/hw_interface/local/lib/python3.10/dist-packages/hw_interface
-- Up-to-date: /home/phy_ai/.ihub/daksha/install/hw_interface/local/lib/python3.10/dist-packages/hw_interface/srv
-- Up-to-date: /home/phy_ai/.ihub/daksha/install/hw_interface/local/lib/python3.10/dist-packages/hw_interface/srv/_set_motor_gains_s.c
-- Up-to-date: /home/phy_ai/.ihub/daksha/install/hw_interface/local/lib/python3.10/dist-packages/hw_interface/srv/_set_motor_gains.py
-- Up-to-date: /home/phy_ai/.ihub/daksha/install/hw_interface/local/lib/python3.10/dist-packages/hw_interface/srv/__init__.py
-- Up-to-date: /home/phy_ai/.ihub/daksha/install/hw_interface/local/lib/python3.10/dist-packages/hw_interface/hw_interface_s__rosidl_typesupport_introspection_c.cpython-310-x86_64-linux-gnu.so
-- Up-to-date: /home/phy_ai/.ihub/daksha/install/hw_interface/local/lib/python3.10/dist-packages/hw_interface/hw_interface_s__rosidl_typesupport_fastrtps_c.cpython-310-x86_64-linux-gnu.so
-- Up-to-date: /home/phy_ai/.ihub/daksha/install/hw_interface/local/lib/python3.10/dist-packages/hw_interface/__init__.py
-- Up-to-date: /home/phy_ai/.ihub/daksha/install/hw_interface/local/lib/python3.10/dist-packages/hw_interface/_hw_interface_s.ep.rosidl_typesupport_c.c
-- Up-to-date: /home/phy_ai/.ihub/daksha/install/hw_interface/local/lib/python3.10/dist-packages/hw_interface/_hw_interface_s.ep.rosidl_typesupport_fastrtps_c.c
-- Up-to-date: /home/phy_ai/.ihub/daksha/install/hw_interface/local/lib/python3.10/dist-packages/hw_interface/_hw_interface_s.ep.rosidl_typesupport_introspection_c.c
-- Up-to-date: /home/phy_ai/.ihub/daksha/install/hw_interface/local/lib/python3.10/dist-packages/hw_interface/msg
-- Up-to-date: /home/phy_ai/.ihub/daksha/install/hw_interface/local/lib/python3.10/dist-packages/hw_interface/msg/_motor_status.py
-- Up-to-date: /home/phy_ai/.ihub/daksha/install/hw_interface/local/lib/python3.10/dist-packages/hw_interface/msg/_motor_status_s.c
-- Up-to-date: /home/phy_ai/.ihub/daksha/install/hw_interface/local/lib/python3.10/dist-packages/hw_interface/msg/__init__.py
-- Up-to-date: /home/phy_ai/.ihub/daksha/install/hw_interface/local/lib/python3.10/dist-packages/hw_interface/msg/_motor_status_array_s.c
-- Up-to-date: /home/phy_ai/.ihub/daksha/install/hw_interface/local/lib/python3.10/dist-packages/hw_interface/msg/_motor_status_array.py
-- Up-to-date: /home/phy_ai/.ihub/daksha/install/hw_interface/local/lib/python3.10/dist-packages/hw_interface/libhw_interface__rosidl_generator_py.so
-- Up-to-date: /home/phy_ai/.ihub/daksha/install/hw_interface/local/lib/python3.10/dist-packages/hw_interface/hw_interface_s__rosidl_typesupport_c.cpython-310-x86_64-linux-gnu.so
Listing '/home/phy_ai/.ihub/daksha/install/hw_interface/local/lib/python3.10/dist-packages/hw_interface'...
Listing '/home/phy_ai/.ihub/daksha/install/hw_interface/local/lib/python3.10/dist-packages/hw_interface/msg'...
Listing '/home/phy_ai/.ihub/daksha/install/hw_interface/local/lib/python3.10/dist-packages/hw_interface/srv'...
-- Up-to-date: /home/phy_ai/.ihub/daksha/install/hw_interface/local/lib/python3.10/dist-packages/hw_interface/hw_interface_s__rosidl_typesupport_fastrtps_c.cpython-310-x86_64-linux-gnu.so
-- Up-to-date: /home/phy_ai/.ihub/daksha/install/hw_interface/local/lib/python3.10/dist-packages/hw_interface/hw_interface_s__rosidl_typesupport_introspection_c.cpython-310-x86_64-linux-gnu.so
-- Up-to-date: /home/phy_ai/.ihub/daksha/install/hw_interface/local/lib/python3.10/dist-packages/hw_interface/hw_interface_s__rosidl_typesupport_c.cpython-310-x86_64-linux-gnu.so
-- Up-to-date: /home/phy_ai/.ihub/daksha/install/hw_interface/lib/libhw_interface__rosidl_generator_py.so
-- Up-to-date: /home/phy_ai/.ihub/daksha/install/hw_interface/share/ament_index/resource_index/rust_packages/hw_interface
-- Up-to-date: /home/phy_ai/.ihub/daksha/install/hw_interface/share/hw_interface/rust
-- Up-to-date: /home/phy_ai/.ihub/daksha/install/hw_interface/share/hw_interface/rust/build.rs
-- Up-to-date: /home/phy_ai/.ihub/daksha/install/hw_interface/share/hw_interface/rust/src
-- Up-to-date: /home/phy_ai/.ihub/daksha/install/hw_interface/share/hw_interface/rust/src/srv
-- Up-to-date: /home/phy_ai/.ihub/daksha/install/hw_interface/share/hw_interface/rust/src/srv/rmw.rs
-- Up-to-date: /home/phy_ai/.ihub/daksha/install/hw_interface/share/hw_interface/rust/src/lib.rs
-- Up-to-date: /home/phy_ai/.ihub/daksha/install/hw_interface/share/hw_interface/rust/src/srv.rs
-- Up-to-date: /home/phy_ai/.ihub/daksha/install/hw_interface/share/hw_interface/rust/src/msg.rs
-- Up-to-date: /home/phy_ai/.ihub/daksha/install/hw_interface/share/hw_interface/rust/src/msg
-- Up-to-date: /home/phy_ai/.ihub/daksha/install/hw_interface/share/hw_interface/rust/src/msg/rmw.rs
-- Up-to-date: /home/phy_ai/.ihub/daksha/install/hw_interface/share/hw_interface/rust/Cargo.toml
-- Up-to-date: /home/phy_ai/.ihub/daksha/install/hw_interface/share/hw_interface/msg/MotorStatus.idl
-- Up-to-date: /home/phy_ai/.ihub/daksha/install/hw_interface/share/hw_interface/msg/MotorStatusArray.idl
-- Up-to-date: /home/phy_ai/.ihub/daksha/install/hw_interface/share/hw_interface/srv/SetMotorGains.idl
-- Up-to-date: /home/phy_ai/.ihub/daksha/install/hw_interface/share/hw_interface/msg/MotorStatus.msg
-- Up-to-date: /home/phy_ai/.ihub/daksha/install/hw_interface/share/hw_interface/msg/MotorStatusArray.msg
-- Up-to-date: /home/phy_ai/.ihub/daksha/install/hw_interface/share/hw_interface/srv/SetMotorGains.srv
-- Up-to-date: /home/phy_ai/.ihub/daksha/install/hw_interface/share/hw_interface/srv/SetMotorGains_Request.msg
-- Up-to-date: /home/phy_ai/.ihub/daksha/install/hw_interface/share/hw_interface/srv/SetMotorGains_Response.msg
-- Up-to-date: /home/phy_ai/.ihub/daksha/install/hw_interface/lib/hw_interface/vcan_bridge_node
-- Up-to-date: /home/phy_ai/.ihub/daksha/install/hw_interface/share/hw_interface/my_robot_hardware_interface.xml
-- Up-to-date: /home/phy_ai/.ihub/daksha/install/hw_interface/share/hw_interface/my_robot_hardware_interface.xml
-- Up-to-date: /home/phy_ai/.ihub/daksha/install/hw_interface/lib/libhw_interface_plugin.so
-- Up-to-date: /home/phy_ai/.ihub/daksha/install/hw_interface/include
-- Up-to-date: /home/phy_ai/.ihub/daksha/install/hw_interface/include/hw_interface
-- Up-to-date: /home/phy_ai/.ihub/daksha/install/hw_interface/include/hw_interface/driver.hpp
-- Up-to-date: /home/phy_ai/.ihub/daksha/install/hw_interface/include/hw_interface/socketcan_transport.hpp
-- Up-to-date: /home/phy_ai/.ihub/daksha/install/hw_interface/include/hw_interface/arm_interface.hpp
-- Up-to-date: /home/phy_ai/.ihub/daksha/install/hw_interface/share/ament_index/resource_index/package_run_dependencies/hw_interface
-- Up-to-date: /home/phy_ai/.ihub/daksha/install/hw_interface/share/ament_index/resource_index/parent_prefix_path/hw_interface
-- Up-to-date: /home/phy_ai/.ihub/daksha/install/hw_interface/share/hw_interface/environment/ament_prefix_path.sh
-- Up-to-date: /home/phy_ai/.ihub/daksha/install/hw_interface/share/hw_interface/environment/ament_prefix_path.dsv
-- Up-to-date: /home/phy_ai/.ihub/daksha/install/hw_interface/share/hw_interface/environment/path.sh
-- Up-to-date: /home/phy_ai/.ihub/daksha/install/hw_interface/share/hw_interface/environment/path.dsv
-- Up-to-date: /home/phy_ai/.ihub/daksha/install/hw_interface/share/hw_interface/local_setup.bash
-- Up-to-date: /home/phy_ai/.ihub/daksha/install/hw_interface/share/hw_interface/local_setup.sh
-- Up-to-date: /home/phy_ai/.ihub/daksha/install/hw_interface/share/hw_interface/local_setup.zsh
-- Up-to-date: /home/phy_ai/.ihub/daksha/install/hw_interface/share/hw_interface/local_setup.dsv
-- Installing: /home/phy_ai/.ihub/daksha/install/hw_interface/share/hw_interface/package.dsv
-- Up-to-date: /home/phy_ai/.ihub/daksha/install/hw_interface/share/ament_index/resource_index/packages/hw_interface
-- Up-to-date: /home/phy_ai/.ihub/daksha/install/hw_interface/share/ament_index/resource_index/hardware_interface__pluginlib__plugin/hw_interface
-- Up-to-date: /home/phy_ai/.ihub/daksha/install/hw_interface/share/hw_interface/cmake/export_hw_interface__rosidl_generator_cExport.cmake
-- Up-to-date: /home/phy_ai/.ihub/daksha/install/hw_interface/share/hw_interface/cmake/export_hw_interface__rosidl_generator_cExport-noconfig.cmake
-- Up-to-date: /home/phy_ai/.ihub/daksha/install/hw_interface/share/hw_interface/cmake/export_hw_interface__rosidl_typesupport_fastrtps_cExport.cmake
-- Up-to-date: /home/phy_ai/.ihub/daksha/install/hw_interface/share/hw_interface/cmake/export_hw_interface__rosidl_typesupport_fastrtps_cExport-noconfig.cmake
-- Up-to-date: /home/phy_ai/.ihub/daksha/install/hw_interface/share/hw_interface/cmake/export_hw_interface__rosidl_generator_cppExport.cmake
-- Up-to-date: /home/phy_ai/.ihub/daksha/install/hw_interface/share/hw_interface/cmake/export_hw_interface__rosidl_typesupport_fastrtps_cppExport.cmake
-- Up-to-date: /home/phy_ai/.ihub/daksha/install/hw_interface/share/hw_interface/cmake/export_hw_interface__rosidl_typesupport_fastrtps_cppExport-noconfig.cmake
-- Up-to-date: /home/phy_ai/.ihub/daksha/install/hw_interface/share/hw_interface/cmake/hw_interface__rosidl_typesupport_introspection_cExport.cmake
-- Up-to-date: /home/phy_ai/.ihub/daksha/install/hw_interface/share/hw_interface/cmake/hw_interface__rosidl_typesupport_introspection_cExport-noconfig.cmake
-- Up-to-date: /home/phy_ai/.ihub/daksha/install/hw_interface/share/hw_interface/cmake/hw_interface__rosidl_typesupport_cExport.cmake
-- Up-to-date: /home/phy_ai/.ihub/daksha/install/hw_interface/share/hw_interface/cmake/hw_interface__rosidl_typesupport_cExport-noconfig.cmake
-- Up-to-date: /home/phy_ai/.ihub/daksha/install/hw_interface/share/hw_interface/cmake/hw_interface__rosidl_typesupport_introspection_cppExport.cmake
-- Up-to-date: /home/phy_ai/.ihub/daksha/install/hw_interface/share/hw_interface/cmake/hw_interface__rosidl_typesupport_introspection_cppExport-noconfig.cmake
-- Up-to-date: /home/phy_ai/.ihub/daksha/install/hw_interface/share/hw_interface/cmake/hw_interface__rosidl_typesupport_cppExport.cmake
-- Up-to-date: /home/phy_ai/.ihub/daksha/install/hw_interface/share/hw_interface/cmake/hw_interface__rosidl_typesupport_cppExport-noconfig.cmake
-- Up-to-date: /home/phy_ai/.ihub/daksha/install/hw_interface/share/hw_interface/cmake/export_hw_interface__rosidl_generator_pyExport.cmake
-- Up-to-date: /home/phy_ai/.ihub/daksha/install/hw_interface/share/hw_interface/cmake/export_hw_interface__rosidl_generator_pyExport-noconfig.cmake
-- Up-to-date: /home/phy_ai/.ihub/daksha/install/hw_interface/share/hw_interface/cmake/rosidl_cmake-extras.cmake
-- Up-to-date: /home/phy_ai/.ihub/daksha/install/hw_interface/share/hw_interface/cmake/ament_cmake_export_include_directories-extras.cmake
-- Up-to-date: /home/phy_ai/.ihub/daksha/install/hw_interface/share/hw_interface/cmake/ament_cmake_export_libraries-extras.cmake
-- Up-to-date: /home/phy_ai/.ihub/daksha/install/hw_interface/share/hw_interface/cmake/ament_cmake_export_targets-extras.cmake
-- Up-to-date: /home/phy_ai/.ihub/daksha/install/hw_interface/share/hw_interface/cmake/rosidl_cmake_export_typesupport_targets-extras.cmake
-- Up-to-date: /home/phy_ai/.ihub/daksha/install/hw_interface/share/hw_interface/cmake/ament_cmake_export_dependencies-extras.cmake
-- Up-to-date: /home/phy_ai/.ihub/daksha/install/hw_interface/share/hw_interface/cmake/rosidl_cmake_export_typesupport_libraries-extras.cmake
-- Up-to-date: /home/phy_ai/.ihub/daksha/install/hw_interface/share/hw_interface/cmake/rosidl_cmake_aggregate_target-extras.cmake
-- Up-to-date: /home/phy_ai/.ihub/daksha/install/hw_interface/share/hw_interface/cmake/hw_interfaceConfig.cmake
-- Up-to-date: /home/phy_ai/.ihub/daksha/install/hw_interface/share/hw_interface/cmake/hw_interfaceConfig-version.cmake
-- Up-to-date: /home/phy_ai/.ihub/daksha/install/hw_interface/share/hw_interface/package.xml
