[0.783s] Invoking command in '/home/phy_ai/.ihub/daksha/build/hw_interface': CMAKE_PREFIX_PATH=${CMAKE_PREFIX_PATH}:/home/phy_ai/.barani/gen2_full/install/world_camera_launch:/home/phy_ai/.barani/gen2_full/install/gen2:/home/phy_ai/.barani/gen2_full/install/vr_teleop:/home/phy_ai/.barani/gen2_full/install/ros_tcp_endpoint:/home/phy_ai/.barani/gen2_full/install/nav_bringup:/home/phy_ai/.barani/gen2_full/install/nav2_config:/home/phy_ai/.barani/gen2_full/install/kinematics:/home/phy_ai/.barani/gen2_full/install/joint_cmd_logger:/home/phy_ai/.barani/gen2_full/install/joint_analyzer:/home/phy_ai/.barani/gen2_full/install/daksha_data_collection:/home/phy_ai/.barani/gen2_full/install/gen2_leader:/home/phy_ai/.barani/gen2_full/install/amr_bringup:/home/phy_ai/.barani/gen2_full/install/daksha_final_urdf_description:/home/phy_ai/.barani/gen2_full/install/daksha_description_full_body:/home/phy_ai/.barani/gen2_full/install/daksha_base_urdf:/home/phy_ai/.barani/gen2_full/install/daksha_api_bridge_leader:/home/phy_ai/.barani/gen2_full/install/daksha_api_bridge_follower:/opt/ros/humble /usr/bin/cmake --build /home/phy_ai/.ihub/daksha/build/hw_interface -- -j16 -l16
[4.989s] [  1%] Built target hw_interface__rs
[4.992s] [ 11%] Built target vcan_bridge_node
[4.993s] [ 15%] Built target hw_interface__rosidl_generator_c
[4.993s] [ 17%] Built target hw_interface__cpp
[4.993s] [ 17%] Built target ament_cmake_python_copy_hw_interface
[4.993s] [ 42%] Built target hw_interface__rosidl_typesupport_fastrtps_c
[4.993s] [ 36%] Built target hw_interface__rosidl_typesupport_c
[4.993s] [ 46%] Built target hw_interface__rosidl_typesupport_introspection_c
[4.993s] [ 65%] Built target hw_interface__rosidl_typesupport_fastrtps_cpp
[4.993s] [ 65%] Built target hw_interface__rosidl_typesupport_cpp
[4.993s] [ 75%] Built target hw_interface__rosidl_typesupport_introspection_cpp
[4.994s] [ 75%] Built target hw_interface
[4.994s] [ 78%] Built target hw_interface_plugin
[4.994s] [ 80%] Built target hw_interface__py
[4.994s] [ 88%] Built target hw_interface__rosidl_generator_py
[4.994s] [ 92%] Built target hw_interface__rosidl_typesupport_fastrtps_c__pyext
[4.994s] [ 96%] Built target hw_interface__rosidl_typesupport_c__pyext
[4.994s] [100%] Built target hw_interface__rosidl_typesupport_introspection_c__pyext
[4.994s] running egg_info
[4.995s] writing hw_interface.egg-info/PKG-INFO
[4.995s] writing dependency_links to hw_interface.egg-info/dependency_links.txt
[4.995s] writing top-level names to hw_interface.egg-info/top_level.txt
[4.995s] reading manifest file 'hw_interface.egg-info/SOURCES.txt'
[4.995s] writing manifest file 'hw_interface.egg-info/SOURCES.txt'
[4.995s] [100%] Built target ament_cmake_python_build_hw_interface_egg
[5.022s] Invoked command in '/home/phy_ai/.ihub/daksha/build/hw_interface' returned '0': CMAKE_PREFIX_PATH=${CMAKE_PREFIX_PATH}:/home/phy_ai/.barani/gen2_full/install/world_camera_launch:/home/phy_ai/.barani/gen2_full/install/gen2:/home/phy_ai/.barani/gen2_full/install/vr_teleop:/home/phy_ai/.barani/gen2_full/install/ros_tcp_endpoint:/home/phy_ai/.barani/gen2_full/install/nav_bringup:/home/phy_ai/.barani/gen2_full/install/nav2_config:/home/phy_ai/.barani/gen2_full/install/kinematics:/home/phy_ai/.barani/gen2_full/install/joint_cmd_logger:/home/phy_ai/.barani/gen2_full/install/joint_analyzer:/home/phy_ai/.barani/gen2_full/install/daksha_data_collection:/home/phy_ai/.barani/gen2_full/install/gen2_leader:/home/phy_ai/.barani/gen2_full/install/amr_bringup:/home/phy_ai/.barani/gen2_full/install/daksha_final_urdf_description:/home/phy_ai/.barani/gen2_full/install/daksha_description_full_body:/home/phy_ai/.barani/gen2_full/install/daksha_base_urdf:/home/phy_ai/.barani/gen2_full/install/daksha_api_bridge_leader:/home/phy_ai/.barani/gen2_full/install/daksha_api_bridge_follower:/opt/ros/humble /usr/bin/cmake --build /home/phy_ai/.ihub/daksha/build/hw_interface -- -j16 -l16
[5.037s] Invoking command in '/home/phy_ai/.ihub/daksha/build/hw_interface': CMAKE_PREFIX_PATH=${CMAKE_PREFIX_PATH}:/home/phy_ai/.barani/gen2_full/install/world_camera_launch:/home/phy_ai/.barani/gen2_full/install/gen2:/home/phy_ai/.barani/gen2_full/install/vr_teleop:/home/phy_ai/.barani/gen2_full/install/ros_tcp_endpoint:/home/phy_ai/.barani/gen2_full/install/nav_bringup:/home/phy_ai/.barani/gen2_full/install/nav2_config:/home/phy_ai/.barani/gen2_full/install/kinematics:/home/phy_ai/.barani/gen2_full/install/joint_cmd_logger:/home/phy_ai/.barani/gen2_full/install/joint_analyzer:/home/phy_ai/.barani/gen2_full/install/daksha_data_collection:/home/phy_ai/.barani/gen2_full/install/gen2_leader:/home/phy_ai/.barani/gen2_full/install/amr_bringup:/home/phy_ai/.barani/gen2_full/install/daksha_final_urdf_description:/home/phy_ai/.barani/gen2_full/install/daksha_description_full_body:/home/phy_ai/.barani/gen2_full/install/daksha_base_urdf:/home/phy_ai/.barani/gen2_full/install/daksha_api_bridge_leader:/home/phy_ai/.barani/gen2_full/install/daksha_api_bridge_follower:/opt/ros/humble /usr/bin/cmake --install /home/phy_ai/.ihub/daksha/build/hw_interface
[5.106s] -- Install configuration: ""
[5.106s] -- Up-to-date: /home/phy_ai/.ihub/daksha/install/hw_interface/share/ament_index/resource_index/rosidl_interfaces/hw_interface
[5.106s] -- Up-to-date: /home/phy_ai/.ihub/daksha/install/hw_interface/include/hw_interface/hw_interface
[5.106s] -- Up-to-date: /home/phy_ai/.ihub/daksha/install/hw_interface/include/hw_interface/hw_interface/srv
[5.106s] -- Up-to-date: /home/phy_ai/.ihub/daksha/install/hw_interface/include/hw_interface/hw_interface/srv/detail
[5.106s] -- Up-to-date: /home/phy_ai/.ihub/daksha/install/hw_interface/include/hw_interface/hw_interface/srv/detail/set_motor_gains__struct.h
[5.107s] -- Up-to-date: /home/phy_ai/.ihub/daksha/install/hw_interface/include/hw_interface/hw_interface/srv/detail/set_motor_gains__functions.h
[5.107s] -- Up-to-date: /home/phy_ai/.ihub/daksha/install/hw_interface/include/hw_interface/hw_interface/srv/detail/set_motor_gains__functions.c
[5.107s] -- Up-to-date: /home/phy_ai/.ihub/daksha/install/hw_interface/include/hw_interface/hw_interface/srv/detail/set_motor_gains__type_support.h
[5.107s] -- Up-to-date: /home/phy_ai/.ihub/daksha/install/hw_interface/include/hw_interface/hw_interface/srv/set_motor_gains.h
[5.108s] -- Up-to-date: /home/phy_ai/.ihub/daksha/install/hw_interface/include/hw_interface/hw_interface/msg
[5.108s] -- Up-to-date: /home/phy_ai/.ihub/daksha/install/hw_interface/include/hw_interface/hw_interface/msg/motor_status_array.h
[5.108s] -- Up-to-date: /home/phy_ai/.ihub/daksha/install/hw_interface/include/hw_interface/hw_interface/msg/detail
[5.108s] -- Up-to-date: /home/phy_ai/.ihub/daksha/install/hw_interface/include/hw_interface/hw_interface/msg/detail/motor_status_array__functions.h
[5.108s] -- Up-to-date: /home/phy_ai/.ihub/daksha/install/hw_interface/include/hw_interface/hw_interface/msg/detail/motor_status_array__functions.c
[5.108s] -- Up-to-date: /home/phy_ai/.ihub/daksha/install/hw_interface/include/hw_interface/hw_interface/msg/detail/motor_status__functions.h
[5.108s] -- Up-to-date: /home/phy_ai/.ihub/daksha/install/hw_interface/include/hw_interface/hw_interface/msg/detail/motor_status__type_support.h
[5.109s] -- Up-to-date: /home/phy_ai/.ihub/daksha/install/hw_interface/include/hw_interface/hw_interface/msg/detail/motor_status__struct.h
[5.110s] -- Up-to-date: /home/phy_ai/.ihub/daksha/install/hw_interface/include/hw_interface/hw_interface/msg/detail/motor_status_array__type_support.h
[5.110s] -- Up-to-date: /home/phy_ai/.ihub/daksha/install/hw_interface/include/hw_interface/hw_interface/msg/detail/motor_status_array__struct.h
[5.114s] -- Up-to-date: /home/phy_ai/.ihub/daksha/install/hw_interface/include/hw_interface/hw_interface/msg/detail/motor_status__functions.c
[5.114s] -- Up-to-date: /home/phy_ai/.ihub/daksha/install/hw_interface/include/hw_interface/hw_interface/msg/motor_status.h
[5.116s] -- Up-to-date: /home/phy_ai/.ihub/daksha/install/hw_interface/include/hw_interface/hw_interface/msg/rosidl_generator_c__visibility_control.h
[5.123s] -- Up-to-date: /home/phy_ai/.ihub/daksha/install/hw_interface/share/hw_interface/environment/library_path.sh
[5.123s] -- Up-to-date: /home/phy_ai/.ihub/daksha/install/hw_interface/share/hw_interface/environment/library_path.dsv
[5.123s] -- Up-to-date: /home/phy_ai/.ihub/daksha/install/hw_interface/lib/libhw_interface__rosidl_generator_c.so
[5.123s] -- Up-to-date: /home/phy_ai/.ihub/daksha/install/hw_interface/include/hw_interface/hw_interface
[5.124s] -- Up-to-date: /home/phy_ai/.ihub/daksha/install/hw_interface/include/hw_interface/hw_interface/srv
[5.124s] -- Up-to-date: /home/phy_ai/.ihub/daksha/install/hw_interface/include/hw_interface/hw_interface/srv/detail
[5.124s] -- Up-to-date: /home/phy_ai/.ihub/daksha/install/hw_interface/include/hw_interface/hw_interface/srv/detail/set_motor_gains__rosidl_typesupport_fastrtps_c.h
[5.124s] -- Up-to-date: /home/phy_ai/.ihub/daksha/install/hw_interface/include/hw_interface/hw_interface/msg
[5.125s] -- Up-to-date: /home/phy_ai/.ihub/daksha/install/hw_interface/include/hw_interface/hw_interface/msg/detail
[5.125s] -- Up-to-date: /home/phy_ai/.ihub/daksha/install/hw_interface/include/hw_interface/hw_interface/msg/detail/motor_status__rosidl_typesupport_fastrtps_c.h
[5.132s] -- Up-to-date: /home/phy_ai/.ihub/daksha/install/hw_interface/include/hw_interface/hw_interface/msg/detail/motor_status_array__rosidl_typesupport_fastrtps_c.h
[5.135s] -- Up-to-date: /home/phy_ai/.ihub/daksha/install/hw_interface/include/hw_interface/hw_interface/msg/rosidl_typesupport_fastrtps_c__visibility_control.h
[5.135s] -- Up-to-date: /home/phy_ai/.ihub/daksha/install/hw_interface/lib/libhw_interface__rosidl_typesupport_fastrtps_c.so
[5.135s] -- Up-to-date: /home/phy_ai/.ihub/daksha/install/hw_interface/include/hw_interface/hw_interface
[5.136s] -- Up-to-date: /home/phy_ai/.ihub/daksha/install/hw_interface/include/hw_interface/hw_interface/srv
[5.136s] -- Up-to-date: /home/phy_ai/.ihub/daksha/install/hw_interface/include/hw_interface/hw_interface/srv/set_motor_gains.hpp
[5.136s] -- Up-to-date: /home/phy_ai/.ihub/daksha/install/hw_interface/include/hw_interface/hw_interface/srv/detail
[5.136s] -- Up-to-date: /home/phy_ai/.ihub/daksha/install/hw_interface/include/hw_interface/hw_interface/srv/detail/set_motor_gains__type_support.hpp
[5.136s] -- Up-to-date: /home/phy_ai/.ihub/daksha/install/hw_interface/include/hw_interface/hw_interface/srv/detail/set_motor_gains__traits.hpp
[5.136s] -- Up-to-date: /home/phy_ai/.ihub/daksha/install/hw_interface/include/hw_interface/hw_interface/srv/detail/set_motor_gains__struct.hpp
[5.136s] -- Up-to-date: /home/phy_ai/.ihub/daksha/install/hw_interface/include/hw_interface/hw_interface/srv/detail/set_motor_gains__builder.hpp
[5.136s] -- Up-to-date: /home/phy_ai/.ihub/daksha/install/hw_interface/include/hw_interface/hw_interface/msg
[5.136s] -- Up-to-date: /home/phy_ai/.ihub/daksha/install/hw_interface/include/hw_interface/hw_interface/msg/motor_status.hpp
[5.137s] -- Up-to-date: /home/phy_ai/.ihub/daksha/install/hw_interface/include/hw_interface/hw_interface/msg/motor_status_array.hpp
[5.137s] -- Up-to-date: /home/phy_ai/.ihub/daksha/install/hw_interface/include/hw_interface/hw_interface/msg/detail
[5.138s] -- Up-to-date: /home/phy_ai/.ihub/daksha/install/hw_interface/include/hw_interface/hw_interface/msg/detail/motor_status_array__struct.hpp
[5.138s] -- Up-to-date: /home/phy_ai/.ihub/daksha/install/hw_interface/include/hw_interface/hw_interface/msg/detail/motor_status__traits.hpp
[5.138s] -- Up-to-date: /home/phy_ai/.ihub/daksha/install/hw_interface/include/hw_interface/hw_interface/msg/detail/motor_status_array__type_support.hpp
[5.138s] -- Up-to-date: /home/phy_ai/.ihub/daksha/install/hw_interface/include/hw_interface/hw_interface/msg/detail/motor_status__type_support.hpp
[5.139s] -- Up-to-date: /home/phy_ai/.ihub/daksha/install/hw_interface/include/hw_interface/hw_interface/msg/detail/motor_status_array__traits.hpp
[5.139s] -- Up-to-date: /home/phy_ai/.ihub/daksha/install/hw_interface/include/hw_interface/hw_interface/msg/detail/motor_status__builder.hpp
[5.139s] -- Up-to-date: /home/phy_ai/.ihub/daksha/install/hw_interface/include/hw_interface/hw_interface/msg/detail/motor_status__struct.hpp
[5.139s] -- Up-to-date: /home/phy_ai/.ihub/daksha/install/hw_interface/include/hw_interface/hw_interface/msg/detail/motor_status_array__builder.hpp
[5.139s] -- Up-to-date: /home/phy_ai/.ihub/daksha/install/hw_interface/include/hw_interface/hw_interface/msg/rosidl_generator_cpp__visibility_control.hpp
[5.139s] -- Up-to-date: /home/phy_ai/.ihub/daksha/install/hw_interface/include/hw_interface/hw_interface
[5.139s] -- Up-to-date: /home/phy_ai/.ihub/daksha/install/hw_interface/include/hw_interface/hw_interface/srv
[5.139s] -- Up-to-date: /home/phy_ai/.ihub/daksha/install/hw_interface/include/hw_interface/hw_interface/srv/detail
[5.140s] -- Up-to-date: /home/phy_ai/.ihub/daksha/install/hw_interface/include/hw_interface/hw_interface/srv/detail/dds_fastrtps
[5.140s] -- Up-to-date: /home/phy_ai/.ihub/daksha/install/hw_interface/include/hw_interface/hw_interface/srv/detail/set_motor_gains__rosidl_typesupport_fastrtps_cpp.hpp
[5.140s] -- Up-to-date: /home/phy_ai/.ihub/daksha/install/hw_interface/include/hw_interface/hw_interface/msg
[5.140s] -- Up-to-date: /home/phy_ai/.ihub/daksha/install/hw_interface/include/hw_interface/hw_interface/msg/detail
[5.140s] -- Up-to-date: /home/phy_ai/.ihub/daksha/install/hw_interface/include/hw_interface/hw_interface/msg/detail/dds_fastrtps
[5.140s] -- Up-to-date: /home/phy_ai/.ihub/daksha/install/hw_interface/include/hw_interface/hw_interface/msg/detail/motor_status_array__rosidl_typesupport_fastrtps_cpp.hpp
[5.141s] -- Up-to-date: /home/phy_ai/.ihub/daksha/install/hw_interface/include/hw_interface/hw_interface/msg/detail/motor_status__rosidl_typesupport_fastrtps_cpp.hpp
[5.141s] -- Up-to-date: /home/phy_ai/.ihub/daksha/install/hw_interface/include/hw_interface/hw_interface/msg/rosidl_typesupport_fastrtps_cpp__visibility_control.h
[5.141s] -- Up-to-date: /home/phy_ai/.ihub/daksha/install/hw_interface/lib/libhw_interface__rosidl_typesupport_fastrtps_cpp.so
[5.142s] -- Up-to-date: /home/phy_ai/.ihub/daksha/install/hw_interface/include/hw_interface/hw_interface
[5.143s] -- Up-to-date: /home/phy_ai/.ihub/daksha/install/hw_interface/include/hw_interface/hw_interface/srv
[5.145s] -- Up-to-date: /home/phy_ai/.ihub/daksha/install/hw_interface/include/hw_interface/hw_interface/srv/detail
[5.145s] -- Up-to-date: /home/phy_ai/.ihub/daksha/install/hw_interface/include/hw_interface/hw_interface/srv/detail/set_motor_gains__rosidl_typesupport_introspection_c.h
[5.145s] -- Up-to-date: /home/phy_ai/.ihub/daksha/install/hw_interface/include/hw_interface/hw_interface/srv/detail/set_motor_gains__type_support.c
[5.145s] -- Up-to-date: /home/phy_ai/.ihub/daksha/install/hw_interface/include/hw_interface/hw_interface/msg
[5.145s] -- Up-to-date: /home/phy_ai/.ihub/daksha/install/hw_interface/include/hw_interface/hw_interface/msg/detail
[5.145s] -- Up-to-date: /home/phy_ai/.ihub/daksha/install/hw_interface/include/hw_interface/hw_interface/msg/detail/motor_status__type_support.c
[5.145s] -- Up-to-date: /home/phy_ai/.ihub/daksha/install/hw_interface/include/hw_interface/hw_interface/msg/detail/motor_status_array__type_support.c
[5.146s] -- Up-to-date: /home/phy_ai/.ihub/daksha/install/hw_interface/include/hw_interface/hw_interface/msg/detail/motor_status_array__rosidl_typesupport_introspection_c.h
[5.146s] -- Up-to-date: /home/phy_ai/.ihub/daksha/install/hw_interface/include/hw_interface/hw_interface/msg/detail/motor_status__rosidl_typesupport_introspection_c.h
[5.146s] -- Up-to-date: /home/phy_ai/.ihub/daksha/install/hw_interface/include/hw_interface/hw_interface/msg/rosidl_typesupport_introspection_c__visibility_control.h
[5.146s] -- Up-to-date: /home/phy_ai/.ihub/daksha/install/hw_interface/lib/libhw_interface__rosidl_typesupport_introspection_c.so
[5.146s] -- Up-to-date: /home/phy_ai/.ihub/daksha/install/hw_interface/lib/libhw_interface__rosidl_typesupport_c.so
[5.146s] -- Up-to-date: /home/phy_ai/.ihub/daksha/install/hw_interface/include/hw_interface/hw_interface
[5.146s] -- Up-to-date: /home/phy_ai/.ihub/daksha/install/hw_interface/include/hw_interface/hw_interface/srv
[5.146s] -- Up-to-date: /home/phy_ai/.ihub/daksha/install/hw_interface/include/hw_interface/hw_interface/srv/detail
[5.147s] -- Up-to-date: /home/phy_ai/.ihub/daksha/install/hw_interface/include/hw_interface/hw_interface/srv/detail/set_motor_gains__type_support.cpp
[5.147s] -- Up-to-date: /home/phy_ai/.ihub/daksha/install/hw_interface/include/hw_interface/hw_interface/srv/detail/set_motor_gains__rosidl_typesupport_introspection_cpp.hpp
[5.147s] -- Up-to-date: /home/phy_ai/.ihub/daksha/install/hw_interface/include/hw_interface/hw_interface/msg
[5.147s] -- Up-to-date: /home/phy_ai/.ihub/daksha/install/hw_interface/include/hw_interface/hw_interface/msg/detail
[5.147s] -- Up-to-date: /home/phy_ai/.ihub/daksha/install/hw_interface/include/hw_interface/hw_interface/msg/detail/motor_status_array__rosidl_typesupport_introspection_cpp.hpp
[5.147s] -- Up-to-date: /home/phy_ai/.ihub/daksha/install/hw_interface/include/hw_interface/hw_interface/msg/detail/motor_status__type_support.cpp
[5.147s] -- Up-to-date: /home/phy_ai/.ihub/daksha/install/hw_interface/include/hw_interface/hw_interface/msg/detail/motor_status_array__type_support.cpp
[5.147s] -- Up-to-date: /home/phy_ai/.ihub/daksha/install/hw_interface/include/hw_interface/hw_interface/msg/detail/motor_status__rosidl_typesupport_introspection_cpp.hpp
[5.147s] -- Up-to-date: /home/phy_ai/.ihub/daksha/install/hw_interface/lib/libhw_interface__rosidl_typesupport_introspection_cpp.so
[5.148s] -- Up-to-date: /home/phy_ai/.ihub/daksha/install/hw_interface/lib/libhw_interface__rosidl_typesupport_cpp.so
[5.152s] -- Up-to-date: /home/phy_ai/.ihub/daksha/install/hw_interface/share/hw_interface/environment/pythonpath.sh
[5.152s] -- Up-to-date: /home/phy_ai/.ihub/daksha/install/hw_interface/share/hw_interface/environment/pythonpath.dsv
[5.152s] -- Up-to-date: /home/phy_ai/.ihub/daksha/install/hw_interface/local/lib/python3.10/dist-packages/hw_interface-0.0.0-py3.10.egg-info
[5.152s] -- Installing: /home/phy_ai/.ihub/daksha/install/hw_interface/local/lib/python3.10/dist-packages/hw_interface-0.0.0-py3.10.egg-info/SOURCES.txt
[5.152s] -- Installing: /home/phy_ai/.ihub/daksha/install/hw_interface/local/lib/python3.10/dist-packages/hw_interface-0.0.0-py3.10.egg-info/top_level.txt
[5.152s] -- Installing: /home/phy_ai/.ihub/daksha/install/hw_interface/local/lib/python3.10/dist-packages/hw_interface-0.0.0-py3.10.egg-info/PKG-INFO
[5.153s] -- Installing: /home/phy_ai/.ihub/daksha/install/hw_interface/local/lib/python3.10/dist-packages/hw_interface-0.0.0-py3.10.egg-info/dependency_links.txt
[5.153s] -- Up-to-date: /home/phy_ai/.ihub/daksha/install/hw_interface/local/lib/python3.10/dist-packages/hw_interface
[5.153s] -- Up-to-date: /home/phy_ai/.ihub/daksha/install/hw_interface/local/lib/python3.10/dist-packages/hw_interface/srv
[5.153s] -- Up-to-date: /home/phy_ai/.ihub/daksha/install/hw_interface/local/lib/python3.10/dist-packages/hw_interface/srv/_set_motor_gains_s.c
[5.153s] -- Up-to-date: /home/phy_ai/.ihub/daksha/install/hw_interface/local/lib/python3.10/dist-packages/hw_interface/srv/_set_motor_gains.py
[5.153s] -- Up-to-date: /home/phy_ai/.ihub/daksha/install/hw_interface/local/lib/python3.10/dist-packages/hw_interface/srv/__init__.py
[5.153s] -- Up-to-date: /home/phy_ai/.ihub/daksha/install/hw_interface/local/lib/python3.10/dist-packages/hw_interface/hw_interface_s__rosidl_typesupport_introspection_c.cpython-310-x86_64-linux-gnu.so
[5.153s] -- Up-to-date: /home/phy_ai/.ihub/daksha/install/hw_interface/local/lib/python3.10/dist-packages/hw_interface/hw_interface_s__rosidl_typesupport_fastrtps_c.cpython-310-x86_64-linux-gnu.so
[5.154s] -- Up-to-date: /home/phy_ai/.ihub/daksha/install/hw_interface/local/lib/python3.10/dist-packages/hw_interface/__init__.py
[5.154s] -- Up-to-date: /home/phy_ai/.ihub/daksha/install/hw_interface/local/lib/python3.10/dist-packages/hw_interface/_hw_interface_s.ep.rosidl_typesupport_c.c
[5.154s] -- Up-to-date: /home/phy_ai/.ihub/daksha/install/hw_interface/local/lib/python3.10/dist-packages/hw_interface/_hw_interface_s.ep.rosidl_typesupport_fastrtps_c.c
[5.154s] -- Up-to-date: /home/phy_ai/.ihub/daksha/install/hw_interface/local/lib/python3.10/dist-packages/hw_interface/_hw_interface_s.ep.rosidl_typesupport_introspection_c.c
[5.154s] -- Up-to-date: /home/phy_ai/.ihub/daksha/install/hw_interface/local/lib/python3.10/dist-packages/hw_interface/msg
[5.154s] -- Up-to-date: /home/phy_ai/.ihub/daksha/install/hw_interface/local/lib/python3.10/dist-packages/hw_interface/msg/_motor_status.py
[5.154s] -- Up-to-date: /home/phy_ai/.ihub/daksha/install/hw_interface/local/lib/python3.10/dist-packages/hw_interface/msg/_motor_status_s.c
[5.154s] -- Up-to-date: /home/phy_ai/.ihub/daksha/install/hw_interface/local/lib/python3.10/dist-packages/hw_interface/msg/__init__.py
[5.154s] -- Up-to-date: /home/phy_ai/.ihub/daksha/install/hw_interface/local/lib/python3.10/dist-packages/hw_interface/msg/_motor_status_array_s.c
[5.155s] -- Up-to-date: /home/phy_ai/.ihub/daksha/install/hw_interface/local/lib/python3.10/dist-packages/hw_interface/msg/_motor_status_array.py
[5.155s] -- Up-to-date: /home/phy_ai/.ihub/daksha/install/hw_interface/local/lib/python3.10/dist-packages/hw_interface/libhw_interface__rosidl_generator_py.so
[5.155s] -- Up-to-date: /home/phy_ai/.ihub/daksha/install/hw_interface/local/lib/python3.10/dist-packages/hw_interface/hw_interface_s__rosidl_typesupport_c.cpython-310-x86_64-linux-gnu.so
[5.383s] Listing '/home/phy_ai/.ihub/daksha/install/hw_interface/local/lib/python3.10/dist-packages/hw_interface'...
[5.384s] Listing '/home/phy_ai/.ihub/daksha/install/hw_interface/local/lib/python3.10/dist-packages/hw_interface/msg'...
[5.387s] Listing '/home/phy_ai/.ihub/daksha/install/hw_interface/local/lib/python3.10/dist-packages/hw_interface/srv'...
[5.401s] -- Up-to-date: /home/phy_ai/.ihub/daksha/install/hw_interface/local/lib/python3.10/dist-packages/hw_interface/hw_interface_s__rosidl_typesupport_fastrtps_c.cpython-310-x86_64-linux-gnu.so
[5.401s] -- Up-to-date: /home/phy_ai/.ihub/daksha/install/hw_interface/local/lib/python3.10/dist-packages/hw_interface/hw_interface_s__rosidl_typesupport_introspection_c.cpython-310-x86_64-linux-gnu.so
[5.401s] -- Up-to-date: /home/phy_ai/.ihub/daksha/install/hw_interface/local/lib/python3.10/dist-packages/hw_interface/hw_interface_s__rosidl_typesupport_c.cpython-310-x86_64-linux-gnu.so
[5.401s] -- Up-to-date: /home/phy_ai/.ihub/daksha/install/hw_interface/lib/libhw_interface__rosidl_generator_py.so
[5.401s] -- Up-to-date: /home/phy_ai/.ihub/daksha/install/hw_interface/share/ament_index/resource_index/rust_packages/hw_interface
[5.401s] -- Up-to-date: /home/phy_ai/.ihub/daksha/install/hw_interface/share/hw_interface/rust
[5.401s] -- Up-to-date: /home/phy_ai/.ihub/daksha/install/hw_interface/share/hw_interface/rust/build.rs
[5.401s] -- Up-to-date: /home/phy_ai/.ihub/daksha/install/hw_interface/share/hw_interface/rust/src
[5.401s] -- Up-to-date: /home/phy_ai/.ihub/daksha/install/hw_interface/share/hw_interface/rust/src/srv
[5.402s] -- Up-to-date: /home/phy_ai/.ihub/daksha/install/hw_interface/share/hw_interface/rust/src/srv/rmw.rs
[5.402s] -- Up-to-date: /home/phy_ai/.ihub/daksha/install/hw_interface/share/hw_interface/rust/src/lib.rs
[5.402s] -- Up-to-date: /home/phy_ai/.ihub/daksha/install/hw_interface/share/hw_interface/rust/src/srv.rs
[5.402s] -- Up-to-date: /home/phy_ai/.ihub/daksha/install/hw_interface/share/hw_interface/rust/src/msg.rs
[5.402s] -- Up-to-date: /home/phy_ai/.ihub/daksha/install/hw_interface/share/hw_interface/rust/src/msg
[5.402s] -- Up-to-date: /home/phy_ai/.ihub/daksha/install/hw_interface/share/hw_interface/rust/src/msg/rmw.rs
[5.402s] -- Up-to-date: /home/phy_ai/.ihub/daksha/install/hw_interface/share/hw_interface/rust/Cargo.toml
[5.402s] -- Up-to-date: /home/phy_ai/.ihub/daksha/install/hw_interface/share/hw_interface/msg/MotorStatus.idl
[5.402s] -- Up-to-date: /home/phy_ai/.ihub/daksha/install/hw_interface/share/hw_interface/msg/MotorStatusArray.idl
[5.412s] -- Up-to-date: /home/phy_ai/.ihub/daksha/install/hw_interface/share/hw_interface/srv/SetMotorGains.idl
[5.412s] -- Up-to-date: /home/phy_ai/.ihub/daksha/install/hw_interface/share/hw_interface/msg/MotorStatus.msg
[5.412s] -- Up-to-date: /home/phy_ai/.ihub/daksha/install/hw_interface/share/hw_interface/msg/MotorStatusArray.msg
[5.412s] -- Up-to-date: /home/phy_ai/.ihub/daksha/install/hw_interface/share/hw_interface/srv/SetMotorGains.srv
[5.412s] -- Up-to-date: /home/phy_ai/.ihub/daksha/install/hw_interface/share/hw_interface/srv/SetMotorGains_Request.msg
[5.412s] -- Up-to-date: /home/phy_ai/.ihub/daksha/install/hw_interface/share/hw_interface/srv/SetMotorGains_Response.msg
[5.413s] -- Up-to-date: /home/phy_ai/.ihub/daksha/install/hw_interface/lib/hw_interface/vcan_bridge_node
[5.413s] -- Up-to-date: /home/phy_ai/.ihub/daksha/install/hw_interface/share/hw_interface/my_robot_hardware_interface.xml
[5.413s] -- Up-to-date: /home/phy_ai/.ihub/daksha/install/hw_interface/share/hw_interface/my_robot_hardware_interface.xml
[5.413s] -- Up-to-date: /home/phy_ai/.ihub/daksha/install/hw_interface/lib/libhw_interface_plugin.so
[5.413s] -- Up-to-date: /home/phy_ai/.ihub/daksha/install/hw_interface/include
[5.413s] -- Up-to-date: /home/phy_ai/.ihub/daksha/install/hw_interface/include/hw_interface
[5.413s] -- Up-to-date: /home/phy_ai/.ihub/daksha/install/hw_interface/include/hw_interface/driver.hpp
[5.413s] -- Up-to-date: /home/phy_ai/.ihub/daksha/install/hw_interface/include/hw_interface/socketcan_transport.hpp
[5.413s] -- Up-to-date: /home/phy_ai/.ihub/daksha/install/hw_interface/include/hw_interface/arm_interface.hpp
[5.414s] -- Up-to-date: /home/phy_ai/.ihub/daksha/install/hw_interface/share/ament_index/resource_index/package_run_dependencies/hw_interface
[5.414s] -- Up-to-date: /home/phy_ai/.ihub/daksha/install/hw_interface/share/ament_index/resource_index/parent_prefix_path/hw_interface
[5.414s] -- Up-to-date: /home/phy_ai/.ihub/daksha/install/hw_interface/share/hw_interface/environment/ament_prefix_path.sh
[5.414s] -- Up-to-date: /home/phy_ai/.ihub/daksha/install/hw_interface/share/hw_interface/environment/ament_prefix_path.dsv
[5.414s] -- Up-to-date: /home/phy_ai/.ihub/daksha/install/hw_interface/share/hw_interface/environment/path.sh
[5.414s] -- Up-to-date: /home/phy_ai/.ihub/daksha/install/hw_interface/share/hw_interface/environment/path.dsv
[5.414s] -- Up-to-date: /home/phy_ai/.ihub/daksha/install/hw_interface/share/hw_interface/local_setup.bash
[5.414s] -- Up-to-date: /home/phy_ai/.ihub/daksha/install/hw_interface/share/hw_interface/local_setup.sh
[5.414s] -- Up-to-date: /home/phy_ai/.ihub/daksha/install/hw_interface/share/hw_interface/local_setup.zsh
[5.415s] -- Up-to-date: /home/phy_ai/.ihub/daksha/install/hw_interface/share/hw_interface/local_setup.dsv
[5.418s] -- Installing: /home/phy_ai/.ihub/daksha/install/hw_interface/share/hw_interface/package.dsv
[5.418s] -- Up-to-date: /home/phy_ai/.ihub/daksha/install/hw_interface/share/ament_index/resource_index/packages/hw_interface
[5.419s] -- Up-to-date: /home/phy_ai/.ihub/daksha/install/hw_interface/share/ament_index/resource_index/hardware_interface__pluginlib__plugin/hw_interface
[5.438s] -- Up-to-date: /home/phy_ai/.ihub/daksha/install/hw_interface/share/hw_interface/cmake/export_hw_interface__rosidl_generator_cExport.cmake
[5.439s] -- Up-to-date: /home/phy_ai/.ihub/daksha/install/hw_interface/share/hw_interface/cmake/export_hw_interface__rosidl_generator_cExport-noconfig.cmake
[5.439s] -- Up-to-date: /home/phy_ai/.ihub/daksha/install/hw_interface/share/hw_interface/cmake/export_hw_interface__rosidl_typesupport_fastrtps_cExport.cmake
[5.439s] -- Up-to-date: /home/phy_ai/.ihub/daksha/install/hw_interface/share/hw_interface/cmake/export_hw_interface__rosidl_typesupport_fastrtps_cExport-noconfig.cmake
[5.439s] -- Up-to-date: /home/phy_ai/.ihub/daksha/install/hw_interface/share/hw_interface/cmake/export_hw_interface__rosidl_generator_cppExport.cmake
[5.439s] -- Up-to-date: /home/phy_ai/.ihub/daksha/install/hw_interface/share/hw_interface/cmake/export_hw_interface__rosidl_typesupport_fastrtps_cppExport.cmake
[5.439s] -- Up-to-date: /home/phy_ai/.ihub/daksha/install/hw_interface/share/hw_interface/cmake/export_hw_interface__rosidl_typesupport_fastrtps_cppExport-noconfig.cmake
[5.440s] -- Up-to-date: /home/phy_ai/.ihub/daksha/install/hw_interface/share/hw_interface/cmake/hw_interface__rosidl_typesupport_introspection_cExport.cmake
[5.440s] -- Up-to-date: /home/phy_ai/.ihub/daksha/install/hw_interface/share/hw_interface/cmake/hw_interface__rosidl_typesupport_introspection_cExport-noconfig.cmake
[5.440s] -- Up-to-date: /home/phy_ai/.ihub/daksha/install/hw_interface/share/hw_interface/cmake/hw_interface__rosidl_typesupport_cExport.cmake
[5.440s] -- Up-to-date: /home/phy_ai/.ihub/daksha/install/hw_interface/share/hw_interface/cmake/hw_interface__rosidl_typesupport_cExport-noconfig.cmake
[5.440s] -- Up-to-date: /home/phy_ai/.ihub/daksha/install/hw_interface/share/hw_interface/cmake/hw_interface__rosidl_typesupport_introspection_cppExport.cmake
[5.441s] -- Up-to-date: /home/phy_ai/.ihub/daksha/install/hw_interface/share/hw_interface/cmake/hw_interface__rosidl_typesupport_introspection_cppExport-noconfig.cmake
[5.441s] -- Up-to-date: /home/phy_ai/.ihub/daksha/install/hw_interface/share/hw_interface/cmake/hw_interface__rosidl_typesupport_cppExport.cmake
[5.441s] -- Up-to-date: /home/phy_ai/.ihub/daksha/install/hw_interface/share/hw_interface/cmake/hw_interface__rosidl_typesupport_cppExport-noconfig.cmake
[5.441s] -- Up-to-date: /home/phy_ai/.ihub/daksha/install/hw_interface/share/hw_interface/cmake/export_hw_interface__rosidl_generator_pyExport.cmake
[5.441s] -- Up-to-date: /home/phy_ai/.ihub/daksha/install/hw_interface/share/hw_interface/cmake/export_hw_interface__rosidl_generator_pyExport-noconfig.cmake
[5.441s] -- Up-to-date: /home/phy_ai/.ihub/daksha/install/hw_interface/share/hw_interface/cmake/rosidl_cmake-extras.cmake
[5.441s] -- Up-to-date: /home/phy_ai/.ihub/daksha/install/hw_interface/share/hw_interface/cmake/ament_cmake_export_include_directories-extras.cmake
[5.441s] -- Up-to-date: /home/phy_ai/.ihub/daksha/install/hw_interface/share/hw_interface/cmake/ament_cmake_export_libraries-extras.cmake
[5.441s] -- Up-to-date: /home/phy_ai/.ihub/daksha/install/hw_interface/share/hw_interface/cmake/ament_cmake_export_targets-extras.cmake
[5.456s] -- Up-to-date: /home/phy_ai/.ihub/daksha/install/hw_interface/share/hw_interface/cmake/rosidl_cmake_export_typesupport_targets-extras.cmake
[5.456s] -- Up-to-date: /home/phy_ai/.ihub/daksha/install/hw_interface/share/hw_interface/cmake/ament_cmake_export_dependencies-extras.cmake
[5.456s] -- Up-to-date: /home/phy_ai/.ihub/daksha/install/hw_interface/share/hw_interface/cmake/rosidl_cmake_export_typesupport_libraries-extras.cmake
[5.456s] -- Up-to-date: /home/phy_ai/.ihub/daksha/install/hw_interface/share/hw_interface/cmake/rosidl_cmake_aggregate_target-extras.cmake
[5.457s] -- Up-to-date: /home/phy_ai/.ihub/daksha/install/hw_interface/share/hw_interface/cmake/hw_interfaceConfig.cmake
[5.457s] -- Up-to-date: /home/phy_ai/.ihub/daksha/install/hw_interface/share/hw_interface/cmake/hw_interfaceConfig-version.cmake
[5.457s] -- Up-to-date: /home/phy_ai/.ihub/daksha/install/hw_interface/share/hw_interface/package.xml
[5.793s] Invoked command in '/home/phy_ai/.ihub/daksha/build/hw_interface' returned '0': CMAKE_PREFIX_PATH=${CMAKE_PREFIX_PATH}:/home/phy_ai/.barani/gen2_full/install/world_camera_launch:/home/phy_ai/.barani/gen2_full/install/gen2:/home/phy_ai/.barani/gen2_full/install/vr_teleop:/home/phy_ai/.barani/gen2_full/install/ros_tcp_endpoint:/home/phy_ai/.barani/gen2_full/install/nav_bringup:/home/phy_ai/.barani/gen2_full/install/nav2_config:/home/phy_ai/.barani/gen2_full/install/kinematics:/home/phy_ai/.barani/gen2_full/install/joint_cmd_logger:/home/phy_ai/.barani/gen2_full/install/joint_analyzer:/home/phy_ai/.barani/gen2_full/install/daksha_data_collection:/home/phy_ai/.barani/gen2_full/install/gen2_leader:/home/phy_ai/.barani/gen2_full/install/amr_bringup:/home/phy_ai/.barani/gen2_full/install/daksha_final_urdf_description:/home/phy_ai/.barani/gen2_full/install/daksha_description_full_body:/home/phy_ai/.barani/gen2_full/install/daksha_base_urdf:/home/phy_ai/.barani/gen2_full/install/daksha_api_bridge_leader:/home/phy_ai/.barani/gen2_full/install/daksha_api_bridge_follower:/opt/ros/humble /usr/bin/cmake --install /home/phy_ai/.ihub/daksha/build/hw_interface
