running egg_info
writing ../../../build/joint_analyzer/joint_analyzer.egg-info/PKG-INFO
writing dependency_links to ../../../build/joint_analyzer/joint_analyzer.egg-info/dependency_links.txt
writing entry points to ../../../build/joint_analyzer/joint_analyzer.egg-info/entry_points.txt
writing requirements to ../../../build/joint_analyzer/joint_analyzer.egg-info/requires.txt
writing top-level names to ../../../build/joint_analyzer/joint_analyzer.egg-info/top_level.txt
reading manifest file '../../../build/joint_analyzer/joint_analyzer.egg-info/SOURCES.txt'
writing manifest file '../../../build/joint_analyzer/joint_analyzer.egg-info/SOURCES.txt'
running build
running build_py
running install
running install_lib
running install_data
running install_egg_info
removing '/home/phy_ai/.ihub/daksha/install/joint_analyzer/lib/python3.10/site-packages/joint_analyzer-0.0.1-py3.10.egg-info' (and everything under it)
Copying ../../../build/joint_analyzer/joint_analyzer.egg-info to /home/phy_ai/.ihub/daksha/install/joint_analyzer/lib/python3.10/site-packages/joint_analyzer-0.0.1-py3.10.egg-info
running install_scripts
Installing check_diffs script to /home/phy_ai/.ihub/daksha/install/joint_analyzer/lib/joint_analyzer
Installing diagnose_qos script to /home/phy_ai/.ihub/daksha/install/joint_analyzer/lib/joint_analyzer
Installing plot_server script to /home/phy_ai/.ihub/daksha/install/joint_analyzer/lib/joint_analyzer
Installing server script to /home/phy_ai/.ihub/daksha/install/joint_analyzer/lib/joint_analyzer
Installing verify_mapping script to /home/phy_ai/.ihub/daksha/install/joint_analyzer/lib/joint_analyzer
writing list of installed files to '/home/phy_ai/.ihub/daksha/build/joint_analyzer/install.log'
