[7.755s] Invoking command in '/home/phy_ai/.ihub/daksha/src/ui/analyzer': PYTHONPATH=/home/phy_ai/.ihub/daksha/build/joint_analyzer/prefix_override:/usr/lib/python3/dist-packages/colcon_core/task/python/colcon_distutils_commands:/home/phy_ai/.ihub/daksha/install/joint_analyzer/lib/python3.10/site-packages:${PYTHONPATH} /usr/bin/python3 -W ignore:setup.py install is deprecated -W ignore:easy_install command is deprecated setup.py egg_info --egg-base ../../../build/joint_analyzer build --build-base /home/phy_ai/.ihub/daksha/build/joint_analyzer/build install --record /home/phy_ai/.ihub/daksha/build/joint_analyzer/install.log --install-scripts $base/lib/joint_analyzer --single-version-externally-managed install_data
[8.597s] running egg_info
[8.597s] writing ../../../build/joint_analyzer/joint_analyzer.egg-info/PKG-INFO
[8.598s] writing dependency_links to ../../../build/joint_analyzer/joint_analyzer.egg-info/dependency_links.txt
[8.598s] writing entry points to ../../../build/joint_analyzer/joint_analyzer.egg-info/entry_points.txt
[8.598s] writing requirements to ../../../build/joint_analyzer/joint_analyzer.egg-info/requires.txt
[8.598s] writing top-level names to ../../../build/joint_analyzer/joint_analyzer.egg-info/top_level.txt
[8.598s] reading manifest file '../../../build/joint_analyzer/joint_analyzer.egg-info/SOURCES.txt'
[8.601s] writing manifest file '../../../build/joint_analyzer/joint_analyzer.egg-info/SOURCES.txt'
[8.601s] running build
[8.602s] running build_py
[8.608s] running install
[8.609s] running install_lib
[8.617s] running install_data
[8.617s] running install_egg_info
[8.617s] removing '/home/phy_ai/.ihub/daksha/install/joint_analyzer/lib/python3.10/site-packages/joint_analyzer-0.0.1-py3.10.egg-info' (and everything under it)
[8.618s] Copying ../../../build/joint_analyzer/joint_analyzer.egg-info to /home/phy_ai/.ihub/daksha/install/joint_analyzer/lib/python3.10/site-packages/joint_analyzer-0.0.1-py3.10.egg-info
[8.619s] running install_scripts
[8.676s] Installing check_diffs script to /home/phy_ai/.ihub/daksha/install/joint_analyzer/lib/joint_analyzer
[8.677s] Installing diagnose_qos script to /home/phy_ai/.ihub/daksha/install/joint_analyzer/lib/joint_analyzer
[8.677s] Installing plot_server script to /home/phy_ai/.ihub/daksha/install/joint_analyzer/lib/joint_analyzer
[8.677s] Installing server script to /home/phy_ai/.ihub/daksha/install/joint_analyzer/lib/joint_analyzer
[8.677s] Installing verify_mapping script to /home/phy_ai/.ihub/daksha/install/joint_analyzer/lib/joint_analyzer
[8.684s] writing list of installed files to '/home/phy_ai/.ihub/daksha/build/joint_analyzer/install.log'
[8.830s] Invoked command in '/home/phy_ai/.ihub/daksha/src/ui/analyzer' returned '0': PYTHONPATH=/home/phy_ai/.ihub/daksha/build/joint_analyzer/prefix_override:/usr/lib/python3/dist-packages/colcon_core/task/python/colcon_distutils_commands:/home/phy_ai/.ihub/daksha/install/joint_analyzer/lib/python3.10/site-packages:${PYTHONPATH} /usr/bin/python3 -W ignore:setup.py install is deprecated -W ignore:easy_install command is deprecated setup.py egg_info --egg-base ../../../build/joint_analyzer build --build-base /home/phy_ai/.ihub/daksha/build/joint_analyzer/build install --record /home/phy_ai/.ihub/daksha/build/joint_analyzer/install.log --install-scripts $base/lib/joint_analyzer --single-version-externally-managed install_data
