running egg_info
creating ../../../../build/daksha_final_urdf_description/daksha_final_urdf_description.egg-info
writing ../../../../build/daksha_final_urdf_description/daksha_final_urdf_description.egg-info/PKG-INFO
writing dependency_links to ../../../../build/daksha_final_urdf_description/daksha_final_urdf_description.egg-info/dependency_links.txt
writing entry points to ../../../../build/daksha_final_urdf_description/daksha_final_urdf_description.egg-info/entry_points.txt
writing requirements to ../../../../build/daksha_final_urdf_description/daksha_final_urdf_description.egg-info/requires.txt
writing top-level names to ../../../../build/daksha_final_urdf_description/daksha_final_urdf_description.egg-info/top_level.txt
writing manifest file '../../../../build/daksha_final_urdf_description/daksha_final_urdf_description.egg-info/SOURCES.txt'
reading manifest file '../../../../build/daksha_final_urdf_description/daksha_final_urdf_description.egg-info/SOURCES.txt'
writing manifest file '../../../../build/daksha_final_urdf_description/daksha_final_urdf_description.egg-info/SOURCES.txt'
running build
running build_py
creating /home/phy_ai/.ihub/daksha/build/daksha_final_urdf_description/build
creating /home/phy_ai/.ihub/daksha/build/daksha_final_urdf_description/build/lib
creating /home/phy_ai/.ihub/daksha/build/daksha_final_urdf_description/build/lib/daksha_final_urdf_description
copying daksha_final_urdf_description/__init__.py -> /home/phy_ai/.ihub/daksha/build/daksha_final_urdf_description/build/lib/daksha_final_urdf_description
running install
running install_lib
creating /home/phy_ai/.ihub/daksha/install/daksha_final_urdf_description/lib/python3.10/site-packages/daksha_final_urdf_description
copying /home/phy_ai/.ihub/daksha/build/daksha_final_urdf_description/build/lib/daksha_final_urdf_description/__init__.py -> /home/phy_ai/.ihub/daksha/install/daksha_final_urdf_description/lib/python3.10/site-packages/daksha_final_urdf_description
byte-compiling /home/phy_ai/.ihub/daksha/install/daksha_final_urdf_description/lib/python3.10/site-packages/daksha_final_urdf_description/__init__.py to __init__.cpython-310.pyc
running install_data
creating /home/phy_ai/.ihub/daksha/install/daksha_final_urdf_description/share/ament_index
creating /home/phy_ai/.ihub/daksha/install/daksha_final_urdf_description/share/ament_index/resource_index
creating /home/phy_ai/.ihub/daksha/install/daksha_final_urdf_description/share/ament_index/resource_index/packages
copying resource/daksha_final_urdf_description -> /home/phy_ai/.ihub/daksha/install/daksha_final_urdf_description/share/ament_index/resource_index/packages
copying package.xml -> /home/phy_ai/.ihub/daksha/install/daksha_final_urdf_description/share/daksha_final_urdf_description
creating /home/phy_ai/.ihub/daksha/install/daksha_final_urdf_description/share/daksha_final_urdf_description/launch
copying launch/display.launch.py -> /home/phy_ai/.ihub/daksha/install/daksha_final_urdf_description/share/daksha_final_urdf_description/launch
copying launch/gazebo.launch.py -> /home/phy_ai/.ihub/daksha/install/daksha_final_urdf_description/share/daksha_final_urdf_description/launch
copying launch/daksha.launch.py -> /home/phy_ai/.ihub/daksha/install/daksha_final_urdf_description/share/daksha_final_urdf_description/launch
creating /home/phy_ai/.ihub/daksha/install/daksha_final_urdf_description/share/daksha_final_urdf_description/urdf
copying urdf/daksha_final_urdf.trans -> /home/phy_ai/.ihub/daksha/install/daksha_final_urdf_description/share/daksha_final_urdf_description/urdf
copying urdf/daksha_final_urdf.gazebo -> /home/phy_ai/.ihub/daksha/install/daksha_final_urdf_description/share/daksha_final_urdf_description/urdf
copying urdf/head_urdf.xacro -> /home/phy_ai/.ihub/daksha/install/daksha_final_urdf_description/share/daksha_final_urdf_description/urdf
copying urdf/d405.urdf.xacro -> /home/phy_ai/.ihub/daksha/install/daksha_final_urdf_description/share/daksha_final_urdf_description/urdf
copying urdf/camera_urdf.xacro -> /home/phy_ai/.ihub/daksha/install/daksha_final_urdf_description/share/daksha_final_urdf_description/urdf
copying urdf/wheel_base_urdf.xacro -> /home/phy_ai/.ihub/daksha/install/daksha_final_urdf_description/share/daksha_final_urdf_description/urdf
copying urdf/gripper_urdf.xacro -> /home/phy_ai/.ihub/daksha/install/daksha_final_urdf_description/share/daksha_final_urdf_description/urdf
copying urdf/materials.xacro -> /home/phy_ai/.ihub/daksha/install/daksha_final_urdf_description/share/daksha_final_urdf_description/urdf
copying urdf/zed_macro.urdf.xacro -> /home/phy_ai/.ihub/daksha/install/daksha_final_urdf_description/share/daksha_final_urdf_description/urdf
copying urdf/arm_urdf.xacro -> /home/phy_ai/.ihub/daksha/install/daksha_final_urdf_description/share/daksha_final_urdf_description/urdf
copying urdf/body_urdf.xacro -> /home/phy_ai/.ihub/daksha/install/daksha_final_urdf_description/share/daksha_final_urdf_description/urdf
copying urdf/daksha_core.xacro -> /home/phy_ai/.ihub/daksha/install/daksha_final_urdf_description/share/daksha_final_urdf_description/urdf
creating /home/phy_ai/.ihub/daksha/install/daksha_final_urdf_description/share/daksha_final_urdf_description/meshes
copying meshes/left_link_7_1.stl -> /home/phy_ai/.ihub/daksha/install/daksha_final_urdf_description/share/daksha_final_urdf_description/meshes
copying meshes/right_gripper_mount_1.stl -> /home/phy_ai/.ihub/daksha/install/daksha_final_urdf_description/share/daksha_final_urdf_description/meshes
copying meshes/right_gripper_cam_1.stl -> /home/phy_ai/.ihub/daksha/install/daksha_final_urdf_description/share/daksha_final_urdf_description/meshes
copying meshes/right_link_6_1.stl -> /home/phy_ai/.ihub/daksha/install/daksha_final_urdf_description/share/daksha_final_urdf_description/meshes
copying meshes/left_gripper_cam_1.stl -> /home/phy_ai/.ihub/daksha/install/daksha_final_urdf_description/share/daksha_final_urdf_description/meshes
copying meshes/right_left_finger_1.stl -> /home/phy_ai/.ihub/daksha/install/daksha_final_urdf_description/share/daksha_final_urdf_description/meshes
copying meshes/right_link_3_1.stl -> /home/phy_ai/.ihub/daksha/install/daksha_final_urdf_description/share/daksha_final_urdf_description/meshes
copying meshes/right_link_5_1.stl -> /home/phy_ai/.ihub/daksha/install/daksha_final_urdf_description/share/daksha_final_urdf_description/meshes
copying meshes/base_link.stl -> /home/phy_ai/.ihub/daksha/install/daksha_final_urdf_description/share/daksha_final_urdf_description/meshes
copying meshes/left_link_8_1.stl -> /home/phy_ai/.ihub/daksha/install/daksha_final_urdf_description/share/daksha_final_urdf_description/meshes
copying meshes/left_link_6_1.stl -> /home/phy_ai/.ihub/daksha/install/daksha_final_urdf_description/share/daksha_final_urdf_description/meshes
copying meshes/left_link_5_1.stl -> /home/phy_ai/.ihub/daksha/install/daksha_final_urdf_description/share/daksha_final_urdf_description/meshes
copying meshes/left_link_3_1.stl -> /home/phy_ai/.ihub/daksha/install/daksha_final_urdf_description/share/daksha_final_urdf_description/meshes
copying meshes/head_1.stl -> /home/phy_ai/.ihub/daksha/install/daksha_final_urdf_description/share/daksha_final_urdf_description/meshes
copying meshes/left_link_2_1.stl -> /home/phy_ai/.ihub/daksha/install/daksha_final_urdf_description/share/daksha_final_urdf_description/meshes
copying meshes/head_vyser_1.stl -> /home/phy_ai/.ihub/daksha/install/daksha_final_urdf_description/share/daksha_final_urdf_description/meshes
copying meshes/left_right_finger_1.stl -> /home/phy_ai/.ihub/daksha/install/daksha_final_urdf_description/share/daksha_final_urdf_description/meshes
copying meshes/right_zed_cam_1.stl -> /home/phy_ai/.ihub/daksha/install/daksha_final_urdf_description/share/daksha_final_urdf_description/meshes
copying meshes/left_link_1_1.stl -> /home/phy_ai/.ihub/daksha/install/daksha_final_urdf_description/share/daksha_final_urdf_description/meshes
copying meshes/left_left_finger_1.stl -> /home/phy_ai/.ihub/daksha/install/daksha_final_urdf_description/share/daksha_final_urdf_description/meshes
copying meshes/body_1.stl -> /home/phy_ai/.ihub/daksha/install/daksha_final_urdf_description/share/daksha_final_urdf_description/meshes
copying meshes/right_right_finger_1.stl -> /home/phy_ai/.ihub/daksha/install/daksha_final_urdf_description/share/daksha_final_urdf_description/meshes
copying meshes/left_zed_cam_1.stl -> /home/phy_ai/.ihub/daksha/install/daksha_final_urdf_description/share/daksha_final_urdf_description/meshes
copying meshes/left_link_4_1.stl -> /home/phy_ai/.ihub/daksha/install/daksha_final_urdf_description/share/daksha_final_urdf_description/meshes
copying meshes/right_link_1_1.stl -> /home/phy_ai/.ihub/daksha/install/daksha_final_urdf_description/share/daksha_final_urdf_description/meshes
copying meshes/Zed_cam_1.stl -> /home/phy_ai/.ihub/daksha/install/daksha_final_urdf_description/share/daksha_final_urdf_description/meshes
copying meshes/right_link_8_1.stl -> /home/phy_ai/.ihub/daksha/install/daksha_final_urdf_description/share/daksha_final_urdf_description/meshes
copying meshes/right_link_2_1.stl -> /home/phy_ai/.ihub/daksha/install/daksha_final_urdf_description/share/daksha_final_urdf_description/meshes
copying meshes/right_link_4_1.stl -> /home/phy_ai/.ihub/daksha/install/daksha_final_urdf_description/share/daksha_final_urdf_description/meshes
copying meshes/left_gripper_mount_1.stl -> /home/phy_ai/.ihub/daksha/install/daksha_final_urdf_description/share/daksha_final_urdf_description/meshes
copying meshes/right_link_7_1.stl -> /home/phy_ai/.ihub/daksha/install/daksha_final_urdf_description/share/daksha_final_urdf_description/meshes
creating /home/phy_ai/.ihub/daksha/install/daksha_final_urdf_description/share/daksha_final_urdf_description/config
copying config/gazebo.rviz -> /home/phy_ai/.ihub/daksha/install/daksha_final_urdf_description/share/daksha_final_urdf_description/config
copying config/display.rviz -> /home/phy_ai/.ihub/daksha/install/daksha_final_urdf_description/share/daksha_final_urdf_description/config
copying config/ros_gz_bridge_gazebo.yaml -> /home/phy_ai/.ihub/daksha/install/daksha_final_urdf_description/share/daksha_final_urdf_description/config
running install_egg_info
Copying ../../../../build/daksha_final_urdf_description/daksha_final_urdf_description.egg-info to /home/phy_ai/.ihub/daksha/install/daksha_final_urdf_description/lib/python3.10/site-packages/daksha_final_urdf_description-0.0.0-py3.10.egg-info
running install_scripts
writing list of installed files to '/home/phy_ai/.ihub/daksha/build/daksha_final_urdf_description/install.log'
