[4.572s] Invoking command in '/home/phy_ai/.ihub/daksha/src/global/daksha_api_bridge_follower': PYTHONPATH=/home/phy_ai/.ihub/daksha/build/daksha_api_bridge_follower/prefix_override:/usr/lib/python3/dist-packages/colcon_core/task/python/colcon_distutils_commands:/home/phy_ai/.ihub/daksha/install/daksha_api_bridge_follower/lib/python3.10/site-packages:${PYTHONPATH} /usr/bin/python3 -W ignore:setup.py install is deprecated -W ignore:easy_install command is deprecated setup.py egg_info --egg-base ../../../build/daksha_api_bridge_follower build --build-base /home/phy_ai/.ihub/daksha/build/daksha_api_bridge_follower/build install --record /home/phy_ai/.ihub/daksha/build/daksha_api_bridge_follower/install.log --install-scripts $base/lib/daksha_api_bridge_follower --single-version-externally-managed install_data
[4.977s] running egg_info
[4.978s] writing ../../../build/daksha_api_bridge_follower/daksha_api_bridge_follower.egg-info/PKG-INFO
[4.978s] writing dependency_links to ../../../build/daksha_api_bridge_follower/daksha_api_bridge_follower.egg-info/dependency_links.txt
[4.978s] writing entry points to ../../../build/daksha_api_bridge_follower/daksha_api_bridge_follower.egg-info/entry_points.txt
[4.978s] writing requirements to ../../../build/daksha_api_bridge_follower/daksha_api_bridge_follower.egg-info/requires.txt
[4.978s] writing top-level names to ../../../build/daksha_api_bridge_follower/daksha_api_bridge_follower.egg-info/top_level.txt
[4.981s] reading manifest file '../../../build/daksha_api_bridge_follower/daksha_api_bridge_follower.egg-info/SOURCES.txt'
[4.982s] writing manifest file '../../../build/daksha_api_bridge_follower/daksha_api_bridge_follower.egg-info/SOURCES.txt'
[4.983s] running build
[4.983s] running build_py
[4.983s] running install
[4.983s] running install_lib
[4.986s] running install_data
[4.986s] running install_egg_info
[4.989s] removing '/home/phy_ai/.ihub/daksha/install/daksha_api_bridge_follower/lib/python3.10/site-packages/daksha_api_bridge_follower-0.0.0-py3.10.egg-info' (and everything under it)
[4.991s] Copying ../../../build/daksha_api_bridge_follower/daksha_api_bridge_follower.egg-info to /home/phy_ai/.ihub/daksha/install/daksha_api_bridge_follower/lib/python3.10/site-packages/daksha_api_bridge_follower-0.0.0-py3.10.egg-info
[4.992s] running install_scripts
[5.025s] Installing camera_publisher script to /home/phy_ai/.ihub/daksha/install/daksha_api_bridge_follower/lib/daksha_api_bridge_follower
[5.025s] Installing joint_cmd_api_subscriber script to /home/phy_ai/.ihub/daksha/install/daksha_api_bridge_follower/lib/daksha_api_bridge_follower
[5.025s] Installing joint_states_api_publisher script to /home/phy_ai/.ihub/daksha/install/daksha_api_bridge_follower/lib/daksha_api_bridge_follower
[5.026s] writing list of installed files to '/home/phy_ai/.ihub/daksha/build/daksha_api_bridge_follower/install.log'
[5.092s] Invoked command in '/home/phy_ai/.ihub/daksha/src/global/daksha_api_bridge_follower' returned '0': PYTHONPATH=/home/phy_ai/.ihub/daksha/build/daksha_api_bridge_follower/prefix_override:/usr/lib/python3/dist-packages/colcon_core/task/python/colcon_distutils_commands:/home/phy_ai/.ihub/daksha/install/daksha_api_bridge_follower/lib/python3.10/site-packages:${PYTHONPATH} /usr/bin/python3 -W ignore:setup.py install is deprecated -W ignore:easy_install command is deprecated setup.py egg_info --egg-base ../../../build/daksha_api_bridge_follower build --build-base /home/phy_ai/.ihub/daksha/build/daksha_api_bridge_follower/build install --record /home/phy_ai/.ihub/daksha/build/daksha_api_bridge_follower/install.log --install-scripts $base/lib/daksha_api_bridge_follower --single-version-externally-managed install_data
