[1.677s] Invoking command in '/home/phy_ai/.ihub/daksha/build/dynamics': CMAKE_PREFIX_PATH=${CMAKE_PREFIX_PATH}:/home/phy_ai/.barani/gen2_full/install/world_camera_launch:/home/phy_ai/.barani/gen2_full/install/gen2:/home/phy_ai/.barani/gen2_full/install/vr_teleop:/home/phy_ai/.barani/gen2_full/install/ros_tcp_endpoint:/home/phy_ai/.barani/gen2_full/install/nav_bringup:/home/phy_ai/.barani/gen2_full/install/nav2_config:/home/phy_ai/.barani/gen2_full/install/kinematics:/home/phy_ai/.barani/gen2_full/install/joint_cmd_logger:/home/phy_ai/.barani/gen2_full/install/joint_analyzer:/home/phy_ai/.barani/gen2_full/install/daksha_data_collection:/home/phy_ai/.barani/gen2_full/install/gen2_leader:/home/phy_ai/.barani/gen2_full/install/amr_bringup:/home/phy_ai/.barani/gen2_full/install/daksha_final_urdf_description:/home/phy_ai/.barani/gen2_full/install/daksha_description_full_body:/home/phy_ai/.barani/gen2_full/install/daksha_base_urdf:/home/phy_ai/.barani/gen2_full/install/daksha_api_bridge_leader:/home/phy_ai/.barani/gen2_full/install/daksha_api_bridge_follower:/opt/ros/humble /usr/bin/cmake /home/phy_ai/.ihub/daksha/src/controllers/dynamics -DCMAKE_INSTALL_PREFIX=/home/phy_ai/.ihub/daksha/install/dynamics
[2.738s] -- The C compiler identification is GNU 11.4.0
[2.738s] -- The CXX compiler identification is GNU 11.4.0
[2.738s] -- Detecting C compiler ABI info
[2.738s] -- Detecting C compiler ABI info - done
[2.738s] -- Check for working C compiler: /usr/bin/cc - skipped
[2.739s] -- Detecting C compile features
[2.739s] -- Detecting C compile features - done
[2.739s] -- Detecting CXX compiler ABI info
[2.739s] -- Detecting CXX compiler ABI info - done
[2.739s] -- Check for working CXX compiler: /usr/bin/c++ - skipped
[2.739s] -- Detecting CXX compile features
[2.739s] -- Detecting CXX compile features - done
[2.739s] -- Found ament_cmake: 1.3.14 (/opt/ros/humble/share/ament_cmake/cmake)
[2.739s] -- Found Python3: /usr/bin/python3 (found version "3.10.12") found components: Interpreter 
[2.739s] -- Found ament_index_cpp: 1.4.1 (/opt/ros/humble/share/ament_index_cpp/cmake)
[2.739s] -- Found rclcpp: 16.0.19 (/opt/ros/humble/share/rclcpp/cmake)
[2.739s] -- Found rosidl_generator_c: 3.1.9 (/opt/ros/humble/share/rosidl_generator_c/cmake)
[2.739s] -- Found rosidl_adapter: 3.1.9 (/opt/ros/humble/share/rosidl_adapter/cmake)
[2.740s] -- Found rosidl_generator_cpp: 3.1.9 (/opt/ros/humble/share/rosidl_generator_cpp/cmake)
[2.740s] -- Using all available rosidl_typesupport_c: rosidl_typesupport_fastrtps_c;rosidl_typesupport_introspection_c
[2.742s] -- Using all available rosidl_typesupport_cpp: rosidl_typesupport_fastrtps_cpp;rosidl_typesupport_introspection_cpp
[2.840s] -- Found rmw_implementation_cmake: 6.1.3 (/opt/ros/humble/share/rmw_implementation_cmake/cmake)
[2.849s] -- Found rmw_fastrtps_cpp: 6.2.10 (/opt/ros/humble/share/rmw_fastrtps_cpp/cmake)
[3.019s] -- Found OpenSSL: /usr/lib/x86_64-linux-gnu/libcrypto.so (found version "3.0.2")  
[3.066s] -- Found FastRTPS: /opt/ros/humble/include  
[3.157s] -- Using RMW implementation 'rmw_fastrtps_cpp' as default
[3.191s] -- Looking for pthread.h
[3.362s] -- Looking for pthread.h - found
[3.362s] -- Performing Test CMAKE_HAVE_LIBC_PTHREAD
[3.494s] -- Performing Test CMAKE_HAVE_LIBC_PTHREAD - Success
[3.498s] -- Found Threads: TRUE  
[3.656s] -- Found sensor_msgs: 4.9.2 (/opt/ros/humble/share/sensor_msgs/cmake)
[3.744s] -- Found kdl_parser: 2.6.4 (/opt/ros/humble/share/kdl_parser/cmake)
[3.795s] -- Found eigen3_cmake_module: 0.1.1 (/opt/ros/humble/share/eigen3_cmake_module/cmake)
[3.799s] -- Found Eigen3: TRUE (found version "3.4.0") 
[3.799s] -- Ensuring Eigen3 include directory is part of orocos-kdl CMake target
[3.828s] -- Found urdf: 2.6.1 (/opt/ros/humble/share/urdf/cmake)
[3.944s] -- Found TinyXML2 via Config file: TinyXML2_DIR-NOTFOUND
[3.960s] -- Found ament_lint_auto: 0.12.15 (/opt/ros/humble/share/ament_lint_auto/cmake)
[4.263s] -- Added test 'cppcheck' to perform static code analysis on C / C++ code
[4.263s] -- Configured cppcheck include dirs: $<BUILD_INTERFACE:/home/phy_ai/.ihub/daksha/src/controllers/dynamics/include>
[4.263s] -- Configured cppcheck exclude dirs and/or files: 
[4.263s] -- Added test 'flake8' to check Python code syntax and style conventions
[4.266s] -- Added test 'lint_cmake' to check CMake code style
[4.268s] -- Added test 'pep257' to check Python code against some of the docstring style conventions in PEP 257
[4.272s] -- Added test 'uncrustify' to check C / C++ code style
[4.272s] -- Configured uncrustify additional arguments: 
[4.275s] -- Added test 'xmllint' to check XML markup files
[4.280s] -- Configuring done
[4.307s] -- Generating done
[4.316s] -- Build files have been written to: /home/phy_ai/.ihub/daksha/build/dynamics
[4.354s] Invoked command in '/home/phy_ai/.ihub/daksha/build/dynamics' returned '0': CMAKE_PREFIX_PATH=${CMAKE_PREFIX_PATH}:/home/phy_ai/.barani/gen2_full/install/world_camera_launch:/home/phy_ai/.barani/gen2_full/install/gen2:/home/phy_ai/.barani/gen2_full/install/vr_teleop:/home/phy_ai/.barani/gen2_full/install/ros_tcp_endpoint:/home/phy_ai/.barani/gen2_full/install/nav_bringup:/home/phy_ai/.barani/gen2_full/install/nav2_config:/home/phy_ai/.barani/gen2_full/install/kinematics:/home/phy_ai/.barani/gen2_full/install/joint_cmd_logger:/home/phy_ai/.barani/gen2_full/install/joint_analyzer:/home/phy_ai/.barani/gen2_full/install/daksha_data_collection:/home/phy_ai/.barani/gen2_full/install/gen2_leader:/home/phy_ai/.barani/gen2_full/install/amr_bringup:/home/phy_ai/.barani/gen2_full/install/daksha_final_urdf_description:/home/phy_ai/.barani/gen2_full/install/daksha_description_full_body:/home/phy_ai/.barani/gen2_full/install/daksha_base_urdf:/home/phy_ai/.barani/gen2_full/install/daksha_api_bridge_leader:/home/phy_ai/.barani/gen2_full/install/daksha_api_bridge_follower:/opt/ros/humble /usr/bin/cmake /home/phy_ai/.ihub/daksha/src/controllers/dynamics -DCMAKE_INSTALL_PREFIX=/home/phy_ai/.ihub/daksha/install/dynamics
[4.355s] Invoking command in '/home/phy_ai/.ihub/daksha/build/dynamics': CMAKE_PREFIX_PATH=${CMAKE_PREFIX_PATH}:/home/phy_ai/.barani/gen2_full/install/world_camera_launch:/home/phy_ai/.barani/gen2_full/install/gen2:/home/phy_ai/.barani/gen2_full/install/vr_teleop:/home/phy_ai/.barani/gen2_full/install/ros_tcp_endpoint:/home/phy_ai/.barani/gen2_full/install/nav_bringup:/home/phy_ai/.barani/gen2_full/install/nav2_config:/home/phy_ai/.barani/gen2_full/install/kinematics:/home/phy_ai/.barani/gen2_full/install/joint_cmd_logger:/home/phy_ai/.barani/gen2_full/install/joint_analyzer:/home/phy_ai/.barani/gen2_full/install/daksha_data_collection:/home/phy_ai/.barani/gen2_full/install/gen2_leader:/home/phy_ai/.barani/gen2_full/install/amr_bringup:/home/phy_ai/.barani/gen2_full/install/daksha_final_urdf_description:/home/phy_ai/.barani/gen2_full/install/daksha_description_full_body:/home/phy_ai/.barani/gen2_full/install/daksha_base_urdf:/home/phy_ai/.barani/gen2_full/install/daksha_api_bridge_leader:/home/phy_ai/.barani/gen2_full/install/daksha_api_bridge_follower:/opt/ros/humble /usr/bin/cmake --build /home/phy_ai/.ihub/daksha/build/dynamics -- -j16 -l16
[5.074s] [ 66%] [32mBuilding CXX object CMakeFiles/gravity_torque_node.dir/src/dynamics.cpp.o[0m
[5.076s] [ 66%] [32mBuilding CXX object CMakeFiles/gravity_torque_node.dir/src/gravity_torque_node.cpp.o[0m
[20.424s] [100%] [32m[1mLinking CXX executable gravity_torque_node[0m
[21.411s] [100%] Built target gravity_torque_node
[21.429s] Invoked command in '/home/phy_ai/.ihub/daksha/build/dynamics' returned '0': CMAKE_PREFIX_PATH=${CMAKE_PREFIX_PATH}:/home/phy_ai/.barani/gen2_full/install/world_camera_launch:/home/phy_ai/.barani/gen2_full/install/gen2:/home/phy_ai/.barani/gen2_full/install/vr_teleop:/home/phy_ai/.barani/gen2_full/install/ros_tcp_endpoint:/home/phy_ai/.barani/gen2_full/install/nav_bringup:/home/phy_ai/.barani/gen2_full/install/nav2_config:/home/phy_ai/.barani/gen2_full/install/kinematics:/home/phy_ai/.barani/gen2_full/install/joint_cmd_logger:/home/phy_ai/.barani/gen2_full/install/joint_analyzer:/home/phy_ai/.barani/gen2_full/install/daksha_data_collection:/home/phy_ai/.barani/gen2_full/install/gen2_leader:/home/phy_ai/.barani/gen2_full/install/amr_bringup:/home/phy_ai/.barani/gen2_full/install/daksha_final_urdf_description:/home/phy_ai/.barani/gen2_full/install/daksha_description_full_body:/home/phy_ai/.barani/gen2_full/install/daksha_base_urdf:/home/phy_ai/.barani/gen2_full/install/daksha_api_bridge_leader:/home/phy_ai/.barani/gen2_full/install/daksha_api_bridge_follower:/opt/ros/humble /usr/bin/cmake --build /home/phy_ai/.ihub/daksha/build/dynamics -- -j16 -l16
[21.430s] Invoking command in '/home/phy_ai/.ihub/daksha/build/dynamics': CMAKE_PREFIX_PATH=${CMAKE_PREFIX_PATH}:/home/phy_ai/.barani/gen2_full/install/world_camera_launch:/home/phy_ai/.barani/gen2_full/install/gen2:/home/phy_ai/.barani/gen2_full/install/vr_teleop:/home/phy_ai/.barani/gen2_full/install/ros_tcp_endpoint:/home/phy_ai/.barani/gen2_full/install/nav_bringup:/home/phy_ai/.barani/gen2_full/install/nav2_config:/home/phy_ai/.barani/gen2_full/install/kinematics:/home/phy_ai/.barani/gen2_full/install/joint_cmd_logger:/home/phy_ai/.barani/gen2_full/install/joint_analyzer:/home/phy_ai/.barani/gen2_full/install/daksha_data_collection:/home/phy_ai/.barani/gen2_full/install/gen2_leader:/home/phy_ai/.barani/gen2_full/install/amr_bringup:/home/phy_ai/.barani/gen2_full/install/daksha_final_urdf_description:/home/phy_ai/.barani/gen2_full/install/daksha_description_full_body:/home/phy_ai/.barani/gen2_full/install/daksha_base_urdf:/home/phy_ai/.barani/gen2_full/install/daksha_api_bridge_leader:/home/phy_ai/.barani/gen2_full/install/daksha_api_bridge_follower:/opt/ros/humble /usr/bin/cmake --install /home/phy_ai/.ihub/daksha/build/dynamics
[21.448s] -- Install configuration: ""
[21.449s] -- Installing: /home/phy_ai/.ihub/daksha/install/dynamics/lib/dynamics/gravity_torque_node
[21.455s] -- Set runtime path of "/home/phy_ai/.ihub/daksha/install/dynamics/lib/dynamics/gravity_torque_node" to ""
[21.455s] -- Installing: /home/phy_ai/.ihub/daksha/install/dynamics/share/dynamics/launch
[21.455s] -- Installing: /home/phy_ai/.ihub/daksha/install/dynamics/share/dynamics/launch/gravity_torque.launch.py
[21.455s] -- Installing: /home/phy_ai/.ihub/daksha/install/dynamics/share/ament_index/resource_index/package_run_dependencies/dynamics
[21.455s] -- Installing: /home/phy_ai/.ihub/daksha/install/dynamics/share/ament_index/resource_index/parent_prefix_path/dynamics
[21.456s] -- Installing: /home/phy_ai/.ihub/daksha/install/dynamics/share/dynamics/environment/ament_prefix_path.sh
[21.456s] -- Installing: /home/phy_ai/.ihub/daksha/install/dynamics/share/dynamics/environment/ament_prefix_path.dsv
[21.456s] -- Installing: /home/phy_ai/.ihub/daksha/install/dynamics/share/dynamics/environment/path.sh
[21.456s] -- Installing: /home/phy_ai/.ihub/daksha/install/dynamics/share/dynamics/environment/path.dsv
[21.456s] -- Installing: /home/phy_ai/.ihub/daksha/install/dynamics/share/dynamics/local_setup.bash
[21.456s] -- Installing: /home/phy_ai/.ihub/daksha/install/dynamics/share/dynamics/local_setup.sh
[21.457s] -- Installing: /home/phy_ai/.ihub/daksha/install/dynamics/share/dynamics/local_setup.zsh
[21.457s] -- Installing: /home/phy_ai/.ihub/daksha/install/dynamics/share/dynamics/local_setup.dsv
[21.457s] -- Installing: /home/phy_ai/.ihub/daksha/install/dynamics/share/dynamics/package.dsv
[21.457s] -- Installing: /home/phy_ai/.ihub/daksha/install/dynamics/share/ament_index/resource_index/packages/dynamics
[21.457s] -- Installing: /home/phy_ai/.ihub/daksha/install/dynamics/share/dynamics/cmake/dynamicsConfig.cmake
[21.457s] -- Installing: /home/phy_ai/.ihub/daksha/install/dynamics/share/dynamics/cmake/dynamicsConfig-version.cmake
[21.458s] -- Installing: /home/phy_ai/.ihub/daksha/install/dynamics/share/dynamics/package.xml
[21.461s] Invoked command in '/home/phy_ai/.ihub/daksha/build/dynamics' returned '0': CMAKE_PREFIX_PATH=${CMAKE_PREFIX_PATH}:/home/phy_ai/.barani/gen2_full/install/world_camera_launch:/home/phy_ai/.barani/gen2_full/install/gen2:/home/phy_ai/.barani/gen2_full/install/vr_teleop:/home/phy_ai/.barani/gen2_full/install/ros_tcp_endpoint:/home/phy_ai/.barani/gen2_full/install/nav_bringup:/home/phy_ai/.barani/gen2_full/install/nav2_config:/home/phy_ai/.barani/gen2_full/install/kinematics:/home/phy_ai/.barani/gen2_full/install/joint_cmd_logger:/home/phy_ai/.barani/gen2_full/install/joint_analyzer:/home/phy_ai/.barani/gen2_full/install/daksha_data_collection:/home/phy_ai/.barani/gen2_full/install/gen2_leader:/home/phy_ai/.barani/gen2_full/install/amr_bringup:/home/phy_ai/.barani/gen2_full/install/daksha_final_urdf_description:/home/phy_ai/.barani/gen2_full/install/daksha_description_full_body:/home/phy_ai/.barani/gen2_full/install/daksha_base_urdf:/home/phy_ai/.barani/gen2_full/install/daksha_api_bridge_leader:/home/phy_ai/.barani/gen2_full/install/daksha_api_bridge_follower:/opt/ros/humble /usr/bin/cmake --install /home/phy_ai/.ihub/daksha/build/dynamics
