[  1%] Built target gesture_management__rs
[  2%] Built target gesture_management__cpp
[ 13%] Built target gesture_management__rosidl_generator_c
[ 13%] Built target ament_cmake_python_copy_gesture_management
[ 47%] Built target gesture_management__rosidl_typesupport_fastrtps_cpp
[ 47%] Built target gesture_management__rosidl_typesupport_introspection_cpp
[ 47%] Built target gesture_management__rosidl_typesupport_cpp
[ 59%] Built target gesture_management__rosidl_typesupport_c
[ 80%] Built target gesture_management__rosidl_typesupport_introspection_c
[ 81%] Built target gesture_management__rosidl_typesupport_fastrtps_c
[ 81%] Built target gesture_management
[ 82%] Built target gesture_management__py
[ 93%] Built target gesture_management__rosidl_generator_py
[ 95%] Built target gesture_management__rosidl_typesupport_fastrtps_c__pyext
[ 97%] Built target gesture_management__rosidl_typesupport_introspection_c__pyext
[100%] Built target gesture_management__rosidl_typesupport_c__pyext
running egg_info
writing gesture_management.egg-info/PKG-INFO
writing dependency_links to gesture_management.egg-info/dependency_links.txt
writing top-level names to gesture_management.egg-info/top_level.txt
reading manifest file 'gesture_management.egg-info/SOURCES.txt'
writing manifest file 'gesture_management.egg-info/SOURCES.txt'
[100%] Built target ament_cmake_python_build_gesture_management_egg
-- Install configuration: ""
-- Up-to-date: /home/phy_ai/.ihub/daksha/install/gesture_management/share/ament_index/resource_index/rosidl_interfaces/gesture_management
-- Up-to-date: /home/phy_ai/.ihub/daksha/install/gesture_management/include/gesture_management/gesture_management
-- Up-to-date: /home/phy_ai/.ihub/daksha/install/gesture_management/include/gesture_management/gesture_management/srv
-- Up-to-date: /home/phy_ai/.ihub/daksha/install/gesture_management/include/gesture_management/gesture_management/srv/get_replay_status.h
-- Up-to-date: /home/phy_ai/.ihub/daksha/install/gesture_management/include/gesture_management/gesture_management/srv/start_recording.h
-- Up-to-date: /home/phy_ai/.ihub/daksha/install/gesture_management/include/gesture_management/gesture_management/srv/save_sequence.h
-- Up-to-date: /home/phy_ai/.ihub/daksha/install/gesture_management/include/gesture_management/gesture_management/srv/replay_recording.h
-- Up-to-date: /home/phy_ai/.ihub/daksha/install/gesture_management/include/gesture_management/gesture_management/srv/detail
-- Up-to-date: /home/phy_ai/.ihub/daksha/install/gesture_management/include/gesture_management/gesture_management/srv/detail/get_replay_status__type_support.h
-- Up-to-date: /home/phy_ai/.ihub/daksha/install/gesture_management/include/gesture_management/gesture_management/srv/detail/delete_sequence__functions.c
-- Up-to-date: /home/phy_ai/.ihub/daksha/install/gesture_management/include/gesture_management/gesture_management/srv/detail/replay_recording__functions.h
-- Up-to-date: /home/phy_ai/.ihub/daksha/install/gesture_management/include/gesture_management/gesture_management/srv/detail/delete_sequence__type_support.h
-- Up-to-date: /home/phy_ai/.ihub/daksha/install/gesture_management/include/gesture_management/gesture_management/srv/detail/save_sequence__functions.h
-- Up-to-date: /home/phy_ai/.ihub/daksha/install/gesture_management/include/gesture_management/gesture_management/srv/detail/play_sequence__functions.h
-- Up-to-date: /home/phy_ai/.ihub/daksha/install/gesture_management/include/gesture_management/gesture_management/srv/detail/start_recording__functions.h
-- Up-to-date: /home/phy_ai/.ihub/daksha/install/gesture_management/include/gesture_management/gesture_management/srv/detail/replay_recording__functions.c
-- Up-to-date: /home/phy_ai/.ihub/daksha/install/gesture_management/include/gesture_management/gesture_management/srv/detail/start_recording__functions.c
-- Up-to-date: /home/phy_ai/.ihub/daksha/install/gesture_management/include/gesture_management/gesture_management/srv/detail/play_sequence__type_support.h
-- Up-to-date: /home/phy_ai/.ihub/daksha/install/gesture_management/include/gesture_management/gesture_management/srv/detail/save_sequence__functions.c
-- Up-to-date: /home/phy_ai/.ihub/daksha/install/gesture_management/include/gesture_management/gesture_management/srv/detail/play_recording__struct.h
-- Up-to-date: /home/phy_ai/.ihub/daksha/install/gesture_management/include/gesture_management/gesture_management/srv/detail/save_sequence__type_support.h
-- Up-to-date: /home/phy_ai/.ihub/daksha/install/gesture_management/include/gesture_management/gesture_management/srv/detail/delete_sequence__struct.h
-- Up-to-date: /home/phy_ai/.ihub/daksha/install/gesture_management/include/gesture_management/gesture_management/srv/detail/list_sequences__struct.h
-- Up-to-date: /home/phy_ai/.ihub/daksha/install/gesture_management/include/gesture_management/gesture_management/srv/detail/list_sequences__functions.h
-- Up-to-date: /home/phy_ai/.ihub/daksha/install/gesture_management/include/gesture_management/gesture_management/srv/detail/get_replay_status__struct.h
-- Up-to-date: /home/phy_ai/.ihub/daksha/install/gesture_management/include/gesture_management/gesture_management/srv/detail/list_sequences__type_support.h
-- Up-to-date: /home/phy_ai/.ihub/daksha/install/gesture_management/include/gesture_management/gesture_management/srv/detail/delete_sequence__functions.h
-- Up-to-date: /home/phy_ai/.ihub/daksha/install/gesture_management/include/gesture_management/gesture_management/srv/detail/list_sequences__functions.c
-- Up-to-date: /home/phy_ai/.ihub/daksha/install/gesture_management/include/gesture_management/gesture_management/srv/detail/save_sequence__struct.h
-- Up-to-date: /home/phy_ai/.ihub/daksha/install/gesture_management/include/gesture_management/gesture_management/srv/detail/get_replay_status__functions.h
-- Up-to-date: /home/phy_ai/.ihub/daksha/install/gesture_management/include/gesture_management/gesture_management/srv/detail/start_recording__struct.h
-- Up-to-date: /home/phy_ai/.ihub/daksha/install/gesture_management/include/gesture_management/gesture_management/srv/detail/play_recording__type_support.h
-- Up-to-date: /home/phy_ai/.ihub/daksha/install/gesture_management/include/gesture_management/gesture_management/srv/detail/play_recording__functions.c
-- Up-to-date: /home/phy_ai/.ihub/daksha/install/gesture_management/include/gesture_management/gesture_management/srv/detail/play_sequence__struct.h
-- Up-to-date: /home/phy_ai/.ihub/daksha/install/gesture_management/include/gesture_management/gesture_management/srv/detail/play_recording__functions.h
-- Up-to-date: /home/phy_ai/.ihub/daksha/install/gesture_management/include/gesture_management/gesture_management/srv/detail/play_sequence__functions.c
-- Up-to-date: /home/phy_ai/.ihub/daksha/install/gesture_management/include/gesture_management/gesture_management/srv/detail/start_recording__type_support.h
-- Up-to-date: /home/phy_ai/.ihub/daksha/install/gesture_management/include/gesture_management/gesture_management/srv/detail/get_replay_status__functions.c
-- Up-to-date: /home/phy_ai/.ihub/daksha/install/gesture_management/include/gesture_management/gesture_management/srv/detail/replay_recording__struct.h
-- Up-to-date: /home/phy_ai/.ihub/daksha/install/gesture_management/include/gesture_management/gesture_management/srv/detail/replay_recording__type_support.h
-- Up-to-date: /home/phy_ai/.ihub/daksha/install/gesture_management/include/gesture_management/gesture_management/srv/list_sequences.h
-- Up-to-date: /home/phy_ai/.ihub/daksha/install/gesture_management/include/gesture_management/gesture_management/srv/delete_sequence.h
-- Up-to-date: /home/phy_ai/.ihub/daksha/install/gesture_management/include/gesture_management/gesture_management/srv/play_recording.h
-- Up-to-date: /home/phy_ai/.ihub/daksha/install/gesture_management/include/gesture_management/gesture_management/srv/play_sequence.h
-- Up-to-date: /home/phy_ai/.ihub/daksha/install/gesture_management/include/gesture_management/gesture_management/msg
-- Up-to-date: /home/phy_ai/.ihub/daksha/install/gesture_management/include/gesture_management/gesture_management/msg/rosidl_generator_c__visibility_control.h
-- Up-to-date: /home/phy_ai/.ihub/daksha/install/gesture_management/share/gesture_management/environment/library_path.sh
-- Up-to-date: /home/phy_ai/.ihub/daksha/install/gesture_management/share/gesture_management/environment/library_path.dsv
-- Up-to-date: /home/phy_ai/.ihub/daksha/install/gesture_management/lib/libgesture_management__rosidl_generator_c.so
-- Up-to-date: /home/phy_ai/.ihub/daksha/install/gesture_management/include/gesture_management/gesture_management
-- Up-to-date: /home/phy_ai/.ihub/daksha/install/gesture_management/include/gesture_management/gesture_management/srv
-- Up-to-date: /home/phy_ai/.ihub/daksha/install/gesture_management/include/gesture_management/gesture_management/srv/detail
-- Up-to-date: /home/phy_ai/.ihub/daksha/install/gesture_management/include/gesture_management/gesture_management/srv/detail/play_sequence__rosidl_typesupport_fastrtps_c.h
-- Up-to-date: /home/phy_ai/.ihub/daksha/install/gesture_management/include/gesture_management/gesture_management/srv/detail/list_sequences__rosidl_typesupport_fastrtps_c.h
-- Up-to-date: /home/phy_ai/.ihub/daksha/install/gesture_management/include/gesture_management/gesture_management/srv/detail/start_recording__rosidl_typesupport_fastrtps_c.h
-- Up-to-date: /home/phy_ai/.ihub/daksha/install/gesture_management/include/gesture_management/gesture_management/srv/detail/play_recording__rosidl_typesupport_fastrtps_c.h
-- Up-to-date: /home/phy_ai/.ihub/daksha/install/gesture_management/include/gesture_management/gesture_management/srv/detail/replay_recording__rosidl_typesupport_fastrtps_c.h
-- Up-to-date: /home/phy_ai/.ihub/daksha/install/gesture_management/include/gesture_management/gesture_management/srv/detail/save_sequence__rosidl_typesupport_fastrtps_c.h
-- Up-to-date: /home/phy_ai/.ihub/daksha/install/gesture_management/include/gesture_management/gesture_management/srv/detail/get_replay_status__rosidl_typesupport_fastrtps_c.h
-- Up-to-date: /home/phy_ai/.ihub/daksha/install/gesture_management/include/gesture_management/gesture_management/srv/detail/delete_sequence__rosidl_typesupport_fastrtps_c.h
-- Up-to-date: /home/phy_ai/.ihub/daksha/install/gesture_management/include/gesture_management/gesture_management/msg
-- Up-to-date: /home/phy_ai/.ihub/daksha/install/gesture_management/include/gesture_management/gesture_management/msg/rosidl_typesupport_fastrtps_c__visibility_control.h
-- Up-to-date: /home/phy_ai/.ihub/daksha/install/gesture_management/lib/libgesture_management__rosidl_typesupport_fastrtps_c.so
-- Up-to-date: /home/phy_ai/.ihub/daksha/install/gesture_management/include/gesture_management/gesture_management
-- Up-to-date: /home/phy_ai/.ihub/daksha/install/gesture_management/include/gesture_management/gesture_management/srv
-- Up-to-date: /home/phy_ai/.ihub/daksha/install/gesture_management/include/gesture_management/gesture_management/srv/save_sequence.hpp
-- Up-to-date: /home/phy_ai/.ihub/daksha/install/gesture_management/include/gesture_management/gesture_management/srv/start_recording.hpp
-- Up-to-date: /home/phy_ai/.ihub/daksha/install/gesture_management/include/gesture_management/gesture_management/srv/play_sequence.hpp
-- Up-to-date: /home/phy_ai/.ihub/daksha/install/gesture_management/include/gesture_management/gesture_management/srv/detail
-- Up-to-date: /home/phy_ai/.ihub/daksha/install/gesture_management/include/gesture_management/gesture_management/srv/detail/play_recording__traits.hpp
-- Up-to-date: /home/phy_ai/.ihub/daksha/install/gesture_management/include/gesture_management/gesture_management/srv/detail/replay_recording__struct.hpp
-- Up-to-date: /home/phy_ai/.ihub/daksha/install/gesture_management/include/gesture_management/gesture_management/srv/detail/get_replay_status__type_support.hpp
-- Up-to-date: /home/phy_ai/.ihub/daksha/install/gesture_management/include/gesture_management/gesture_management/srv/detail/play_sequence__builder.hpp
-- Up-to-date: /home/phy_ai/.ihub/daksha/install/gesture_management/include/gesture_management/gesture_management/srv/detail/get_replay_status__traits.hpp
-- Up-to-date: /home/phy_ai/.ihub/daksha/install/gesture_management/include/gesture_management/gesture_management/srv/detail/start_recording__traits.hpp
-- Up-to-date: /home/phy_ai/.ihub/daksha/install/gesture_management/include/gesture_management/gesture_management/srv/detail/save_sequence__traits.hpp
-- Up-to-date: /home/phy_ai/.ihub/daksha/install/gesture_management/include/gesture_management/gesture_management/srv/detail/replay_recording__type_support.hpp
-- Up-to-date: /home/phy_ai/.ihub/daksha/install/gesture_management/include/gesture_management/gesture_management/srv/detail/save_sequence__type_support.hpp
-- Up-to-date: /home/phy_ai/.ihub/daksha/install/gesture_management/include/gesture_management/gesture_management/srv/detail/start_recording__type_support.hpp
-- Up-to-date: /home/phy_ai/.ihub/daksha/install/gesture_management/include/gesture_management/gesture_management/srv/detail/get_replay_status__builder.hpp
-- Up-to-date: /home/phy_ai/.ihub/daksha/install/gesture_management/include/gesture_management/gesture_management/srv/detail/list_sequences__type_support.hpp
-- Up-to-date: /home/phy_ai/.ihub/daksha/install/gesture_management/include/gesture_management/gesture_management/srv/detail/save_sequence__struct.hpp
-- Up-to-date: /home/phy_ai/.ihub/daksha/install/gesture_management/include/gesture_management/gesture_management/srv/detail/delete_sequence__type_support.hpp
-- Up-to-date: /home/phy_ai/.ihub/daksha/install/gesture_management/include/gesture_management/gesture_management/srv/detail/replay_recording__traits.hpp
-- Up-to-date: /home/phy_ai/.ihub/daksha/install/gesture_management/include/gesture_management/gesture_management/srv/detail/play_sequence__traits.hpp
-- Up-to-date: /home/phy_ai/.ihub/daksha/install/gesture_management/include/gesture_management/gesture_management/srv/detail/delete_sequence__struct.hpp
-- Up-to-date: /home/phy_ai/.ihub/daksha/install/gesture_management/include/gesture_management/gesture_management/srv/detail/delete_sequence__traits.hpp
-- Up-to-date: /home/phy_ai/.ihub/daksha/install/gesture_management/include/gesture_management/gesture_management/srv/detail/delete_sequence__builder.hpp
-- Up-to-date: /home/phy_ai/.ihub/daksha/install/gesture_management/include/gesture_management/gesture_management/srv/detail/start_recording__struct.hpp
-- Up-to-date: /home/phy_ai/.ihub/daksha/install/gesture_management/include/gesture_management/gesture_management/srv/detail/list_sequences__traits.hpp
-- Up-to-date: /home/phy_ai/.ihub/daksha/install/gesture_management/include/gesture_management/gesture_management/srv/detail/list_sequences__builder.hpp
-- Up-to-date: /home/phy_ai/.ihub/daksha/install/gesture_management/include/gesture_management/gesture_management/srv/detail/list_sequences__struct.hpp
-- Up-to-date: /home/phy_ai/.ihub/daksha/install/gesture_management/include/gesture_management/gesture_management/srv/detail/play_recording__type_support.hpp
-- Up-to-date: /home/phy_ai/.ihub/daksha/install/gesture_management/include/gesture_management/gesture_management/srv/detail/play_recording__builder.hpp
-- Up-to-date: /home/phy_ai/.ihub/daksha/install/gesture_management/include/gesture_management/gesture_management/srv/detail/replay_recording__builder.hpp
-- Up-to-date: /home/phy_ai/.ihub/daksha/install/gesture_management/include/gesture_management/gesture_management/srv/detail/get_replay_status__struct.hpp
-- Up-to-date: /home/phy_ai/.ihub/daksha/install/gesture_management/include/gesture_management/gesture_management/srv/detail/play_sequence__type_support.hpp
-- Up-to-date: /home/phy_ai/.ihub/daksha/install/gesture_management/include/gesture_management/gesture_management/srv/detail/play_sequence__struct.hpp
-- Up-to-date: /home/phy_ai/.ihub/daksha/install/gesture_management/include/gesture_management/gesture_management/srv/detail/save_sequence__builder.hpp
-- Up-to-date: /home/phy_ai/.ihub/daksha/install/gesture_management/include/gesture_management/gesture_management/srv/detail/start_recording__builder.hpp
-- Up-to-date: /home/phy_ai/.ihub/daksha/install/gesture_management/include/gesture_management/gesture_management/srv/detail/play_recording__struct.hpp
-- Up-to-date: /home/phy_ai/.ihub/daksha/install/gesture_management/include/gesture_management/gesture_management/srv/list_sequences.hpp
-- Up-to-date: /home/phy_ai/.ihub/daksha/install/gesture_management/include/gesture_management/gesture_management/srv/delete_sequence.hpp
-- Up-to-date: /home/phy_ai/.ihub/daksha/install/gesture_management/include/gesture_management/gesture_management/srv/play_recording.hpp
-- Up-to-date: /home/phy_ai/.ihub/daksha/install/gesture_management/include/gesture_management/gesture_management/srv/replay_recording.hpp
-- Up-to-date: /home/phy_ai/.ihub/daksha/install/gesture_management/include/gesture_management/gesture_management/srv/get_replay_status.hpp
-- Up-to-date: /home/phy_ai/.ihub/daksha/install/gesture_management/include/gesture_management/gesture_management/msg
-- Up-to-date: /home/phy_ai/.ihub/daksha/install/gesture_management/include/gesture_management/gesture_management/msg/rosidl_generator_cpp__visibility_control.hpp
-- Up-to-date: /home/phy_ai/.ihub/daksha/install/gesture_management/include/gesture_management/gesture_management
-- Up-to-date: /home/phy_ai/.ihub/daksha/install/gesture_management/include/gesture_management/gesture_management/srv
-- Up-to-date: /home/phy_ai/.ihub/daksha/install/gesture_management/include/gesture_management/gesture_management/srv/detail
-- Up-to-date: /home/phy_ai/.ihub/daksha/install/gesture_management/include/gesture_management/gesture_management/srv/detail/list_sequences__rosidl_typesupport_fastrtps_cpp.hpp
-- Up-to-date: /home/phy_ai/.ihub/daksha/install/gesture_management/include/gesture_management/gesture_management/srv/detail/delete_sequence__rosidl_typesupport_fastrtps_cpp.hpp
-- Up-to-date: /home/phy_ai/.ihub/daksha/install/gesture_management/include/gesture_management/gesture_management/srv/detail/start_recording__rosidl_typesupport_fastrtps_cpp.hpp
-- Up-to-date: /home/phy_ai/.ihub/daksha/install/gesture_management/include/gesture_management/gesture_management/srv/detail/save_sequence__rosidl_typesupport_fastrtps_cpp.hpp
-- Up-to-date: /home/phy_ai/.ihub/daksha/install/gesture_management/include/gesture_management/gesture_management/srv/detail/dds_fastrtps
-- Up-to-date: /home/phy_ai/.ihub/daksha/install/gesture_management/include/gesture_management/gesture_management/srv/detail/get_replay_status__rosidl_typesupport_fastrtps_cpp.hpp
-- Up-to-date: /home/phy_ai/.ihub/daksha/install/gesture_management/include/gesture_management/gesture_management/srv/detail/play_sequence__rosidl_typesupport_fastrtps_cpp.hpp
-- Up-to-date: /home/phy_ai/.ihub/daksha/install/gesture_management/include/gesture_management/gesture_management/srv/detail/play_recording__rosidl_typesupport_fastrtps_cpp.hpp
-- Up-to-date: /home/phy_ai/.ihub/daksha/install/gesture_management/include/gesture_management/gesture_management/srv/detail/replay_recording__rosidl_typesupport_fastrtps_cpp.hpp
-- Up-to-date: /home/phy_ai/.ihub/daksha/install/gesture_management/include/gesture_management/gesture_management/msg
-- Up-to-date: /home/phy_ai/.ihub/daksha/install/gesture_management/include/gesture_management/gesture_management/msg/rosidl_typesupport_fastrtps_cpp__visibility_control.h
-- Up-to-date: /home/phy_ai/.ihub/daksha/install/gesture_management/lib/libgesture_management__rosidl_typesupport_fastrtps_cpp.so
-- Up-to-date: /home/phy_ai/.ihub/daksha/install/gesture_management/include/gesture_management/gesture_management
-- Up-to-date: /home/phy_ai/.ihub/daksha/install/gesture_management/include/gesture_management/gesture_management/srv
-- Up-to-date: /home/phy_ai/.ihub/daksha/install/gesture_management/include/gesture_management/gesture_management/srv/detail
-- Up-to-date: /home/phy_ai/.ihub/daksha/install/gesture_management/include/gesture_management/gesture_management/srv/detail/delete_sequence__rosidl_typesupport_introspection_c.h
-- Up-to-date: /home/phy_ai/.ihub/daksha/install/gesture_management/include/gesture_management/gesture_management/srv/detail/delete_sequence__type_support.c
-- Up-to-date: /home/phy_ai/.ihub/daksha/install/gesture_management/include/gesture_management/gesture_management/srv/detail/replay_recording__rosidl_typesupport_introspection_c.h
-- Up-to-date: /home/phy_ai/.ihub/daksha/install/gesture_management/include/gesture_management/gesture_management/srv/detail/get_replay_status__rosidl_typesupport_introspection_c.h
-- Up-to-date: /home/phy_ai/.ihub/daksha/install/gesture_management/include/gesture_management/gesture_management/srv/detail/list_sequences__rosidl_typesupport_introspection_c.h
-- Up-to-date: /home/phy_ai/.ihub/daksha/install/gesture_management/include/gesture_management/gesture_management/srv/detail/get_replay_status__type_support.c
-- Up-to-date: /home/phy_ai/.ihub/daksha/install/gesture_management/include/gesture_management/gesture_management/srv/detail/start_recording__type_support.c
-- Up-to-date: /home/phy_ai/.ihub/daksha/install/gesture_management/include/gesture_management/gesture_management/srv/detail/start_recording__rosidl_typesupport_introspection_c.h
-- Up-to-date: /home/phy_ai/.ihub/daksha/install/gesture_management/include/gesture_management/gesture_management/srv/detail/list_sequences__type_support.c
-- Up-to-date: /home/phy_ai/.ihub/daksha/install/gesture_management/include/gesture_management/gesture_management/srv/detail/play_recording__rosidl_typesupport_introspection_c.h
-- Up-to-date: /home/phy_ai/.ihub/daksha/install/gesture_management/include/gesture_management/gesture_management/srv/detail/play_sequence__rosidl_typesupport_introspection_c.h
-- Up-to-date: /home/phy_ai/.ihub/daksha/install/gesture_management/include/gesture_management/gesture_management/srv/detail/play_sequence__type_support.c
-- Up-to-date: /home/phy_ai/.ihub/daksha/install/gesture_management/include/gesture_management/gesture_management/srv/detail/replay_recording__type_support.c
-- Up-to-date: /home/phy_ai/.ihub/daksha/install/gesture_management/include/gesture_management/gesture_management/srv/detail/save_sequence__rosidl_typesupport_introspection_c.h
-- Up-to-date: /home/phy_ai/.ihub/daksha/install/gesture_management/include/gesture_management/gesture_management/srv/detail/play_recording__type_support.c
-- Up-to-date: /home/phy_ai/.ihub/daksha/install/gesture_management/include/gesture_management/gesture_management/srv/detail/save_sequence__type_support.c
-- Up-to-date: /home/phy_ai/.ihub/daksha/install/gesture_management/include/gesture_management/gesture_management/msg
-- Up-to-date: /home/phy_ai/.ihub/daksha/install/gesture_management/include/gesture_management/gesture_management/msg/rosidl_typesupport_introspection_c__visibility_control.h
-- Up-to-date: /home/phy_ai/.ihub/daksha/install/gesture_management/lib/libgesture_management__rosidl_typesupport_introspection_c.so
-- Up-to-date: /home/phy_ai/.ihub/daksha/install/gesture_management/lib/libgesture_management__rosidl_typesupport_c.so
-- Up-to-date: /home/phy_ai/.ihub/daksha/install/gesture_management/include/gesture_management/gesture_management
-- Up-to-date: /home/phy_ai/.ihub/daksha/install/gesture_management/include/gesture_management/gesture_management/srv
-- Up-to-date: /home/phy_ai/.ihub/daksha/install/gesture_management/include/gesture_management/gesture_management/srv/detail
-- Up-to-date: /home/phy_ai/.ihub/daksha/install/gesture_management/include/gesture_management/gesture_management/srv/detail/delete_sequence__type_support.cpp
-- Up-to-date: /home/phy_ai/.ihub/daksha/install/gesture_management/include/gesture_management/gesture_management/srv/detail/list_sequences__rosidl_typesupport_introspection_cpp.hpp
-- Up-to-date: /home/phy_ai/.ihub/daksha/install/gesture_management/include/gesture_management/gesture_management/srv/detail/save_sequence__rosidl_typesupport_introspection_cpp.hpp
-- Up-to-date: /home/phy_ai/.ihub/daksha/install/gesture_management/include/gesture_management/gesture_management/srv/detail/play_sequence__type_support.cpp
-- Up-to-date: /home/phy_ai/.ihub/daksha/install/gesture_management/include/gesture_management/gesture_management/srv/detail/replay_recording__type_support.cpp
-- Up-to-date: /home/phy_ai/.ihub/daksha/install/gesture_management/include/gesture_management/gesture_management/srv/detail/get_replay_status__type_support.cpp
-- Up-to-date: /home/phy_ai/.ihub/daksha/install/gesture_management/include/gesture_management/gesture_management/srv/detail/get_replay_status__rosidl_typesupport_introspection_cpp.hpp
-- Up-to-date: /home/phy_ai/.ihub/daksha/install/gesture_management/include/gesture_management/gesture_management/srv/detail/start_recording__type_support.cpp
-- Up-to-date: /home/phy_ai/.ihub/daksha/install/gesture_management/include/gesture_management/gesture_management/srv/detail/play_recording__type_support.cpp
-- Up-to-date: /home/phy_ai/.ihub/daksha/install/gesture_management/include/gesture_management/gesture_management/srv/detail/list_sequences__type_support.cpp
-- Up-to-date: /home/phy_ai/.ihub/daksha/install/gesture_management/include/gesture_management/gesture_management/srv/detail/replay_recording__rosidl_typesupport_introspection_cpp.hpp
-- Up-to-date: /home/phy_ai/.ihub/daksha/install/gesture_management/include/gesture_management/gesture_management/srv/detail/save_sequence__type_support.cpp
-- Up-to-date: /home/phy_ai/.ihub/daksha/install/gesture_management/include/gesture_management/gesture_management/srv/detail/start_recording__rosidl_typesupport_introspection_cpp.hpp
-- Up-to-date: /home/phy_ai/.ihub/daksha/install/gesture_management/include/gesture_management/gesture_management/srv/detail/delete_sequence__rosidl_typesupport_introspection_cpp.hpp
-- Up-to-date: /home/phy_ai/.ihub/daksha/install/gesture_management/include/gesture_management/gesture_management/srv/detail/play_recording__rosidl_typesupport_introspection_cpp.hpp
-- Up-to-date: /home/phy_ai/.ihub/daksha/install/gesture_management/include/gesture_management/gesture_management/srv/detail/play_sequence__rosidl_typesupport_introspection_cpp.hpp
-- Up-to-date: /home/phy_ai/.ihub/daksha/install/gesture_management/lib/libgesture_management__rosidl_typesupport_introspection_cpp.so
-- Up-to-date: /home/phy_ai/.ihub/daksha/install/gesture_management/lib/libgesture_management__rosidl_typesupport_cpp.so
-- Up-to-date: /home/phy_ai/.ihub/daksha/install/gesture_management/share/gesture_management/environment/pythonpath.sh
-- Up-to-date: /home/phy_ai/.ihub/daksha/install/gesture_management/share/gesture_management/environment/pythonpath.dsv
-- Up-to-date: /home/phy_ai/.ihub/daksha/install/gesture_management/local/lib/python3.10/dist-packages/gesture_management-0.0.1-py3.10.egg-info
-- Installing: /home/phy_ai/.ihub/daksha/install/gesture_management/local/lib/python3.10/dist-packages/gesture_management-0.0.1-py3.10.egg-info/SOURCES.txt
-- Installing: /home/phy_ai/.ihub/daksha/install/gesture_management/local/lib/python3.10/dist-packages/gesture_management-0.0.1-py3.10.egg-info/top_level.txt
-- Installing: /home/phy_ai/.ihub/daksha/install/gesture_management/local/lib/python3.10/dist-packages/gesture_management-0.0.1-py3.10.egg-info/PKG-INFO
-- Installing: /home/phy_ai/.ihub/daksha/install/gesture_management/local/lib/python3.10/dist-packages/gesture_management-0.0.1-py3.10.egg-info/dependency_links.txt
-- Up-to-date: /home/phy_ai/.ihub/daksha/install/gesture_management/local/lib/python3.10/dist-packages/gesture_management
-- Up-to-date: /home/phy_ai/.ihub/daksha/install/gesture_management/local/lib/python3.10/dist-packages/gesture_management/srv
-- Up-to-date: /home/phy_ai/.ihub/daksha/install/gesture_management/local/lib/python3.10/dist-packages/gesture_management/srv/_start_recording.py
-- Up-to-date: /home/phy_ai/.ihub/daksha/install/gesture_management/local/lib/python3.10/dist-packages/gesture_management/srv/_delete_sequence_s.c
-- Up-to-date: /home/phy_ai/.ihub/daksha/install/gesture_management/local/lib/python3.10/dist-packages/gesture_management/srv/_start_recording_s.c
-- Up-to-date: /home/phy_ai/.ihub/daksha/install/gesture_management/local/lib/python3.10/dist-packages/gesture_management/srv/_list_sequences_s.c
-- Up-to-date: /home/phy_ai/.ihub/daksha/install/gesture_management/local/lib/python3.10/dist-packages/gesture_management/srv/_replay_recording.py
-- Up-to-date: /home/phy_ai/.ihub/daksha/install/gesture_management/local/lib/python3.10/dist-packages/gesture_management/srv/__init__.py
-- Up-to-date: /home/phy_ai/.ihub/daksha/install/gesture_management/local/lib/python3.10/dist-packages/gesture_management/srv/_save_sequence_s.c
-- Up-to-date: /home/phy_ai/.ihub/daksha/install/gesture_management/local/lib/python3.10/dist-packages/gesture_management/srv/_play_recording_s.c
-- Up-to-date: /home/phy_ai/.ihub/daksha/install/gesture_management/local/lib/python3.10/dist-packages/gesture_management/srv/_save_sequence.py
-- Up-to-date: /home/phy_ai/.ihub/daksha/install/gesture_management/local/lib/python3.10/dist-packages/gesture_management/srv/_play_sequence.py
-- Up-to-date: /home/phy_ai/.ihub/daksha/install/gesture_management/local/lib/python3.10/dist-packages/gesture_management/srv/_replay_recording_s.c
-- Up-to-date: /home/phy_ai/.ihub/daksha/install/gesture_management/local/lib/python3.10/dist-packages/gesture_management/srv/_list_sequences.py
-- Up-to-date: /home/phy_ai/.ihub/daksha/install/gesture_management/local/lib/python3.10/dist-packages/gesture_management/srv/_delete_sequence.py
-- Up-to-date: /home/phy_ai/.ihub/daksha/install/gesture_management/local/lib/python3.10/dist-packages/gesture_management/srv/_play_recording.py
-- Up-to-date: /home/phy_ai/.ihub/daksha/install/gesture_management/local/lib/python3.10/dist-packages/gesture_management/srv/_play_sequence_s.c
-- Up-to-date: /home/phy_ai/.ihub/daksha/install/gesture_management/local/lib/python3.10/dist-packages/gesture_management/srv/_get_replay_status_s.c
-- Up-to-date: /home/phy_ai/.ihub/daksha/install/gesture_management/local/lib/python3.10/dist-packages/gesture_management/srv/_get_replay_status.py
-- Up-to-date: /home/phy_ai/.ihub/daksha/install/gesture_management/local/lib/python3.10/dist-packages/gesture_management/_gesture_management_s.ep.rosidl_typesupport_introspection_c.c
-- Up-to-date: /home/phy_ai/.ihub/daksha/install/gesture_management/local/lib/python3.10/dist-packages/gesture_management/_gesture_management_s.ep.rosidl_typesupport_fastrtps_c.c
-- Up-to-date: /home/phy_ai/.ihub/daksha/install/gesture_management/local/lib/python3.10/dist-packages/gesture_management/__init__.py
-- Up-to-date: /home/phy_ai/.ihub/daksha/install/gesture_management/local/lib/python3.10/dist-packages/gesture_management/libgesture_management__rosidl_generator_py.so
-- Up-to-date: /home/phy_ai/.ihub/daksha/install/gesture_management/local/lib/python3.10/dist-packages/gesture_management/gesture_management_s__rosidl_typesupport_introspection_c.cpython-310-x86_64-linux-gnu.so
-- Up-to-date: /home/phy_ai/.ihub/daksha/install/gesture_management/local/lib/python3.10/dist-packages/gesture_management/gesture_management_s__rosidl_typesupport_fastrtps_c.cpython-310-x86_64-linux-gnu.so
-- Up-to-date: /home/phy_ai/.ihub/daksha/install/gesture_management/local/lib/python3.10/dist-packages/gesture_management/_gesture_management_s.ep.rosidl_typesupport_c.c
-- Up-to-date: /home/phy_ai/.ihub/daksha/install/gesture_management/local/lib/python3.10/dist-packages/gesture_management/gesture_management_s__rosidl_typesupport_c.cpython-310-x86_64-linux-gnu.so
Listing '/home/phy_ai/.ihub/daksha/install/gesture_management/local/lib/python3.10/dist-packages/gesture_management'...
Listing '/home/phy_ai/.ihub/daksha/install/gesture_management/local/lib/python3.10/dist-packages/gesture_management/srv'...
-- Up-to-date: /home/phy_ai/.ihub/daksha/install/gesture_management/local/lib/python3.10/dist-packages/gesture_management/gesture_management_s__rosidl_typesupport_fastrtps_c.cpython-310-x86_64-linux-gnu.so
-- Up-to-date: /home/phy_ai/.ihub/daksha/install/gesture_management/local/lib/python3.10/dist-packages/gesture_management/gesture_management_s__rosidl_typesupport_introspection_c.cpython-310-x86_64-linux-gnu.so
-- Up-to-date: /home/phy_ai/.ihub/daksha/install/gesture_management/local/lib/python3.10/dist-packages/gesture_management/gesture_management_s__rosidl_typesupport_c.cpython-310-x86_64-linux-gnu.so
-- Up-to-date: /home/phy_ai/.ihub/daksha/install/gesture_management/lib/libgesture_management__rosidl_generator_py.so
-- Up-to-date: /home/phy_ai/.ihub/daksha/install/gesture_management/share/ament_index/resource_index/rust_packages/gesture_management
-- Up-to-date: /home/phy_ai/.ihub/daksha/install/gesture_management/share/gesture_management/rust
-- Up-to-date: /home/phy_ai/.ihub/daksha/install/gesture_management/share/gesture_management/rust/build.rs
-- Up-to-date: /home/phy_ai/.ihub/daksha/install/gesture_management/share/gesture_management/rust/src
-- Up-to-date: /home/phy_ai/.ihub/daksha/install/gesture_management/share/gesture_management/rust/src/srv
-- Up-to-date: /home/phy_ai/.ihub/daksha/install/gesture_management/share/gesture_management/rust/src/srv/rmw.rs
-- Up-to-date: /home/phy_ai/.ihub/daksha/install/gesture_management/share/gesture_management/rust/src/lib.rs
-- Up-to-date: /home/phy_ai/.ihub/daksha/install/gesture_management/share/gesture_management/rust/src/srv.rs
-- Up-to-date: /home/phy_ai/.ihub/daksha/install/gesture_management/share/gesture_management/rust/Cargo.toml
-- Up-to-date: /home/phy_ai/.ihub/daksha/install/gesture_management/share/gesture_management/srv/StartRecording.idl
-- Up-to-date: /home/phy_ai/.ihub/daksha/install/gesture_management/share/gesture_management/srv/ReplayRecording.idl
-- Up-to-date: /home/phy_ai/.ihub/daksha/install/gesture_management/share/gesture_management/srv/PlayRecording.idl
-- Up-to-date: /home/phy_ai/.ihub/daksha/install/gesture_management/share/gesture_management/srv/PlaySequence.idl
-- Up-to-date: /home/phy_ai/.ihub/daksha/install/gesture_management/share/gesture_management/srv/SaveSequence.idl
-- Up-to-date: /home/phy_ai/.ihub/daksha/install/gesture_management/share/gesture_management/srv/DeleteSequence.idl
-- Up-to-date: /home/phy_ai/.ihub/daksha/install/gesture_management/share/gesture_management/srv/ListSequences.idl
-- Up-to-date: /home/phy_ai/.ihub/daksha/install/gesture_management/share/gesture_management/srv/GetReplayStatus.idl
-- Up-to-date: /home/phy_ai/.ihub/daksha/install/gesture_management/share/gesture_management/srv/StartRecording.srv
-- Up-to-date: /home/phy_ai/.ihub/daksha/install/gesture_management/share/gesture_management/srv/StartRecording_Request.msg
-- Up-to-date: /home/phy_ai/.ihub/daksha/install/gesture_management/share/gesture_management/srv/StartRecording_Response.msg
-- Up-to-date: /home/phy_ai/.ihub/daksha/install/gesture_management/share/gesture_management/srv/ReplayRecording.srv
-- Up-to-date: /home/phy_ai/.ihub/daksha/install/gesture_management/share/gesture_management/srv/ReplayRecording_Request.msg
-- Up-to-date: /home/phy_ai/.ihub/daksha/install/gesture_management/share/gesture_management/srv/ReplayRecording_Response.msg
-- Up-to-date: /home/phy_ai/.ihub/daksha/install/gesture_management/share/gesture_management/srv/PlayRecording.srv
-- Up-to-date: /home/phy_ai/.ihub/daksha/install/gesture_management/share/gesture_management/srv/PlayRecording_Request.msg
-- Up-to-date: /home/phy_ai/.ihub/daksha/install/gesture_management/share/gesture_management/srv/PlayRecording_Response.msg
-- Up-to-date: /home/phy_ai/.ihub/daksha/install/gesture_management/share/gesture_management/srv/PlaySequence.srv
-- Up-to-date: /home/phy_ai/.ihub/daksha/install/gesture_management/share/gesture_management/srv/PlaySequence_Request.msg
-- Up-to-date: /home/phy_ai/.ihub/daksha/install/gesture_management/share/gesture_management/srv/PlaySequence_Response.msg
-- Up-to-date: /home/phy_ai/.ihub/daksha/install/gesture_management/share/gesture_management/srv/SaveSequence.srv
-- Up-to-date: /home/phy_ai/.ihub/daksha/install/gesture_management/share/gesture_management/srv/SaveSequence_Request.msg
-- Up-to-date: /home/phy_ai/.ihub/daksha/install/gesture_management/share/gesture_management/srv/SaveSequence_Response.msg
-- Up-to-date: /home/phy_ai/.ihub/daksha/install/gesture_management/share/gesture_management/srv/DeleteSequence.srv
-- Up-to-date: /home/phy_ai/.ihub/daksha/install/gesture_management/share/gesture_management/srv/DeleteSequence_Request.msg
-- Up-to-date: /home/phy_ai/.ihub/daksha/install/gesture_management/share/gesture_management/srv/DeleteSequence_Response.msg
-- Up-to-date: /home/phy_ai/.ihub/daksha/install/gesture_management/share/gesture_management/srv/ListSequences.srv
-- Up-to-date: /home/phy_ai/.ihub/daksha/install/gesture_management/share/gesture_management/srv/ListSequences_Request.msg
-- Up-to-date: /home/phy_ai/.ihub/daksha/install/gesture_management/share/gesture_management/srv/ListSequences_Response.msg
-- Up-to-date: /home/phy_ai/.ihub/daksha/install/gesture_management/share/gesture_management/srv/GetReplayStatus.srv
-- Up-to-date: /home/phy_ai/.ihub/daksha/install/gesture_management/share/gesture_management/srv/GetReplayStatus_Request.msg
-- Up-to-date: /home/phy_ai/.ihub/daksha/install/gesture_management/share/gesture_management/srv/GetReplayStatus_Response.msg
-- Up-to-date: /home/phy_ai/.ihub/daksha/install/gesture_management/lib/gesture_management/recorder_server.py
-- Up-to-date: /home/phy_ai/.ihub/daksha/install/gesture_management/lib/gesture_management/replay_server.py
-- Up-to-date: /home/phy_ai/.ihub/daksha/install/gesture_management/lib/gesture_management/gesture_management_app.py
-- Up-to-date: /home/phy_ai/.ihub/daksha/install/gesture_management/share/gesture_management/launch
-- Up-to-date: /home/phy_ai/.ihub/daksha/install/gesture_management/share/gesture_management/launch/gesture_management.launch.py
-- Up-to-date: /home/phy_ai/.ihub/daksha/install/gesture_management/share/gesture_management/launch/__pycache__
-- Up-to-date: /home/phy_ai/.ihub/daksha/install/gesture_management/share/gesture_management/launch/__pycache__/gesture_management.launch.cpython-310.pyc
-- Up-to-date: /home/phy_ai/.ihub/daksha/install/gesture_management/share/gesture_management/config
-- Up-to-date: /home/phy_ai/.ihub/daksha/install/gesture_management/share/gesture_management/config/gesture_management_params.yaml
-- Up-to-date: /home/phy_ai/.ihub/daksha/install/gesture_management/share/gesture_management/recordings
-- Up-to-date: /home/phy_ai/.ihub/daksha/install/gesture_management/share/gesture_management/recordings/gesture_index.json
-- Up-to-date: /home/phy_ai/.ihub/daksha/install/gesture_management/share/gesture_management/recordings/hy.parquet
-- Up-to-date: /home/phy_ai/.ihub/daksha/install/gesture_management/lib/gesture_management/templates
-- Up-to-date: /home/phy_ai/.ihub/daksha/install/gesture_management/lib/gesture_management/templates/index.html
-- Up-to-date: /home/phy_ai/.ihub/daksha/install/gesture_management/lib/gesture_management/static
-- Up-to-date: /home/phy_ai/.ihub/daksha/install/gesture_management/lib/gesture_management/static/css
-- Up-to-date: /home/phy_ai/.ihub/daksha/install/gesture_management/lib/gesture_management/static/css/style.css
-- Up-to-date: /home/phy_ai/.ihub/daksha/install/gesture_management/lib/gesture_management/static/js
-- Up-to-date: /home/phy_ai/.ihub/daksha/install/gesture_management/lib/gesture_management/static/js/app.js
-- Up-to-date: /home/phy_ai/.ihub/daksha/install/gesture_management/share/ament_index/resource_index/package_run_dependencies/gesture_management
-- Up-to-date: /home/phy_ai/.ihub/daksha/install/gesture_management/share/ament_index/resource_index/parent_prefix_path/gesture_management
-- Up-to-date: /home/phy_ai/.ihub/daksha/install/gesture_management/share/gesture_management/environment/ament_prefix_path.sh
-- Up-to-date: /home/phy_ai/.ihub/daksha/install/gesture_management/share/gesture_management/environment/ament_prefix_path.dsv
-- Up-to-date: /home/phy_ai/.ihub/daksha/install/gesture_management/share/gesture_management/environment/path.sh
-- Up-to-date: /home/phy_ai/.ihub/daksha/install/gesture_management/share/gesture_management/environment/path.dsv
-- Up-to-date: /home/phy_ai/.ihub/daksha/install/gesture_management/share/gesture_management/local_setup.bash
-- Up-to-date: /home/phy_ai/.ihub/daksha/install/gesture_management/share/gesture_management/local_setup.sh
-- Up-to-date: /home/phy_ai/.ihub/daksha/install/gesture_management/share/gesture_management/local_setup.zsh
-- Up-to-date: /home/phy_ai/.ihub/daksha/install/gesture_management/share/gesture_management/local_setup.dsv
-- Installing: /home/phy_ai/.ihub/daksha/install/gesture_management/share/gesture_management/package.dsv
-- Up-to-date: /home/phy_ai/.ihub/daksha/install/gesture_management/share/ament_index/resource_index/packages/gesture_management
-- Up-to-date: /home/phy_ai/.ihub/daksha/install/gesture_management/share/gesture_management/cmake/export_gesture_management__rosidl_generator_cExport.cmake
-- Up-to-date: /home/phy_ai/.ihub/daksha/install/gesture_management/share/gesture_management/cmake/export_gesture_management__rosidl_generator_cExport-noconfig.cmake
-- Up-to-date: /home/phy_ai/.ihub/daksha/install/gesture_management/share/gesture_management/cmake/export_gesture_management__rosidl_typesupport_fastrtps_cExport.cmake
-- Up-to-date: /home/phy_ai/.ihub/daksha/install/gesture_management/share/gesture_management/cmake/export_gesture_management__rosidl_typesupport_fastrtps_cExport-noconfig.cmake
-- Up-to-date: /home/phy_ai/.ihub/daksha/install/gesture_management/share/gesture_management/cmake/export_gesture_management__rosidl_generator_cppExport.cmake
-- Up-to-date: /home/phy_ai/.ihub/daksha/install/gesture_management/share/gesture_management/cmake/export_gesture_management__rosidl_typesupport_fastrtps_cppExport.cmake
-- Up-to-date: /home/phy_ai/.ihub/daksha/install/gesture_management/share/gesture_management/cmake/export_gesture_management__rosidl_typesupport_fastrtps_cppExport-noconfig.cmake
-- Up-to-date: /home/phy_ai/.ihub/daksha/install/gesture_management/share/gesture_management/cmake/gesture_management__rosidl_typesupport_introspection_cExport.cmake
-- Up-to-date: /home/phy_ai/.ihub/daksha/install/gesture_management/share/gesture_management/cmake/gesture_management__rosidl_typesupport_introspection_cExport-noconfig.cmake
-- Up-to-date: /home/phy_ai/.ihub/daksha/install/gesture_management/share/gesture_management/cmake/gesture_management__rosidl_typesupport_cExport.cmake
-- Up-to-date: /home/phy_ai/.ihub/daksha/install/gesture_management/share/gesture_management/cmake/gesture_management__rosidl_typesupport_cExport-noconfig.cmake
-- Up-to-date: /home/phy_ai/.ihub/daksha/install/gesture_management/share/gesture_management/cmake/gesture_management__rosidl_typesupport_introspection_cppExport.cmake
-- Up-to-date: /home/phy_ai/.ihub/daksha/install/gesture_management/share/gesture_management/cmake/gesture_management__rosidl_typesupport_introspection_cppExport-noconfig.cmake
-- Up-to-date: /home/phy_ai/.ihub/daksha/install/gesture_management/share/gesture_management/cmake/gesture_management__rosidl_typesupport_cppExport.cmake
-- Up-to-date: /home/phy_ai/.ihub/daksha/install/gesture_management/share/gesture_management/cmake/gesture_management__rosidl_typesupport_cppExport-noconfig.cmake
-- Up-to-date: /home/phy_ai/.ihub/daksha/install/gesture_management/share/gesture_management/cmake/export_gesture_management__rosidl_generator_pyExport.cmake
-- Up-to-date: /home/phy_ai/.ihub/daksha/install/gesture_management/share/gesture_management/cmake/export_gesture_management__rosidl_generator_pyExport-noconfig.cmake
-- Up-to-date: /home/phy_ai/.ihub/daksha/install/gesture_management/share/gesture_management/cmake/rosidl_cmake-extras.cmake
-- Up-to-date: /home/phy_ai/.ihub/daksha/install/gesture_management/share/gesture_management/cmake/ament_cmake_export_include_directories-extras.cmake
-- Up-to-date: /home/phy_ai/.ihub/daksha/install/gesture_management/share/gesture_management/cmake/ament_cmake_export_libraries-extras.cmake
-- Up-to-date: /home/phy_ai/.ihub/daksha/install/gesture_management/share/gesture_management/cmake/ament_cmake_export_targets-extras.cmake
-- Up-to-date: /home/phy_ai/.ihub/daksha/install/gesture_management/share/gesture_management/cmake/rosidl_cmake_export_typesupport_targets-extras.cmake
-- Up-to-date: /home/phy_ai/.ihub/daksha/install/gesture_management/share/gesture_management/cmake/ament_cmake_export_dependencies-extras.cmake
-- Up-to-date: /home/phy_ai/.ihub/daksha/install/gesture_management/share/gesture_management/cmake/rosidl_cmake_export_typesupport_libraries-extras.cmake
-- Up-to-date: /home/phy_ai/.ihub/daksha/install/gesture_management/share/gesture_management/cmake/rosidl_cmake_aggregate_target-extras.cmake
-- Up-to-date: /home/phy_ai/.ihub/daksha/install/gesture_management/share/gesture_management/cmake/gesture_managementConfig.cmake
-- Up-to-date: /home/phy_ai/.ihub/daksha/install/gesture_management/share/gesture_management/cmake/gesture_managementConfig-version.cmake
-- Up-to-date: /home/phy_ai/.ihub/daksha/install/gesture_management/share/gesture_management/package.xml
