/home/phy_ai/.ihub/daksha/install/daksha_final_urdf_description/lib/python3.10/site-packages/daksha_final_urdf_description/__init__.py
/home/phy_ai/.ihub/daksha/install/daksha_final_urdf_description/lib/python3.10/site-packages/daksha_final_urdf_description/__pycache__/__init__.cpython-310.pyc
/home/phy_ai/.ihub/daksha/install/daksha_final_urdf_description/share/ament_index/resource_index/packages/daksha_final_urdf_description
/home/phy_ai/.ihub/daksha/install/daksha_final_urdf_description/share/daksha_final_urdf_description/package.xml
/home/phy_ai/.ihub/daksha/install/daksha_final_urdf_description/share/daksha_final_urdf_description/launch/display.launch.py
/home/phy_ai/.ihub/daksha/install/daksha_final_urdf_description/share/daksha_final_urdf_description/launch/gazebo.launch.py
/home/phy_ai/.ihub/daksha/install/daksha_final_urdf_description/share/daksha_final_urdf_description/launch/daksha.launch.py
/home/phy_ai/.ihub/daksha/install/daksha_final_urdf_description/share/daksha_final_urdf_description/urdf/daksha_final_urdf.trans
/home/phy_ai/.ihub/daksha/install/daksha_final_urdf_description/share/daksha_final_urdf_description/urdf/daksha_final_urdf.gazebo
/home/phy_ai/.ihub/daksha/install/daksha_final_urdf_description/share/daksha_final_urdf_description/urdf/head_urdf.xacro
/home/phy_ai/.ihub/daksha/install/daksha_final_urdf_description/share/daksha_final_urdf_description/urdf/d405.urdf.xacro
/home/phy_ai/.ihub/daksha/install/daksha_final_urdf_description/share/daksha_final_urdf_description/urdf/camera_urdf.xacro
/home/phy_ai/.ihub/daksha/install/daksha_final_urdf_description/share/daksha_final_urdf_description/urdf/wheel_base_urdf.xacro
/home/phy_ai/.ihub/daksha/install/daksha_final_urdf_description/share/daksha_final_urdf_description/urdf/gripper_urdf.xacro
/home/phy_ai/.ihub/daksha/install/daksha_final_urdf_description/share/daksha_final_urdf_description/urdf/materials.xacro
/home/phy_ai/.ihub/daksha/install/daksha_final_urdf_description/share/daksha_final_urdf_description/urdf/zed_macro.urdf.xacro
/home/phy_ai/.ihub/daksha/install/daksha_final_urdf_description/share/daksha_final_urdf_description/urdf/arm_urdf.xacro
/home/phy_ai/.ihub/daksha/install/daksha_final_urdf_description/share/daksha_final_urdf_description/urdf/body_urdf.xacro
/home/phy_ai/.ihub/daksha/install/daksha_final_urdf_description/share/daksha_final_urdf_description/urdf/daksha_core.xacro
/home/phy_ai/.ihub/daksha/install/daksha_final_urdf_description/share/daksha_final_urdf_description/meshes/left_link_7_1.stl
/home/phy_ai/.ihub/daksha/install/daksha_final_urdf_description/share/daksha_final_urdf_description/meshes/right_gripper_mount_1.stl
/home/phy_ai/.ihub/daksha/install/daksha_final_urdf_description/share/daksha_final_urdf_description/meshes/right_gripper_cam_1.stl
/home/phy_ai/.ihub/daksha/install/daksha_final_urdf_description/share/daksha_final_urdf_description/meshes/right_link_6_1.stl
/home/phy_ai/.ihub/daksha/install/daksha_final_urdf_description/share/daksha_final_urdf_description/meshes/left_gripper_cam_1.stl
/home/phy_ai/.ihub/daksha/install/daksha_final_urdf_description/share/daksha_final_urdf_description/meshes/right_left_finger_1.stl
/home/phy_ai/.ihub/daksha/install/daksha_final_urdf_description/share/daksha_final_urdf_description/meshes/right_link_3_1.stl
/home/phy_ai/.ihub/daksha/install/daksha_final_urdf_description/share/daksha_final_urdf_description/meshes/right_link_5_1.stl
/home/phy_ai/.ihub/daksha/install/daksha_final_urdf_description/share/daksha_final_urdf_description/meshes/base_link.stl
/home/phy_ai/.ihub/daksha/install/daksha_final_urdf_description/share/daksha_final_urdf_description/meshes/left_link_8_1.stl
/home/phy_ai/.ihub/daksha/install/daksha_final_urdf_description/share/daksha_final_urdf_description/meshes/left_link_6_1.stl
/home/phy_ai/.ihub/daksha/install/daksha_final_urdf_description/share/daksha_final_urdf_description/meshes/left_link_5_1.stl
/home/phy_ai/.ihub/daksha/install/daksha_final_urdf_description/share/daksha_final_urdf_description/meshes/left_link_3_1.stl
/home/phy_ai/.ihub/daksha/install/daksha_final_urdf_description/share/daksha_final_urdf_description/meshes/head_1.stl
/home/phy_ai/.ihub/daksha/install/daksha_final_urdf_description/share/daksha_final_urdf_description/meshes/left_link_2_1.stl
/home/phy_ai/.ihub/daksha/install/daksha_final_urdf_description/share/daksha_final_urdf_description/meshes/head_vyser_1.stl
/home/phy_ai/.ihub/daksha/install/daksha_final_urdf_description/share/daksha_final_urdf_description/meshes/left_right_finger_1.stl
/home/phy_ai/.ihub/daksha/install/daksha_final_urdf_description/share/daksha_final_urdf_description/meshes/right_zed_cam_1.stl
/home/phy_ai/.ihub/daksha/install/daksha_final_urdf_description/share/daksha_final_urdf_description/meshes/left_link_1_1.stl
/home/phy_ai/.ihub/daksha/install/daksha_final_urdf_description/share/daksha_final_urdf_description/meshes/left_left_finger_1.stl
/home/phy_ai/.ihub/daksha/install/daksha_final_urdf_description/share/daksha_final_urdf_description/meshes/body_1.stl
/home/phy_ai/.ihub/daksha/install/daksha_final_urdf_description/share/daksha_final_urdf_description/meshes/right_right_finger_1.stl
/home/phy_ai/.ihub/daksha/install/daksha_final_urdf_description/share/daksha_final_urdf_description/meshes/left_zed_cam_1.stl
/home/phy_ai/.ihub/daksha/install/daksha_final_urdf_description/share/daksha_final_urdf_description/meshes/left_link_4_1.stl
/home/phy_ai/.ihub/daksha/install/daksha_final_urdf_description/share/daksha_final_urdf_description/meshes/right_link_1_1.stl
/home/phy_ai/.ihub/daksha/install/daksha_final_urdf_description/share/daksha_final_urdf_description/meshes/Zed_cam_1.stl
/home/phy_ai/.ihub/daksha/install/daksha_final_urdf_description/share/daksha_final_urdf_description/meshes/right_link_8_1.stl
/home/phy_ai/.ihub/daksha/install/daksha_final_urdf_description/share/daksha_final_urdf_description/meshes/right_link_2_1.stl
/home/phy_ai/.ihub/daksha/install/daksha_final_urdf_description/share/daksha_final_urdf_description/meshes/right_link_4_1.stl
/home/phy_ai/.ihub/daksha/install/daksha_final_urdf_description/share/daksha_final_urdf_description/meshes/left_gripper_mount_1.stl
/home/phy_ai/.ihub/daksha/install/daksha_final_urdf_description/share/daksha_final_urdf_description/meshes/right_link_7_1.stl
/home/phy_ai/.ihub/daksha/install/daksha_final_urdf_description/share/daksha_final_urdf_description/config/gazebo.rviz
/home/phy_ai/.ihub/daksha/install/daksha_final_urdf_description/share/daksha_final_urdf_description/config/display.rviz
/home/phy_ai/.ihub/daksha/install/daksha_final_urdf_description/share/daksha_final_urdf_description/config/ros_gz_bridge_gazebo.yaml
/home/phy_ai/.ihub/daksha/install/daksha_final_urdf_description/lib/python3.10/site-packages/daksha_final_urdf_description-0.0.0-py3.10.egg-info/SOURCES.txt
/home/phy_ai/.ihub/daksha/install/daksha_final_urdf_description/lib/python3.10/site-packages/daksha_final_urdf_description-0.0.0-py3.10.egg-info/zip-safe
/home/phy_ai/.ihub/daksha/install/daksha_final_urdf_description/lib/python3.10/site-packages/daksha_final_urdf_description-0.0.0-py3.10.egg-info/top_level.txt
/home/phy_ai/.ihub/daksha/install/daksha_final_urdf_description/lib/python3.10/site-packages/daksha_final_urdf_description-0.0.0-py3.10.egg-info/entry_points.txt
/home/phy_ai/.ihub/daksha/install/daksha_final_urdf_description/lib/python3.10/site-packages/daksha_final_urdf_description-0.0.0-py3.10.egg-info/PKG-INFO
/home/phy_ai/.ihub/daksha/install/daksha_final_urdf_description/lib/python3.10/site-packages/daksha_final_urdf_description-0.0.0-py3.10.egg-info/requires.txt
/home/phy_ai/.ihub/daksha/install/daksha_final_urdf_description/lib/python3.10/site-packages/daksha_final_urdf_description-0.0.0-py3.10.egg-info/dependency_links.txt
