[5.680s] Invoking command in '/home/phy_ai/.ihub/daksha/build/posveleff_controllers': CMAKE_PREFIX_PATH=${CMAKE_PREFIX_PATH}:/home/phy_ai/.barani/gen2_full/install/world_camera_launch:/home/phy_ai/.barani/gen2_full/install/gen2:/home/phy_ai/.barani/gen2_full/install/vr_teleop:/home/phy_ai/.barani/gen2_full/install/ros_tcp_endpoint:/home/phy_ai/.barani/gen2_full/install/nav_bringup:/home/phy_ai/.barani/gen2_full/install/nav2_config:/home/phy_ai/.barani/gen2_full/install/kinematics:/home/phy_ai/.barani/gen2_full/install/joint_cmd_logger:/home/phy_ai/.barani/gen2_full/install/joint_analyzer:/home/phy_ai/.barani/gen2_full/install/daksha_data_collection:/home/phy_ai/.barani/gen2_full/install/gen2_leader:/home/phy_ai/.barani/gen2_full/install/amr_bringup:/home/phy_ai/.barani/gen2_full/install/daksha_final_urdf_description:/home/phy_ai/.barani/gen2_full/install/daksha_description_full_body:/home/phy_ai/.barani/gen2_full/install/daksha_base_urdf:/home/phy_ai/.barani/gen2_full/install/daksha_api_bridge_leader:/home/phy_ai/.barani/gen2_full/install/daksha_api_bridge_follower:/opt/ros/humble /usr/bin/cmake --build /home/phy_ai/.ihub/daksha/build/posveleff_controllers -- -j16 -l16
[6.037s] [35m[1mConsolidate compiler generated dependencies of target posveleff_controller[0m
[6.057s] [100%] Built target posveleff_controller
[6.388s] Invoked command in '/home/phy_ai/.ihub/daksha/build/posveleff_controllers' returned '0': CMAKE_PREFIX_PATH=${CMAKE_PREFIX_PATH}:/home/phy_ai/.barani/gen2_full/install/world_camera_launch:/home/phy_ai/.barani/gen2_full/install/gen2:/home/phy_ai/.barani/gen2_full/install/vr_teleop:/home/phy_ai/.barani/gen2_full/install/ros_tcp_endpoint:/home/phy_ai/.barani/gen2_full/install/nav_bringup:/home/phy_ai/.barani/gen2_full/install/nav2_config:/home/phy_ai/.barani/gen2_full/install/kinematics:/home/phy_ai/.barani/gen2_full/install/joint_cmd_logger:/home/phy_ai/.barani/gen2_full/install/joint_analyzer:/home/phy_ai/.barani/gen2_full/install/daksha_data_collection:/home/phy_ai/.barani/gen2_full/install/gen2_leader:/home/phy_ai/.barani/gen2_full/install/amr_bringup:/home/phy_ai/.barani/gen2_full/install/daksha_final_urdf_description:/home/phy_ai/.barani/gen2_full/install/daksha_description_full_body:/home/phy_ai/.barani/gen2_full/install/daksha_base_urdf:/home/phy_ai/.barani/gen2_full/install/daksha_api_bridge_leader:/home/phy_ai/.barani/gen2_full/install/daksha_api_bridge_follower:/opt/ros/humble /usr/bin/cmake --build /home/phy_ai/.ihub/daksha/build/posveleff_controllers -- -j16 -l16
[6.390s] Invoking command in '/home/phy_ai/.ihub/daksha/build/posveleff_controllers': CMAKE_PREFIX_PATH=${CMAKE_PREFIX_PATH}:/home/phy_ai/.barani/gen2_full/install/world_camera_launch:/home/phy_ai/.barani/gen2_full/install/gen2:/home/phy_ai/.barani/gen2_full/install/vr_teleop:/home/phy_ai/.barani/gen2_full/install/ros_tcp_endpoint:/home/phy_ai/.barani/gen2_full/install/nav_bringup:/home/phy_ai/.barani/gen2_full/install/nav2_config:/home/phy_ai/.barani/gen2_full/install/kinematics:/home/phy_ai/.barani/gen2_full/install/joint_cmd_logger:/home/phy_ai/.barani/gen2_full/install/joint_analyzer:/home/phy_ai/.barani/gen2_full/install/daksha_data_collection:/home/phy_ai/.barani/gen2_full/install/gen2_leader:/home/phy_ai/.barani/gen2_full/install/amr_bringup:/home/phy_ai/.barani/gen2_full/install/daksha_final_urdf_description:/home/phy_ai/.barani/gen2_full/install/daksha_description_full_body:/home/phy_ai/.barani/gen2_full/install/daksha_base_urdf:/home/phy_ai/.barani/gen2_full/install/daksha_api_bridge_leader:/home/phy_ai/.barani/gen2_full/install/daksha_api_bridge_follower:/opt/ros/humble /usr/bin/cmake --install /home/phy_ai/.ihub/daksha/build/posveleff_controllers
[6.443s] -- Install configuration: ""
[6.443s] -- Up-to-date: /home/phy_ai/.ihub/daksha/install/posveleff_controllers/share/posveleff_controllers/controller_plugins.xml
[6.443s] -- Up-to-date: /home/phy_ai/.ihub/daksha/install/posveleff_controllers/lib/libposveleff_controller.so
[6.444s] -- Up-to-date: /home/phy_ai/.ihub/daksha/install/posveleff_controllers/include
[6.444s] -- Up-to-date: /home/phy_ai/.ihub/daksha/install/posveleff_controllers/include/posveleff_controllers
[6.444s] -- Up-to-date: /home/phy_ai/.ihub/daksha/install/posveleff_controllers/include/posveleff_controllers/posveleff_controller.hpp
[6.444s] -- Up-to-date: /home/phy_ai/.ihub/daksha/install/posveleff_controllers/share/posveleff_controllers/controller_plugins.xml
[6.444s] -- Up-to-date: /home/phy_ai/.ihub/daksha/install/posveleff_controllers/share/ament_index/resource_index/package_run_dependencies/posveleff_controllers
[6.444s] -- Up-to-date: /home/phy_ai/.ihub/daksha/install/posveleff_controllers/share/ament_index/resource_index/parent_prefix_path/posveleff_controllers
[6.444s] -- Up-to-date: /home/phy_ai/.ihub/daksha/install/posveleff_controllers/share/posveleff_controllers/environment/ament_prefix_path.sh
[6.444s] -- Up-to-date: /home/phy_ai/.ihub/daksha/install/posveleff_controllers/share/posveleff_controllers/environment/ament_prefix_path.dsv
[6.444s] -- Up-to-date: /home/phy_ai/.ihub/daksha/install/posveleff_controllers/share/posveleff_controllers/environment/path.sh
[6.445s] -- Up-to-date: /home/phy_ai/.ihub/daksha/install/posveleff_controllers/share/posveleff_controllers/environment/path.dsv
[6.445s] -- Up-to-date: /home/phy_ai/.ihub/daksha/install/posveleff_controllers/share/posveleff_controllers/local_setup.bash
[6.447s] -- Up-to-date: /home/phy_ai/.ihub/daksha/install/posveleff_controllers/share/posveleff_controllers/local_setup.sh
[6.447s] -- Up-to-date: /home/phy_ai/.ihub/daksha/install/posveleff_controllers/share/posveleff_controllers/local_setup.zsh
[6.447s] -- Up-to-date: /home/phy_ai/.ihub/daksha/install/posveleff_controllers/share/posveleff_controllers/local_setup.dsv
[6.448s] -- Installing: /home/phy_ai/.ihub/daksha/install/posveleff_controllers/share/posveleff_controllers/package.dsv
[6.448s] -- Up-to-date: /home/phy_ai/.ihub/daksha/install/posveleff_controllers/share/ament_index/resource_index/packages/posveleff_controllers
[6.448s] -- Up-to-date: /home/phy_ai/.ihub/daksha/install/posveleff_controllers/share/ament_index/resource_index/controller_interface__pluginlib__plugin/posveleff_controllers
[6.448s] -- Up-to-date: /home/phy_ai/.ihub/daksha/install/posveleff_controllers/share/posveleff_controllers/cmake/ament_cmake_export_include_directories-extras.cmake
[6.448s] -- Up-to-date: /home/phy_ai/.ihub/daksha/install/posveleff_controllers/share/posveleff_controllers/cmake/ament_cmake_export_dependencies-extras.cmake
[6.448s] -- Up-to-date: /home/phy_ai/.ihub/daksha/install/posveleff_controllers/share/posveleff_controllers/cmake/posveleff_controllersConfig.cmake
[6.448s] -- Up-to-date: /home/phy_ai/.ihub/daksha/install/posveleff_controllers/share/posveleff_controllers/cmake/posveleff_controllersConfig-version.cmake
[6.448s] -- Up-to-date: /home/phy_ai/.ihub/daksha/install/posveleff_controllers/share/posveleff_controllers/package.xml
[7.703s] Invoked command in '/home/phy_ai/.ihub/daksha/build/posveleff_controllers' returned '0': CMAKE_PREFIX_PATH=${CMAKE_PREFIX_PATH}:/home/phy_ai/.barani/gen2_full/install/world_camera_launch:/home/phy_ai/.barani/gen2_full/install/gen2:/home/phy_ai/.barani/gen2_full/install/vr_teleop:/home/phy_ai/.barani/gen2_full/install/ros_tcp_endpoint:/home/phy_ai/.barani/gen2_full/install/nav_bringup:/home/phy_ai/.barani/gen2_full/install/nav2_config:/home/phy_ai/.barani/gen2_full/install/kinematics:/home/phy_ai/.barani/gen2_full/install/joint_cmd_logger:/home/phy_ai/.barani/gen2_full/install/joint_analyzer:/home/phy_ai/.barani/gen2_full/install/daksha_data_collection:/home/phy_ai/.barani/gen2_full/install/gen2_leader:/home/phy_ai/.barani/gen2_full/install/amr_bringup:/home/phy_ai/.barani/gen2_full/install/daksha_final_urdf_description:/home/phy_ai/.barani/gen2_full/install/daksha_description_full_body:/home/phy_ai/.barani/gen2_full/install/daksha_base_urdf:/home/phy_ai/.barani/gen2_full/install/daksha_api_bridge_leader:/home/phy_ai/.barani/gen2_full/install/daksha_api_bridge_follower:/opt/ros/humble /usr/bin/cmake --install /home/phy_ai/.ihub/daksha/build/posveleff_controllers
