/home/phy_ai/.ihub/daksha/install/vr_teleop/lib/python3.10/site-packages/vr_teleop/__init__.py
/home/phy_ai/.ihub/daksha/install/vr_teleop/lib/python3.10/site-packages/vr_teleop/main_scripts/quest_tf_mirror.py
/home/phy_ai/.ihub/daksha/install/vr_teleop/lib/python3.10/site-packages/vr_teleop/main_scripts/quest_tf_switch.py
/home/phy_ai/.ihub/daksha/install/vr_teleop/lib/python3.10/site-packages/vr_teleop/main_scripts/vr_pose_relay.py
/home/phy_ai/.ihub/daksha/install/vr_teleop/lib/python3.10/site-packages/vr_teleop/main_scripts/vr_gripper_ctrl.py
/home/phy_ai/.ihub/daksha/install/vr_teleop/lib/python3.10/site-packages/vr_teleop/main_scripts/quest_tf.py
/home/phy_ai/.ihub/daksha/install/vr_teleop/lib/python3.10/site-packages/vr_teleop/main_scripts/__init__.py
/home/phy_ai/.ihub/daksha/install/vr_teleop/lib/python3.10/site-packages/vr_teleop/main_scripts/vr_management_ui.py
/home/phy_ai/.ihub/daksha/install/vr_teleop/lib/python3.10/site-packages/vr_teleop/main_scripts/quest_tf_to_pose.py
/home/phy_ai/.ihub/daksha/install/vr_teleop/lib/python3.10/site-packages/vr_teleop/bridge_nodes/server.py
/home/phy_ai/.ihub/daksha/install/vr_teleop/lib/python3.10/site-packages/vr_teleop/bridge_nodes/thread_pauser.py
/home/phy_ai/.ihub/daksha/install/vr_teleop/lib/python3.10/site-packages/vr_teleop/bridge_nodes/default_server_endpoint.py
/home/phy_ai/.ihub/daksha/install/vr_teleop/lib/python3.10/site-packages/vr_teleop/bridge_nodes/unity_service.py
/home/phy_ai/.ihub/daksha/install/vr_teleop/lib/python3.10/site-packages/vr_teleop/bridge_nodes/__init__.py
/home/phy_ai/.ihub/daksha/install/vr_teleop/lib/python3.10/site-packages/vr_teleop/bridge_nodes/publisher.py
/home/phy_ai/.ihub/daksha/install/vr_teleop/lib/python3.10/site-packages/vr_teleop/bridge_nodes/tcp_sender.py
/home/phy_ai/.ihub/daksha/install/vr_teleop/lib/python3.10/site-packages/vr_teleop/bridge_nodes/communication.py
/home/phy_ai/.ihub/daksha/install/vr_teleop/lib/python3.10/site-packages/vr_teleop/bridge_nodes/subscriber.py
/home/phy_ai/.ihub/daksha/install/vr_teleop/lib/python3.10/site-packages/vr_teleop/bridge_nodes/exceptions.py
/home/phy_ai/.ihub/daksha/install/vr_teleop/lib/python3.10/site-packages/vr_teleop/bridge_nodes/client.py
/home/phy_ai/.ihub/daksha/install/vr_teleop/lib/python3.10/site-packages/vr_teleop/bridge_nodes/service.py
/home/phy_ai/.ihub/daksha/install/vr_teleop/lib/python3.10/site-packages/vr_teleop/__pycache__/__init__.cpython-310.pyc
/home/phy_ai/.ihub/daksha/install/vr_teleop/lib/python3.10/site-packages/vr_teleop/main_scripts/__pycache__/quest_tf_mirror.cpython-310.pyc
/home/phy_ai/.ihub/daksha/install/vr_teleop/lib/python3.10/site-packages/vr_teleop/main_scripts/__pycache__/quest_tf_switch.cpython-310.pyc
/home/phy_ai/.ihub/daksha/install/vr_teleop/lib/python3.10/site-packages/vr_teleop/main_scripts/__pycache__/vr_pose_relay.cpython-310.pyc
/home/phy_ai/.ihub/daksha/install/vr_teleop/lib/python3.10/site-packages/vr_teleop/main_scripts/__pycache__/vr_gripper_ctrl.cpython-310.pyc
/home/phy_ai/.ihub/daksha/install/vr_teleop/lib/python3.10/site-packages/vr_teleop/main_scripts/__pycache__/quest_tf.cpython-310.pyc
/home/phy_ai/.ihub/daksha/install/vr_teleop/lib/python3.10/site-packages/vr_teleop/main_scripts/__pycache__/__init__.cpython-310.pyc
/home/phy_ai/.ihub/daksha/install/vr_teleop/lib/python3.10/site-packages/vr_teleop/main_scripts/__pycache__/vr_management_ui.cpython-310.pyc
/home/phy_ai/.ihub/daksha/install/vr_teleop/lib/python3.10/site-packages/vr_teleop/main_scripts/__pycache__/quest_tf_to_pose.cpython-310.pyc
/home/phy_ai/.ihub/daksha/install/vr_teleop/lib/python3.10/site-packages/vr_teleop/bridge_nodes/__pycache__/server.cpython-310.pyc
/home/phy_ai/.ihub/daksha/install/vr_teleop/lib/python3.10/site-packages/vr_teleop/bridge_nodes/__pycache__/thread_pauser.cpython-310.pyc
/home/phy_ai/.ihub/daksha/install/vr_teleop/lib/python3.10/site-packages/vr_teleop/bridge_nodes/__pycache__/default_server_endpoint.cpython-310.pyc
/home/phy_ai/.ihub/daksha/install/vr_teleop/lib/python3.10/site-packages/vr_teleop/bridge_nodes/__pycache__/unity_service.cpython-310.pyc
/home/phy_ai/.ihub/daksha/install/vr_teleop/lib/python3.10/site-packages/vr_teleop/bridge_nodes/__pycache__/__init__.cpython-310.pyc
/home/phy_ai/.ihub/daksha/install/vr_teleop/lib/python3.10/site-packages/vr_teleop/bridge_nodes/__pycache__/publisher.cpython-310.pyc
/home/phy_ai/.ihub/daksha/install/vr_teleop/lib/python3.10/site-packages/vr_teleop/bridge_nodes/__pycache__/tcp_sender.cpython-310.pyc
/home/phy_ai/.ihub/daksha/install/vr_teleop/lib/python3.10/site-packages/vr_teleop/bridge_nodes/__pycache__/communication.cpython-310.pyc
/home/phy_ai/.ihub/daksha/install/vr_teleop/lib/python3.10/site-packages/vr_teleop/bridge_nodes/__pycache__/subscriber.cpython-310.pyc
/home/phy_ai/.ihub/daksha/install/vr_teleop/lib/python3.10/site-packages/vr_teleop/bridge_nodes/__pycache__/exceptions.cpython-310.pyc
/home/phy_ai/.ihub/daksha/install/vr_teleop/lib/python3.10/site-packages/vr_teleop/bridge_nodes/__pycache__/client.cpython-310.pyc
/home/phy_ai/.ihub/daksha/install/vr_teleop/lib/python3.10/site-packages/vr_teleop/bridge_nodes/__pycache__/service.cpython-310.pyc
/home/phy_ai/.ihub/daksha/install/vr_teleop/share/ament_index/resource_index/packages/vr_teleop
/home/phy_ai/.ihub/daksha/install/vr_teleop/share/vr_teleop/package.xml
/home/phy_ai/.ihub/daksha/install/vr_teleop/share/vr_teleop/launch/endpoint.py
/home/phy_ai/.ihub/daksha/install/vr_teleop/share/vr_teleop/launch/vr_control.py
/home/phy_ai/.ihub/daksha/install/vr_teleop/share/vr_teleop/launch/vr_control_mirror.py
/home/phy_ai/.ihub/daksha/install/vr_teleop/share/vr_teleop/launch/vr_control_switch.py
/home/phy_ai/.ihub/daksha/install/vr_teleop/lib/python3.10/site-packages/vr_teleop-0.0.1-py3.10.egg-info/SOURCES.txt
/home/phy_ai/.ihub/daksha/install/vr_teleop/lib/python3.10/site-packages/vr_teleop-0.0.1-py3.10.egg-info/zip-safe
/home/phy_ai/.ihub/daksha/install/vr_teleop/lib/python3.10/site-packages/vr_teleop-0.0.1-py3.10.egg-info/top_level.txt
/home/phy_ai/.ihub/daksha/install/vr_teleop/lib/python3.10/site-packages/vr_teleop-0.0.1-py3.10.egg-info/entry_points.txt
/home/phy_ai/.ihub/daksha/install/vr_teleop/lib/python3.10/site-packages/vr_teleop-0.0.1-py3.10.egg-info/PKG-INFO
/home/phy_ai/.ihub/daksha/install/vr_teleop/lib/python3.10/site-packages/vr_teleop-0.0.1-py3.10.egg-info/requires.txt
/home/phy_ai/.ihub/daksha/install/vr_teleop/lib/python3.10/site-packages/vr_teleop-0.0.1-py3.10.egg-info/dependency_links.txt
/home/phy_ai/.ihub/daksha/install/vr_teleop/lib/vr_teleop/default_server_endpoint
/home/phy_ai/.ihub/daksha/install/vr_teleop/lib/vr_teleop/quest_tf
/home/phy_ai/.ihub/daksha/install/vr_teleop/lib/vr_teleop/quest_tf_mirror
/home/phy_ai/.ihub/daksha/install/vr_teleop/lib/vr_teleop/quest_tf_switch
/home/phy_ai/.ihub/daksha/install/vr_teleop/lib/vr_teleop/quest_tf_to_pose
/home/phy_ai/.ihub/daksha/install/vr_teleop/lib/vr_teleop/vr_gripper_ctrl
/home/phy_ai/.ihub/daksha/install/vr_teleop/lib/vr_teleop/vr_management_ui
/home/phy_ai/.ihub/daksha/install/vr_teleop/lib/vr_teleop/vr_pose_relay
