[3.524s] Invoking command in '/home/phy_ai/.ihub/daksha/src/ui/Clients_UI/daksha_data_collection': AMENT_PREFIX_PATH=/home/phy_ai/.ihub/daksha/install/hw_interface:/home/phy_ai/.ihub/daksha/install/daksha_msgs:${AMENT_PREFIX_PATH} CMAKE_PREFIX_PATH=/home/phy_ai/.ihub/daksha/install/hw_interface:/home/phy_ai/.ihub/daksha/install/daksha_msgs:${CMAKE_PREFIX_PATH} LD_LIBRARY_PATH=/home/phy_ai/.ihub/daksha/install/hw_interface/lib:/home/phy_ai/.ihub/daksha/install/daksha_msgs/lib:${LD_LIBRARY_PATH} PYTHONPATH=/home/phy_ai/.ihub/daksha/build/daksha_data_collection/prefix_override:/usr/lib/python3/dist-packages/colcon_core/task/python/colcon_distutils_commands:/home/phy_ai/.ihub/daksha/install/daksha_data_collection/lib/python3.10/site-packages:/home/phy_ai/.ihub/daksha/install/hw_interface/local/lib/python3.10/dist-packages:/home/phy_ai/.ihub/daksha/install/daksha_msgs/local/lib/python3.10/dist-packages:${PYTHONPATH} /usr/bin/python3 -W ignore:setup.py install is deprecated -W ignore:easy_install command is deprecated setup.py egg_info --egg-base ../../../../build/daksha_data_collection build --build-base /home/phy_ai/.ihub/daksha/build/daksha_data_collection/build install --record /home/phy_ai/.ihub/daksha/build/daksha_data_collection/install.log --install-scripts $base/lib/daksha_data_collection --single-version-externally-managed install_data
[4.102s] running egg_info
[4.103s] writing ../../../../build/daksha_data_collection/daksha_data_collection.egg-info/PKG-INFO
[4.103s] writing dependency_links to ../../../../build/daksha_data_collection/daksha_data_collection.egg-info/dependency_links.txt
[4.103s] writing entry points to ../../../../build/daksha_data_collection/daksha_data_collection.egg-info/entry_points.txt
[4.103s] writing requirements to ../../../../build/daksha_data_collection/daksha_data_collection.egg-info/requires.txt
[4.103s] writing top-level names to ../../../../build/daksha_data_collection/daksha_data_collection.egg-info/top_level.txt
[4.106s] reading manifest file '../../../../build/daksha_data_collection/daksha_data_collection.egg-info/SOURCES.txt'
[4.108s] writing manifest file '../../../../build/daksha_data_collection/daksha_data_collection.egg-info/SOURCES.txt'
[4.111s] running build
[4.112s] running build_py
[4.112s] running install
[4.112s] running install_lib
[4.115s] running install_data
[4.117s] running install_egg_info
[4.120s] removing '/home/phy_ai/.ihub/daksha/install/daksha_data_collection/lib/python3.10/site-packages/daksha_data_collection-0.0.0-py3.10.egg-info' (and everything under it)
[4.121s] Copying ../../../../build/daksha_data_collection/daksha_data_collection.egg-info to /home/phy_ai/.ihub/daksha/install/daksha_data_collection/lib/python3.10/site-packages/daksha_data_collection-0.0.0-py3.10.egg-info
[4.121s] running install_scripts
[4.171s] Installing delete_episode script to /home/phy_ai/.ihub/daksha/install/daksha_data_collection/lib/daksha_data_collection
[4.171s] Installing ros2_topic_recorder script to /home/phy_ai/.ihub/daksha/install/daksha_data_collection/lib/daksha_data_collection
[4.171s] Installing ros2_topic_replay script to /home/phy_ai/.ihub/daksha/install/daksha_data_collection/lib/daksha_data_collection
[4.171s] Installing web_data_management_ui script to /home/phy_ai/.ihub/daksha/install/daksha_data_collection/lib/daksha_data_collection
[4.171s] writing list of installed files to '/home/phy_ai/.ihub/daksha/build/daksha_data_collection/install.log'
[4.274s] Invoked command in '/home/phy_ai/.ihub/daksha/src/ui/Clients_UI/daksha_data_collection' returned '0': AMENT_PREFIX_PATH=/home/phy_ai/.ihub/daksha/install/hw_interface:/home/phy_ai/.ihub/daksha/install/daksha_msgs:${AMENT_PREFIX_PATH} CMAKE_PREFIX_PATH=/home/phy_ai/.ihub/daksha/install/hw_interface:/home/phy_ai/.ihub/daksha/install/daksha_msgs:${CMAKE_PREFIX_PATH} LD_LIBRARY_PATH=/home/phy_ai/.ihub/daksha/install/hw_interface/lib:/home/phy_ai/.ihub/daksha/install/daksha_msgs/lib:${LD_LIBRARY_PATH} PYTHONPATH=/home/phy_ai/.ihub/daksha/build/daksha_data_collection/prefix_override:/usr/lib/python3/dist-packages/colcon_core/task/python/colcon_distutils_commands:/home/phy_ai/.ihub/daksha/install/daksha_data_collection/lib/python3.10/site-packages:/home/phy_ai/.ihub/daksha/install/hw_interface/local/lib/python3.10/dist-packages:/home/phy_ai/.ihub/daksha/install/daksha_msgs/local/lib/python3.10/dist-packages:${PYTHONPATH} /usr/bin/python3 -W ignore:setup.py install is deprecated -W ignore:easy_install command is deprecated setup.py egg_info --egg-base ../../../../build/daksha_data_collection build --build-base /home/phy_ai/.ihub/daksha/build/daksha_data_collection/build install --record /home/phy_ai/.ihub/daksha/build/daksha_data_collection/install.log --install-scripts $base/lib/daksha_data_collection --single-version-externally-managed install_data
