[4.158s] Invoking command in '/home/phy_ai/.ihub/daksha/src/tele/ROS-TCP-Endpoint': PYTHONPATH=/home/phy_ai/.ihub/daksha/build/ros_tcp_endpoint/prefix_override:/usr/lib/python3/dist-packages/colcon_core/task/python/colcon_distutils_commands:/home/phy_ai/.ihub/daksha/install/ros_tcp_endpoint/lib/python3.10/site-packages:${PYTHONPATH} /usr/bin/python3 -W ignore:setup.py install is deprecated -W ignore:easy_install command is deprecated setup.py egg_info --egg-base ../../../build/ros_tcp_endpoint build --build-base /home/phy_ai/.ihub/daksha/build/ros_tcp_endpoint/build install --record /home/phy_ai/.ihub/daksha/build/ros_tcp_endpoint/install.log --install-scripts $base/lib/ros_tcp_endpoint --single-version-externally-managed install_data
[4.946s] running egg_info
[4.947s] creating ../../../build/ros_tcp_endpoint/ros_tcp_endpoint.egg-info
[4.947s] writing ../../../build/ros_tcp_endpoint/ros_tcp_endpoint.egg-info/PKG-INFO
[4.947s] writing dependency_links to ../../../build/ros_tcp_endpoint/ros_tcp_endpoint.egg-info/dependency_links.txt
[4.947s] writing entry points to ../../../build/ros_tcp_endpoint/ros_tcp_endpoint.egg-info/entry_points.txt
[4.947s] writing requirements to ../../../build/ros_tcp_endpoint/ros_tcp_endpoint.egg-info/requires.txt
[4.947s] writing top-level names to ../../../build/ros_tcp_endpoint/ros_tcp_endpoint.egg-info/top_level.txt
[4.947s] writing manifest file '../../../build/ros_tcp_endpoint/ros_tcp_endpoint.egg-info/SOURCES.txt'
[4.947s] reading manifest file '../../../build/ros_tcp_endpoint/ros_tcp_endpoint.egg-info/SOURCES.txt'
[4.947s] adding license file 'LICENSE'
[4.947s] writing manifest file '../../../build/ros_tcp_endpoint/ros_tcp_endpoint.egg-info/SOURCES.txt'
[4.947s] running build
[4.947s] running build_py
[4.947s] creating /home/phy_ai/.ihub/daksha/build/ros_tcp_endpoint/build
[4.947s] creating /home/phy_ai/.ihub/daksha/build/ros_tcp_endpoint/build/lib
[4.947s] creating /home/phy_ai/.ihub/daksha/build/ros_tcp_endpoint/build/lib/ros_tcp_endpoint
[4.947s] copying ros_tcp_endpoint/server.py -> /home/phy_ai/.ihub/daksha/build/ros_tcp_endpoint/build/lib/ros_tcp_endpoint
[4.948s] copying ros_tcp_endpoint/thread_pauser.py -> /home/phy_ai/.ihub/daksha/build/ros_tcp_endpoint/build/lib/ros_tcp_endpoint
[4.948s] copying ros_tcp_endpoint/default_server_endpoint.py -> /home/phy_ai/.ihub/daksha/build/ros_tcp_endpoint/build/lib/ros_tcp_endpoint
[4.948s] copying ros_tcp_endpoint/unity_service.py -> /home/phy_ai/.ihub/daksha/build/ros_tcp_endpoint/build/lib/ros_tcp_endpoint
[4.948s] copying ros_tcp_endpoint/__init__.py -> /home/phy_ai/.ihub/daksha/build/ros_tcp_endpoint/build/lib/ros_tcp_endpoint
[4.948s] copying ros_tcp_endpoint/publisher.py -> /home/phy_ai/.ihub/daksha/build/ros_tcp_endpoint/build/lib/ros_tcp_endpoint
[4.948s] copying ros_tcp_endpoint/tcp_sender.py -> /home/phy_ai/.ihub/daksha/build/ros_tcp_endpoint/build/lib/ros_tcp_endpoint
[4.948s] copying ros_tcp_endpoint/communication.py -> /home/phy_ai/.ihub/daksha/build/ros_tcp_endpoint/build/lib/ros_tcp_endpoint
[4.948s] copying ros_tcp_endpoint/subscriber.py -> /home/phy_ai/.ihub/daksha/build/ros_tcp_endpoint/build/lib/ros_tcp_endpoint
[4.948s] copying ros_tcp_endpoint/exceptions.py -> /home/phy_ai/.ihub/daksha/build/ros_tcp_endpoint/build/lib/ros_tcp_endpoint
[4.948s] copying ros_tcp_endpoint/client.py -> /home/phy_ai/.ihub/daksha/build/ros_tcp_endpoint/build/lib/ros_tcp_endpoint
[4.948s] copying ros_tcp_endpoint/service.py -> /home/phy_ai/.ihub/daksha/build/ros_tcp_endpoint/build/lib/ros_tcp_endpoint
[4.948s] running install
[4.948s] running install_lib
[4.948s] creating /home/phy_ai/.ihub/daksha/install/ros_tcp_endpoint/lib/python3.10/site-packages/ros_tcp_endpoint
[4.948s] copying /home/phy_ai/.ihub/daksha/build/ros_tcp_endpoint/build/lib/ros_tcp_endpoint/server.py -> /home/phy_ai/.ihub/daksha/install/ros_tcp_endpoint/lib/python3.10/site-packages/ros_tcp_endpoint
[4.949s] copying /home/phy_ai/.ihub/daksha/build/ros_tcp_endpoint/build/lib/ros_tcp_endpoint/thread_pauser.py -> /home/phy_ai/.ihub/daksha/install/ros_tcp_endpoint/lib/python3.10/site-packages/ros_tcp_endpoint
[4.949s] copying /home/phy_ai/.ihub/daksha/build/ros_tcp_endpoint/build/lib/ros_tcp_endpoint/default_server_endpoint.py -> /home/phy_ai/.ihub/daksha/install/ros_tcp_endpoint/lib/python3.10/site-packages/ros_tcp_endpoint
[4.949s] copying /home/phy_ai/.ihub/daksha/build/ros_tcp_endpoint/build/lib/ros_tcp_endpoint/unity_service.py -> /home/phy_ai/.ihub/daksha/install/ros_tcp_endpoint/lib/python3.10/site-packages/ros_tcp_endpoint
[4.949s] copying /home/phy_ai/.ihub/daksha/build/ros_tcp_endpoint/build/lib/ros_tcp_endpoint/__init__.py -> /home/phy_ai/.ihub/daksha/install/ros_tcp_endpoint/lib/python3.10/site-packages/ros_tcp_endpoint
[4.949s] copying /home/phy_ai/.ihub/daksha/build/ros_tcp_endpoint/build/lib/ros_tcp_endpoint/publisher.py -> /home/phy_ai/.ihub/daksha/install/ros_tcp_endpoint/lib/python3.10/site-packages/ros_tcp_endpoint
[4.952s] copying /home/phy_ai/.ihub/daksha/build/ros_tcp_endpoint/build/lib/ros_tcp_endpoint/tcp_sender.py -> /home/phy_ai/.ihub/daksha/install/ros_tcp_endpoint/lib/python3.10/site-packages/ros_tcp_endpoint
[4.952s] copying /home/phy_ai/.ihub/daksha/build/ros_tcp_endpoint/build/lib/ros_tcp_endpoint/communication.py -> /home/phy_ai/.ihub/daksha/install/ros_tcp_endpoint/lib/python3.10/site-packages/ros_tcp_endpoint
[4.952s] copying /home/phy_ai/.ihub/daksha/build/ros_tcp_endpoint/build/lib/ros_tcp_endpoint/subscriber.py -> /home/phy_ai/.ihub/daksha/install/ros_tcp_endpoint/lib/python3.10/site-packages/ros_tcp_endpoint
[4.953s] copying /home/phy_ai/.ihub/daksha/build/ros_tcp_endpoint/build/lib/ros_tcp_endpoint/exceptions.py -> /home/phy_ai/.ihub/daksha/install/ros_tcp_endpoint/lib/python3.10/site-packages/ros_tcp_endpoint
[4.953s] copying /home/phy_ai/.ihub/daksha/build/ros_tcp_endpoint/build/lib/ros_tcp_endpoint/client.py -> /home/phy_ai/.ihub/daksha/install/ros_tcp_endpoint/lib/python3.10/site-packages/ros_tcp_endpoint
[4.953s] copying /home/phy_ai/.ihub/daksha/build/ros_tcp_endpoint/build/lib/ros_tcp_endpoint/service.py -> /home/phy_ai/.ihub/daksha/install/ros_tcp_endpoint/lib/python3.10/site-packages/ros_tcp_endpoint
[4.953s] byte-compiling /home/phy_ai/.ihub/daksha/install/ros_tcp_endpoint/lib/python3.10/site-packages/ros_tcp_endpoint/server.py to server.cpython-310.pyc
[4.953s] byte-compiling /home/phy_ai/.ihub/daksha/install/ros_tcp_endpoint/lib/python3.10/site-packages/ros_tcp_endpoint/thread_pauser.py to thread_pauser.cpython-310.pyc
[4.953s] byte-compiling /home/phy_ai/.ihub/daksha/install/ros_tcp_endpoint/lib/python3.10/site-packages/ros_tcp_endpoint/default_server_endpoint.py to default_server_endpoint.cpython-310.pyc
[4.954s] byte-compiling /home/phy_ai/.ihub/daksha/install/ros_tcp_endpoint/lib/python3.10/site-packages/ros_tcp_endpoint/unity_service.py to unity_service.cpython-310.pyc
[4.954s] byte-compiling /home/phy_ai/.ihub/daksha/install/ros_tcp_endpoint/lib/python3.10/site-packages/ros_tcp_endpoint/__init__.py to __init__.cpython-310.pyc
[4.954s] byte-compiling /home/phy_ai/.ihub/daksha/install/ros_tcp_endpoint/lib/python3.10/site-packages/ros_tcp_endpoint/publisher.py to publisher.cpython-310.pyc
[4.955s] byte-compiling /home/phy_ai/.ihub/daksha/install/ros_tcp_endpoint/lib/python3.10/site-packages/ros_tcp_endpoint/tcp_sender.py to tcp_sender.cpython-310.pyc
[4.955s] byte-compiling /home/phy_ai/.ihub/daksha/install/ros_tcp_endpoint/lib/python3.10/site-packages/ros_tcp_endpoint/communication.py to communication.cpython-310.pyc
[4.955s] byte-compiling /home/phy_ai/.ihub/daksha/install/ros_tcp_endpoint/lib/python3.10/site-packages/ros_tcp_endpoint/subscriber.py to subscriber.cpython-310.pyc
[4.955s] byte-compiling /home/phy_ai/.ihub/daksha/install/ros_tcp_endpoint/lib/python3.10/site-packages/ros_tcp_endpoint/exceptions.py to exceptions.cpython-310.pyc
[4.955s] byte-compiling /home/phy_ai/.ihub/daksha/install/ros_tcp_endpoint/lib/python3.10/site-packages/ros_tcp_endpoint/client.py to client.cpython-310.pyc
[4.955s] byte-compiling /home/phy_ai/.ihub/daksha/install/ros_tcp_endpoint/lib/python3.10/site-packages/ros_tcp_endpoint/service.py to service.cpython-310.pyc
[4.958s] running install_data
[4.958s] creating /home/phy_ai/.ihub/daksha/install/ros_tcp_endpoint/share/ament_index
[4.958s] creating /home/phy_ai/.ihub/daksha/install/ros_tcp_endpoint/share/ament_index/resource_index
[4.958s] creating /home/phy_ai/.ihub/daksha/install/ros_tcp_endpoint/share/ament_index/resource_index/packages
[4.959s] copying resource/ros_tcp_endpoint -> /home/phy_ai/.ihub/daksha/install/ros_tcp_endpoint/share/ament_index/resource_index/packages
[4.959s] copying package.xml -> /home/phy_ai/.ihub/daksha/install/ros_tcp_endpoint/share/ros_tcp_endpoint
[4.959s] creating /home/phy_ai/.ihub/daksha/install/ros_tcp_endpoint/share/ros_tcp_endpoint/launch
[4.959s] copying launch/endpoint.py -> /home/phy_ai/.ihub/daksha/install/ros_tcp_endpoint/share/ros_tcp_endpoint/launch
[4.959s] running install_egg_info
[4.959s] Copying ../../../build/ros_tcp_endpoint/ros_tcp_endpoint.egg-info to /home/phy_ai/.ihub/daksha/install/ros_tcp_endpoint/lib/python3.10/site-packages/ros_tcp_endpoint-0.0.1-py3.10.egg-info
[4.959s] running install_scripts
[4.959s] Installing default_server_endpoint script to /home/phy_ai/.ihub/daksha/install/ros_tcp_endpoint/lib/ros_tcp_endpoint
[4.959s] writing list of installed files to '/home/phy_ai/.ihub/daksha/build/ros_tcp_endpoint/install.log'
[5.067s] Invoked command in '/home/phy_ai/.ihub/daksha/src/tele/ROS-TCP-Endpoint' returned '0': PYTHONPATH=/home/phy_ai/.ihub/daksha/build/ros_tcp_endpoint/prefix_override:/usr/lib/python3/dist-packages/colcon_core/task/python/colcon_distutils_commands:/home/phy_ai/.ihub/daksha/install/ros_tcp_endpoint/lib/python3.10/site-packages:${PYTHONPATH} /usr/bin/python3 -W ignore:setup.py install is deprecated -W ignore:easy_install command is deprecated setup.py egg_info --egg-base ../../../build/ros_tcp_endpoint build --build-base /home/phy_ai/.ihub/daksha/build/ros_tcp_endpoint/build install --record /home/phy_ai/.ihub/daksha/build/ros_tcp_endpoint/install.log --install-scripts $base/lib/ros_tcp_endpoint --single-version-externally-managed install_data
