[1.693s] Invoking command in '/home/phy_ai/.ihub/daksha/build/daksha_ui': CMAKE_PREFIX_PATH=${CMAKE_PREFIX_PATH}:/home/phy_ai/.ihub/daksha/install/motor_configure:/home/phy_ai/.ihub/daksha/install/world_camera_launch:/home/phy_ai/.ihub/daksha/install/motortest:/home/phy_ai/.ihub/daksha/install/gen2:/home/phy_ai/.ihub/daksha/install/vr_teleop:/home/phy_ai/.ihub/daksha/install/vajara:/home/phy_ai/.ihub/daksha/install/ros_tcp_endpoint:/home/phy_ai/.ihub/daksha/install/kinematics:/home/phy_ai/.ihub/daksha/install/joint_cmd_logger:/home/phy_ai/.ihub/daksha/install/joint_analyzer:/home/phy_ai/.ihub/daksha/install/daksha_data_collection:/home/phy_ai/.ihub/daksha/install/gen2_leader:/home/phy_ai/.ihub/daksha/install/daksha_final_urdf_description:/home/phy_ai/.ihub/daksha/install/daksha_description_full_body:/home/phy_ai/.ihub/daksha/install/daksha_api_bridge_leader:/home/phy_ai/.ihub/daksha/install/daksha_api_bridge_follower:/home/phy_ai/.barani/gen2_full/install/world_camera_launch:/home/phy_ai/.barani/gen2_full/install/gen2:/home/phy_ai/.barani/gen2_full/install/vr_teleop:/home/phy_ai/.barani/gen2_full/install/ros_tcp_endpoint:/home/phy_ai/.barani/gen2_full/install/nav_bringup:/home/phy_ai/.barani/gen2_full/install/nav2_config:/home/phy_ai/.barani/gen2_full/install/kinematics:/home/phy_ai/.barani/gen2_full/install/joint_cmd_logger:/home/phy_ai/.barani/gen2_full/install/joint_analyzer:/home/phy_ai/.barani/gen2_full/install/daksha_data_collection:/home/phy_ai/.barani/gen2_full/install/gen2_leader:/home/phy_ai/.barani/gen2_full/install/amr_bringup:/home/phy_ai/.barani/gen2_full/install/daksha_final_urdf_description:/home/phy_ai/.barani/gen2_full/install/daksha_description_full_body:/home/phy_ai/.barani/gen2_full/install/daksha_base_urdf:/home/phy_ai/.barani/gen2_full/install/daksha_api_bridge_leader:/home/phy_ai/.barani/gen2_full/install/daksha_api_bridge_follower:/opt/ros/humble /usr/bin/cmake --build /home/phy_ai/.ihub/daksha/build/daksha_ui -- -j16 -l16
[2.711s] [100%] Built target viveka_camera_ui
[2.741s] Invoked command in '/home/phy_ai/.ihub/daksha/build/daksha_ui' returned '0': CMAKE_PREFIX_PATH=${CMAKE_PREFIX_PATH}:/home/phy_ai/.ihub/daksha/install/motor_configure:/home/phy_ai/.ihub/daksha/install/world_camera_launch:/home/phy_ai/.ihub/daksha/install/motortest:/home/phy_ai/.ihub/daksha/install/gen2:/home/phy_ai/.ihub/daksha/install/vr_teleop:/home/phy_ai/.ihub/daksha/install/vajara:/home/phy_ai/.ihub/daksha/install/ros_tcp_endpoint:/home/phy_ai/.ihub/daksha/install/kinematics:/home/phy_ai/.ihub/daksha/install/joint_cmd_logger:/home/phy_ai/.ihub/daksha/install/joint_analyzer:/home/phy_ai/.ihub/daksha/install/daksha_data_collection:/home/phy_ai/.ihub/daksha/install/gen2_leader:/home/phy_ai/.ihub/daksha/install/daksha_final_urdf_description:/home/phy_ai/.ihub/daksha/install/daksha_description_full_body:/home/phy_ai/.ihub/daksha/install/daksha_api_bridge_leader:/home/phy_ai/.ihub/daksha/install/daksha_api_bridge_follower:/home/phy_ai/.barani/gen2_full/install/world_camera_launch:/home/phy_ai/.barani/gen2_full/install/gen2:/home/phy_ai/.barani/gen2_full/install/vr_teleop:/home/phy_ai/.barani/gen2_full/install/ros_tcp_endpoint:/home/phy_ai/.barani/gen2_full/install/nav_bringup:/home/phy_ai/.barani/gen2_full/install/nav2_config:/home/phy_ai/.barani/gen2_full/install/kinematics:/home/phy_ai/.barani/gen2_full/install/joint_cmd_logger:/home/phy_ai/.barani/gen2_full/install/joint_analyzer:/home/phy_ai/.barani/gen2_full/install/daksha_data_collection:/home/phy_ai/.barani/gen2_full/install/gen2_leader:/home/phy_ai/.barani/gen2_full/install/amr_bringup:/home/phy_ai/.barani/gen2_full/install/daksha_final_urdf_description:/home/phy_ai/.barani/gen2_full/install/daksha_description_full_body:/home/phy_ai/.barani/gen2_full/install/daksha_base_urdf:/home/phy_ai/.barani/gen2_full/install/daksha_api_bridge_leader:/home/phy_ai/.barani/gen2_full/install/daksha_api_bridge_follower:/opt/ros/humble /usr/bin/cmake --build /home/phy_ai/.ihub/daksha/build/daksha_ui -- -j16 -l16
[2.743s] Invoking command in '/home/phy_ai/.ihub/daksha/build/daksha_ui': CMAKE_PREFIX_PATH=${CMAKE_PREFIX_PATH}:/home/phy_ai/.ihub/daksha/install/motor_configure:/home/phy_ai/.ihub/daksha/install/world_camera_launch:/home/phy_ai/.ihub/daksha/install/motortest:/home/phy_ai/.ihub/daksha/install/gen2:/home/phy_ai/.ihub/daksha/install/vr_teleop:/home/phy_ai/.ihub/daksha/install/vajara:/home/phy_ai/.ihub/daksha/install/ros_tcp_endpoint:/home/phy_ai/.ihub/daksha/install/kinematics:/home/phy_ai/.ihub/daksha/install/joint_cmd_logger:/home/phy_ai/.ihub/daksha/install/joint_analyzer:/home/phy_ai/.ihub/daksha/install/daksha_data_collection:/home/phy_ai/.ihub/daksha/install/gen2_leader:/home/phy_ai/.ihub/daksha/install/daksha_final_urdf_description:/home/phy_ai/.ihub/daksha/install/daksha_description_full_body:/home/phy_ai/.ihub/daksha/install/daksha_api_bridge_leader:/home/phy_ai/.ihub/daksha/install/daksha_api_bridge_follower:/home/phy_ai/.barani/gen2_full/install/world_camera_launch:/home/phy_ai/.barani/gen2_full/install/gen2:/home/phy_ai/.barani/gen2_full/install/vr_teleop:/home/phy_ai/.barani/gen2_full/install/ros_tcp_endpoint:/home/phy_ai/.barani/gen2_full/install/nav_bringup:/home/phy_ai/.barani/gen2_full/install/nav2_config:/home/phy_ai/.barani/gen2_full/install/kinematics:/home/phy_ai/.barani/gen2_full/install/joint_cmd_logger:/home/phy_ai/.barani/gen2_full/install/joint_analyzer:/home/phy_ai/.barani/gen2_full/install/daksha_data_collection:/home/phy_ai/.barani/gen2_full/install/gen2_leader:/home/phy_ai/.barani/gen2_full/install/amr_bringup:/home/phy_ai/.barani/gen2_full/install/daksha_final_urdf_description:/home/phy_ai/.barani/gen2_full/install/daksha_description_full_body:/home/phy_ai/.barani/gen2_full/install/daksha_base_urdf:/home/phy_ai/.barani/gen2_full/install/daksha_api_bridge_leader:/home/phy_ai/.barani/gen2_full/install/daksha_api_bridge_follower:/opt/ros/humble /usr/bin/cmake --install /home/phy_ai/.ihub/daksha/build/daksha_ui
[3.236s] -- Install configuration: ""
[3.236s] -- Up-to-date: /home/phy_ai/.ihub/daksha/install/daksha_ui/lib/daksha_ui/dashboard_app.py
[3.236s] -- Up-to-date: /home/phy_ai/.ihub/daksha/install/daksha_ui/lib/daksha_ui/subui_app.py
[3.237s] -- Up-to-date: /home/phy_ai/.ihub/daksha/install/daksha_ui/lib/daksha_ui/viveka_camera_ui.py
[3.237s] -- Up-to-date: /home/phy_ai/.ihub/daksha/install/daksha_ui/lib/daksha_ui/templates
[3.237s] -- Up-to-date: /home/phy_ai/.ihub/daksha/install/daksha_ui/lib/daksha_ui/templates/index.html
[3.237s] -- Up-to-date: /home/phy_ai/.ihub/daksha/install/daksha_ui/lib/daksha_ui/static
[3.238s] -- Up-to-date: /home/phy_ai/.ihub/daksha/install/daksha_ui/lib/daksha_ui/static/css
[3.238s] -- Up-to-date: /home/phy_ai/.ihub/daksha/install/daksha_ui/lib/daksha_ui/static/css/style.css
[3.238s] -- Up-to-date: /home/phy_ai/.ihub/daksha/install/daksha_ui/lib/daksha_ui/static/images
[3.238s] -- Up-to-date: /home/phy_ai/.ihub/daksha/install/daksha_ui/lib/daksha_ui/static/images/ihub_logo_vercel_monochrome.png
[3.238s] -- Up-to-date: /home/phy_ai/.ihub/daksha/install/daksha_ui/lib/daksha_ui/static/images/ihub_logo_transparent.png
[3.238s] -- Up-to-date: /home/phy_ai/.ihub/daksha/install/daksha_ui/lib/daksha_ui/static/images/ihub_logo_dark_mode.png
[3.239s] -- Up-to-date: /home/phy_ai/.ihub/daksha/install/daksha_ui/lib/daksha_ui/static/images/ihub_logo.png
[3.239s] -- Up-to-date: /home/phy_ai/.ihub/daksha/install/daksha_ui/lib/daksha_ui/static/js
[3.240s] -- Up-to-date: /home/phy_ai/.ihub/daksha/install/daksha_ui/lib/daksha_ui/static/js/main.js
[3.240s] -- Up-to-date: /home/phy_ai/.ihub/daksha/install/daksha_ui/lib/daksha_ui/static/js/urdf_viewer.js
[3.240s] -- Up-to-date: /home/phy_ai/.ihub/daksha/install/daksha_ui/lib/daksha_ui/logs
[3.241s] -- Up-to-date: /home/phy_ai/.ihub/daksha/install/daksha_ui/lib/daksha_ui/logs/import_to_mongo.py
[3.241s] -- Up-to-date: /home/phy_ai/.ihub/daksha/install/daksha_ui/lib/daksha_ui/logs/logs.py
[3.241s] -- Up-to-date: /home/phy_ai/.ihub/daksha/install/daksha_ui/lib/daksha_ui/subui_templates
[3.241s] -- Up-to-date: /home/phy_ai/.ihub/daksha/install/daksha_ui/lib/daksha_ui/subui_templates/index.html
[3.241s] -- Up-to-date: /home/phy_ai/.ihub/daksha/install/daksha_ui/lib/daksha_ui/subui_static
[3.241s] -- Up-to-date: /home/phy_ai/.ihub/daksha/install/daksha_ui/lib/daksha_ui/subui_static/style.css
[3.242s] -- Up-to-date: /home/phy_ai/.ihub/daksha/install/daksha_ui/lib/daksha_ui/subui_static/script.js
[3.242s] -- Up-to-date: /home/phy_ai/.ihub/daksha/install/daksha_ui/share/daksha_ui/launch
[3.243s] -- Up-to-date: /home/phy_ai/.ihub/daksha/install/daksha_ui/share/daksha_ui/launch/client_ui.launch.py
[3.243s] -- Up-to-date: /home/phy_ai/.ihub/daksha/install/daksha_ui/share/daksha_ui/config
[3.243s] -- Up-to-date: /home/phy_ai/.ihub/daksha/install/daksha_ui/share/daksha_ui/config/camera_layout.json
[3.243s] -- Up-to-date: /home/phy_ai/.ihub/daksha/install/daksha_ui/share/ament_index/resource_index/package_run_dependencies/daksha_ui
[3.243s] -- Up-to-date: /home/phy_ai/.ihub/daksha/install/daksha_ui/share/ament_index/resource_index/parent_prefix_path/daksha_ui
[3.244s] -- Up-to-date: /home/phy_ai/.ihub/daksha/install/daksha_ui/share/daksha_ui/environment/ament_prefix_path.sh
[3.244s] -- Up-to-date: /home/phy_ai/.ihub/daksha/install/daksha_ui/share/daksha_ui/environment/ament_prefix_path.dsv
[3.246s] -- Up-to-date: /home/phy_ai/.ihub/daksha/install/daksha_ui/share/daksha_ui/environment/path.sh
[3.247s] -- Up-to-date: /home/phy_ai/.ihub/daksha/install/daksha_ui/share/daksha_ui/environment/path.dsv
[3.247s] -- Up-to-date: /home/phy_ai/.ihub/daksha/install/daksha_ui/share/daksha_ui/local_setup.bash
[3.248s] -- Up-to-date: /home/phy_ai/.ihub/daksha/install/daksha_ui/share/daksha_ui/local_setup.sh
[3.248s] -- Up-to-date: /home/phy_ai/.ihub/daksha/install/daksha_ui/share/daksha_ui/local_setup.zsh
[3.249s] -- Up-to-date: /home/phy_ai/.ihub/daksha/install/daksha_ui/share/daksha_ui/local_setup.dsv
[3.249s] -- Installing: /home/phy_ai/.ihub/daksha/install/daksha_ui/share/daksha_ui/package.dsv
[3.249s] -- Up-to-date: /home/phy_ai/.ihub/daksha/install/daksha_ui/share/ament_index/resource_index/packages/daksha_ui
[3.249s] -- Up-to-date: /home/phy_ai/.ihub/daksha/install/daksha_ui/share/daksha_ui/cmake/daksha_uiConfig.cmake
[3.250s] -- Up-to-date: /home/phy_ai/.ihub/daksha/install/daksha_ui/share/daksha_ui/cmake/daksha_uiConfig-version.cmake
[3.250s] -- Up-to-date: /home/phy_ai/.ihub/daksha/install/daksha_ui/share/daksha_ui/package.xml
[3.251s] -- Up-to-date: /home/phy_ai/.ihub/daksha/install/daksha_ui/lib/daksha_ui/viveka_camera_ui
[3.301s] Invoked command in '/home/phy_ai/.ihub/daksha/build/daksha_ui' returned '0': CMAKE_PREFIX_PATH=${CMAKE_PREFIX_PATH}:/home/phy_ai/.ihub/daksha/install/motor_configure:/home/phy_ai/.ihub/daksha/install/world_camera_launch:/home/phy_ai/.ihub/daksha/install/motortest:/home/phy_ai/.ihub/daksha/install/gen2:/home/phy_ai/.ihub/daksha/install/vr_teleop:/home/phy_ai/.ihub/daksha/install/vajara:/home/phy_ai/.ihub/daksha/install/ros_tcp_endpoint:/home/phy_ai/.ihub/daksha/install/kinematics:/home/phy_ai/.ihub/daksha/install/joint_cmd_logger:/home/phy_ai/.ihub/daksha/install/joint_analyzer:/home/phy_ai/.ihub/daksha/install/daksha_data_collection:/home/phy_ai/.ihub/daksha/install/gen2_leader:/home/phy_ai/.ihub/daksha/install/daksha_final_urdf_description:/home/phy_ai/.ihub/daksha/install/daksha_description_full_body:/home/phy_ai/.ihub/daksha/install/daksha_api_bridge_leader:/home/phy_ai/.ihub/daksha/install/daksha_api_bridge_follower:/home/phy_ai/.barani/gen2_full/install/world_camera_launch:/home/phy_ai/.barani/gen2_full/install/gen2:/home/phy_ai/.barani/gen2_full/install/vr_teleop:/home/phy_ai/.barani/gen2_full/install/ros_tcp_endpoint:/home/phy_ai/.barani/gen2_full/install/nav_bringup:/home/phy_ai/.barani/gen2_full/install/nav2_config:/home/phy_ai/.barani/gen2_full/install/kinematics:/home/phy_ai/.barani/gen2_full/install/joint_cmd_logger:/home/phy_ai/.barani/gen2_full/install/joint_analyzer:/home/phy_ai/.barani/gen2_full/install/daksha_data_collection:/home/phy_ai/.barani/gen2_full/install/gen2_leader:/home/phy_ai/.barani/gen2_full/install/amr_bringup:/home/phy_ai/.barani/gen2_full/install/daksha_final_urdf_description:/home/phy_ai/.barani/gen2_full/install/daksha_description_full_body:/home/phy_ai/.barani/gen2_full/install/daksha_base_urdf:/home/phy_ai/.barani/gen2_full/install/daksha_api_bridge_leader:/home/phy_ai/.barani/gen2_full/install/daksha_api_bridge_follower:/opt/ros/humble /usr/bin/cmake --install /home/phy_ai/.ihub/daksha/build/daksha_ui
