[9.114s] Invoking command in '/home/phy_ai/.ihub/daksha/src/controllers/kinematics': PYTHONPATH=/home/phy_ai/.ihub/daksha/build/kinematics/prefix_override:/usr/lib/python3/dist-packages/colcon_core/task/python/colcon_distutils_commands:/home/phy_ai/.ihub/daksha/install/kinematics/lib/python3.10/site-packages:${PYTHONPATH} /usr/bin/python3 -W ignore:setup.py install is deprecated -W ignore:easy_install command is deprecated setup.py egg_info --egg-base ../../../build/kinematics build --build-base /home/phy_ai/.ihub/daksha/build/kinematics/build install --record /home/phy_ai/.ihub/daksha/build/kinematics/install.log --install-scripts $base/lib/kinematics --single-version-externally-managed install_data
[10.546s] running egg_info
[10.548s] writing ../../../build/kinematics/kinematics.egg-info/PKG-INFO
[10.551s] writing dependency_links to ../../../build/kinematics/kinematics.egg-info/dependency_links.txt
[10.551s] writing entry points to ../../../build/kinematics/kinematics.egg-info/entry_points.txt
[10.555s] writing requirements to ../../../build/kinematics/kinematics.egg-info/requires.txt
[10.556s] writing top-level names to ../../../build/kinematics/kinematics.egg-info/top_level.txt
[10.561s] reading manifest file '../../../build/kinematics/kinematics.egg-info/SOURCES.txt'
[10.561s] writing manifest file '../../../build/kinematics/kinematics.egg-info/SOURCES.txt'
[10.562s] running build
[10.563s] running build_py
[10.565s] running install
[10.565s] running install_lib
[10.569s] running install_data
[10.569s] running install_egg_info
[10.575s] removing '/home/phy_ai/.ihub/daksha/install/kinematics/lib/python3.10/site-packages/kinematics-0.0.0-py3.10.egg-info' (and everything under it)
[10.580s] Copying ../../../build/kinematics/kinematics.egg-info to /home/phy_ai/.ihub/daksha/install/kinematics/lib/python3.10/site-packages/kinematics-0.0.0-py3.10.egg-info
[10.584s] running install_scripts
[10.635s] Installing ik_node script to /home/phy_ai/.ihub/daksha/install/kinematics/lib/kinematics
[10.637s] writing list of installed files to '/home/phy_ai/.ihub/daksha/build/kinematics/install.log'
[10.772s] Invoked command in '/home/phy_ai/.ihub/daksha/src/controllers/kinematics' returned '0': PYTHONPATH=/home/phy_ai/.ihub/daksha/build/kinematics/prefix_override:/usr/lib/python3/dist-packages/colcon_core/task/python/colcon_distutils_commands:/home/phy_ai/.ihub/daksha/install/kinematics/lib/python3.10/site-packages:${PYTHONPATH} /usr/bin/python3 -W ignore:setup.py install is deprecated -W ignore:easy_install command is deprecated setup.py egg_info --egg-base ../../../build/kinematics build --build-base /home/phy_ai/.ihub/daksha/build/kinematics/build install --record /home/phy_ai/.ihub/daksha/build/kinematics/install.log --install-scripts $base/lib/kinematics --single-version-externally-managed install_data
