running egg_info
creating ../../build/gen2/gen2.egg-info
writing ../../build/gen2/gen2.egg-info/PKG-INFO
writing dependency_links to ../../build/gen2/gen2.egg-info/dependency_links.txt
writing entry points to ../../build/gen2/gen2.egg-info/entry_points.txt
writing requirements to ../../build/gen2/gen2.egg-info/requires.txt
writing top-level names to ../../build/gen2/gen2.egg-info/top_level.txt
writing manifest file '../../build/gen2/gen2.egg-info/SOURCES.txt'
reading manifest file '../../build/gen2/gen2.egg-info/SOURCES.txt'
adding license file 'LICENSE'
writing manifest file '../../build/gen2/gen2.egg-info/SOURCES.txt'
running build
running build_py
creating /home/phy_ai/.ihub/daksha/build/gen2/build
creating /home/phy_ai/.ihub/daksha/build/gen2/build/lib
creating /home/phy_ai/.ihub/daksha/build/gen2/build/lib/gen2
copying gen2/battery_info.py -> /home/phy_ai/.ihub/daksha/build/gen2/build/lib/gen2
copying gen2/vcan_bridge.py -> /home/phy_ai/.ihub/daksha/build/gen2/build/lib/gen2
copying gen2/GravityToJointCmd.py -> /home/phy_ai/.ihub/daksha/build/gen2/build/lib/gen2
copying gen2/arm_recovery_watchdog.py -> /home/phy_ai/.ihub/daksha/build/gen2/build/lib/gen2
copying gen2/leader_controller_ui.py -> /home/phy_ai/.ihub/daksha/build/gen2/build/lib/gen2
copying gen2/__init__.py -> /home/phy_ai/.ihub/daksha/build/gen2/build/lib/gen2
copying gen2/gravity_scale_setter.py -> /home/phy_ai/.ihub/daksha/build/gen2/build/lib/gen2
copying gen2/mode_toggler.py -> /home/phy_ai/.ihub/daksha/build/gen2/build/lib/gen2
copying gen2/HomeMoveService.py -> /home/phy_ai/.ihub/daksha/build/gen2/build/lib/gen2
copying gen2/joint_cmd_publisher_from_joint_sates.py -> /home/phy_ai/.ihub/daksha/build/gen2/build/lib/gen2
copying gen2/teach_mode_node.py -> /home/phy_ai/.ihub/daksha/build/gen2/build/lib/gen2
copying gen2/joint_cmd.py -> /home/phy_ai/.ihub/daksha/build/gen2/build/lib/gen2
running install
running install_lib
creating /home/phy_ai/.ihub/daksha/install/gen2/lib/python3.10/site-packages/gen2
copying /home/phy_ai/.ihub/daksha/build/gen2/build/lib/gen2/battery_info.py -> /home/phy_ai/.ihub/daksha/install/gen2/lib/python3.10/site-packages/gen2
copying /home/phy_ai/.ihub/daksha/build/gen2/build/lib/gen2/vcan_bridge.py -> /home/phy_ai/.ihub/daksha/install/gen2/lib/python3.10/site-packages/gen2
copying /home/phy_ai/.ihub/daksha/build/gen2/build/lib/gen2/GravityToJointCmd.py -> /home/phy_ai/.ihub/daksha/install/gen2/lib/python3.10/site-packages/gen2
copying /home/phy_ai/.ihub/daksha/build/gen2/build/lib/gen2/arm_recovery_watchdog.py -> /home/phy_ai/.ihub/daksha/install/gen2/lib/python3.10/site-packages/gen2
copying /home/phy_ai/.ihub/daksha/build/gen2/build/lib/gen2/leader_controller_ui.py -> /home/phy_ai/.ihub/daksha/install/gen2/lib/python3.10/site-packages/gen2
copying /home/phy_ai/.ihub/daksha/build/gen2/build/lib/gen2/__init__.py -> /home/phy_ai/.ihub/daksha/install/gen2/lib/python3.10/site-packages/gen2
copying /home/phy_ai/.ihub/daksha/build/gen2/build/lib/gen2/gravity_scale_setter.py -> /home/phy_ai/.ihub/daksha/install/gen2/lib/python3.10/site-packages/gen2
copying /home/phy_ai/.ihub/daksha/build/gen2/build/lib/gen2/mode_toggler.py -> /home/phy_ai/.ihub/daksha/install/gen2/lib/python3.10/site-packages/gen2
copying /home/phy_ai/.ihub/daksha/build/gen2/build/lib/gen2/HomeMoveService.py -> /home/phy_ai/.ihub/daksha/install/gen2/lib/python3.10/site-packages/gen2
copying /home/phy_ai/.ihub/daksha/build/gen2/build/lib/gen2/joint_cmd_publisher_from_joint_sates.py -> /home/phy_ai/.ihub/daksha/install/gen2/lib/python3.10/site-packages/gen2
copying /home/phy_ai/.ihub/daksha/build/gen2/build/lib/gen2/teach_mode_node.py -> /home/phy_ai/.ihub/daksha/install/gen2/lib/python3.10/site-packages/gen2
copying /home/phy_ai/.ihub/daksha/build/gen2/build/lib/gen2/joint_cmd.py -> /home/phy_ai/.ihub/daksha/install/gen2/lib/python3.10/site-packages/gen2
byte-compiling /home/phy_ai/.ihub/daksha/install/gen2/lib/python3.10/site-packages/gen2/battery_info.py to battery_info.cpython-310.pyc
byte-compiling /home/phy_ai/.ihub/daksha/install/gen2/lib/python3.10/site-packages/gen2/vcan_bridge.py to vcan_bridge.cpython-310.pyc
byte-compiling /home/phy_ai/.ihub/daksha/install/gen2/lib/python3.10/site-packages/gen2/GravityToJointCmd.py to GravityToJointCmd.cpython-310.pyc
byte-compiling /home/phy_ai/.ihub/daksha/install/gen2/lib/python3.10/site-packages/gen2/arm_recovery_watchdog.py to arm_recovery_watchdog.cpython-310.pyc
byte-compiling /home/phy_ai/.ihub/daksha/install/gen2/lib/python3.10/site-packages/gen2/leader_controller_ui.py to leader_controller_ui.cpython-310.pyc
byte-compiling /home/phy_ai/.ihub/daksha/install/gen2/lib/python3.10/site-packages/gen2/__init__.py to __init__.cpython-310.pyc
byte-compiling /home/phy_ai/.ihub/daksha/install/gen2/lib/python3.10/site-packages/gen2/gravity_scale_setter.py to gravity_scale_setter.cpython-310.pyc
byte-compiling /home/phy_ai/.ihub/daksha/install/gen2/lib/python3.10/site-packages/gen2/mode_toggler.py to mode_toggler.cpython-310.pyc
byte-compiling /home/phy_ai/.ihub/daksha/install/gen2/lib/python3.10/site-packages/gen2/HomeMoveService.py to HomeMoveService.cpython-310.pyc
byte-compiling /home/phy_ai/.ihub/daksha/install/gen2/lib/python3.10/site-packages/gen2/joint_cmd_publisher_from_joint_sates.py to joint_cmd_publisher_from_joint_sates.cpython-310.pyc
byte-compiling /home/phy_ai/.ihub/daksha/install/gen2/lib/python3.10/site-packages/gen2/teach_mode_node.py to teach_mode_node.cpython-310.pyc
byte-compiling /home/phy_ai/.ihub/daksha/install/gen2/lib/python3.10/site-packages/gen2/joint_cmd.py to joint_cmd.cpython-310.pyc
running install_data
creating /home/phy_ai/.ihub/daksha/install/gen2/share/ament_index
creating /home/phy_ai/.ihub/daksha/install/gen2/share/ament_index/resource_index
creating /home/phy_ai/.ihub/daksha/install/gen2/share/ament_index/resource_index/packages
copying resource/gen2 -> /home/phy_ai/.ihub/daksha/install/gen2/share/ament_index/resource_index/packages
copying package.xml -> /home/phy_ai/.ihub/daksha/install/gen2/share/gen2
creating /home/phy_ai/.ihub/daksha/install/gen2/share/gen2/launch
copying launch/bringup.launch.py -> /home/phy_ai/.ihub/daksha/install/gen2/share/gen2/launch
creating /home/phy_ai/.ihub/daksha/install/gen2/share/gen2/config
copying config/controllers.yaml -> /home/phy_ai/.ihub/daksha/install/gen2/share/gen2/config
copying config/arm_limit.yaml -> /home/phy_ai/.ihub/daksha/install/gen2/share/gen2/config
running install_egg_info
Copying ../../build/gen2/gen2.egg-info to /home/phy_ai/.ihub/daksha/install/gen2/lib/python3.10/site-packages/gen2-0.0.0-py3.10.egg-info
running install_scripts
Installing GravityToJointCmd script to /home/phy_ai/.ihub/daksha/install/gen2/lib/gen2
Installing HomeMoveService script to /home/phy_ai/.ihub/daksha/install/gen2/lib/gen2
Installing arm_recovery_watchdog script to /home/phy_ai/.ihub/daksha/install/gen2/lib/gen2
Installing battery_info script to /home/phy_ai/.ihub/daksha/install/gen2/lib/gen2
Installing gravity_ff_tuner script to /home/phy_ai/.ihub/daksha/install/gen2/lib/gen2
Installing gravity_scale_setter script to /home/phy_ai/.ihub/daksha/install/gen2/lib/gen2
Installing joint_cmd script to /home/phy_ai/.ihub/daksha/install/gen2/lib/gen2
Installing joint_cmd_publisher_from_joint_sates script to /home/phy_ai/.ihub/daksha/install/gen2/lib/gen2
Installing joint_cmd_web_ui script to /home/phy_ai/.ihub/daksha/install/gen2/lib/gen2
Installing leader_controller_ui script to /home/phy_ai/.ihub/daksha/install/gen2/lib/gen2
Installing mode_toggler script to /home/phy_ai/.ihub/daksha/install/gen2/lib/gen2
Installing teach_mode_node script to /home/phy_ai/.ihub/daksha/install/gen2/lib/gen2
Installing vcan_bridge script to /home/phy_ai/.ihub/daksha/install/gen2/lib/gen2
writing list of installed files to '/home/phy_ai/.ihub/daksha/build/gen2/install.log'
