[1.019s] Invoking command in '/home/phy_ai/.ihub/daksha/src/gen2': AMENT_PREFIX_PATH=/home/phy_ai/.ihub/daksha/install/vr_teleop:/home/phy_ai/.ihub/daksha/install/kinematics:/home/phy_ai/.ihub/daksha/install/hw_interface:${AMENT_PREFIX_PATH} CMAKE_PREFIX_PATH=/home/phy_ai/.ihub/daksha/install/hw_interface:${CMAKE_PREFIX_PATH} LD_LIBRARY_PATH=/home/phy_ai/.ihub/daksha/install/hw_interface/lib:${LD_LIBRARY_PATH} PYTHONPATH=/home/phy_ai/.ihub/daksha/build/gen2/prefix_override:/usr/lib/python3/dist-packages/colcon_core/task/python/colcon_distutils_commands:/home/phy_ai/.ihub/daksha/install/gen2/lib/python3.10/site-packages:/home/phy_ai/.ihub/daksha/install/vr_teleop/lib/python3.10/site-packages:/home/phy_ai/.ihub/daksha/install/kinematics/lib/python3.10/site-packages:/home/phy_ai/.ihub/daksha/install/hw_interface/local/lib/python3.10/dist-packages:${PYTHONPATH} /usr/bin/python3 -W ignore:setup.py install is deprecated -W ignore:easy_install command is deprecated setup.py egg_info --egg-base ../../build/gen2 build --build-base /home/phy_ai/.ihub/daksha/build/gen2/build install --record /home/phy_ai/.ihub/daksha/build/gen2/install.log --install-scripts $base/lib/gen2 --single-version-externally-managed install_data
[1.298s] running egg_info
[1.299s] creating ../../build/gen2/gen2.egg-info
[1.299s] writing ../../build/gen2/gen2.egg-info/PKG-INFO
[1.299s] writing dependency_links to ../../build/gen2/gen2.egg-info/dependency_links.txt
[1.299s] writing entry points to ../../build/gen2/gen2.egg-info/entry_points.txt
[1.300s] writing requirements to ../../build/gen2/gen2.egg-info/requires.txt
[1.300s] writing top-level names to ../../build/gen2/gen2.egg-info/top_level.txt
[1.300s] writing manifest file '../../build/gen2/gen2.egg-info/SOURCES.txt'
[1.302s] reading manifest file '../../build/gen2/gen2.egg-info/SOURCES.txt'
[1.302s] adding license file 'LICENSE'
[1.303s] writing manifest file '../../build/gen2/gen2.egg-info/SOURCES.txt'
[1.303s] running build
[1.303s] running build_py
[1.303s] creating /home/phy_ai/.ihub/daksha/build/gen2/build
[1.303s] creating /home/phy_ai/.ihub/daksha/build/gen2/build/lib
[1.303s] creating /home/phy_ai/.ihub/daksha/build/gen2/build/lib/gen2
[1.304s] copying gen2/battery_info.py -> /home/phy_ai/.ihub/daksha/build/gen2/build/lib/gen2
[1.304s] copying gen2/vcan_bridge.py -> /home/phy_ai/.ihub/daksha/build/gen2/build/lib/gen2
[1.304s] copying gen2/GravityToJointCmd.py -> /home/phy_ai/.ihub/daksha/build/gen2/build/lib/gen2
[1.304s] copying gen2/arm_recovery_watchdog.py -> /home/phy_ai/.ihub/daksha/build/gen2/build/lib/gen2
[1.304s] copying gen2/leader_controller_ui.py -> /home/phy_ai/.ihub/daksha/build/gen2/build/lib/gen2
[1.304s] copying gen2/__init__.py -> /home/phy_ai/.ihub/daksha/build/gen2/build/lib/gen2
[1.304s] copying gen2/gravity_scale_setter.py -> /home/phy_ai/.ihub/daksha/build/gen2/build/lib/gen2
[1.305s] copying gen2/mode_toggler.py -> /home/phy_ai/.ihub/daksha/build/gen2/build/lib/gen2
[1.305s] copying gen2/HomeMoveService.py -> /home/phy_ai/.ihub/daksha/build/gen2/build/lib/gen2
[1.305s] copying gen2/joint_cmd_publisher_from_joint_sates.py -> /home/phy_ai/.ihub/daksha/build/gen2/build/lib/gen2
[1.305s] copying gen2/teach_mode_node.py -> /home/phy_ai/.ihub/daksha/build/gen2/build/lib/gen2
[1.305s] copying gen2/joint_cmd.py -> /home/phy_ai/.ihub/daksha/build/gen2/build/lib/gen2
[1.305s] running install
[1.305s] running install_lib
[1.306s] creating /home/phy_ai/.ihub/daksha/install/gen2/lib/python3.10/site-packages/gen2
[1.307s] copying /home/phy_ai/.ihub/daksha/build/gen2/build/lib/gen2/battery_info.py -> /home/phy_ai/.ihub/daksha/install/gen2/lib/python3.10/site-packages/gen2
[1.307s] copying /home/phy_ai/.ihub/daksha/build/gen2/build/lib/gen2/vcan_bridge.py -> /home/phy_ai/.ihub/daksha/install/gen2/lib/python3.10/site-packages/gen2
[1.307s] copying /home/phy_ai/.ihub/daksha/build/gen2/build/lib/gen2/GravityToJointCmd.py -> /home/phy_ai/.ihub/daksha/install/gen2/lib/python3.10/site-packages/gen2
[1.307s] copying /home/phy_ai/.ihub/daksha/build/gen2/build/lib/gen2/arm_recovery_watchdog.py -> /home/phy_ai/.ihub/daksha/install/gen2/lib/python3.10/site-packages/gen2
[1.307s] copying /home/phy_ai/.ihub/daksha/build/gen2/build/lib/gen2/leader_controller_ui.py -> /home/phy_ai/.ihub/daksha/install/gen2/lib/python3.10/site-packages/gen2
[1.307s] copying /home/phy_ai/.ihub/daksha/build/gen2/build/lib/gen2/__init__.py -> /home/phy_ai/.ihub/daksha/install/gen2/lib/python3.10/site-packages/gen2
[1.307s] copying /home/phy_ai/.ihub/daksha/build/gen2/build/lib/gen2/gravity_scale_setter.py -> /home/phy_ai/.ihub/daksha/install/gen2/lib/python3.10/site-packages/gen2
[1.307s] copying /home/phy_ai/.ihub/daksha/build/gen2/build/lib/gen2/mode_toggler.py -> /home/phy_ai/.ihub/daksha/install/gen2/lib/python3.10/site-packages/gen2
[1.308s] copying /home/phy_ai/.ihub/daksha/build/gen2/build/lib/gen2/HomeMoveService.py -> /home/phy_ai/.ihub/daksha/install/gen2/lib/python3.10/site-packages/gen2
[1.308s] copying /home/phy_ai/.ihub/daksha/build/gen2/build/lib/gen2/joint_cmd_publisher_from_joint_sates.py -> /home/phy_ai/.ihub/daksha/install/gen2/lib/python3.10/site-packages/gen2
[1.308s] copying /home/phy_ai/.ihub/daksha/build/gen2/build/lib/gen2/teach_mode_node.py -> /home/phy_ai/.ihub/daksha/install/gen2/lib/python3.10/site-packages/gen2
[1.308s] copying /home/phy_ai/.ihub/daksha/build/gen2/build/lib/gen2/joint_cmd.py -> /home/phy_ai/.ihub/daksha/install/gen2/lib/python3.10/site-packages/gen2
[1.308s] byte-compiling /home/phy_ai/.ihub/daksha/install/gen2/lib/python3.10/site-packages/gen2/battery_info.py to battery_info.cpython-310.pyc
[1.309s] byte-compiling /home/phy_ai/.ihub/daksha/install/gen2/lib/python3.10/site-packages/gen2/vcan_bridge.py to vcan_bridge.cpython-310.pyc
[1.310s] byte-compiling /home/phy_ai/.ihub/daksha/install/gen2/lib/python3.10/site-packages/gen2/GravityToJointCmd.py to GravityToJointCmd.cpython-310.pyc
[1.311s] byte-compiling /home/phy_ai/.ihub/daksha/install/gen2/lib/python3.10/site-packages/gen2/arm_recovery_watchdog.py to arm_recovery_watchdog.cpython-310.pyc
[1.312s] byte-compiling /home/phy_ai/.ihub/daksha/install/gen2/lib/python3.10/site-packages/gen2/leader_controller_ui.py to leader_controller_ui.cpython-310.pyc
[1.314s] byte-compiling /home/phy_ai/.ihub/daksha/install/gen2/lib/python3.10/site-packages/gen2/__init__.py to __init__.cpython-310.pyc
[1.315s] byte-compiling /home/phy_ai/.ihub/daksha/install/gen2/lib/python3.10/site-packages/gen2/gravity_scale_setter.py to gravity_scale_setter.cpython-310.pyc
[1.315s] byte-compiling /home/phy_ai/.ihub/daksha/install/gen2/lib/python3.10/site-packages/gen2/mode_toggler.py to mode_toggler.cpython-310.pyc
[1.317s] byte-compiling /home/phy_ai/.ihub/daksha/install/gen2/lib/python3.10/site-packages/gen2/HomeMoveService.py to HomeMoveService.cpython-310.pyc
[1.317s] byte-compiling /home/phy_ai/.ihub/daksha/install/gen2/lib/python3.10/site-packages/gen2/joint_cmd_publisher_from_joint_sates.py to joint_cmd_publisher_from_joint_sates.cpython-310.pyc
[1.318s] byte-compiling /home/phy_ai/.ihub/daksha/install/gen2/lib/python3.10/site-packages/gen2/teach_mode_node.py to teach_mode_node.cpython-310.pyc
[1.319s] byte-compiling /home/phy_ai/.ihub/daksha/install/gen2/lib/python3.10/site-packages/gen2/joint_cmd.py to joint_cmd.cpython-310.pyc
[1.320s] running install_data
[1.321s] creating /home/phy_ai/.ihub/daksha/install/gen2/share/ament_index
[1.321s] creating /home/phy_ai/.ihub/daksha/install/gen2/share/ament_index/resource_index
[1.321s] creating /home/phy_ai/.ihub/daksha/install/gen2/share/ament_index/resource_index/packages
[1.321s] copying resource/gen2 -> /home/phy_ai/.ihub/daksha/install/gen2/share/ament_index/resource_index/packages
[1.321s] copying package.xml -> /home/phy_ai/.ihub/daksha/install/gen2/share/gen2
[1.321s] creating /home/phy_ai/.ihub/daksha/install/gen2/share/gen2/launch
[1.322s] copying launch/bringup.launch.py -> /home/phy_ai/.ihub/daksha/install/gen2/share/gen2/launch
[1.322s] creating /home/phy_ai/.ihub/daksha/install/gen2/share/gen2/config
[1.322s] copying config/controllers.yaml -> /home/phy_ai/.ihub/daksha/install/gen2/share/gen2/config
[1.322s] copying config/arm_limit.yaml -> /home/phy_ai/.ihub/daksha/install/gen2/share/gen2/config
[1.322s] running install_egg_info
[1.323s] Copying ../../build/gen2/gen2.egg-info to /home/phy_ai/.ihub/daksha/install/gen2/lib/python3.10/site-packages/gen2-0.0.0-py3.10.egg-info
[1.324s] running install_scripts
[1.346s] Installing GravityToJointCmd script to /home/phy_ai/.ihub/daksha/install/gen2/lib/gen2
[1.347s] Installing HomeMoveService script to /home/phy_ai/.ihub/daksha/install/gen2/lib/gen2
[1.347s] Installing arm_recovery_watchdog script to /home/phy_ai/.ihub/daksha/install/gen2/lib/gen2
[1.347s] Installing battery_info script to /home/phy_ai/.ihub/daksha/install/gen2/lib/gen2
[1.347s] Installing gravity_ff_tuner script to /home/phy_ai/.ihub/daksha/install/gen2/lib/gen2
[1.347s] Installing gravity_scale_setter script to /home/phy_ai/.ihub/daksha/install/gen2/lib/gen2
[1.347s] Installing joint_cmd script to /home/phy_ai/.ihub/daksha/install/gen2/lib/gen2
[1.348s] Installing joint_cmd_publisher_from_joint_sates script to /home/phy_ai/.ihub/daksha/install/gen2/lib/gen2
[1.348s] Installing joint_cmd_web_ui script to /home/phy_ai/.ihub/daksha/install/gen2/lib/gen2
[1.348s] Installing leader_controller_ui script to /home/phy_ai/.ihub/daksha/install/gen2/lib/gen2
[1.348s] Installing mode_toggler script to /home/phy_ai/.ihub/daksha/install/gen2/lib/gen2
[1.348s] Installing teach_mode_node script to /home/phy_ai/.ihub/daksha/install/gen2/lib/gen2
[1.348s] Installing vcan_bridge script to /home/phy_ai/.ihub/daksha/install/gen2/lib/gen2
[1.348s] writing list of installed files to '/home/phy_ai/.ihub/daksha/build/gen2/install.log'
[1.385s] Invoked command in '/home/phy_ai/.ihub/daksha/src/gen2' returned '0': AMENT_PREFIX_PATH=/home/phy_ai/.ihub/daksha/install/vr_teleop:/home/phy_ai/.ihub/daksha/install/kinematics:/home/phy_ai/.ihub/daksha/install/hw_interface:${AMENT_PREFIX_PATH} CMAKE_PREFIX_PATH=/home/phy_ai/.ihub/daksha/install/hw_interface:${CMAKE_PREFIX_PATH} LD_LIBRARY_PATH=/home/phy_ai/.ihub/daksha/install/hw_interface/lib:${LD_LIBRARY_PATH} PYTHONPATH=/home/phy_ai/.ihub/daksha/build/gen2/prefix_override:/usr/lib/python3/dist-packages/colcon_core/task/python/colcon_distutils_commands:/home/phy_ai/.ihub/daksha/install/gen2/lib/python3.10/site-packages:/home/phy_ai/.ihub/daksha/install/vr_teleop/lib/python3.10/site-packages:/home/phy_ai/.ihub/daksha/install/kinematics/lib/python3.10/site-packages:/home/phy_ai/.ihub/daksha/install/hw_interface/local/lib/python3.10/dist-packages:${PYTHONPATH} /usr/bin/python3 -W ignore:setup.py install is deprecated -W ignore:easy_install command is deprecated setup.py egg_info --egg-base ../../build/gen2 build --build-base /home/phy_ai/.ihub/daksha/build/gen2/build install --record /home/phy_ai/.ihub/daksha/build/gen2/install.log --install-scripts $base/lib/gen2 --single-version-externally-managed install_data
