running egg_info
writing ../../../build/vr_teleop/vr_teleop.egg-info/PKG-INFO
writing dependency_links to ../../../build/vr_teleop/vr_teleop.egg-info/dependency_links.txt
writing entry points to ../../../build/vr_teleop/vr_teleop.egg-info/entry_points.txt
writing requirements to ../../../build/vr_teleop/vr_teleop.egg-info/requires.txt
writing top-level names to ../../../build/vr_teleop/vr_teleop.egg-info/top_level.txt
reading manifest file '../../../build/vr_teleop/vr_teleop.egg-info/SOURCES.txt'
writing manifest file '../../../build/vr_teleop/vr_teleop.egg-info/SOURCES.txt'
running build
running build_py
running install
running install_lib
running install_data
running install_egg_info
removing '/home/phy_ai/.ihub/daksha/install/vr_teleop/lib/python3.10/site-packages/vr_teleop-0.0.1-py3.10.egg-info' (and everything under it)
Copying ../../../build/vr_teleop/vr_teleop.egg-info to /home/phy_ai/.ihub/daksha/install/vr_teleop/lib/python3.10/site-packages/vr_teleop-0.0.1-py3.10.egg-info
running install_scripts
Installing default_server_endpoint script to /home/phy_ai/.ihub/daksha/install/vr_teleop/lib/vr_teleop
Installing quest_tf script to /home/phy_ai/.ihub/daksha/install/vr_teleop/lib/vr_teleop
Installing quest_tf_mirror script to /home/phy_ai/.ihub/daksha/install/vr_teleop/lib/vr_teleop
Installing quest_tf_switch script to /home/phy_ai/.ihub/daksha/install/vr_teleop/lib/vr_teleop
Installing quest_tf_to_pose script to /home/phy_ai/.ihub/daksha/install/vr_teleop/lib/vr_teleop
Installing vr_gripper_ctrl script to /home/phy_ai/.ihub/daksha/install/vr_teleop/lib/vr_teleop
Installing vr_management_ui script to /home/phy_ai/.ihub/daksha/install/vr_teleop/lib/vr_teleop
Installing vr_pose_relay script to /home/phy_ai/.ihub/daksha/install/vr_teleop/lib/vr_teleop
writing list of installed files to '/home/phy_ai/.ihub/daksha/build/vr_teleop/install.log'
