[4.588s] Invoking command in '/home/phy_ai/.ihub/daksha/src/ui/analyzer': PYTHONPATH=/home/phy_ai/.ihub/daksha/build/joint_analyzer/prefix_override:/usr/lib/python3/dist-packages/colcon_core/task/python/colcon_distutils_commands:/home/phy_ai/.ihub/daksha/install/joint_analyzer/lib/python3.10/site-packages:${PYTHONPATH} /usr/bin/python3 -W ignore:setup.py install is deprecated -W ignore:easy_install command is deprecated setup.py egg_info --egg-base ../../../build/joint_analyzer build --build-base /home/phy_ai/.ihub/daksha/build/joint_analyzer/build install --record /home/phy_ai/.ihub/daksha/build/joint_analyzer/install.log --install-scripts $base/lib/joint_analyzer --single-version-externally-managed install_data
[5.176s] running egg_info
[5.178s] writing ../../../build/joint_analyzer/joint_analyzer.egg-info/PKG-INFO
[5.179s] writing dependency_links to ../../../build/joint_analyzer/joint_analyzer.egg-info/dependency_links.txt
[5.179s] writing entry points to ../../../build/joint_analyzer/joint_analyzer.egg-info/entry_points.txt
[5.180s] writing requirements to ../../../build/joint_analyzer/joint_analyzer.egg-info/requires.txt
[5.180s] writing top-level names to ../../../build/joint_analyzer/joint_analyzer.egg-info/top_level.txt
[5.182s] reading manifest file '../../../build/joint_analyzer/joint_analyzer.egg-info/SOURCES.txt'
[5.183s] writing manifest file '../../../build/joint_analyzer/joint_analyzer.egg-info/SOURCES.txt'
[5.184s] running build
[5.184s] running build_py
[5.187s] running install
[5.187s] running install_lib
[5.189s] running install_data
[5.189s] running install_egg_info
[5.192s] removing '/home/phy_ai/.ihub/daksha/install/joint_analyzer/lib/python3.10/site-packages/joint_analyzer-0.0.1-py3.10.egg-info' (and everything under it)
[5.193s] Copying ../../../build/joint_analyzer/joint_analyzer.egg-info to /home/phy_ai/.ihub/daksha/install/joint_analyzer/lib/python3.10/site-packages/joint_analyzer-0.0.1-py3.10.egg-info
[5.194s] running install_scripts
[5.228s] Installing check_diffs script to /home/phy_ai/.ihub/daksha/install/joint_analyzer/lib/joint_analyzer
[5.228s] Installing diagnose_qos script to /home/phy_ai/.ihub/daksha/install/joint_analyzer/lib/joint_analyzer
[5.228s] Installing plot_server script to /home/phy_ai/.ihub/daksha/install/joint_analyzer/lib/joint_analyzer
[5.228s] Installing server script to /home/phy_ai/.ihub/daksha/install/joint_analyzer/lib/joint_analyzer
[5.228s] Installing verify_mapping script to /home/phy_ai/.ihub/daksha/install/joint_analyzer/lib/joint_analyzer
[5.229s] writing list of installed files to '/home/phy_ai/.ihub/daksha/build/joint_analyzer/install.log'
[5.570s] Invoked command in '/home/phy_ai/.ihub/daksha/src/ui/analyzer' returned '0': PYTHONPATH=/home/phy_ai/.ihub/daksha/build/joint_analyzer/prefix_override:/usr/lib/python3/dist-packages/colcon_core/task/python/colcon_distutils_commands:/home/phy_ai/.ihub/daksha/install/joint_analyzer/lib/python3.10/site-packages:${PYTHONPATH} /usr/bin/python3 -W ignore:setup.py install is deprecated -W ignore:easy_install command is deprecated setup.py egg_info --egg-base ../../../build/joint_analyzer build --build-base /home/phy_ai/.ihub/daksha/build/joint_analyzer/build install --record /home/phy_ai/.ihub/daksha/build/joint_analyzer/install.log --install-scripts $base/lib/joint_analyzer --single-version-externally-managed install_data
