[  2%] Built target daksha_msgs__rs
[  5%] Built target daksha_msgs__cpp
[ 15%] Built target daksha_msgs__rosidl_generator_c
[ 15%] Built target ament_cmake_python_copy_daksha_msgs
[ 25%] Built target daksha_msgs__rosidl_typesupport_introspection_cpp
[ 35%] Built target daksha_msgs__rosidl_typesupport_c
[ 45%] Built target daksha_msgs__rosidl_typesupport_fastrtps_c
[ 55%] Built target daksha_msgs__rosidl_typesupport_fastrtps_cpp
[ 65%] Built target daksha_msgs__rosidl_typesupport_cpp
[ 75%] Built target daksha_msgs__rosidl_typesupport_introspection_c
[ 75%] Built target daksha_msgs
[ 77%] Built target daksha_msgs__py
[ 85%] Built target daksha_msgs__rosidl_generator_py
[ 95%] Built target daksha_msgs__rosidl_typesupport_introspection_c__pyext
[ 95%] Built target daksha_msgs__rosidl_typesupport_fastrtps_c__pyext
[100%] Built target daksha_msgs__rosidl_typesupport_c__pyext
running egg_info
writing daksha_msgs.egg-info/PKG-INFO
writing dependency_links to daksha_msgs.egg-info/dependency_links.txt
writing top-level names to daksha_msgs.egg-info/top_level.txt
reading manifest file 'daksha_msgs.egg-info/SOURCES.txt'
writing manifest file 'daksha_msgs.egg-info/SOURCES.txt'
[100%] Built target ament_cmake_python_build_daksha_msgs_egg
-- Install configuration: ""
-- Up-to-date: /home/phy_ai/.ihub/daksha/install/daksha_msgs/share/ament_index/resource_index/rosidl_interfaces/daksha_msgs
-- Up-to-date: /home/phy_ai/.ihub/daksha/install/daksha_msgs/include/daksha_msgs/daksha_msgs
-- Up-to-date: /home/phy_ai/.ihub/daksha/install/daksha_msgs/include/daksha_msgs/daksha_msgs/srv
-- Up-to-date: /home/phy_ai/.ihub/daksha/install/daksha_msgs/include/daksha_msgs/daksha_msgs/srv/start_record.h
-- Up-to-date: /home/phy_ai/.ihub/daksha/install/daksha_msgs/include/daksha_msgs/daksha_msgs/srv/detail
-- Up-to-date: /home/phy_ai/.ihub/daksha/install/daksha_msgs/include/daksha_msgs/daksha_msgs/srv/detail/start_replay__functions.c
-- Up-to-date: /home/phy_ai/.ihub/daksha/install/daksha_msgs/include/daksha_msgs/daksha_msgs/srv/detail/start_replay__type_support.h
-- Up-to-date: /home/phy_ai/.ihub/daksha/install/daksha_msgs/include/daksha_msgs/daksha_msgs/srv/detail/start_replay__struct.h
-- Up-to-date: /home/phy_ai/.ihub/daksha/install/daksha_msgs/include/daksha_msgs/daksha_msgs/srv/detail/start_record__functions.h
-- Up-to-date: /home/phy_ai/.ihub/daksha/install/daksha_msgs/include/daksha_msgs/daksha_msgs/srv/detail/start_record__type_support.h
-- Up-to-date: /home/phy_ai/.ihub/daksha/install/daksha_msgs/include/daksha_msgs/daksha_msgs/srv/detail/start_record__functions.c
-- Up-to-date: /home/phy_ai/.ihub/daksha/install/daksha_msgs/include/daksha_msgs/daksha_msgs/srv/detail/start_replay__functions.h
-- Up-to-date: /home/phy_ai/.ihub/daksha/install/daksha_msgs/include/daksha_msgs/daksha_msgs/srv/detail/start_record__struct.h
-- Up-to-date: /home/phy_ai/.ihub/daksha/install/daksha_msgs/include/daksha_msgs/daksha_msgs/srv/start_replay.h
-- Up-to-date: /home/phy_ai/.ihub/daksha/install/daksha_msgs/include/daksha_msgs/daksha_msgs/msg
-- Up-to-date: /home/phy_ai/.ihub/daksha/install/daksha_msgs/include/daksha_msgs/daksha_msgs/msg/rosidl_generator_c__visibility_control.h
-- Up-to-date: /home/phy_ai/.ihub/daksha/install/daksha_msgs/share/daksha_msgs/environment/library_path.sh
-- Up-to-date: /home/phy_ai/.ihub/daksha/install/daksha_msgs/share/daksha_msgs/environment/library_path.dsv
-- Up-to-date: /home/phy_ai/.ihub/daksha/install/daksha_msgs/lib/libdaksha_msgs__rosidl_generator_c.so
-- Up-to-date: /home/phy_ai/.ihub/daksha/install/daksha_msgs/include/daksha_msgs/daksha_msgs
-- Up-to-date: /home/phy_ai/.ihub/daksha/install/daksha_msgs/include/daksha_msgs/daksha_msgs/srv
-- Up-to-date: /home/phy_ai/.ihub/daksha/install/daksha_msgs/include/daksha_msgs/daksha_msgs/srv/detail
-- Up-to-date: /home/phy_ai/.ihub/daksha/install/daksha_msgs/include/daksha_msgs/daksha_msgs/srv/detail/start_replay__rosidl_typesupport_fastrtps_c.h
-- Up-to-date: /home/phy_ai/.ihub/daksha/install/daksha_msgs/include/daksha_msgs/daksha_msgs/srv/detail/start_record__rosidl_typesupport_fastrtps_c.h
-- Up-to-date: /home/phy_ai/.ihub/daksha/install/daksha_msgs/include/daksha_msgs/daksha_msgs/msg
-- Up-to-date: /home/phy_ai/.ihub/daksha/install/daksha_msgs/include/daksha_msgs/daksha_msgs/msg/rosidl_typesupport_fastrtps_c__visibility_control.h
-- Up-to-date: /home/phy_ai/.ihub/daksha/install/daksha_msgs/lib/libdaksha_msgs__rosidl_typesupport_fastrtps_c.so
-- Up-to-date: /home/phy_ai/.ihub/daksha/install/daksha_msgs/include/daksha_msgs/daksha_msgs
-- Up-to-date: /home/phy_ai/.ihub/daksha/install/daksha_msgs/include/daksha_msgs/daksha_msgs/srv
-- Up-to-date: /home/phy_ai/.ihub/daksha/install/daksha_msgs/include/daksha_msgs/daksha_msgs/srv/detail
-- Up-to-date: /home/phy_ai/.ihub/daksha/install/daksha_msgs/include/daksha_msgs/daksha_msgs/srv/detail/start_record__rosidl_typesupport_introspection_c.h
-- Up-to-date: /home/phy_ai/.ihub/daksha/install/daksha_msgs/include/daksha_msgs/daksha_msgs/srv/detail/start_record__type_support.c
-- Up-to-date: /home/phy_ai/.ihub/daksha/install/daksha_msgs/include/daksha_msgs/daksha_msgs/srv/detail/start_replay__type_support.c
-- Up-to-date: /home/phy_ai/.ihub/daksha/install/daksha_msgs/include/daksha_msgs/daksha_msgs/srv/detail/start_replay__rosidl_typesupport_introspection_c.h
-- Up-to-date: /home/phy_ai/.ihub/daksha/install/daksha_msgs/include/daksha_msgs/daksha_msgs/msg
-- Up-to-date: /home/phy_ai/.ihub/daksha/install/daksha_msgs/include/daksha_msgs/daksha_msgs/msg/rosidl_typesupport_introspection_c__visibility_control.h
-- Up-to-date: /home/phy_ai/.ihub/daksha/install/daksha_msgs/lib/libdaksha_msgs__rosidl_typesupport_introspection_c.so
-- Up-to-date: /home/phy_ai/.ihub/daksha/install/daksha_msgs/lib/libdaksha_msgs__rosidl_typesupport_c.so
-- Up-to-date: /home/phy_ai/.ihub/daksha/install/daksha_msgs/include/daksha_msgs/daksha_msgs
-- Up-to-date: /home/phy_ai/.ihub/daksha/install/daksha_msgs/include/daksha_msgs/daksha_msgs/srv
-- Up-to-date: /home/phy_ai/.ihub/daksha/install/daksha_msgs/include/daksha_msgs/daksha_msgs/srv/start_record.hpp
-- Up-to-date: /home/phy_ai/.ihub/daksha/install/daksha_msgs/include/daksha_msgs/daksha_msgs/srv/detail
-- Up-to-date: /home/phy_ai/.ihub/daksha/install/daksha_msgs/include/daksha_msgs/daksha_msgs/srv/detail/start_record__builder.hpp
-- Up-to-date: /home/phy_ai/.ihub/daksha/install/daksha_msgs/include/daksha_msgs/daksha_msgs/srv/detail/start_replay__type_support.hpp
-- Up-to-date: /home/phy_ai/.ihub/daksha/install/daksha_msgs/include/daksha_msgs/daksha_msgs/srv/detail/start_record__traits.hpp
-- Up-to-date: /home/phy_ai/.ihub/daksha/install/daksha_msgs/include/daksha_msgs/daksha_msgs/srv/detail/start_record__type_support.hpp
-- Up-to-date: /home/phy_ai/.ihub/daksha/install/daksha_msgs/include/daksha_msgs/daksha_msgs/srv/detail/start_replay__builder.hpp
-- Up-to-date: /home/phy_ai/.ihub/daksha/install/daksha_msgs/include/daksha_msgs/daksha_msgs/srv/detail/start_replay__struct.hpp
-- Up-to-date: /home/phy_ai/.ihub/daksha/install/daksha_msgs/include/daksha_msgs/daksha_msgs/srv/detail/start_replay__traits.hpp
-- Up-to-date: /home/phy_ai/.ihub/daksha/install/daksha_msgs/include/daksha_msgs/daksha_msgs/srv/detail/start_record__struct.hpp
-- Up-to-date: /home/phy_ai/.ihub/daksha/install/daksha_msgs/include/daksha_msgs/daksha_msgs/srv/start_replay.hpp
-- Up-to-date: /home/phy_ai/.ihub/daksha/install/daksha_msgs/include/daksha_msgs/daksha_msgs/msg
-- Up-to-date: /home/phy_ai/.ihub/daksha/install/daksha_msgs/include/daksha_msgs/daksha_msgs/msg/rosidl_generator_cpp__visibility_control.hpp
-- Up-to-date: /home/phy_ai/.ihub/daksha/install/daksha_msgs/include/daksha_msgs/daksha_msgs
-- Up-to-date: /home/phy_ai/.ihub/daksha/install/daksha_msgs/include/daksha_msgs/daksha_msgs/srv
-- Up-to-date: /home/phy_ai/.ihub/daksha/install/daksha_msgs/include/daksha_msgs/daksha_msgs/srv/detail
-- Up-to-date: /home/phy_ai/.ihub/daksha/install/daksha_msgs/include/daksha_msgs/daksha_msgs/srv/detail/start_record__rosidl_typesupport_fastrtps_cpp.hpp
-- Up-to-date: /home/phy_ai/.ihub/daksha/install/daksha_msgs/include/daksha_msgs/daksha_msgs/srv/detail/dds_fastrtps
-- Up-to-date: /home/phy_ai/.ihub/daksha/install/daksha_msgs/include/daksha_msgs/daksha_msgs/srv/detail/start_replay__rosidl_typesupport_fastrtps_cpp.hpp
-- Up-to-date: /home/phy_ai/.ihub/daksha/install/daksha_msgs/include/daksha_msgs/daksha_msgs/msg
-- Up-to-date: /home/phy_ai/.ihub/daksha/install/daksha_msgs/include/daksha_msgs/daksha_msgs/msg/rosidl_typesupport_fastrtps_cpp__visibility_control.h
-- Up-to-date: /home/phy_ai/.ihub/daksha/install/daksha_msgs/lib/libdaksha_msgs__rosidl_typesupport_fastrtps_cpp.so
-- Up-to-date: /home/phy_ai/.ihub/daksha/install/daksha_msgs/include/daksha_msgs/daksha_msgs
-- Up-to-date: /home/phy_ai/.ihub/daksha/install/daksha_msgs/include/daksha_msgs/daksha_msgs/srv
-- Up-to-date: /home/phy_ai/.ihub/daksha/install/daksha_msgs/include/daksha_msgs/daksha_msgs/srv/detail
-- Up-to-date: /home/phy_ai/.ihub/daksha/install/daksha_msgs/include/daksha_msgs/daksha_msgs/srv/detail/start_replay__rosidl_typesupport_introspection_cpp.hpp
-- Up-to-date: /home/phy_ai/.ihub/daksha/install/daksha_msgs/include/daksha_msgs/daksha_msgs/srv/detail/start_record__rosidl_typesupport_introspection_cpp.hpp
-- Up-to-date: /home/phy_ai/.ihub/daksha/install/daksha_msgs/include/daksha_msgs/daksha_msgs/srv/detail/start_replay__type_support.cpp
-- Up-to-date: /home/phy_ai/.ihub/daksha/install/daksha_msgs/include/daksha_msgs/daksha_msgs/srv/detail/start_record__type_support.cpp
-- Up-to-date: /home/phy_ai/.ihub/daksha/install/daksha_msgs/lib/libdaksha_msgs__rosidl_typesupport_introspection_cpp.so
-- Up-to-date: /home/phy_ai/.ihub/daksha/install/daksha_msgs/lib/libdaksha_msgs__rosidl_typesupport_cpp.so
-- Up-to-date: /home/phy_ai/.ihub/daksha/install/daksha_msgs/share/daksha_msgs/environment/pythonpath.sh
-- Up-to-date: /home/phy_ai/.ihub/daksha/install/daksha_msgs/share/daksha_msgs/environment/pythonpath.dsv
-- Up-to-date: /home/phy_ai/.ihub/daksha/install/daksha_msgs/local/lib/python3.10/dist-packages/daksha_msgs-0.0.1-py3.10.egg-info
-- Installing: /home/phy_ai/.ihub/daksha/install/daksha_msgs/local/lib/python3.10/dist-packages/daksha_msgs-0.0.1-py3.10.egg-info/SOURCES.txt
-- Installing: /home/phy_ai/.ihub/daksha/install/daksha_msgs/local/lib/python3.10/dist-packages/daksha_msgs-0.0.1-py3.10.egg-info/top_level.txt
-- Installing: /home/phy_ai/.ihub/daksha/install/daksha_msgs/local/lib/python3.10/dist-packages/daksha_msgs-0.0.1-py3.10.egg-info/PKG-INFO
-- Installing: /home/phy_ai/.ihub/daksha/install/daksha_msgs/local/lib/python3.10/dist-packages/daksha_msgs-0.0.1-py3.10.egg-info/dependency_links.txt
-- Up-to-date: /home/phy_ai/.ihub/daksha/install/daksha_msgs/local/lib/python3.10/dist-packages/daksha_msgs
-- Up-to-date: /home/phy_ai/.ihub/daksha/install/daksha_msgs/local/lib/python3.10/dist-packages/daksha_msgs/srv
-- Up-to-date: /home/phy_ai/.ihub/daksha/install/daksha_msgs/local/lib/python3.10/dist-packages/daksha_msgs/srv/_start_record.py
-- Up-to-date: /home/phy_ai/.ihub/daksha/install/daksha_msgs/local/lib/python3.10/dist-packages/daksha_msgs/srv/_start_replay.py
-- Up-to-date: /home/phy_ai/.ihub/daksha/install/daksha_msgs/local/lib/python3.10/dist-packages/daksha_msgs/srv/_start_replay_s.c
-- Up-to-date: /home/phy_ai/.ihub/daksha/install/daksha_msgs/local/lib/python3.10/dist-packages/daksha_msgs/srv/_start_record_s.c
-- Up-to-date: /home/phy_ai/.ihub/daksha/install/daksha_msgs/local/lib/python3.10/dist-packages/daksha_msgs/srv/__init__.py
-- Up-to-date: /home/phy_ai/.ihub/daksha/install/daksha_msgs/local/lib/python3.10/dist-packages/daksha_msgs/daksha_msgs_s__rosidl_typesupport_fastrtps_c.cpython-310-x86_64-linux-gnu.so
-- Up-to-date: /home/phy_ai/.ihub/daksha/install/daksha_msgs/local/lib/python3.10/dist-packages/daksha_msgs/_daksha_msgs_s.ep.rosidl_typesupport_fastrtps_c.c
-- Up-to-date: /home/phy_ai/.ihub/daksha/install/daksha_msgs/local/lib/python3.10/dist-packages/daksha_msgs/__init__.py
-- Up-to-date: /home/phy_ai/.ihub/daksha/install/daksha_msgs/local/lib/python3.10/dist-packages/daksha_msgs/libdaksha_msgs__rosidl_generator_py.so
-- Up-to-date: /home/phy_ai/.ihub/daksha/install/daksha_msgs/local/lib/python3.10/dist-packages/daksha_msgs/_daksha_msgs_s.ep.rosidl_typesupport_introspection_c.c
-- Up-to-date: /home/phy_ai/.ihub/daksha/install/daksha_msgs/local/lib/python3.10/dist-packages/daksha_msgs/daksha_msgs_s__rosidl_typesupport_introspection_c.cpython-310-x86_64-linux-gnu.so
-- Up-to-date: /home/phy_ai/.ihub/daksha/install/daksha_msgs/local/lib/python3.10/dist-packages/daksha_msgs/_daksha_msgs_s.ep.rosidl_typesupport_c.c
-- Up-to-date: /home/phy_ai/.ihub/daksha/install/daksha_msgs/local/lib/python3.10/dist-packages/daksha_msgs/daksha_msgs_s__rosidl_typesupport_c.cpython-310-x86_64-linux-gnu.so
Listing '/home/phy_ai/.ihub/daksha/install/daksha_msgs/local/lib/python3.10/dist-packages/daksha_msgs'...
Listing '/home/phy_ai/.ihub/daksha/install/daksha_msgs/local/lib/python3.10/dist-packages/daksha_msgs/srv'...
-- Up-to-date: /home/phy_ai/.ihub/daksha/install/daksha_msgs/local/lib/python3.10/dist-packages/daksha_msgs/daksha_msgs_s__rosidl_typesupport_fastrtps_c.cpython-310-x86_64-linux-gnu.so
-- Up-to-date: /home/phy_ai/.ihub/daksha/install/daksha_msgs/local/lib/python3.10/dist-packages/daksha_msgs/daksha_msgs_s__rosidl_typesupport_introspection_c.cpython-310-x86_64-linux-gnu.so
-- Up-to-date: /home/phy_ai/.ihub/daksha/install/daksha_msgs/local/lib/python3.10/dist-packages/daksha_msgs/daksha_msgs_s__rosidl_typesupport_c.cpython-310-x86_64-linux-gnu.so
-- Up-to-date: /home/phy_ai/.ihub/daksha/install/daksha_msgs/lib/libdaksha_msgs__rosidl_generator_py.so
-- Up-to-date: /home/phy_ai/.ihub/daksha/install/daksha_msgs/share/ament_index/resource_index/rust_packages/daksha_msgs
-- Up-to-date: /home/phy_ai/.ihub/daksha/install/daksha_msgs/share/daksha_msgs/rust
-- Up-to-date: /home/phy_ai/.ihub/daksha/install/daksha_msgs/share/daksha_msgs/rust/build.rs
-- Up-to-date: /home/phy_ai/.ihub/daksha/install/daksha_msgs/share/daksha_msgs/rust/src
-- Up-to-date: /home/phy_ai/.ihub/daksha/install/daksha_msgs/share/daksha_msgs/rust/src/srv
-- Up-to-date: /home/phy_ai/.ihub/daksha/install/daksha_msgs/share/daksha_msgs/rust/src/srv/rmw.rs
-- Up-to-date: /home/phy_ai/.ihub/daksha/install/daksha_msgs/share/daksha_msgs/rust/src/lib.rs
-- Up-to-date: /home/phy_ai/.ihub/daksha/install/daksha_msgs/share/daksha_msgs/rust/src/srv.rs
-- Up-to-date: /home/phy_ai/.ihub/daksha/install/daksha_msgs/share/daksha_msgs/rust/Cargo.toml
-- Up-to-date: /home/phy_ai/.ihub/daksha/install/daksha_msgs/share/daksha_msgs/srv/StartRecord.idl
-- Up-to-date: /home/phy_ai/.ihub/daksha/install/daksha_msgs/share/daksha_msgs/srv/StartReplay.idl
-- Up-to-date: /home/phy_ai/.ihub/daksha/install/daksha_msgs/share/daksha_msgs/srv/StartRecord.srv
-- Up-to-date: /home/phy_ai/.ihub/daksha/install/daksha_msgs/share/daksha_msgs/srv/StartRecord_Request.msg
-- Up-to-date: /home/phy_ai/.ihub/daksha/install/daksha_msgs/share/daksha_msgs/srv/StartRecord_Response.msg
-- Up-to-date: /home/phy_ai/.ihub/daksha/install/daksha_msgs/share/daksha_msgs/srv/StartReplay.srv
-- Up-to-date: /home/phy_ai/.ihub/daksha/install/daksha_msgs/share/daksha_msgs/srv/StartReplay_Request.msg
-- Up-to-date: /home/phy_ai/.ihub/daksha/install/daksha_msgs/share/daksha_msgs/srv/StartReplay_Response.msg
-- Up-to-date: /home/phy_ai/.ihub/daksha/install/daksha_msgs/share/ament_index/resource_index/package_run_dependencies/daksha_msgs
-- Up-to-date: /home/phy_ai/.ihub/daksha/install/daksha_msgs/share/ament_index/resource_index/parent_prefix_path/daksha_msgs
-- Up-to-date: /home/phy_ai/.ihub/daksha/install/daksha_msgs/share/daksha_msgs/environment/ament_prefix_path.sh
-- Up-to-date: /home/phy_ai/.ihub/daksha/install/daksha_msgs/share/daksha_msgs/environment/ament_prefix_path.dsv
-- Up-to-date: /home/phy_ai/.ihub/daksha/install/daksha_msgs/share/daksha_msgs/environment/path.sh
-- Up-to-date: /home/phy_ai/.ihub/daksha/install/daksha_msgs/share/daksha_msgs/environment/path.dsv
-- Up-to-date: /home/phy_ai/.ihub/daksha/install/daksha_msgs/share/daksha_msgs/local_setup.bash
-- Up-to-date: /home/phy_ai/.ihub/daksha/install/daksha_msgs/share/daksha_msgs/local_setup.sh
-- Up-to-date: /home/phy_ai/.ihub/daksha/install/daksha_msgs/share/daksha_msgs/local_setup.zsh
-- Up-to-date: /home/phy_ai/.ihub/daksha/install/daksha_msgs/share/daksha_msgs/local_setup.dsv
-- Installing: /home/phy_ai/.ihub/daksha/install/daksha_msgs/share/daksha_msgs/package.dsv
-- Up-to-date: /home/phy_ai/.ihub/daksha/install/daksha_msgs/share/ament_index/resource_index/packages/daksha_msgs
-- Up-to-date: /home/phy_ai/.ihub/daksha/install/daksha_msgs/share/daksha_msgs/cmake/export_daksha_msgs__rosidl_generator_cExport.cmake
-- Up-to-date: /home/phy_ai/.ihub/daksha/install/daksha_msgs/share/daksha_msgs/cmake/export_daksha_msgs__rosidl_generator_cExport-noconfig.cmake
-- Up-to-date: /home/phy_ai/.ihub/daksha/install/daksha_msgs/share/daksha_msgs/cmake/export_daksha_msgs__rosidl_typesupport_fastrtps_cExport.cmake
-- Up-to-date: /home/phy_ai/.ihub/daksha/install/daksha_msgs/share/daksha_msgs/cmake/export_daksha_msgs__rosidl_typesupport_fastrtps_cExport-noconfig.cmake
-- Up-to-date: /home/phy_ai/.ihub/daksha/install/daksha_msgs/share/daksha_msgs/cmake/daksha_msgs__rosidl_typesupport_introspection_cExport.cmake
-- Up-to-date: /home/phy_ai/.ihub/daksha/install/daksha_msgs/share/daksha_msgs/cmake/daksha_msgs__rosidl_typesupport_introspection_cExport-noconfig.cmake
-- Up-to-date: /home/phy_ai/.ihub/daksha/install/daksha_msgs/share/daksha_msgs/cmake/daksha_msgs__rosidl_typesupport_cExport.cmake
-- Up-to-date: /home/phy_ai/.ihub/daksha/install/daksha_msgs/share/daksha_msgs/cmake/daksha_msgs__rosidl_typesupport_cExport-noconfig.cmake
-- Up-to-date: /home/phy_ai/.ihub/daksha/install/daksha_msgs/share/daksha_msgs/cmake/export_daksha_msgs__rosidl_generator_cppExport.cmake
-- Up-to-date: /home/phy_ai/.ihub/daksha/install/daksha_msgs/share/daksha_msgs/cmake/export_daksha_msgs__rosidl_typesupport_fastrtps_cppExport.cmake
-- Up-to-date: /home/phy_ai/.ihub/daksha/install/daksha_msgs/share/daksha_msgs/cmake/export_daksha_msgs__rosidl_typesupport_fastrtps_cppExport-noconfig.cmake
-- Up-to-date: /home/phy_ai/.ihub/daksha/install/daksha_msgs/share/daksha_msgs/cmake/daksha_msgs__rosidl_typesupport_introspection_cppExport.cmake
-- Up-to-date: /home/phy_ai/.ihub/daksha/install/daksha_msgs/share/daksha_msgs/cmake/daksha_msgs__rosidl_typesupport_introspection_cppExport-noconfig.cmake
-- Up-to-date: /home/phy_ai/.ihub/daksha/install/daksha_msgs/share/daksha_msgs/cmake/daksha_msgs__rosidl_typesupport_cppExport.cmake
-- Up-to-date: /home/phy_ai/.ihub/daksha/install/daksha_msgs/share/daksha_msgs/cmake/daksha_msgs__rosidl_typesupport_cppExport-noconfig.cmake
-- Up-to-date: /home/phy_ai/.ihub/daksha/install/daksha_msgs/share/daksha_msgs/cmake/export_daksha_msgs__rosidl_generator_pyExport.cmake
-- Up-to-date: /home/phy_ai/.ihub/daksha/install/daksha_msgs/share/daksha_msgs/cmake/export_daksha_msgs__rosidl_generator_pyExport-noconfig.cmake
-- Up-to-date: /home/phy_ai/.ihub/daksha/install/daksha_msgs/share/daksha_msgs/cmake/rosidl_cmake-extras.cmake
-- Up-to-date: /home/phy_ai/.ihub/daksha/install/daksha_msgs/share/daksha_msgs/cmake/ament_cmake_export_include_directories-extras.cmake
-- Up-to-date: /home/phy_ai/.ihub/daksha/install/daksha_msgs/share/daksha_msgs/cmake/ament_cmake_export_libraries-extras.cmake
-- Up-to-date: /home/phy_ai/.ihub/daksha/install/daksha_msgs/share/daksha_msgs/cmake/ament_cmake_export_targets-extras.cmake
-- Up-to-date: /home/phy_ai/.ihub/daksha/install/daksha_msgs/share/daksha_msgs/cmake/rosidl_cmake_export_typesupport_targets-extras.cmake
-- Up-to-date: /home/phy_ai/.ihub/daksha/install/daksha_msgs/share/daksha_msgs/cmake/ament_cmake_export_dependencies-extras.cmake
-- Up-to-date: /home/phy_ai/.ihub/daksha/install/daksha_msgs/share/daksha_msgs/cmake/rosidl_cmake_export_typesupport_libraries-extras.cmake
-- Up-to-date: /home/phy_ai/.ihub/daksha/install/daksha_msgs/share/daksha_msgs/cmake/rosidl_cmake_aggregate_target-extras.cmake
-- Up-to-date: /home/phy_ai/.ihub/daksha/install/daksha_msgs/share/daksha_msgs/cmake/daksha_msgsConfig.cmake
-- Up-to-date: /home/phy_ai/.ihub/daksha/install/daksha_msgs/share/daksha_msgs/cmake/daksha_msgsConfig-version.cmake
-- Up-to-date: /home/phy_ai/.ihub/daksha/install/daksha_msgs/share/daksha_msgs/package.xml
