/home/phy_ai/.ihub/daksha/install/gen2/lib/python3.10/site-packages/gen2/battery_info.py
/home/phy_ai/.ihub/daksha/install/gen2/lib/python3.10/site-packages/gen2/vcan_bridge.py
/home/phy_ai/.ihub/daksha/install/gen2/lib/python3.10/site-packages/gen2/GravityToJointCmd.py
/home/phy_ai/.ihub/daksha/install/gen2/lib/python3.10/site-packages/gen2/arm_recovery_watchdog.py
/home/phy_ai/.ihub/daksha/install/gen2/lib/python3.10/site-packages/gen2/leader_controller_ui.py
/home/phy_ai/.ihub/daksha/install/gen2/lib/python3.10/site-packages/gen2/__init__.py
/home/phy_ai/.ihub/daksha/install/gen2/lib/python3.10/site-packages/gen2/gravity_scale_setter.py
/home/phy_ai/.ihub/daksha/install/gen2/lib/python3.10/site-packages/gen2/mode_toggler.py
/home/phy_ai/.ihub/daksha/install/gen2/lib/python3.10/site-packages/gen2/HomeMoveService.py
/home/phy_ai/.ihub/daksha/install/gen2/lib/python3.10/site-packages/gen2/joint_cmd_publisher_from_joint_sates.py
/home/phy_ai/.ihub/daksha/install/gen2/lib/python3.10/site-packages/gen2/teach_mode_node.py
/home/phy_ai/.ihub/daksha/install/gen2/lib/python3.10/site-packages/gen2/joint_cmd.py
/home/phy_ai/.ihub/daksha/install/gen2/lib/python3.10/site-packages/gen2/__pycache__/battery_info.cpython-310.pyc
/home/phy_ai/.ihub/daksha/install/gen2/lib/python3.10/site-packages/gen2/__pycache__/vcan_bridge.cpython-310.pyc
/home/phy_ai/.ihub/daksha/install/gen2/lib/python3.10/site-packages/gen2/__pycache__/GravityToJointCmd.cpython-310.pyc
/home/phy_ai/.ihub/daksha/install/gen2/lib/python3.10/site-packages/gen2/__pycache__/arm_recovery_watchdog.cpython-310.pyc
/home/phy_ai/.ihub/daksha/install/gen2/lib/python3.10/site-packages/gen2/__pycache__/leader_controller_ui.cpython-310.pyc
/home/phy_ai/.ihub/daksha/install/gen2/lib/python3.10/site-packages/gen2/__pycache__/__init__.cpython-310.pyc
/home/phy_ai/.ihub/daksha/install/gen2/lib/python3.10/site-packages/gen2/__pycache__/gravity_scale_setter.cpython-310.pyc
/home/phy_ai/.ihub/daksha/install/gen2/lib/python3.10/site-packages/gen2/__pycache__/mode_toggler.cpython-310.pyc
/home/phy_ai/.ihub/daksha/install/gen2/lib/python3.10/site-packages/gen2/__pycache__/HomeMoveService.cpython-310.pyc
/home/phy_ai/.ihub/daksha/install/gen2/lib/python3.10/site-packages/gen2/__pycache__/joint_cmd_publisher_from_joint_sates.cpython-310.pyc
/home/phy_ai/.ihub/daksha/install/gen2/lib/python3.10/site-packages/gen2/__pycache__/teach_mode_node.cpython-310.pyc
/home/phy_ai/.ihub/daksha/install/gen2/lib/python3.10/site-packages/gen2/__pycache__/joint_cmd.cpython-310.pyc
/home/phy_ai/.ihub/daksha/install/gen2/share/ament_index/resource_index/packages/gen2
/home/phy_ai/.ihub/daksha/install/gen2/share/gen2/package.xml
/home/phy_ai/.ihub/daksha/install/gen2/share/gen2/launch/bringup.launch.py
/home/phy_ai/.ihub/daksha/install/gen2/share/gen2/config/controllers.yaml
/home/phy_ai/.ihub/daksha/install/gen2/share/gen2/config/arm_limit.yaml
/home/phy_ai/.ihub/daksha/install/gen2/lib/python3.10/site-packages/gen2-0.0.0-py3.10.egg-info/SOURCES.txt
/home/phy_ai/.ihub/daksha/install/gen2/lib/python3.10/site-packages/gen2-0.0.0-py3.10.egg-info/zip-safe
/home/phy_ai/.ihub/daksha/install/gen2/lib/python3.10/site-packages/gen2-0.0.0-py3.10.egg-info/top_level.txt
/home/phy_ai/.ihub/daksha/install/gen2/lib/python3.10/site-packages/gen2-0.0.0-py3.10.egg-info/entry_points.txt
/home/phy_ai/.ihub/daksha/install/gen2/lib/python3.10/site-packages/gen2-0.0.0-py3.10.egg-info/PKG-INFO
/home/phy_ai/.ihub/daksha/install/gen2/lib/python3.10/site-packages/gen2-0.0.0-py3.10.egg-info/requires.txt
/home/phy_ai/.ihub/daksha/install/gen2/lib/python3.10/site-packages/gen2-0.0.0-py3.10.egg-info/dependency_links.txt
/home/phy_ai/.ihub/daksha/install/gen2/lib/gen2/GravityToJointCmd
/home/phy_ai/.ihub/daksha/install/gen2/lib/gen2/HomeMoveService
/home/phy_ai/.ihub/daksha/install/gen2/lib/gen2/arm_recovery_watchdog
/home/phy_ai/.ihub/daksha/install/gen2/lib/gen2/battery_info
/home/phy_ai/.ihub/daksha/install/gen2/lib/gen2/gravity_ff_tuner
/home/phy_ai/.ihub/daksha/install/gen2/lib/gen2/gravity_scale_setter
/home/phy_ai/.ihub/daksha/install/gen2/lib/gen2/joint_cmd
/home/phy_ai/.ihub/daksha/install/gen2/lib/gen2/joint_cmd_publisher_from_joint_sates
/home/phy_ai/.ihub/daksha/install/gen2/lib/gen2/joint_cmd_web_ui
/home/phy_ai/.ihub/daksha/install/gen2/lib/gen2/leader_controller_ui
/home/phy_ai/.ihub/daksha/install/gen2/lib/gen2/mode_toggler
/home/phy_ai/.ihub/daksha/install/gen2/lib/gen2/teach_mode_node
/home/phy_ai/.ihub/daksha/install/gen2/lib/gen2/vcan_bridge
