[8.997s] Invoking command in '/home/phy_ai/.ihub/daksha/src/ui/analyzer': PYTHONPATH=/home/phy_ai/.ihub/daksha/build/joint_analyzer/prefix_override:/usr/lib/python3/dist-packages/colcon_core/task/python/colcon_distutils_commands:/home/phy_ai/.ihub/daksha/install/joint_analyzer/lib/python3.10/site-packages:${PYTHONPATH} /usr/bin/python3 -W ignore:setup.py install is deprecated -W ignore:easy_install command is deprecated setup.py egg_info --egg-base ../../../build/joint_analyzer build --build-base /home/phy_ai/.ihub/daksha/build/joint_analyzer/build install --record /home/phy_ai/.ihub/daksha/build/joint_analyzer/install.log --install-scripts $base/lib/joint_analyzer --single-version-externally-managed install_data
[9.778s] running egg_info
[9.778s] writing ../../../build/joint_analyzer/joint_analyzer.egg-info/PKG-INFO
[9.779s] writing dependency_links to ../../../build/joint_analyzer/joint_analyzer.egg-info/dependency_links.txt
[9.781s] writing entry points to ../../../build/joint_analyzer/joint_analyzer.egg-info/entry_points.txt
[9.782s] writing requirements to ../../../build/joint_analyzer/joint_analyzer.egg-info/requires.txt
[9.782s] writing top-level names to ../../../build/joint_analyzer/joint_analyzer.egg-info/top_level.txt
[9.787s] reading manifest file '../../../build/joint_analyzer/joint_analyzer.egg-info/SOURCES.txt'
[9.790s] writing manifest file '../../../build/joint_analyzer/joint_analyzer.egg-info/SOURCES.txt'
[9.790s] running build
[9.790s] running build_py
[9.796s] running install
[9.796s] running install_lib
[9.800s] running install_data
[9.800s] running install_egg_info
[9.808s] removing '/home/phy_ai/.ihub/daksha/install/joint_analyzer/lib/python3.10/site-packages/joint_analyzer-0.0.1-py3.10.egg-info' (and everything under it)
[9.808s] Copying ../../../build/joint_analyzer/joint_analyzer.egg-info to /home/phy_ai/.ihub/daksha/install/joint_analyzer/lib/python3.10/site-packages/joint_analyzer-0.0.1-py3.10.egg-info
[9.808s] running install_scripts
[9.874s] Installing check_diffs script to /home/phy_ai/.ihub/daksha/install/joint_analyzer/lib/joint_analyzer
[9.874s] Installing diagnose_qos script to /home/phy_ai/.ihub/daksha/install/joint_analyzer/lib/joint_analyzer
[9.875s] Installing plot_server script to /home/phy_ai/.ihub/daksha/install/joint_analyzer/lib/joint_analyzer
[9.875s] Installing server script to /home/phy_ai/.ihub/daksha/install/joint_analyzer/lib/joint_analyzer
[9.875s] Installing verify_mapping script to /home/phy_ai/.ihub/daksha/install/joint_analyzer/lib/joint_analyzer
[9.877s] writing list of installed files to '/home/phy_ai/.ihub/daksha/build/joint_analyzer/install.log'
[10.040s] Invoked command in '/home/phy_ai/.ihub/daksha/src/ui/analyzer' returned '0': PYTHONPATH=/home/phy_ai/.ihub/daksha/build/joint_analyzer/prefix_override:/usr/lib/python3/dist-packages/colcon_core/task/python/colcon_distutils_commands:/home/phy_ai/.ihub/daksha/install/joint_analyzer/lib/python3.10/site-packages:${PYTHONPATH} /usr/bin/python3 -W ignore:setup.py install is deprecated -W ignore:easy_install command is deprecated setup.py egg_info --egg-base ../../../build/joint_analyzer build --build-base /home/phy_ai/.ihub/daksha/build/joint_analyzer/build install --record /home/phy_ai/.ihub/daksha/build/joint_analyzer/install.log --install-scripts $base/lib/joint_analyzer --single-version-externally-managed install_data
