[0.988s] Invoking command in '/home/phy_ai/.ihub/daksha/build/motor_configure': AMENT_PREFIX_PATH=/home/phy_ai/.ihub/daksha/install/gen2:/home/phy_ai/.ihub/daksha/install/vr_teleop:/home/phy_ai/.ihub/daksha/install/kinematics:/home/phy_ai/.ihub/daksha/install/hw_interface:${AMENT_PREFIX_PATH} CMAKE_PREFIX_PATH=/home/phy_ai/.ihub/daksha/install/hw_interface:${CMAKE_PREFIX_PATH} LD_LIBRARY_PATH=/home/phy_ai/.ihub/daksha/install/hw_interface/lib:${LD_LIBRARY_PATH} PYTHONPATH=/home/phy_ai/.ihub/daksha/build/motor_configure/prefix_override:/usr/lib/python3/dist-packages/colcon_core/task/python/colcon_distutils_commands:/home/phy_ai/.ihub/daksha/install/motor_configure/lib/python3.10/site-packages:/home/phy_ai/.ihub/daksha/install/gen2/lib/python3.10/site-packages:/home/phy_ai/.ihub/daksha/install/vr_teleop/lib/python3.10/site-packages:/home/phy_ai/.ihub/daksha/install/kinematics/lib/python3.10/site-packages:/home/phy_ai/.ihub/daksha/install/hw_interface/local/lib/python3.10/dist-packages:${PYTHONPATH} /usr/bin/python3 -W ignore:setup.py install is deprecated -W ignore:easy_install command is deprecated setup.py develop --editable --build-directory /home/phy_ai/.ihub/daksha/build/motor_configure/build --no-deps symlink_data
[1.263s] running develop
[1.441s] running egg_info
[1.441s] creating motor_configure.egg-info
[1.442s] writing motor_configure.egg-info/PKG-INFO
[1.442s] writing dependency_links to motor_configure.egg-info/dependency_links.txt
[1.442s] writing entry points to motor_configure.egg-info/entry_points.txt
[1.442s] writing requirements to motor_configure.egg-info/requires.txt
[1.442s] writing top-level names to motor_configure.egg-info/top_level.txt
[1.443s] writing manifest file 'motor_configure.egg-info/SOURCES.txt'
[1.443s] reading manifest file 'motor_configure.egg-info/SOURCES.txt'
[1.444s] writing manifest file 'motor_configure.egg-info/SOURCES.txt'
[1.445s] running build_ext
[1.446s] Creating /home/phy_ai/.ihub/daksha/install/motor_configure/lib/python3.10/site-packages/motor-configure.egg-link (link to .)
[1.446s] Installing motor_configure script to /home/phy_ai/.ihub/daksha/install/motor_configure/lib/motor_configure
[1.446s] 
[1.447s] Installed /home/phy_ai/.ihub/daksha/build/motor_configure
[1.447s] running symlink_data
[1.447s] creating /home/phy_ai/.ihub/daksha/install/motor_configure/share/ament_index
[1.447s] creating /home/phy_ai/.ihub/daksha/install/motor_configure/share/ament_index/resource_index
[1.448s] creating /home/phy_ai/.ihub/daksha/install/motor_configure/share/ament_index/resource_index/packages
[1.448s] symbolically linking /home/phy_ai/.ihub/daksha/build/motor_configure/resource/motor_configure -> /home/phy_ai/.ihub/daksha/install/motor_configure/share/ament_index/resource_index/packages
[1.448s] symbolically linking /home/phy_ai/.ihub/daksha/build/motor_configure/package.xml -> /home/phy_ai/.ihub/daksha/install/motor_configure/share/motor_configure
[1.448s] creating /home/phy_ai/.ihub/daksha/install/motor_configure/share/motor_configure/launch
[1.448s] symbolically linking /home/phy_ai/.ihub/daksha/build/motor_configure/launch/motor_configure.launch.py -> /home/phy_ai/.ihub/daksha/install/motor_configure/share/motor_configure/launch
[1.484s] Invoked command in '/home/phy_ai/.ihub/daksha/build/motor_configure' returned '0': AMENT_PREFIX_PATH=/home/phy_ai/.ihub/daksha/install/gen2:/home/phy_ai/.ihub/daksha/install/vr_teleop:/home/phy_ai/.ihub/daksha/install/kinematics:/home/phy_ai/.ihub/daksha/install/hw_interface:${AMENT_PREFIX_PATH} CMAKE_PREFIX_PATH=/home/phy_ai/.ihub/daksha/install/hw_interface:${CMAKE_PREFIX_PATH} LD_LIBRARY_PATH=/home/phy_ai/.ihub/daksha/install/hw_interface/lib:${LD_LIBRARY_PATH} PYTHONPATH=/home/phy_ai/.ihub/daksha/build/motor_configure/prefix_override:/usr/lib/python3/dist-packages/colcon_core/task/python/colcon_distutils_commands:/home/phy_ai/.ihub/daksha/install/motor_configure/lib/python3.10/site-packages:/home/phy_ai/.ihub/daksha/install/gen2/lib/python3.10/site-packages:/home/phy_ai/.ihub/daksha/install/vr_teleop/lib/python3.10/site-packages:/home/phy_ai/.ihub/daksha/install/kinematics/lib/python3.10/site-packages:/home/phy_ai/.ihub/daksha/install/hw_interface/local/lib/python3.10/dist-packages:${PYTHONPATH} /usr/bin/python3 -W ignore:setup.py install is deprecated -W ignore:easy_install command is deprecated setup.py develop --editable --build-directory /home/phy_ai/.ihub/daksha/build/motor_configure/build --no-deps symlink_data
