[9.046s] Invoking command in '/home/phy_ai/.ihub/daksha/src/ui/Clients_UI/daksha_final_urdf_description': PYTHONPATH=/home/phy_ai/.ihub/daksha/build/daksha_final_urdf_description/prefix_override:/usr/lib/python3/dist-packages/colcon_core/task/python/colcon_distutils_commands:/home/phy_ai/.ihub/daksha/install/daksha_final_urdf_description/lib/python3.10/site-packages:${PYTHONPATH} /usr/bin/python3 -W ignore:setup.py install is deprecated -W ignore:easy_install command is deprecated setup.py egg_info --egg-base ../../../../build/daksha_final_urdf_description build --build-base /home/phy_ai/.ihub/daksha/build/daksha_final_urdf_description/build install --record /home/phy_ai/.ihub/daksha/build/daksha_final_urdf_description/install.log --install-scripts $base/lib/fusion2urdf_ros2 --single-version-externally-managed install_data
[10.297s] running egg_info
[10.300s] writing ../../../../build/daksha_final_urdf_description/daksha_final_urdf_description.egg-info/PKG-INFO
[10.301s] writing dependency_links to ../../../../build/daksha_final_urdf_description/daksha_final_urdf_description.egg-info/dependency_links.txt
[10.301s] writing entry points to ../../../../build/daksha_final_urdf_description/daksha_final_urdf_description.egg-info/entry_points.txt
[10.301s] writing requirements to ../../../../build/daksha_final_urdf_description/daksha_final_urdf_description.egg-info/requires.txt
[10.301s] writing top-level names to ../../../../build/daksha_final_urdf_description/daksha_final_urdf_description.egg-info/top_level.txt
[10.310s] reading manifest file '../../../../build/daksha_final_urdf_description/daksha_final_urdf_description.egg-info/SOURCES.txt'
[10.310s] writing manifest file '../../../../build/daksha_final_urdf_description/daksha_final_urdf_description.egg-info/SOURCES.txt'
[10.310s] running build
[10.311s] running build_py
[10.311s] running install
[10.311s] running install_lib
[10.313s] running install_data
[10.315s] running install_egg_info
[10.319s] removing '/home/phy_ai/.ihub/daksha/install/daksha_final_urdf_description/lib/python3.10/site-packages/daksha_final_urdf_description-0.0.0-py3.10.egg-info' (and everything under it)
[10.321s] Copying ../../../../build/daksha_final_urdf_description/daksha_final_urdf_description.egg-info to /home/phy_ai/.ihub/daksha/install/daksha_final_urdf_description/lib/python3.10/site-packages/daksha_final_urdf_description-0.0.0-py3.10.egg-info
[10.322s] running install_scripts
[10.370s] writing list of installed files to '/home/phy_ai/.ihub/daksha/build/daksha_final_urdf_description/install.log'
[10.492s] Invoked command in '/home/phy_ai/.ihub/daksha/src/ui/Clients_UI/daksha_final_urdf_description' returned '0': PYTHONPATH=/home/phy_ai/.ihub/daksha/build/daksha_final_urdf_description/prefix_override:/usr/lib/python3/dist-packages/colcon_core/task/python/colcon_distutils_commands:/home/phy_ai/.ihub/daksha/install/daksha_final_urdf_description/lib/python3.10/site-packages:${PYTHONPATH} /usr/bin/python3 -W ignore:setup.py install is deprecated -W ignore:easy_install command is deprecated setup.py egg_info --egg-base ../../../../build/daksha_final_urdf_description build --build-base /home/phy_ai/.ihub/daksha/build/daksha_final_urdf_description/build install --record /home/phy_ai/.ihub/daksha/build/daksha_final_urdf_description/install.log --install-scripts $base/lib/fusion2urdf_ros2 --single-version-externally-managed install_data
