[7.736s] Invoking command in '/home/phy_ai/.ihub/daksha/src/tele/gen2_leader': PYTHONPATH=/home/phy_ai/.ihub/daksha/build/gen2_leader/prefix_override:/usr/lib/python3/dist-packages/colcon_core/task/python/colcon_distutils_commands:/home/phy_ai/.ihub/daksha/install/gen2_leader/lib/python3.10/site-packages:${PYTHONPATH} /usr/bin/python3 -W ignore:setup.py install is deprecated -W ignore:easy_install command is deprecated setup.py egg_info --egg-base ../../../build/gen2_leader build --build-base /home/phy_ai/.ihub/daksha/build/gen2_leader/build install --record /home/phy_ai/.ihub/daksha/build/gen2_leader/install.log --install-scripts $base/lib/gen2_leader --single-version-externally-managed install_data
[8.416s] running egg_info
[8.417s] writing ../../../build/gen2_leader/gen2_leader.egg-info/PKG-INFO
[8.417s] writing dependency_links to ../../../build/gen2_leader/gen2_leader.egg-info/dependency_links.txt
[8.420s] writing entry points to ../../../build/gen2_leader/gen2_leader.egg-info/entry_points.txt
[8.420s] writing requirements to ../../../build/gen2_leader/gen2_leader.egg-info/requires.txt
[8.420s] writing top-level names to ../../../build/gen2_leader/gen2_leader.egg-info/top_level.txt
[8.422s] reading manifest file '../../../build/gen2_leader/gen2_leader.egg-info/SOURCES.txt'
[8.423s] adding license file 'LICENSE'
[8.425s] writing manifest file '../../../build/gen2_leader/gen2_leader.egg-info/SOURCES.txt'
[8.425s] running build
[8.425s] running build_py
[8.427s] running install
[8.427s] running install_lib
[8.431s] running install_data
[8.431s] running install_egg_info
[8.436s] removing '/home/phy_ai/.ihub/daksha/install/gen2_leader/lib/python3.10/site-packages/gen2_leader-0.0.0-py3.10.egg-info' (and everything under it)
[8.438s] Copying ../../../build/gen2_leader/gen2_leader.egg-info to /home/phy_ai/.ihub/daksha/install/gen2_leader/lib/python3.10/site-packages/gen2_leader-0.0.0-py3.10.egg-info
[8.442s] running install_scripts
[8.495s] Installing leader_mirror script to /home/phy_ai/.ihub/daksha/install/gen2_leader/lib/gen2_leader
[8.495s] Installing leader_raw script to /home/phy_ai/.ihub/daksha/install/gen2_leader/lib/gen2_leader
[8.497s] Installing leader_serial script to /home/phy_ai/.ihub/daksha/install/gen2_leader/lib/gen2_leader
[8.497s] Installing leader_torque_toggle script to /home/phy_ai/.ihub/daksha/install/gen2_leader/lib/gen2_leader
[8.497s] Installing leader_wifi script to /home/phy_ai/.ihub/daksha/install/gen2_leader/lib/gen2_leader
[8.498s] writing list of installed files to '/home/phy_ai/.ihub/daksha/build/gen2_leader/install.log'
[8.614s] Invoked command in '/home/phy_ai/.ihub/daksha/src/tele/gen2_leader' returned '0': PYTHONPATH=/home/phy_ai/.ihub/daksha/build/gen2_leader/prefix_override:/usr/lib/python3/dist-packages/colcon_core/task/python/colcon_distutils_commands:/home/phy_ai/.ihub/daksha/install/gen2_leader/lib/python3.10/site-packages:${PYTHONPATH} /usr/bin/python3 -W ignore:setup.py install is deprecated -W ignore:easy_install command is deprecated setup.py egg_info --egg-base ../../../build/gen2_leader build --build-base /home/phy_ai/.ihub/daksha/build/gen2_leader/build install --record /home/phy_ai/.ihub/daksha/build/gen2_leader/install.log --install-scripts $base/lib/gen2_leader --single-version-externally-managed install_data
