-- The C compiler identification is GNU 11.4.0
-- The CXX compiler identification is GNU 11.4.0
-- Detecting C compiler ABI info
-- Detecting C compiler ABI info - done
-- Check for working C compiler: /usr/bin/cc - skipped
-- Detecting C compile features
-- Detecting C compile features - done
-- Detecting CXX compiler ABI info
-- Detecting CXX compiler ABI info - done
-- Check for working CXX compiler: /usr/bin/c++ - skipped
-- Detecting CXX compile features
-- Detecting CXX compile features - done
-- Found ament_cmake: 1.3.14 (/opt/ros/humble/share/ament_cmake/cmake)
-- Found Python3: /usr/bin/python3 (found version "3.10.12") found components: Interpreter 
-- Found rosidl_default_generators: 1.2.1 (/opt/ros/humble/share/rosidl_default_generators/cmake)
-- Using all available rosidl_typesupport_c: rosidl_typesupport_fastrtps_c;rosidl_typesupport_introspection_c
-- Found rosidl_adapter: 3.1.9 (/opt/ros/humble/share/rosidl_adapter/cmake)
-- Using all available rosidl_typesupport_cpp: rosidl_typesupport_fastrtps_cpp;rosidl_typesupport_introspection_cpp
-- Found ament_cmake_ros: 0.10.0 (/opt/ros/humble/share/ament_cmake_ros/cmake)
-- Using all available rosidl_typesupport_c: rosidl_typesupport_fastrtps_c;rosidl_typesupport_introspection_c
-- Using all available rosidl_typesupport_cpp: rosidl_typesupport_fastrtps_cpp;rosidl_typesupport_introspection_cpp
-- Found PythonInterp: /usr/bin/python3 (found suitable version "3.10.12", minimum required is "3.6") 
-- Found python_cmake_module: 0.10.0 (/opt/ros/humble/share/python_cmake_module/cmake)
-- Found PythonLibs: /usr/lib/x86_64-linux-gnu/libpython3.10.so (found suitable version "3.10.12", minimum required is "3.5") 
-- Using PYTHON_EXECUTABLE: /usr/bin/python3
-- Using PYTHON_INCLUDE_DIRS: /usr/include/python3.10
-- Using PYTHON_LIBRARIES: /usr/lib/x86_64-linux-gnu/libpython3.10.so
-- Found PythonExtra: .so  
-- Configuring done
-- Generating done
-- Build files have been written to: /home/phy_ai/.ihub/daksha/build/daksha_msgs
[  2%] [34m[1mGenerating C code for ROS interfaces[0m
[  5%] [34m[1mGenerating C++ code for ROS interfaces[0m
[  7%] [34m[1mGenerating Rust code for ROS interfaces[0m
[  7%] Built target ament_cmake_python_copy_daksha_msgs
running egg_info
creating daksha_msgs.egg-info
writing daksha_msgs.egg-info/PKG-INFO
writing dependency_links to daksha_msgs.egg-info/dependency_links.txt
writing top-level names to daksha_msgs.egg-info/top_level.txt
writing manifest file 'daksha_msgs.egg-info/SOURCES.txt'
reading manifest file 'daksha_msgs.egg-info/SOURCES.txt'
writing manifest file 'daksha_msgs.egg-info/SOURCES.txt'
[  7%] Built target daksha_msgs__rs
[  7%] Built target ament_cmake_python_build_daksha_msgs_egg
[  7%] Built target daksha_msgs__cpp
[ 12%] [32mBuilding C object CMakeFiles/daksha_msgs__rosidl_generator_c.dir/rosidl_generator_c/daksha_msgs/srv/detail/start_replay__functions.c.o[0m
[ 12%] [32mBuilding C object CMakeFiles/daksha_msgs__rosidl_generator_c.dir/rosidl_generator_c/daksha_msgs/srv/detail/start_record__functions.c.o[0m
[ 15%] [34m[1mGenerating C++ type support dispatch for ROS interfaces[0m
[ 17%] [34m[1mGenerating C++ introspection for ROS interfaces[0m
[ 20%] [34m[1mGenerating C++ type support for eProsima Fast-RTPS[0m
[ 22%] [32m[1mLinking C shared library libdaksha_msgs__rosidl_generator_c.so[0m
[ 22%] Built target daksha_msgs__rosidl_generator_c
[ 27%] [34m[1mGenerating C introspection for ROS interfaces[0m
[ 27%] [34m[1mGenerating C type support dispatch for ROS interfaces[0m
[ 30%] [34m[1mGenerating C type support for eProsima Fast-RTPS[0m
[ 32%] [32mBuilding CXX object CMakeFiles/daksha_msgs__rosidl_typesupport_cpp.dir/rosidl_typesupport_cpp/daksha_msgs/srv/start_record__type_support.cpp.o[0m
[ 35%] [32mBuilding CXX object CMakeFiles/daksha_msgs__rosidl_typesupport_cpp.dir/rosidl_typesupport_cpp/daksha_msgs/srv/start_replay__type_support.cpp.o[0m
[ 37%] [32mBuilding CXX object CMakeFiles/daksha_msgs__rosidl_typesupport_introspection_cpp.dir/rosidl_typesupport_introspection_cpp/daksha_msgs/srv/detail/start_record__type_support.cpp.o[0m
[ 40%] [32mBuilding CXX object CMakeFiles/daksha_msgs__rosidl_typesupport_introspection_cpp.dir/rosidl_typesupport_introspection_cpp/daksha_msgs/srv/detail/start_replay__type_support.cpp.o[0m
[ 42%] [32mBuilding CXX object CMakeFiles/daksha_msgs__rosidl_typesupport_fastrtps_cpp.dir/rosidl_typesupport_fastrtps_cpp/daksha_msgs/srv/detail/dds_fastrtps/start_record__type_support.cpp.o[0m
[ 45%] [32mBuilding CXX object CMakeFiles/daksha_msgs__rosidl_typesupport_fastrtps_cpp.dir/rosidl_typesupport_fastrtps_cpp/daksha_msgs/srv/detail/dds_fastrtps/start_replay__type_support.cpp.o[0m
[ 47%] [32mBuilding CXX object CMakeFiles/daksha_msgs__rosidl_typesupport_c.dir/rosidl_typesupport_c/daksha_msgs/srv/start_record__type_support.cpp.o[0m
[ 50%] [32mBuilding CXX object CMakeFiles/daksha_msgs__rosidl_typesupport_c.dir/rosidl_typesupport_c/daksha_msgs/srv/start_replay__type_support.cpp.o[0m
[ 52%] [32m[1mLinking CXX shared library libdaksha_msgs__rosidl_typesupport_c.so[0m
[ 55%] [32mBuilding C object CMakeFiles/daksha_msgs__rosidl_typesupport_introspection_c.dir/rosidl_typesupport_introspection_c/daksha_msgs/srv/detail/start_replay__type_support.c.o[0m
[ 57%] [32mBuilding C object CMakeFiles/daksha_msgs__rosidl_typesupport_introspection_c.dir/rosidl_typesupport_introspection_c/daksha_msgs/srv/detail/start_record__type_support.c.o[0m
[ 60%] [32mBuilding CXX object CMakeFiles/daksha_msgs__rosidl_typesupport_fastrtps_c.dir/rosidl_typesupport_fastrtps_c/daksha_msgs/srv/detail/start_replay__type_support_c.cpp.o[0m
[ 62%] [32mBuilding CXX object CMakeFiles/daksha_msgs__rosidl_typesupport_fastrtps_c.dir/rosidl_typesupport_fastrtps_c/daksha_msgs/srv/detail/start_record__type_support_c.cpp.o[0m
[ 65%] [32m[1mLinking CXX shared library libdaksha_msgs__rosidl_typesupport_cpp.so[0m
[ 65%] Built target daksha_msgs__rosidl_typesupport_c
[ 67%] [32m[1mLinking C shared library libdaksha_msgs__rosidl_typesupport_introspection_c.so[0m
[ 67%] Built target daksha_msgs__rosidl_typesupport_introspection_c
[ 67%] Built target daksha_msgs__rosidl_typesupport_cpp
[ 70%] [32m[1mLinking CXX shared library libdaksha_msgs__rosidl_typesupport_introspection_cpp.so[0m
[ 72%] [32m[1mLinking CXX shared library libdaksha_msgs__rosidl_typesupport_fastrtps_cpp.so[0m
[ 72%] Built target daksha_msgs__rosidl_typesupport_introspection_cpp
[ 75%] [32m[1mLinking CXX shared library libdaksha_msgs__rosidl_typesupport_fastrtps_c.so[0m
[ 75%] Built target daksha_msgs__rosidl_typesupport_fastrtps_cpp
[ 75%] Built target daksha_msgs__rosidl_typesupport_fastrtps_c
[ 75%] Built target daksha_msgs
[ 77%] [34m[1mGenerating Python code for ROS interfaces[0m
[ 77%] Built target daksha_msgs__py
[ 80%] [32mBuilding C object CMakeFiles/daksha_msgs__rosidl_generator_py.dir/rosidl_generator_py/daksha_msgs/srv/_start_record_s.c.o[0m
[ 82%] [32mBuilding C object CMakeFiles/daksha_msgs__rosidl_generator_py.dir/rosidl_generator_py/daksha_msgs/srv/_start_replay_s.c.o[0m
[ 85%] [32m[1mLinking C shared library rosidl_generator_py/daksha_msgs/libdaksha_msgs__rosidl_generator_py.so[0m
[ 85%] Built target daksha_msgs__rosidl_generator_py
[ 87%] [32mBuilding C object CMakeFiles/daksha_msgs__rosidl_typesupport_introspection_c__pyext.dir/rosidl_generator_py/daksha_msgs/_daksha_msgs_s.ep.rosidl_typesupport_introspection_c.c.o[0m
[ 90%] [32mBuilding C object CMakeFiles/daksha_msgs__rosidl_typesupport_fastrtps_c__pyext.dir/rosidl_generator_py/daksha_msgs/_daksha_msgs_s.ep.rosidl_typesupport_fastrtps_c.c.o[0m
[ 92%] [32mBuilding C object CMakeFiles/daksha_msgs__rosidl_typesupport_c__pyext.dir/rosidl_generator_py/daksha_msgs/_daksha_msgs_s.ep.rosidl_typesupport_c.c.o[0m
[ 95%] [32m[1mLinking C shared library rosidl_generator_py/daksha_msgs/daksha_msgs_s__rosidl_typesupport_introspection_c.cpython-310-x86_64-linux-gnu.so[0m
[ 97%] [32m[1mLinking C shared library rosidl_generator_py/daksha_msgs/daksha_msgs_s__rosidl_typesupport_fastrtps_c.cpython-310-x86_64-linux-gnu.so[0m
[100%] [32m[1mLinking C shared library rosidl_generator_py/daksha_msgs/daksha_msgs_s__rosidl_typesupport_c.cpython-310-x86_64-linux-gnu.so[0m
[100%] Built target daksha_msgs__rosidl_typesupport_introspection_c__pyext
[100%] Built target daksha_msgs__rosidl_typesupport_fastrtps_c__pyext
[100%] Built target daksha_msgs__rosidl_typesupport_c__pyext
-- Install configuration: ""
-- Installing: /home/phy_ai/.ihub/daksha/install/daksha_msgs/share/ament_index/resource_index/rosidl_interfaces/daksha_msgs
-- Installing: /home/phy_ai/.ihub/daksha/install/daksha_msgs/include/daksha_msgs/daksha_msgs
-- Installing: /home/phy_ai/.ihub/daksha/install/daksha_msgs/include/daksha_msgs/daksha_msgs/srv
-- Installing: /home/phy_ai/.ihub/daksha/install/daksha_msgs/include/daksha_msgs/daksha_msgs/srv/start_record.h
-- Installing: /home/phy_ai/.ihub/daksha/install/daksha_msgs/include/daksha_msgs/daksha_msgs/srv/detail
-- Installing: /home/phy_ai/.ihub/daksha/install/daksha_msgs/include/daksha_msgs/daksha_msgs/srv/detail/start_replay__functions.c
-- Installing: /home/phy_ai/.ihub/daksha/install/daksha_msgs/include/daksha_msgs/daksha_msgs/srv/detail/start_replay__type_support.h
-- Installing: /home/phy_ai/.ihub/daksha/install/daksha_msgs/include/daksha_msgs/daksha_msgs/srv/detail/start_replay__struct.h
-- Installing: /home/phy_ai/.ihub/daksha/install/daksha_msgs/include/daksha_msgs/daksha_msgs/srv/detail/start_record__functions.h
-- Installing: /home/phy_ai/.ihub/daksha/install/daksha_msgs/include/daksha_msgs/daksha_msgs/srv/detail/start_record__type_support.h
-- Installing: /home/phy_ai/.ihub/daksha/install/daksha_msgs/include/daksha_msgs/daksha_msgs/srv/detail/start_record__functions.c
-- Installing: /home/phy_ai/.ihub/daksha/install/daksha_msgs/include/daksha_msgs/daksha_msgs/srv/detail/start_replay__functions.h
-- Installing: /home/phy_ai/.ihub/daksha/install/daksha_msgs/include/daksha_msgs/daksha_msgs/srv/detail/start_record__struct.h
-- Installing: /home/phy_ai/.ihub/daksha/install/daksha_msgs/include/daksha_msgs/daksha_msgs/srv/start_replay.h
-- Installing: /home/phy_ai/.ihub/daksha/install/daksha_msgs/include/daksha_msgs/daksha_msgs/msg
-- Installing: /home/phy_ai/.ihub/daksha/install/daksha_msgs/include/daksha_msgs/daksha_msgs/msg/rosidl_generator_c__visibility_control.h
-- Installing: /home/phy_ai/.ihub/daksha/install/daksha_msgs/share/daksha_msgs/environment/library_path.sh
-- Installing: /home/phy_ai/.ihub/daksha/install/daksha_msgs/share/daksha_msgs/environment/library_path.dsv
-- Installing: /home/phy_ai/.ihub/daksha/install/daksha_msgs/lib/libdaksha_msgs__rosidl_generator_c.so
-- Set runtime path of "/home/phy_ai/.ihub/daksha/install/daksha_msgs/lib/libdaksha_msgs__rosidl_generator_c.so" to ""
-- Up-to-date: /home/phy_ai/.ihub/daksha/install/daksha_msgs/include/daksha_msgs/daksha_msgs
-- Up-to-date: /home/phy_ai/.ihub/daksha/install/daksha_msgs/include/daksha_msgs/daksha_msgs/srv
-- Up-to-date: /home/phy_ai/.ihub/daksha/install/daksha_msgs/include/daksha_msgs/daksha_msgs/srv/detail
-- Installing: /home/phy_ai/.ihub/daksha/install/daksha_msgs/include/daksha_msgs/daksha_msgs/srv/detail/start_replay__rosidl_typesupport_fastrtps_c.h
-- Installing: /home/phy_ai/.ihub/daksha/install/daksha_msgs/include/daksha_msgs/daksha_msgs/srv/detail/start_record__rosidl_typesupport_fastrtps_c.h
-- Up-to-date: /home/phy_ai/.ihub/daksha/install/daksha_msgs/include/daksha_msgs/daksha_msgs/msg
-- Installing: /home/phy_ai/.ihub/daksha/install/daksha_msgs/include/daksha_msgs/daksha_msgs/msg/rosidl_typesupport_fastrtps_c__visibility_control.h
-- Installing: /home/phy_ai/.ihub/daksha/install/daksha_msgs/lib/libdaksha_msgs__rosidl_typesupport_fastrtps_c.so
-- Set runtime path of "/home/phy_ai/.ihub/daksha/install/daksha_msgs/lib/libdaksha_msgs__rosidl_typesupport_fastrtps_c.so" to ""
-- Up-to-date: /home/phy_ai/.ihub/daksha/install/daksha_msgs/include/daksha_msgs/daksha_msgs
-- Up-to-date: /home/phy_ai/.ihub/daksha/install/daksha_msgs/include/daksha_msgs/daksha_msgs/srv
-- Up-to-date: /home/phy_ai/.ihub/daksha/install/daksha_msgs/include/daksha_msgs/daksha_msgs/srv/detail
-- Installing: /home/phy_ai/.ihub/daksha/install/daksha_msgs/include/daksha_msgs/daksha_msgs/srv/detail/start_record__rosidl_typesupport_introspection_c.h
-- Installing: /home/phy_ai/.ihub/daksha/install/daksha_msgs/include/daksha_msgs/daksha_msgs/srv/detail/start_record__type_support.c
-- Installing: /home/phy_ai/.ihub/daksha/install/daksha_msgs/include/daksha_msgs/daksha_msgs/srv/detail/start_replay__type_support.c
-- Installing: /home/phy_ai/.ihub/daksha/install/daksha_msgs/include/daksha_msgs/daksha_msgs/srv/detail/start_replay__rosidl_typesupport_introspection_c.h
-- Up-to-date: /home/phy_ai/.ihub/daksha/install/daksha_msgs/include/daksha_msgs/daksha_msgs/msg
-- Installing: /home/phy_ai/.ihub/daksha/install/daksha_msgs/include/daksha_msgs/daksha_msgs/msg/rosidl_typesupport_introspection_c__visibility_control.h
-- Installing: /home/phy_ai/.ihub/daksha/install/daksha_msgs/lib/libdaksha_msgs__rosidl_typesupport_introspection_c.so
-- Set runtime path of "/home/phy_ai/.ihub/daksha/install/daksha_msgs/lib/libdaksha_msgs__rosidl_typesupport_introspection_c.so" to ""
-- Installing: /home/phy_ai/.ihub/daksha/install/daksha_msgs/lib/libdaksha_msgs__rosidl_typesupport_c.so
-- Set runtime path of "/home/phy_ai/.ihub/daksha/install/daksha_msgs/lib/libdaksha_msgs__rosidl_typesupport_c.so" to ""
-- Up-to-date: /home/phy_ai/.ihub/daksha/install/daksha_msgs/include/daksha_msgs/daksha_msgs
-- Up-to-date: /home/phy_ai/.ihub/daksha/install/daksha_msgs/include/daksha_msgs/daksha_msgs/srv
-- Installing: /home/phy_ai/.ihub/daksha/install/daksha_msgs/include/daksha_msgs/daksha_msgs/srv/start_record.hpp
-- Up-to-date: /home/phy_ai/.ihub/daksha/install/daksha_msgs/include/daksha_msgs/daksha_msgs/srv/detail
-- Installing: /home/phy_ai/.ihub/daksha/install/daksha_msgs/include/daksha_msgs/daksha_msgs/srv/detail/start_record__builder.hpp
-- Installing: /home/phy_ai/.ihub/daksha/install/daksha_msgs/include/daksha_msgs/daksha_msgs/srv/detail/start_replay__type_support.hpp
-- Installing: /home/phy_ai/.ihub/daksha/install/daksha_msgs/include/daksha_msgs/daksha_msgs/srv/detail/start_record__traits.hpp
-- Installing: /home/phy_ai/.ihub/daksha/install/daksha_msgs/include/daksha_msgs/daksha_msgs/srv/detail/start_record__type_support.hpp
-- Installing: /home/phy_ai/.ihub/daksha/install/daksha_msgs/include/daksha_msgs/daksha_msgs/srv/detail/start_replay__builder.hpp
-- Installing: /home/phy_ai/.ihub/daksha/install/daksha_msgs/include/daksha_msgs/daksha_msgs/srv/detail/start_replay__struct.hpp
-- Installing: /home/phy_ai/.ihub/daksha/install/daksha_msgs/include/daksha_msgs/daksha_msgs/srv/detail/start_replay__traits.hpp
-- Installing: /home/phy_ai/.ihub/daksha/install/daksha_msgs/include/daksha_msgs/daksha_msgs/srv/detail/start_record__struct.hpp
-- Installing: /home/phy_ai/.ihub/daksha/install/daksha_msgs/include/daksha_msgs/daksha_msgs/srv/start_replay.hpp
-- Up-to-date: /home/phy_ai/.ihub/daksha/install/daksha_msgs/include/daksha_msgs/daksha_msgs/msg
-- Installing: /home/phy_ai/.ihub/daksha/install/daksha_msgs/include/daksha_msgs/daksha_msgs/msg/rosidl_generator_cpp__visibility_control.hpp
-- Up-to-date: /home/phy_ai/.ihub/daksha/install/daksha_msgs/include/daksha_msgs/daksha_msgs
-- Up-to-date: /home/phy_ai/.ihub/daksha/install/daksha_msgs/include/daksha_msgs/daksha_msgs/srv
-- Up-to-date: /home/phy_ai/.ihub/daksha/install/daksha_msgs/include/daksha_msgs/daksha_msgs/srv/detail
-- Installing: /home/phy_ai/.ihub/daksha/install/daksha_msgs/include/daksha_msgs/daksha_msgs/srv/detail/start_record__rosidl_typesupport_fastrtps_cpp.hpp
-- Installing: /home/phy_ai/.ihub/daksha/install/daksha_msgs/include/daksha_msgs/daksha_msgs/srv/detail/dds_fastrtps
-- Installing: /home/phy_ai/.ihub/daksha/install/daksha_msgs/include/daksha_msgs/daksha_msgs/srv/detail/start_replay__rosidl_typesupport_fastrtps_cpp.hpp
-- Up-to-date: /home/phy_ai/.ihub/daksha/install/daksha_msgs/include/daksha_msgs/daksha_msgs/msg
-- Installing: /home/phy_ai/.ihub/daksha/install/daksha_msgs/include/daksha_msgs/daksha_msgs/msg/rosidl_typesupport_fastrtps_cpp__visibility_control.h
-- Installing: /home/phy_ai/.ihub/daksha/install/daksha_msgs/lib/libdaksha_msgs__rosidl_typesupport_fastrtps_cpp.so
-- Set runtime path of "/home/phy_ai/.ihub/daksha/install/daksha_msgs/lib/libdaksha_msgs__rosidl_typesupport_fastrtps_cpp.so" to ""
-- Up-to-date: /home/phy_ai/.ihub/daksha/install/daksha_msgs/include/daksha_msgs/daksha_msgs
-- Up-to-date: /home/phy_ai/.ihub/daksha/install/daksha_msgs/include/daksha_msgs/daksha_msgs/srv
-- Up-to-date: /home/phy_ai/.ihub/daksha/install/daksha_msgs/include/daksha_msgs/daksha_msgs/srv/detail
-- Installing: /home/phy_ai/.ihub/daksha/install/daksha_msgs/include/daksha_msgs/daksha_msgs/srv/detail/start_replay__rosidl_typesupport_introspection_cpp.hpp
-- Installing: /home/phy_ai/.ihub/daksha/install/daksha_msgs/include/daksha_msgs/daksha_msgs/srv/detail/start_record__rosidl_typesupport_introspection_cpp.hpp
-- Installing: /home/phy_ai/.ihub/daksha/install/daksha_msgs/include/daksha_msgs/daksha_msgs/srv/detail/start_replay__type_support.cpp
-- Installing: /home/phy_ai/.ihub/daksha/install/daksha_msgs/include/daksha_msgs/daksha_msgs/srv/detail/start_record__type_support.cpp
-- Installing: /home/phy_ai/.ihub/daksha/install/daksha_msgs/lib/libdaksha_msgs__rosidl_typesupport_introspection_cpp.so
-- Set runtime path of "/home/phy_ai/.ihub/daksha/install/daksha_msgs/lib/libdaksha_msgs__rosidl_typesupport_introspection_cpp.so" to ""
-- Installing: /home/phy_ai/.ihub/daksha/install/daksha_msgs/lib/libdaksha_msgs__rosidl_typesupport_cpp.so
-- Set runtime path of "/home/phy_ai/.ihub/daksha/install/daksha_msgs/lib/libdaksha_msgs__rosidl_typesupport_cpp.so" to ""
-- Installing: /home/phy_ai/.ihub/daksha/install/daksha_msgs/share/daksha_msgs/environment/pythonpath.sh
-- Installing: /home/phy_ai/.ihub/daksha/install/daksha_msgs/share/daksha_msgs/environment/pythonpath.dsv
-- Installing: /home/phy_ai/.ihub/daksha/install/daksha_msgs/local/lib/python3.10/dist-packages/daksha_msgs-0.0.1-py3.10.egg-info
-- Installing: /home/phy_ai/.ihub/daksha/install/daksha_msgs/local/lib/python3.10/dist-packages/daksha_msgs-0.0.1-py3.10.egg-info/SOURCES.txt
-- Installing: /home/phy_ai/.ihub/daksha/install/daksha_msgs/local/lib/python3.10/dist-packages/daksha_msgs-0.0.1-py3.10.egg-info/top_level.txt
-- Installing: /home/phy_ai/.ihub/daksha/install/daksha_msgs/local/lib/python3.10/dist-packages/daksha_msgs-0.0.1-py3.10.egg-info/PKG-INFO
-- Installing: /home/phy_ai/.ihub/daksha/install/daksha_msgs/local/lib/python3.10/dist-packages/daksha_msgs-0.0.1-py3.10.egg-info/dependency_links.txt
-- Installing: /home/phy_ai/.ihub/daksha/install/daksha_msgs/local/lib/python3.10/dist-packages/daksha_msgs
-- Installing: /home/phy_ai/.ihub/daksha/install/daksha_msgs/local/lib/python3.10/dist-packages/daksha_msgs/srv
-- Installing: /home/phy_ai/.ihub/daksha/install/daksha_msgs/local/lib/python3.10/dist-packages/daksha_msgs/srv/_start_record.py
-- Installing: /home/phy_ai/.ihub/daksha/install/daksha_msgs/local/lib/python3.10/dist-packages/daksha_msgs/srv/_start_replay.py
-- Installing: /home/phy_ai/.ihub/daksha/install/daksha_msgs/local/lib/python3.10/dist-packages/daksha_msgs/srv/_start_replay_s.c
-- Installing: /home/phy_ai/.ihub/daksha/install/daksha_msgs/local/lib/python3.10/dist-packages/daksha_msgs/srv/_start_record_s.c
-- Installing: /home/phy_ai/.ihub/daksha/install/daksha_msgs/local/lib/python3.10/dist-packages/daksha_msgs/srv/__init__.py
-- Installing: /home/phy_ai/.ihub/daksha/install/daksha_msgs/local/lib/python3.10/dist-packages/daksha_msgs/daksha_msgs_s__rosidl_typesupport_fastrtps_c.cpython-310-x86_64-linux-gnu.so
-- Installing: /home/phy_ai/.ihub/daksha/install/daksha_msgs/local/lib/python3.10/dist-packages/daksha_msgs/_daksha_msgs_s.ep.rosidl_typesupport_fastrtps_c.c
-- Installing: /home/phy_ai/.ihub/daksha/install/daksha_msgs/local/lib/python3.10/dist-packages/daksha_msgs/__init__.py
-- Installing: /home/phy_ai/.ihub/daksha/install/daksha_msgs/local/lib/python3.10/dist-packages/daksha_msgs/libdaksha_msgs__rosidl_generator_py.so
-- Installing: /home/phy_ai/.ihub/daksha/install/daksha_msgs/local/lib/python3.10/dist-packages/daksha_msgs/_daksha_msgs_s.ep.rosidl_typesupport_introspection_c.c
-- Installing: /home/phy_ai/.ihub/daksha/install/daksha_msgs/local/lib/python3.10/dist-packages/daksha_msgs/daksha_msgs_s__rosidl_typesupport_introspection_c.cpython-310-x86_64-linux-gnu.so
-- Installing: /home/phy_ai/.ihub/daksha/install/daksha_msgs/local/lib/python3.10/dist-packages/daksha_msgs/_daksha_msgs_s.ep.rosidl_typesupport_c.c
-- Installing: /home/phy_ai/.ihub/daksha/install/daksha_msgs/local/lib/python3.10/dist-packages/daksha_msgs/daksha_msgs_s__rosidl_typesupport_c.cpython-310-x86_64-linux-gnu.so
Listing '/home/phy_ai/.ihub/daksha/install/daksha_msgs/local/lib/python3.10/dist-packages/daksha_msgs'...
Compiling '/home/phy_ai/.ihub/daksha/install/daksha_msgs/local/lib/python3.10/dist-packages/daksha_msgs/__init__.py'...
Listing '/home/phy_ai/.ihub/daksha/install/daksha_msgs/local/lib/python3.10/dist-packages/daksha_msgs/srv'...
Compiling '/home/phy_ai/.ihub/daksha/install/daksha_msgs/local/lib/python3.10/dist-packages/daksha_msgs/srv/__init__.py'...
Compiling '/home/phy_ai/.ihub/daksha/install/daksha_msgs/local/lib/python3.10/dist-packages/daksha_msgs/srv/_start_record.py'...
Compiling '/home/phy_ai/.ihub/daksha/install/daksha_msgs/local/lib/python3.10/dist-packages/daksha_msgs/srv/_start_replay.py'...
-- Installing: /home/phy_ai/.ihub/daksha/install/daksha_msgs/local/lib/python3.10/dist-packages/daksha_msgs/daksha_msgs_s__rosidl_typesupport_fastrtps_c.cpython-310-x86_64-linux-gnu.so
-- Set runtime path of "/home/phy_ai/.ihub/daksha/install/daksha_msgs/local/lib/python3.10/dist-packages/daksha_msgs/daksha_msgs_s__rosidl_typesupport_fastrtps_c.cpython-310-x86_64-linux-gnu.so" to ""
-- Installing: /home/phy_ai/.ihub/daksha/install/daksha_msgs/local/lib/python3.10/dist-packages/daksha_msgs/daksha_msgs_s__rosidl_typesupport_introspection_c.cpython-310-x86_64-linux-gnu.so
-- Set runtime path of "/home/phy_ai/.ihub/daksha/install/daksha_msgs/local/lib/python3.10/dist-packages/daksha_msgs/daksha_msgs_s__rosidl_typesupport_introspection_c.cpython-310-x86_64-linux-gnu.so" to ""
-- Installing: /home/phy_ai/.ihub/daksha/install/daksha_msgs/local/lib/python3.10/dist-packages/daksha_msgs/daksha_msgs_s__rosidl_typesupport_c.cpython-310-x86_64-linux-gnu.so
-- Set runtime path of "/home/phy_ai/.ihub/daksha/install/daksha_msgs/local/lib/python3.10/dist-packages/daksha_msgs/daksha_msgs_s__rosidl_typesupport_c.cpython-310-x86_64-linux-gnu.so" to ""
-- Installing: /home/phy_ai/.ihub/daksha/install/daksha_msgs/lib/libdaksha_msgs__rosidl_generator_py.so
-- Set runtime path of "/home/phy_ai/.ihub/daksha/install/daksha_msgs/lib/libdaksha_msgs__rosidl_generator_py.so" to ""
-- Installing: /home/phy_ai/.ihub/daksha/install/daksha_msgs/share/ament_index/resource_index/rust_packages/daksha_msgs
-- Installing: /home/phy_ai/.ihub/daksha/install/daksha_msgs/share/daksha_msgs/rust
-- Installing: /home/phy_ai/.ihub/daksha/install/daksha_msgs/share/daksha_msgs/rust/build.rs
-- Installing: /home/phy_ai/.ihub/daksha/install/daksha_msgs/share/daksha_msgs/rust/src
-- Installing: /home/phy_ai/.ihub/daksha/install/daksha_msgs/share/daksha_msgs/rust/src/srv
-- Installing: /home/phy_ai/.ihub/daksha/install/daksha_msgs/share/daksha_msgs/rust/src/srv/rmw.rs
-- Installing: /home/phy_ai/.ihub/daksha/install/daksha_msgs/share/daksha_msgs/rust/src/lib.rs
-- Installing: /home/phy_ai/.ihub/daksha/install/daksha_msgs/share/daksha_msgs/rust/src/srv.rs
-- Installing: /home/phy_ai/.ihub/daksha/install/daksha_msgs/share/daksha_msgs/rust/Cargo.toml
-- Installing: /home/phy_ai/.ihub/daksha/install/daksha_msgs/share/daksha_msgs/srv/StartRecord.idl
-- Installing: /home/phy_ai/.ihub/daksha/install/daksha_msgs/share/daksha_msgs/srv/StartReplay.idl
-- Installing: /home/phy_ai/.ihub/daksha/install/daksha_msgs/share/daksha_msgs/srv/StartRecord.srv
-- Installing: /home/phy_ai/.ihub/daksha/install/daksha_msgs/share/daksha_msgs/srv/StartRecord_Request.msg
-- Installing: /home/phy_ai/.ihub/daksha/install/daksha_msgs/share/daksha_msgs/srv/StartRecord_Response.msg
-- Installing: /home/phy_ai/.ihub/daksha/install/daksha_msgs/share/daksha_msgs/srv/StartReplay.srv
-- Installing: /home/phy_ai/.ihub/daksha/install/daksha_msgs/share/daksha_msgs/srv/StartReplay_Request.msg
-- Installing: /home/phy_ai/.ihub/daksha/install/daksha_msgs/share/daksha_msgs/srv/StartReplay_Response.msg
-- Installing: /home/phy_ai/.ihub/daksha/install/daksha_msgs/share/ament_index/resource_index/package_run_dependencies/daksha_msgs
-- Installing: /home/phy_ai/.ihub/daksha/install/daksha_msgs/share/ament_index/resource_index/parent_prefix_path/daksha_msgs
-- Installing: /home/phy_ai/.ihub/daksha/install/daksha_msgs/share/daksha_msgs/environment/ament_prefix_path.sh
-- Installing: /home/phy_ai/.ihub/daksha/install/daksha_msgs/share/daksha_msgs/environment/ament_prefix_path.dsv
-- Installing: /home/phy_ai/.ihub/daksha/install/daksha_msgs/share/daksha_msgs/environment/path.sh
-- Installing: /home/phy_ai/.ihub/daksha/install/daksha_msgs/share/daksha_msgs/environment/path.dsv
-- Installing: /home/phy_ai/.ihub/daksha/install/daksha_msgs/share/daksha_msgs/local_setup.bash
-- Installing: /home/phy_ai/.ihub/daksha/install/daksha_msgs/share/daksha_msgs/local_setup.sh
-- Installing: /home/phy_ai/.ihub/daksha/install/daksha_msgs/share/daksha_msgs/local_setup.zsh
-- Installing: /home/phy_ai/.ihub/daksha/install/daksha_msgs/share/daksha_msgs/local_setup.dsv
-- Installing: /home/phy_ai/.ihub/daksha/install/daksha_msgs/share/daksha_msgs/package.dsv
-- Installing: /home/phy_ai/.ihub/daksha/install/daksha_msgs/share/ament_index/resource_index/packages/daksha_msgs
-- Installing: /home/phy_ai/.ihub/daksha/install/daksha_msgs/share/daksha_msgs/cmake/export_daksha_msgs__rosidl_generator_cExport.cmake
-- Installing: /home/phy_ai/.ihub/daksha/install/daksha_msgs/share/daksha_msgs/cmake/export_daksha_msgs__rosidl_generator_cExport-noconfig.cmake
-- Installing: /home/phy_ai/.ihub/daksha/install/daksha_msgs/share/daksha_msgs/cmake/export_daksha_msgs__rosidl_typesupport_fastrtps_cExport.cmake
-- Installing: /home/phy_ai/.ihub/daksha/install/daksha_msgs/share/daksha_msgs/cmake/export_daksha_msgs__rosidl_typesupport_fastrtps_cExport-noconfig.cmake
-- Installing: /home/phy_ai/.ihub/daksha/install/daksha_msgs/share/daksha_msgs/cmake/daksha_msgs__rosidl_typesupport_introspection_cExport.cmake
-- Installing: /home/phy_ai/.ihub/daksha/install/daksha_msgs/share/daksha_msgs/cmake/daksha_msgs__rosidl_typesupport_introspection_cExport-noconfig.cmake
-- Installing: /home/phy_ai/.ihub/daksha/install/daksha_msgs/share/daksha_msgs/cmake/daksha_msgs__rosidl_typesupport_cExport.cmake
-- Installing: /home/phy_ai/.ihub/daksha/install/daksha_msgs/share/daksha_msgs/cmake/daksha_msgs__rosidl_typesupport_cExport-noconfig.cmake
-- Installing: /home/phy_ai/.ihub/daksha/install/daksha_msgs/share/daksha_msgs/cmake/export_daksha_msgs__rosidl_generator_cppExport.cmake
-- Installing: /home/phy_ai/.ihub/daksha/install/daksha_msgs/share/daksha_msgs/cmake/export_daksha_msgs__rosidl_typesupport_fastrtps_cppExport.cmake
-- Installing: /home/phy_ai/.ihub/daksha/install/daksha_msgs/share/daksha_msgs/cmake/export_daksha_msgs__rosidl_typesupport_fastrtps_cppExport-noconfig.cmake
-- Installing: /home/phy_ai/.ihub/daksha/install/daksha_msgs/share/daksha_msgs/cmake/daksha_msgs__rosidl_typesupport_introspection_cppExport.cmake
-- Installing: /home/phy_ai/.ihub/daksha/install/daksha_msgs/share/daksha_msgs/cmake/daksha_msgs__rosidl_typesupport_introspection_cppExport-noconfig.cmake
-- Installing: /home/phy_ai/.ihub/daksha/install/daksha_msgs/share/daksha_msgs/cmake/daksha_msgs__rosidl_typesupport_cppExport.cmake
-- Installing: /home/phy_ai/.ihub/daksha/install/daksha_msgs/share/daksha_msgs/cmake/daksha_msgs__rosidl_typesupport_cppExport-noconfig.cmake
-- Installing: /home/phy_ai/.ihub/daksha/install/daksha_msgs/share/daksha_msgs/cmake/export_daksha_msgs__rosidl_generator_pyExport.cmake
-- Installing: /home/phy_ai/.ihub/daksha/install/daksha_msgs/share/daksha_msgs/cmake/export_daksha_msgs__rosidl_generator_pyExport-noconfig.cmake
-- Installing: /home/phy_ai/.ihub/daksha/install/daksha_msgs/share/daksha_msgs/cmake/rosidl_cmake-extras.cmake
-- Installing: /home/phy_ai/.ihub/daksha/install/daksha_msgs/share/daksha_msgs/cmake/ament_cmake_export_include_directories-extras.cmake
-- Installing: /home/phy_ai/.ihub/daksha/install/daksha_msgs/share/daksha_msgs/cmake/ament_cmake_export_libraries-extras.cmake
-- Installing: /home/phy_ai/.ihub/daksha/install/daksha_msgs/share/daksha_msgs/cmake/ament_cmake_export_targets-extras.cmake
-- Installing: /home/phy_ai/.ihub/daksha/install/daksha_msgs/share/daksha_msgs/cmake/rosidl_cmake_export_typesupport_targets-extras.cmake
-- Installing: /home/phy_ai/.ihub/daksha/install/daksha_msgs/share/daksha_msgs/cmake/ament_cmake_export_dependencies-extras.cmake
-- Installing: /home/phy_ai/.ihub/daksha/install/daksha_msgs/share/daksha_msgs/cmake/rosidl_cmake_export_typesupport_libraries-extras.cmake
-- Installing: /home/phy_ai/.ihub/daksha/install/daksha_msgs/share/daksha_msgs/cmake/rosidl_cmake_aggregate_target-extras.cmake
-- Installing: /home/phy_ai/.ihub/daksha/install/daksha_msgs/share/daksha_msgs/cmake/daksha_msgsConfig.cmake
-- Installing: /home/phy_ai/.ihub/daksha/install/daksha_msgs/share/daksha_msgs/cmake/daksha_msgsConfig-version.cmake
-- Installing: /home/phy_ai/.ihub/daksha/install/daksha_msgs/share/daksha_msgs/package.xml
