[0.808s] Invoking command in '/home/phy_ai/.ihub/daksha/build/daksha_msgs': CMAKE_PREFIX_PATH=${CMAKE_PREFIX_PATH}:/home/phy_ai/.barani/gen2_full/install/world_camera_launch:/home/phy_ai/.barani/gen2_full/install/gen2:/home/phy_ai/.barani/gen2_full/install/vr_teleop:/home/phy_ai/.barani/gen2_full/install/ros_tcp_endpoint:/home/phy_ai/.barani/gen2_full/install/nav_bringup:/home/phy_ai/.barani/gen2_full/install/nav2_config:/home/phy_ai/.barani/gen2_full/install/kinematics:/home/phy_ai/.barani/gen2_full/install/joint_cmd_logger:/home/phy_ai/.barani/gen2_full/install/joint_analyzer:/home/phy_ai/.barani/gen2_full/install/daksha_data_collection:/home/phy_ai/.barani/gen2_full/install/gen2_leader:/home/phy_ai/.barani/gen2_full/install/amr_bringup:/home/phy_ai/.barani/gen2_full/install/daksha_final_urdf_description:/home/phy_ai/.barani/gen2_full/install/daksha_description_full_body:/home/phy_ai/.barani/gen2_full/install/daksha_base_urdf:/home/phy_ai/.barani/gen2_full/install/daksha_api_bridge_leader:/home/phy_ai/.barani/gen2_full/install/daksha_api_bridge_follower:/opt/ros/humble /usr/bin/cmake /home/phy_ai/.ihub/daksha/src/ui/Clients_UI/daksha_msgs -DCMAKE_INSTALL_PREFIX=/home/phy_ai/.ihub/daksha/install/daksha_msgs
[2.773s] -- The C compiler identification is GNU 11.4.0
[2.773s] -- The CXX compiler identification is GNU 11.4.0
[2.773s] -- Detecting C compiler ABI info
[2.773s] -- Detecting C compiler ABI info - done
[2.773s] -- Check for working C compiler: /usr/bin/cc - skipped
[2.774s] -- Detecting C compile features
[2.774s] -- Detecting C compile features - done
[2.774s] -- Detecting CXX compiler ABI info
[2.774s] -- Detecting CXX compiler ABI info - done
[2.774s] -- Check for working CXX compiler: /usr/bin/c++ - skipped
[2.774s] -- Detecting CXX compile features
[2.774s] -- Detecting CXX compile features - done
[2.774s] -- Found ament_cmake: 1.3.14 (/opt/ros/humble/share/ament_cmake/cmake)
[2.774s] -- Found Python3: /usr/bin/python3 (found version "3.10.12") found components: Interpreter 
[2.774s] -- Found rosidl_default_generators: 1.2.1 (/opt/ros/humble/share/rosidl_default_generators/cmake)
[2.774s] -- Using all available rosidl_typesupport_c: rosidl_typesupport_fastrtps_c;rosidl_typesupport_introspection_c
[2.774s] -- Found rosidl_adapter: 3.1.9 (/opt/ros/humble/share/rosidl_adapter/cmake)
[2.775s] -- Using all available rosidl_typesupport_cpp: rosidl_typesupport_fastrtps_cpp;rosidl_typesupport_introspection_cpp
[2.775s] -- Found ament_cmake_ros: 0.10.0 (/opt/ros/humble/share/ament_cmake_ros/cmake)
[2.834s] -- Using all available rosidl_typesupport_c: rosidl_typesupport_fastrtps_c;rosidl_typesupport_introspection_c
[3.378s] -- Using all available rosidl_typesupport_cpp: rosidl_typesupport_fastrtps_cpp;rosidl_typesupport_introspection_cpp
[3.560s] -- Found PythonInterp: /usr/bin/python3 (found suitable version "3.10.12", minimum required is "3.6") 
[3.572s] -- Found python_cmake_module: 0.10.0 (/opt/ros/humble/share/python_cmake_module/cmake)
[3.671s] -- Found PythonLibs: /usr/lib/x86_64-linux-gnu/libpython3.10.so (found suitable version "3.10.12", minimum required is "3.5") 
[3.671s] -- Using PYTHON_EXECUTABLE: /usr/bin/python3
[3.671s] -- Using PYTHON_INCLUDE_DIRS: /usr/include/python3.10
[3.673s] -- Using PYTHON_LIBRARIES: /usr/lib/x86_64-linux-gnu/libpython3.10.so
[3.761s] -- Found PythonExtra: .so  
[4.115s] -- Configuring done
[4.188s] -- Generating done
[4.212s] -- Build files have been written to: /home/phy_ai/.ihub/daksha/build/daksha_msgs
[4.239s] Invoked command in '/home/phy_ai/.ihub/daksha/build/daksha_msgs' returned '0': CMAKE_PREFIX_PATH=${CMAKE_PREFIX_PATH}:/home/phy_ai/.barani/gen2_full/install/world_camera_launch:/home/phy_ai/.barani/gen2_full/install/gen2:/home/phy_ai/.barani/gen2_full/install/vr_teleop:/home/phy_ai/.barani/gen2_full/install/ros_tcp_endpoint:/home/phy_ai/.barani/gen2_full/install/nav_bringup:/home/phy_ai/.barani/gen2_full/install/nav2_config:/home/phy_ai/.barani/gen2_full/install/kinematics:/home/phy_ai/.barani/gen2_full/install/joint_cmd_logger:/home/phy_ai/.barani/gen2_full/install/joint_analyzer:/home/phy_ai/.barani/gen2_full/install/daksha_data_collection:/home/phy_ai/.barani/gen2_full/install/gen2_leader:/home/phy_ai/.barani/gen2_full/install/amr_bringup:/home/phy_ai/.barani/gen2_full/install/daksha_final_urdf_description:/home/phy_ai/.barani/gen2_full/install/daksha_description_full_body:/home/phy_ai/.barani/gen2_full/install/daksha_base_urdf:/home/phy_ai/.barani/gen2_full/install/daksha_api_bridge_leader:/home/phy_ai/.barani/gen2_full/install/daksha_api_bridge_follower:/opt/ros/humble /usr/bin/cmake /home/phy_ai/.ihub/daksha/src/ui/Clients_UI/daksha_msgs -DCMAKE_INSTALL_PREFIX=/home/phy_ai/.ihub/daksha/install/daksha_msgs
[4.246s] Invoking command in '/home/phy_ai/.ihub/daksha/build/daksha_msgs': CMAKE_PREFIX_PATH=${CMAKE_PREFIX_PATH}:/home/phy_ai/.barani/gen2_full/install/world_camera_launch:/home/phy_ai/.barani/gen2_full/install/gen2:/home/phy_ai/.barani/gen2_full/install/vr_teleop:/home/phy_ai/.barani/gen2_full/install/ros_tcp_endpoint:/home/phy_ai/.barani/gen2_full/install/nav_bringup:/home/phy_ai/.barani/gen2_full/install/nav2_config:/home/phy_ai/.barani/gen2_full/install/kinematics:/home/phy_ai/.barani/gen2_full/install/joint_cmd_logger:/home/phy_ai/.barani/gen2_full/install/joint_analyzer:/home/phy_ai/.barani/gen2_full/install/daksha_data_collection:/home/phy_ai/.barani/gen2_full/install/gen2_leader:/home/phy_ai/.barani/gen2_full/install/amr_bringup:/home/phy_ai/.barani/gen2_full/install/daksha_final_urdf_description:/home/phy_ai/.barani/gen2_full/install/daksha_description_full_body:/home/phy_ai/.barani/gen2_full/install/daksha_base_urdf:/home/phy_ai/.barani/gen2_full/install/daksha_api_bridge_leader:/home/phy_ai/.barani/gen2_full/install/daksha_api_bridge_follower:/opt/ros/humble /usr/bin/cmake --build /home/phy_ai/.ihub/daksha/build/daksha_msgs -- -j16 -l16
[5.089s] [  2%] [34m[1mGenerating C code for ROS interfaces[0m
[5.090s] [  5%] [34m[1mGenerating C++ code for ROS interfaces[0m
[5.090s] [  7%] [34m[1mGenerating Rust code for ROS interfaces[0m
[5.098s] [  7%] Built target ament_cmake_python_copy_daksha_msgs
[5.118s] running egg_info
[5.118s] creating daksha_msgs.egg-info
[5.118s] writing daksha_msgs.egg-info/PKG-INFO
[5.118s] writing dependency_links to daksha_msgs.egg-info/dependency_links.txt
[5.118s] writing top-level names to daksha_msgs.egg-info/top_level.txt
[5.118s] writing manifest file 'daksha_msgs.egg-info/SOURCES.txt'
[5.119s] reading manifest file 'daksha_msgs.egg-info/SOURCES.txt'
[5.119s] writing manifest file 'daksha_msgs.egg-info/SOURCES.txt'
[5.167s] [  7%] Built target daksha_msgs__rs
[5.212s] [  7%] Built target ament_cmake_python_build_daksha_msgs_egg
[5.339s] [  7%] Built target daksha_msgs__cpp
[5.356s] [ 12%] [32mBuilding C object CMakeFiles/daksha_msgs__rosidl_generator_c.dir/rosidl_generator_c/daksha_msgs/srv/detail/start_replay__functions.c.o[0m
[5.356s] [ 12%] [32mBuilding C object CMakeFiles/daksha_msgs__rosidl_generator_c.dir/rosidl_generator_c/daksha_msgs/srv/detail/start_record__functions.c.o[0m
[5.358s] [ 15%] [34m[1mGenerating C++ type support dispatch for ROS interfaces[0m
[5.358s] [ 17%] [34m[1mGenerating C++ introspection for ROS interfaces[0m
[5.360s] [ 20%] [34m[1mGenerating C++ type support for eProsima Fast-RTPS[0m
[5.580s] [ 22%] [32m[1mLinking C shared library libdaksha_msgs__rosidl_generator_c.so[0m
[5.669s] [ 22%] Built target daksha_msgs__rosidl_generator_c
[5.692s] [ 27%] [34m[1mGenerating C introspection for ROS interfaces[0m
[5.692s] [ 27%] [34m[1mGenerating C type support dispatch for ROS interfaces[0m
[5.693s] [ 30%] [34m[1mGenerating C type support for eProsima Fast-RTPS[0m
[5.974s] [ 32%] [32mBuilding CXX object CMakeFiles/daksha_msgs__rosidl_typesupport_cpp.dir/rosidl_typesupport_cpp/daksha_msgs/srv/start_record__type_support.cpp.o[0m
[5.989s] [ 35%] [32mBuilding CXX object CMakeFiles/daksha_msgs__rosidl_typesupport_cpp.dir/rosidl_typesupport_cpp/daksha_msgs/srv/start_replay__type_support.cpp.o[0m
[6.069s] [ 37%] [32mBuilding CXX object CMakeFiles/daksha_msgs__rosidl_typesupport_introspection_cpp.dir/rosidl_typesupport_introspection_cpp/daksha_msgs/srv/detail/start_record__type_support.cpp.o[0m
[6.069s] [ 40%] [32mBuilding CXX object CMakeFiles/daksha_msgs__rosidl_typesupport_introspection_cpp.dir/rosidl_typesupport_introspection_cpp/daksha_msgs/srv/detail/start_replay__type_support.cpp.o[0m
[6.096s] [ 42%] [32mBuilding CXX object CMakeFiles/daksha_msgs__rosidl_typesupport_fastrtps_cpp.dir/rosidl_typesupport_fastrtps_cpp/daksha_msgs/srv/detail/dds_fastrtps/start_record__type_support.cpp.o[0m
[6.107s] [ 45%] [32mBuilding CXX object CMakeFiles/daksha_msgs__rosidl_typesupport_fastrtps_cpp.dir/rosidl_typesupport_fastrtps_cpp/daksha_msgs/srv/detail/dds_fastrtps/start_replay__type_support.cpp.o[0m
[6.333s] [ 47%] [32mBuilding CXX object CMakeFiles/daksha_msgs__rosidl_typesupport_c.dir/rosidl_typesupport_c/daksha_msgs/srv/start_record__type_support.cpp.o[0m
[6.334s] [ 50%] [32mBuilding CXX object CMakeFiles/daksha_msgs__rosidl_typesupport_c.dir/rosidl_typesupport_c/daksha_msgs/srv/start_replay__type_support.cpp.o[0m
[6.434s] [ 52%] [32m[1mLinking CXX shared library libdaksha_msgs__rosidl_typesupport_c.so[0m
[6.452s] [ 55%] [32mBuilding C object CMakeFiles/daksha_msgs__rosidl_typesupport_introspection_c.dir/rosidl_typesupport_introspection_c/daksha_msgs/srv/detail/start_replay__type_support.c.o[0m
[6.462s] [ 57%] [32mBuilding C object CMakeFiles/daksha_msgs__rosidl_typesupport_introspection_c.dir/rosidl_typesupport_introspection_c/daksha_msgs/srv/detail/start_record__type_support.c.o[0m
[6.505s] [ 60%] [32mBuilding CXX object CMakeFiles/daksha_msgs__rosidl_typesupport_fastrtps_c.dir/rosidl_typesupport_fastrtps_c/daksha_msgs/srv/detail/start_replay__type_support_c.cpp.o[0m
[6.514s] [ 62%] [32mBuilding CXX object CMakeFiles/daksha_msgs__rosidl_typesupport_fastrtps_c.dir/rosidl_typesupport_fastrtps_c/daksha_msgs/srv/detail/start_record__type_support_c.cpp.o[0m
[6.536s] [ 65%] [32m[1mLinking CXX shared library libdaksha_msgs__rosidl_typesupport_cpp.so[0m
[6.549s] [ 65%] Built target daksha_msgs__rosidl_typesupport_c
[6.550s] [ 67%] [32m[1mLinking C shared library libdaksha_msgs__rosidl_typesupport_introspection_c.so[0m
[6.638s] [ 67%] Built target daksha_msgs__rosidl_typesupport_introspection_c
[6.643s] [ 67%] Built target daksha_msgs__rosidl_typesupport_cpp
[6.840s] [ 70%] [32m[1mLinking CXX shared library libdaksha_msgs__rosidl_typesupport_introspection_cpp.so[0m
[6.931s] [ 72%] [32m[1mLinking CXX shared library libdaksha_msgs__rosidl_typesupport_fastrtps_cpp.so[0m
[7.075s] [ 72%] Built target daksha_msgs__rosidl_typesupport_introspection_cpp
[7.293s] [ 75%] [32m[1mLinking CXX shared library libdaksha_msgs__rosidl_typesupport_fastrtps_c.so[0m
[7.312s] [ 75%] Built target daksha_msgs__rosidl_typesupport_fastrtps_cpp
[7.571s] [ 75%] Built target daksha_msgs__rosidl_typesupport_fastrtps_c
[7.671s] [ 75%] Built target daksha_msgs
[7.727s] [ 77%] [34m[1mGenerating Python code for ROS interfaces[0m
[9.141s] [ 77%] Built target daksha_msgs__py
[9.285s] [ 80%] [32mBuilding C object CMakeFiles/daksha_msgs__rosidl_generator_py.dir/rosidl_generator_py/daksha_msgs/srv/_start_record_s.c.o[0m
[9.291s] [ 82%] [32mBuilding C object CMakeFiles/daksha_msgs__rosidl_generator_py.dir/rosidl_generator_py/daksha_msgs/srv/_start_replay_s.c.o[0m
[9.702s] [ 85%] [32m[1mLinking C shared library rosidl_generator_py/daksha_msgs/libdaksha_msgs__rosidl_generator_py.so[0m
[9.832s] [ 85%] Built target daksha_msgs__rosidl_generator_py
[9.893s] [ 87%] [32mBuilding C object CMakeFiles/daksha_msgs__rosidl_typesupport_introspection_c__pyext.dir/rosidl_generator_py/daksha_msgs/_daksha_msgs_s.ep.rosidl_typesupport_introspection_c.c.o[0m
[9.907s] [ 90%] [32mBuilding C object CMakeFiles/daksha_msgs__rosidl_typesupport_fastrtps_c__pyext.dir/rosidl_generator_py/daksha_msgs/_daksha_msgs_s.ep.rosidl_typesupport_fastrtps_c.c.o[0m
[9.933s] [ 92%] [32mBuilding C object CMakeFiles/daksha_msgs__rosidl_typesupport_c__pyext.dir/rosidl_generator_py/daksha_msgs/_daksha_msgs_s.ep.rosidl_typesupport_c.c.o[0m
[10.188s] [ 95%] [32m[1mLinking C shared library rosidl_generator_py/daksha_msgs/daksha_msgs_s__rosidl_typesupport_introspection_c.cpython-310-x86_64-linux-gnu.so[0m
[10.228s] [ 97%] [32m[1mLinking C shared library rosidl_generator_py/daksha_msgs/daksha_msgs_s__rosidl_typesupport_fastrtps_c.cpython-310-x86_64-linux-gnu.so[0m
[10.266s] [100%] [32m[1mLinking C shared library rosidl_generator_py/daksha_msgs/daksha_msgs_s__rosidl_typesupport_c.cpython-310-x86_64-linux-gnu.so[0m
[10.281s] [100%] Built target daksha_msgs__rosidl_typesupport_introspection_c__pyext
[10.322s] [100%] Built target daksha_msgs__rosidl_typesupport_fastrtps_c__pyext
[10.334s] [100%] Built target daksha_msgs__rosidl_typesupport_c__pyext
[10.362s] Invoked command in '/home/phy_ai/.ihub/daksha/build/daksha_msgs' returned '0': CMAKE_PREFIX_PATH=${CMAKE_PREFIX_PATH}:/home/phy_ai/.barani/gen2_full/install/world_camera_launch:/home/phy_ai/.barani/gen2_full/install/gen2:/home/phy_ai/.barani/gen2_full/install/vr_teleop:/home/phy_ai/.barani/gen2_full/install/ros_tcp_endpoint:/home/phy_ai/.barani/gen2_full/install/nav_bringup:/home/phy_ai/.barani/gen2_full/install/nav2_config:/home/phy_ai/.barani/gen2_full/install/kinematics:/home/phy_ai/.barani/gen2_full/install/joint_cmd_logger:/home/phy_ai/.barani/gen2_full/install/joint_analyzer:/home/phy_ai/.barani/gen2_full/install/daksha_data_collection:/home/phy_ai/.barani/gen2_full/install/gen2_leader:/home/phy_ai/.barani/gen2_full/install/amr_bringup:/home/phy_ai/.barani/gen2_full/install/daksha_final_urdf_description:/home/phy_ai/.barani/gen2_full/install/daksha_description_full_body:/home/phy_ai/.barani/gen2_full/install/daksha_base_urdf:/home/phy_ai/.barani/gen2_full/install/daksha_api_bridge_leader:/home/phy_ai/.barani/gen2_full/install/daksha_api_bridge_follower:/opt/ros/humble /usr/bin/cmake --build /home/phy_ai/.ihub/daksha/build/daksha_msgs -- -j16 -l16
[10.365s] Invoking command in '/home/phy_ai/.ihub/daksha/build/daksha_msgs': CMAKE_PREFIX_PATH=${CMAKE_PREFIX_PATH}:/home/phy_ai/.barani/gen2_full/install/world_camera_launch:/home/phy_ai/.barani/gen2_full/install/gen2:/home/phy_ai/.barani/gen2_full/install/vr_teleop:/home/phy_ai/.barani/gen2_full/install/ros_tcp_endpoint:/home/phy_ai/.barani/gen2_full/install/nav_bringup:/home/phy_ai/.barani/gen2_full/install/nav2_config:/home/phy_ai/.barani/gen2_full/install/kinematics:/home/phy_ai/.barani/gen2_full/install/joint_cmd_logger:/home/phy_ai/.barani/gen2_full/install/joint_analyzer:/home/phy_ai/.barani/gen2_full/install/daksha_data_collection:/home/phy_ai/.barani/gen2_full/install/gen2_leader:/home/phy_ai/.barani/gen2_full/install/amr_bringup:/home/phy_ai/.barani/gen2_full/install/daksha_final_urdf_description:/home/phy_ai/.barani/gen2_full/install/daksha_description_full_body:/home/phy_ai/.barani/gen2_full/install/daksha_base_urdf:/home/phy_ai/.barani/gen2_full/install/daksha_api_bridge_leader:/home/phy_ai/.barani/gen2_full/install/daksha_api_bridge_follower:/opt/ros/humble /usr/bin/cmake --install /home/phy_ai/.ihub/daksha/build/daksha_msgs
[10.377s] -- Install configuration: ""
[10.377s] -- Installing: /home/phy_ai/.ihub/daksha/install/daksha_msgs/share/ament_index/resource_index/rosidl_interfaces/daksha_msgs
[10.378s] -- Installing: /home/phy_ai/.ihub/daksha/install/daksha_msgs/include/daksha_msgs/daksha_msgs
[10.378s] -- Installing: /home/phy_ai/.ihub/daksha/install/daksha_msgs/include/daksha_msgs/daksha_msgs/srv
[10.378s] -- Installing: /home/phy_ai/.ihub/daksha/install/daksha_msgs/include/daksha_msgs/daksha_msgs/srv/start_record.h
[10.378s] -- Installing: /home/phy_ai/.ihub/daksha/install/daksha_msgs/include/daksha_msgs/daksha_msgs/srv/detail
[10.379s] -- Installing: /home/phy_ai/.ihub/daksha/install/daksha_msgs/include/daksha_msgs/daksha_msgs/srv/detail/start_replay__functions.c
[10.379s] -- Installing: /home/phy_ai/.ihub/daksha/install/daksha_msgs/include/daksha_msgs/daksha_msgs/srv/detail/start_replay__type_support.h
[10.379s] -- Installing: /home/phy_ai/.ihub/daksha/install/daksha_msgs/include/daksha_msgs/daksha_msgs/srv/detail/start_replay__struct.h
[10.379s] -- Installing: /home/phy_ai/.ihub/daksha/install/daksha_msgs/include/daksha_msgs/daksha_msgs/srv/detail/start_record__functions.h
[10.380s] -- Installing: /home/phy_ai/.ihub/daksha/install/daksha_msgs/include/daksha_msgs/daksha_msgs/srv/detail/start_record__type_support.h
[10.380s] -- Installing: /home/phy_ai/.ihub/daksha/install/daksha_msgs/include/daksha_msgs/daksha_msgs/srv/detail/start_record__functions.c
[10.380s] -- Installing: /home/phy_ai/.ihub/daksha/install/daksha_msgs/include/daksha_msgs/daksha_msgs/srv/detail/start_replay__functions.h
[10.380s] -- Installing: /home/phy_ai/.ihub/daksha/install/daksha_msgs/include/daksha_msgs/daksha_msgs/srv/detail/start_record__struct.h
[10.381s] -- Installing: /home/phy_ai/.ihub/daksha/install/daksha_msgs/include/daksha_msgs/daksha_msgs/srv/start_replay.h
[10.381s] -- Installing: /home/phy_ai/.ihub/daksha/install/daksha_msgs/include/daksha_msgs/daksha_msgs/msg
[10.381s] -- Installing: /home/phy_ai/.ihub/daksha/install/daksha_msgs/include/daksha_msgs/daksha_msgs/msg/rosidl_generator_c__visibility_control.h
[10.381s] -- Installing: /home/phy_ai/.ihub/daksha/install/daksha_msgs/share/daksha_msgs/environment/library_path.sh
[10.382s] -- Installing: /home/phy_ai/.ihub/daksha/install/daksha_msgs/share/daksha_msgs/environment/library_path.dsv
[10.382s] -- Installing: /home/phy_ai/.ihub/daksha/install/daksha_msgs/lib/libdaksha_msgs__rosidl_generator_c.so
[10.383s] -- Set runtime path of "/home/phy_ai/.ihub/daksha/install/daksha_msgs/lib/libdaksha_msgs__rosidl_generator_c.so" to ""
[10.386s] -- Up-to-date: /home/phy_ai/.ihub/daksha/install/daksha_msgs/include/daksha_msgs/daksha_msgs
[10.387s] -- Up-to-date: /home/phy_ai/.ihub/daksha/install/daksha_msgs/include/daksha_msgs/daksha_msgs/srv
[10.387s] -- Up-to-date: /home/phy_ai/.ihub/daksha/install/daksha_msgs/include/daksha_msgs/daksha_msgs/srv/detail
[10.387s] -- Installing: /home/phy_ai/.ihub/daksha/install/daksha_msgs/include/daksha_msgs/daksha_msgs/srv/detail/start_replay__rosidl_typesupport_fastrtps_c.h
[10.387s] -- Installing: /home/phy_ai/.ihub/daksha/install/daksha_msgs/include/daksha_msgs/daksha_msgs/srv/detail/start_record__rosidl_typesupport_fastrtps_c.h
[10.387s] -- Up-to-date: /home/phy_ai/.ihub/daksha/install/daksha_msgs/include/daksha_msgs/daksha_msgs/msg
[10.387s] -- Installing: /home/phy_ai/.ihub/daksha/install/daksha_msgs/include/daksha_msgs/daksha_msgs/msg/rosidl_typesupport_fastrtps_c__visibility_control.h
[10.387s] -- Installing: /home/phy_ai/.ihub/daksha/install/daksha_msgs/lib/libdaksha_msgs__rosidl_typesupport_fastrtps_c.so
[10.387s] -- Set runtime path of "/home/phy_ai/.ihub/daksha/install/daksha_msgs/lib/libdaksha_msgs__rosidl_typesupport_fastrtps_c.so" to ""
[10.387s] -- Up-to-date: /home/phy_ai/.ihub/daksha/install/daksha_msgs/include/daksha_msgs/daksha_msgs
[10.387s] -- Up-to-date: /home/phy_ai/.ihub/daksha/install/daksha_msgs/include/daksha_msgs/daksha_msgs/srv
[10.388s] -- Up-to-date: /home/phy_ai/.ihub/daksha/install/daksha_msgs/include/daksha_msgs/daksha_msgs/srv/detail
[10.388s] -- Installing: /home/phy_ai/.ihub/daksha/install/daksha_msgs/include/daksha_msgs/daksha_msgs/srv/detail/start_record__rosidl_typesupport_introspection_c.h
[10.388s] -- Installing: /home/phy_ai/.ihub/daksha/install/daksha_msgs/include/daksha_msgs/daksha_msgs/srv/detail/start_record__type_support.c
[10.388s] -- Installing: /home/phy_ai/.ihub/daksha/install/daksha_msgs/include/daksha_msgs/daksha_msgs/srv/detail/start_replay__type_support.c
[10.388s] -- Installing: /home/phy_ai/.ihub/daksha/install/daksha_msgs/include/daksha_msgs/daksha_msgs/srv/detail/start_replay__rosidl_typesupport_introspection_c.h
[10.388s] -- Up-to-date: /home/phy_ai/.ihub/daksha/install/daksha_msgs/include/daksha_msgs/daksha_msgs/msg
[10.388s] -- Installing: /home/phy_ai/.ihub/daksha/install/daksha_msgs/include/daksha_msgs/daksha_msgs/msg/rosidl_typesupport_introspection_c__visibility_control.h
[10.388s] -- Installing: /home/phy_ai/.ihub/daksha/install/daksha_msgs/lib/libdaksha_msgs__rosidl_typesupport_introspection_c.so
[10.388s] -- Set runtime path of "/home/phy_ai/.ihub/daksha/install/daksha_msgs/lib/libdaksha_msgs__rosidl_typesupport_introspection_c.so" to ""
[10.389s] -- Installing: /home/phy_ai/.ihub/daksha/install/daksha_msgs/lib/libdaksha_msgs__rosidl_typesupport_c.so
[10.389s] -- Set runtime path of "/home/phy_ai/.ihub/daksha/install/daksha_msgs/lib/libdaksha_msgs__rosidl_typesupport_c.so" to ""
[10.389s] -- Up-to-date: /home/phy_ai/.ihub/daksha/install/daksha_msgs/include/daksha_msgs/daksha_msgs
[10.389s] -- Up-to-date: /home/phy_ai/.ihub/daksha/install/daksha_msgs/include/daksha_msgs/daksha_msgs/srv
[10.389s] -- Installing: /home/phy_ai/.ihub/daksha/install/daksha_msgs/include/daksha_msgs/daksha_msgs/srv/start_record.hpp
[10.389s] -- Up-to-date: /home/phy_ai/.ihub/daksha/install/daksha_msgs/include/daksha_msgs/daksha_msgs/srv/detail
[10.389s] -- Installing: /home/phy_ai/.ihub/daksha/install/daksha_msgs/include/daksha_msgs/daksha_msgs/srv/detail/start_record__builder.hpp
[10.389s] -- Installing: /home/phy_ai/.ihub/daksha/install/daksha_msgs/include/daksha_msgs/daksha_msgs/srv/detail/start_replay__type_support.hpp
[10.389s] -- Installing: /home/phy_ai/.ihub/daksha/install/daksha_msgs/include/daksha_msgs/daksha_msgs/srv/detail/start_record__traits.hpp
[10.390s] -- Installing: /home/phy_ai/.ihub/daksha/install/daksha_msgs/include/daksha_msgs/daksha_msgs/srv/detail/start_record__type_support.hpp
[10.390s] -- Installing: /home/phy_ai/.ihub/daksha/install/daksha_msgs/include/daksha_msgs/daksha_msgs/srv/detail/start_replay__builder.hpp
[10.390s] -- Installing: /home/phy_ai/.ihub/daksha/install/daksha_msgs/include/daksha_msgs/daksha_msgs/srv/detail/start_replay__struct.hpp
[10.390s] -- Installing: /home/phy_ai/.ihub/daksha/install/daksha_msgs/include/daksha_msgs/daksha_msgs/srv/detail/start_replay__traits.hpp
[10.390s] -- Installing: /home/phy_ai/.ihub/daksha/install/daksha_msgs/include/daksha_msgs/daksha_msgs/srv/detail/start_record__struct.hpp
[10.390s] -- Installing: /home/phy_ai/.ihub/daksha/install/daksha_msgs/include/daksha_msgs/daksha_msgs/srv/start_replay.hpp
[10.390s] -- Up-to-date: /home/phy_ai/.ihub/daksha/install/daksha_msgs/include/daksha_msgs/daksha_msgs/msg
[10.390s] -- Installing: /home/phy_ai/.ihub/daksha/install/daksha_msgs/include/daksha_msgs/daksha_msgs/msg/rosidl_generator_cpp__visibility_control.hpp
[10.391s] -- Up-to-date: /home/phy_ai/.ihub/daksha/install/daksha_msgs/include/daksha_msgs/daksha_msgs
[10.391s] -- Up-to-date: /home/phy_ai/.ihub/daksha/install/daksha_msgs/include/daksha_msgs/daksha_msgs/srv
[10.391s] -- Up-to-date: /home/phy_ai/.ihub/daksha/install/daksha_msgs/include/daksha_msgs/daksha_msgs/srv/detail
[10.391s] -- Installing: /home/phy_ai/.ihub/daksha/install/daksha_msgs/include/daksha_msgs/daksha_msgs/srv/detail/start_record__rosidl_typesupport_fastrtps_cpp.hpp
[10.391s] -- Installing: /home/phy_ai/.ihub/daksha/install/daksha_msgs/include/daksha_msgs/daksha_msgs/srv/detail/dds_fastrtps
[10.391s] -- Installing: /home/phy_ai/.ihub/daksha/install/daksha_msgs/include/daksha_msgs/daksha_msgs/srv/detail/start_replay__rosidl_typesupport_fastrtps_cpp.hpp
[10.392s] -- Up-to-date: /home/phy_ai/.ihub/daksha/install/daksha_msgs/include/daksha_msgs/daksha_msgs/msg
[10.392s] -- Installing: /home/phy_ai/.ihub/daksha/install/daksha_msgs/include/daksha_msgs/daksha_msgs/msg/rosidl_typesupport_fastrtps_cpp__visibility_control.h
[10.392s] -- Installing: /home/phy_ai/.ihub/daksha/install/daksha_msgs/lib/libdaksha_msgs__rosidl_typesupport_fastrtps_cpp.so
[10.393s] -- Set runtime path of "/home/phy_ai/.ihub/daksha/install/daksha_msgs/lib/libdaksha_msgs__rosidl_typesupport_fastrtps_cpp.so" to ""
[10.393s] -- Up-to-date: /home/phy_ai/.ihub/daksha/install/daksha_msgs/include/daksha_msgs/daksha_msgs
[10.393s] -- Up-to-date: /home/phy_ai/.ihub/daksha/install/daksha_msgs/include/daksha_msgs/daksha_msgs/srv
[10.393s] -- Up-to-date: /home/phy_ai/.ihub/daksha/install/daksha_msgs/include/daksha_msgs/daksha_msgs/srv/detail
[10.394s] -- Installing: /home/phy_ai/.ihub/daksha/install/daksha_msgs/include/daksha_msgs/daksha_msgs/srv/detail/start_replay__rosidl_typesupport_introspection_cpp.hpp
[10.394s] -- Installing: /home/phy_ai/.ihub/daksha/install/daksha_msgs/include/daksha_msgs/daksha_msgs/srv/detail/start_record__rosidl_typesupport_introspection_cpp.hpp
[10.394s] -- Installing: /home/phy_ai/.ihub/daksha/install/daksha_msgs/include/daksha_msgs/daksha_msgs/srv/detail/start_replay__type_support.cpp
[10.394s] -- Installing: /home/phy_ai/.ihub/daksha/install/daksha_msgs/include/daksha_msgs/daksha_msgs/srv/detail/start_record__type_support.cpp
[10.394s] -- Installing: /home/phy_ai/.ihub/daksha/install/daksha_msgs/lib/libdaksha_msgs__rosidl_typesupport_introspection_cpp.so
[10.395s] -- Set runtime path of "/home/phy_ai/.ihub/daksha/install/daksha_msgs/lib/libdaksha_msgs__rosidl_typesupport_introspection_cpp.so" to ""
[10.395s] -- Installing: /home/phy_ai/.ihub/daksha/install/daksha_msgs/lib/libdaksha_msgs__rosidl_typesupport_cpp.so
[10.396s] -- Set runtime path of "/home/phy_ai/.ihub/daksha/install/daksha_msgs/lib/libdaksha_msgs__rosidl_typesupport_cpp.so" to ""
[10.396s] -- Installing: /home/phy_ai/.ihub/daksha/install/daksha_msgs/share/daksha_msgs/environment/pythonpath.sh
[10.396s] -- Installing: /home/phy_ai/.ihub/daksha/install/daksha_msgs/share/daksha_msgs/environment/pythonpath.dsv
[10.396s] -- Installing: /home/phy_ai/.ihub/daksha/install/daksha_msgs/local/lib/python3.10/dist-packages/daksha_msgs-0.0.1-py3.10.egg-info
[10.397s] -- Installing: /home/phy_ai/.ihub/daksha/install/daksha_msgs/local/lib/python3.10/dist-packages/daksha_msgs-0.0.1-py3.10.egg-info/SOURCES.txt
[10.398s] -- Installing: /home/phy_ai/.ihub/daksha/install/daksha_msgs/local/lib/python3.10/dist-packages/daksha_msgs-0.0.1-py3.10.egg-info/top_level.txt
[10.398s] -- Installing: /home/phy_ai/.ihub/daksha/install/daksha_msgs/local/lib/python3.10/dist-packages/daksha_msgs-0.0.1-py3.10.egg-info/PKG-INFO
[10.398s] -- Installing: /home/phy_ai/.ihub/daksha/install/daksha_msgs/local/lib/python3.10/dist-packages/daksha_msgs-0.0.1-py3.10.egg-info/dependency_links.txt
[10.398s] -- Installing: /home/phy_ai/.ihub/daksha/install/daksha_msgs/local/lib/python3.10/dist-packages/daksha_msgs
[10.398s] -- Installing: /home/phy_ai/.ihub/daksha/install/daksha_msgs/local/lib/python3.10/dist-packages/daksha_msgs/srv
[10.399s] -- Installing: /home/phy_ai/.ihub/daksha/install/daksha_msgs/local/lib/python3.10/dist-packages/daksha_msgs/srv/_start_record.py
[10.401s] -- Installing: /home/phy_ai/.ihub/daksha/install/daksha_msgs/local/lib/python3.10/dist-packages/daksha_msgs/srv/_start_replay.py
[10.406s] -- Installing: /home/phy_ai/.ihub/daksha/install/daksha_msgs/local/lib/python3.10/dist-packages/daksha_msgs/srv/_start_replay_s.c
[10.406s] -- Installing: /home/phy_ai/.ihub/daksha/install/daksha_msgs/local/lib/python3.10/dist-packages/daksha_msgs/srv/_start_record_s.c
[10.406s] -- Installing: /home/phy_ai/.ihub/daksha/install/daksha_msgs/local/lib/python3.10/dist-packages/daksha_msgs/srv/__init__.py
[10.406s] -- Installing: /home/phy_ai/.ihub/daksha/install/daksha_msgs/local/lib/python3.10/dist-packages/daksha_msgs/daksha_msgs_s__rosidl_typesupport_fastrtps_c.cpython-310-x86_64-linux-gnu.so
[10.406s] -- Installing: /home/phy_ai/.ihub/daksha/install/daksha_msgs/local/lib/python3.10/dist-packages/daksha_msgs/_daksha_msgs_s.ep.rosidl_typesupport_fastrtps_c.c
[10.406s] -- Installing: /home/phy_ai/.ihub/daksha/install/daksha_msgs/local/lib/python3.10/dist-packages/daksha_msgs/__init__.py
[10.406s] -- Installing: /home/phy_ai/.ihub/daksha/install/daksha_msgs/local/lib/python3.10/dist-packages/daksha_msgs/libdaksha_msgs__rosidl_generator_py.so
[10.406s] -- Installing: /home/phy_ai/.ihub/daksha/install/daksha_msgs/local/lib/python3.10/dist-packages/daksha_msgs/_daksha_msgs_s.ep.rosidl_typesupport_introspection_c.c
[10.406s] -- Installing: /home/phy_ai/.ihub/daksha/install/daksha_msgs/local/lib/python3.10/dist-packages/daksha_msgs/daksha_msgs_s__rosidl_typesupport_introspection_c.cpython-310-x86_64-linux-gnu.so
[10.407s] -- Installing: /home/phy_ai/.ihub/daksha/install/daksha_msgs/local/lib/python3.10/dist-packages/daksha_msgs/_daksha_msgs_s.ep.rosidl_typesupport_c.c
[10.407s] -- Installing: /home/phy_ai/.ihub/daksha/install/daksha_msgs/local/lib/python3.10/dist-packages/daksha_msgs/daksha_msgs_s__rosidl_typesupport_c.cpython-310-x86_64-linux-gnu.so
[10.511s] Listing '/home/phy_ai/.ihub/daksha/install/daksha_msgs/local/lib/python3.10/dist-packages/daksha_msgs'...
[10.511s] Compiling '/home/phy_ai/.ihub/daksha/install/daksha_msgs/local/lib/python3.10/dist-packages/daksha_msgs/__init__.py'...
[10.511s] Listing '/home/phy_ai/.ihub/daksha/install/daksha_msgs/local/lib/python3.10/dist-packages/daksha_msgs/srv'...
[10.511s] Compiling '/home/phy_ai/.ihub/daksha/install/daksha_msgs/local/lib/python3.10/dist-packages/daksha_msgs/srv/__init__.py'...
[10.511s] Compiling '/home/phy_ai/.ihub/daksha/install/daksha_msgs/local/lib/python3.10/dist-packages/daksha_msgs/srv/_start_record.py'...
[10.511s] Compiling '/home/phy_ai/.ihub/daksha/install/daksha_msgs/local/lib/python3.10/dist-packages/daksha_msgs/srv/_start_replay.py'...
[10.525s] -- Installing: /home/phy_ai/.ihub/daksha/install/daksha_msgs/local/lib/python3.10/dist-packages/daksha_msgs/daksha_msgs_s__rosidl_typesupport_fastrtps_c.cpython-310-x86_64-linux-gnu.so
[10.526s] -- Set runtime path of "/home/phy_ai/.ihub/daksha/install/daksha_msgs/local/lib/python3.10/dist-packages/daksha_msgs/daksha_msgs_s__rosidl_typesupport_fastrtps_c.cpython-310-x86_64-linux-gnu.so" to ""
[10.527s] -- Installing: /home/phy_ai/.ihub/daksha/install/daksha_msgs/local/lib/python3.10/dist-packages/daksha_msgs/daksha_msgs_s__rosidl_typesupport_introspection_c.cpython-310-x86_64-linux-gnu.so
[10.528s] -- Set runtime path of "/home/phy_ai/.ihub/daksha/install/daksha_msgs/local/lib/python3.10/dist-packages/daksha_msgs/daksha_msgs_s__rosidl_typesupport_introspection_c.cpython-310-x86_64-linux-gnu.so" to ""
[10.529s] -- Installing: /home/phy_ai/.ihub/daksha/install/daksha_msgs/local/lib/python3.10/dist-packages/daksha_msgs/daksha_msgs_s__rosidl_typesupport_c.cpython-310-x86_64-linux-gnu.so
[10.536s] -- Set runtime path of "/home/phy_ai/.ihub/daksha/install/daksha_msgs/local/lib/python3.10/dist-packages/daksha_msgs/daksha_msgs_s__rosidl_typesupport_c.cpython-310-x86_64-linux-gnu.so" to ""
[10.536s] -- Installing: /home/phy_ai/.ihub/daksha/install/daksha_msgs/lib/libdaksha_msgs__rosidl_generator_py.so
[10.536s] -- Set runtime path of "/home/phy_ai/.ihub/daksha/install/daksha_msgs/lib/libdaksha_msgs__rosidl_generator_py.so" to ""
[10.536s] -- Installing: /home/phy_ai/.ihub/daksha/install/daksha_msgs/share/ament_index/resource_index/rust_packages/daksha_msgs
[10.536s] -- Installing: /home/phy_ai/.ihub/daksha/install/daksha_msgs/share/daksha_msgs/rust
[10.536s] -- Installing: /home/phy_ai/.ihub/daksha/install/daksha_msgs/share/daksha_msgs/rust/build.rs
[10.537s] -- Installing: /home/phy_ai/.ihub/daksha/install/daksha_msgs/share/daksha_msgs/rust/src
[10.537s] -- Installing: /home/phy_ai/.ihub/daksha/install/daksha_msgs/share/daksha_msgs/rust/src/srv
[10.538s] -- Installing: /home/phy_ai/.ihub/daksha/install/daksha_msgs/share/daksha_msgs/rust/src/srv/rmw.rs
[10.538s] -- Installing: /home/phy_ai/.ihub/daksha/install/daksha_msgs/share/daksha_msgs/rust/src/lib.rs
[10.539s] -- Installing: /home/phy_ai/.ihub/daksha/install/daksha_msgs/share/daksha_msgs/rust/src/srv.rs
[10.540s] -- Installing: /home/phy_ai/.ihub/daksha/install/daksha_msgs/share/daksha_msgs/rust/Cargo.toml
[10.547s] -- Installing: /home/phy_ai/.ihub/daksha/install/daksha_msgs/share/daksha_msgs/srv/StartRecord.idl
[10.547s] -- Installing: /home/phy_ai/.ihub/daksha/install/daksha_msgs/share/daksha_msgs/srv/StartReplay.idl
[10.547s] -- Installing: /home/phy_ai/.ihub/daksha/install/daksha_msgs/share/daksha_msgs/srv/StartRecord.srv
[10.547s] -- Installing: /home/phy_ai/.ihub/daksha/install/daksha_msgs/share/daksha_msgs/srv/StartRecord_Request.msg
[10.547s] -- Installing: /home/phy_ai/.ihub/daksha/install/daksha_msgs/share/daksha_msgs/srv/StartRecord_Response.msg
[10.547s] -- Installing: /home/phy_ai/.ihub/daksha/install/daksha_msgs/share/daksha_msgs/srv/StartReplay.srv
[10.547s] -- Installing: /home/phy_ai/.ihub/daksha/install/daksha_msgs/share/daksha_msgs/srv/StartReplay_Request.msg
[10.547s] -- Installing: /home/phy_ai/.ihub/daksha/install/daksha_msgs/share/daksha_msgs/srv/StartReplay_Response.msg
[10.548s] -- Installing: /home/phy_ai/.ihub/daksha/install/daksha_msgs/share/ament_index/resource_index/package_run_dependencies/daksha_msgs
[10.549s] -- Installing: /home/phy_ai/.ihub/daksha/install/daksha_msgs/share/ament_index/resource_index/parent_prefix_path/daksha_msgs
[10.555s] -- Installing: /home/phy_ai/.ihub/daksha/install/daksha_msgs/share/daksha_msgs/environment/ament_prefix_path.sh
[10.555s] -- Installing: /home/phy_ai/.ihub/daksha/install/daksha_msgs/share/daksha_msgs/environment/ament_prefix_path.dsv
[10.556s] -- Installing: /home/phy_ai/.ihub/daksha/install/daksha_msgs/share/daksha_msgs/environment/path.sh
[10.556s] -- Installing: /home/phy_ai/.ihub/daksha/install/daksha_msgs/share/daksha_msgs/environment/path.dsv
[10.556s] -- Installing: /home/phy_ai/.ihub/daksha/install/daksha_msgs/share/daksha_msgs/local_setup.bash
[10.556s] -- Installing: /home/phy_ai/.ihub/daksha/install/daksha_msgs/share/daksha_msgs/local_setup.sh
[10.556s] -- Installing: /home/phy_ai/.ihub/daksha/install/daksha_msgs/share/daksha_msgs/local_setup.zsh
[10.557s] -- Installing: /home/phy_ai/.ihub/daksha/install/daksha_msgs/share/daksha_msgs/local_setup.dsv
[10.557s] -- Installing: /home/phy_ai/.ihub/daksha/install/daksha_msgs/share/daksha_msgs/package.dsv
[10.563s] -- Installing: /home/phy_ai/.ihub/daksha/install/daksha_msgs/share/ament_index/resource_index/packages/daksha_msgs
[10.564s] -- Installing: /home/phy_ai/.ihub/daksha/install/daksha_msgs/share/daksha_msgs/cmake/export_daksha_msgs__rosidl_generator_cExport.cmake
[10.564s] -- Installing: /home/phy_ai/.ihub/daksha/install/daksha_msgs/share/daksha_msgs/cmake/export_daksha_msgs__rosidl_generator_cExport-noconfig.cmake
[10.564s] -- Installing: /home/phy_ai/.ihub/daksha/install/daksha_msgs/share/daksha_msgs/cmake/export_daksha_msgs__rosidl_typesupport_fastrtps_cExport.cmake
[10.564s] -- Installing: /home/phy_ai/.ihub/daksha/install/daksha_msgs/share/daksha_msgs/cmake/export_daksha_msgs__rosidl_typesupport_fastrtps_cExport-noconfig.cmake
[10.564s] -- Installing: /home/phy_ai/.ihub/daksha/install/daksha_msgs/share/daksha_msgs/cmake/daksha_msgs__rosidl_typesupport_introspection_cExport.cmake
[10.565s] -- Installing: /home/phy_ai/.ihub/daksha/install/daksha_msgs/share/daksha_msgs/cmake/daksha_msgs__rosidl_typesupport_introspection_cExport-noconfig.cmake
[10.565s] -- Installing: /home/phy_ai/.ihub/daksha/install/daksha_msgs/share/daksha_msgs/cmake/daksha_msgs__rosidl_typesupport_cExport.cmake
[10.572s] -- Installing: /home/phy_ai/.ihub/daksha/install/daksha_msgs/share/daksha_msgs/cmake/daksha_msgs__rosidl_typesupport_cExport-noconfig.cmake
[10.572s] -- Installing: /home/phy_ai/.ihub/daksha/install/daksha_msgs/share/daksha_msgs/cmake/export_daksha_msgs__rosidl_generator_cppExport.cmake
[10.572s] -- Installing: /home/phy_ai/.ihub/daksha/install/daksha_msgs/share/daksha_msgs/cmake/export_daksha_msgs__rosidl_typesupport_fastrtps_cppExport.cmake
[10.572s] -- Installing: /home/phy_ai/.ihub/daksha/install/daksha_msgs/share/daksha_msgs/cmake/export_daksha_msgs__rosidl_typesupport_fastrtps_cppExport-noconfig.cmake
[10.572s] -- Installing: /home/phy_ai/.ihub/daksha/install/daksha_msgs/share/daksha_msgs/cmake/daksha_msgs__rosidl_typesupport_introspection_cppExport.cmake
[10.572s] -- Installing: /home/phy_ai/.ihub/daksha/install/daksha_msgs/share/daksha_msgs/cmake/daksha_msgs__rosidl_typesupport_introspection_cppExport-noconfig.cmake
[10.572s] -- Installing: /home/phy_ai/.ihub/daksha/install/daksha_msgs/share/daksha_msgs/cmake/daksha_msgs__rosidl_typesupport_cppExport.cmake
[10.574s] -- Installing: /home/phy_ai/.ihub/daksha/install/daksha_msgs/share/daksha_msgs/cmake/daksha_msgs__rosidl_typesupport_cppExport-noconfig.cmake
[10.574s] -- Installing: /home/phy_ai/.ihub/daksha/install/daksha_msgs/share/daksha_msgs/cmake/export_daksha_msgs__rosidl_generator_pyExport.cmake
[10.574s] -- Installing: /home/phy_ai/.ihub/daksha/install/daksha_msgs/share/daksha_msgs/cmake/export_daksha_msgs__rosidl_generator_pyExport-noconfig.cmake
[10.574s] -- Installing: /home/phy_ai/.ihub/daksha/install/daksha_msgs/share/daksha_msgs/cmake/rosidl_cmake-extras.cmake
[10.574s] -- Installing: /home/phy_ai/.ihub/daksha/install/daksha_msgs/share/daksha_msgs/cmake/ament_cmake_export_include_directories-extras.cmake
[10.580s] -- Installing: /home/phy_ai/.ihub/daksha/install/daksha_msgs/share/daksha_msgs/cmake/ament_cmake_export_libraries-extras.cmake
[10.580s] -- Installing: /home/phy_ai/.ihub/daksha/install/daksha_msgs/share/daksha_msgs/cmake/ament_cmake_export_targets-extras.cmake
[10.580s] -- Installing: /home/phy_ai/.ihub/daksha/install/daksha_msgs/share/daksha_msgs/cmake/rosidl_cmake_export_typesupport_targets-extras.cmake
[10.580s] -- Installing: /home/phy_ai/.ihub/daksha/install/daksha_msgs/share/daksha_msgs/cmake/ament_cmake_export_dependencies-extras.cmake
[10.581s] -- Installing: /home/phy_ai/.ihub/daksha/install/daksha_msgs/share/daksha_msgs/cmake/rosidl_cmake_export_typesupport_libraries-extras.cmake
[10.581s] -- Installing: /home/phy_ai/.ihub/daksha/install/daksha_msgs/share/daksha_msgs/cmake/rosidl_cmake_aggregate_target-extras.cmake
[10.582s] -- Installing: /home/phy_ai/.ihub/daksha/install/daksha_msgs/share/daksha_msgs/cmake/daksha_msgsConfig.cmake
[10.590s] -- Installing: /home/phy_ai/.ihub/daksha/install/daksha_msgs/share/daksha_msgs/cmake/daksha_msgsConfig-version.cmake
[10.590s] -- Installing: /home/phy_ai/.ihub/daksha/install/daksha_msgs/share/daksha_msgs/package.xml
[10.597s] Invoked command in '/home/phy_ai/.ihub/daksha/build/daksha_msgs' returned '0': CMAKE_PREFIX_PATH=${CMAKE_PREFIX_PATH}:/home/phy_ai/.barani/gen2_full/install/world_camera_launch:/home/phy_ai/.barani/gen2_full/install/gen2:/home/phy_ai/.barani/gen2_full/install/vr_teleop:/home/phy_ai/.barani/gen2_full/install/ros_tcp_endpoint:/home/phy_ai/.barani/gen2_full/install/nav_bringup:/home/phy_ai/.barani/gen2_full/install/nav2_config:/home/phy_ai/.barani/gen2_full/install/kinematics:/home/phy_ai/.barani/gen2_full/install/joint_cmd_logger:/home/phy_ai/.barani/gen2_full/install/joint_analyzer:/home/phy_ai/.barani/gen2_full/install/daksha_data_collection:/home/phy_ai/.barani/gen2_full/install/gen2_leader:/home/phy_ai/.barani/gen2_full/install/amr_bringup:/home/phy_ai/.barani/gen2_full/install/daksha_final_urdf_description:/home/phy_ai/.barani/gen2_full/install/daksha_description_full_body:/home/phy_ai/.barani/gen2_full/install/daksha_base_urdf:/home/phy_ai/.barani/gen2_full/install/daksha_api_bridge_leader:/home/phy_ai/.barani/gen2_full/install/daksha_api_bridge_follower:/opt/ros/humble /usr/bin/cmake --install /home/phy_ai/.ihub/daksha/build/daksha_msgs
