[7.692s] Invoking command in '/home/phy_ai/.ihub/daksha/src/tele/ROS-TCP-Endpoint': PYTHONPATH=/home/phy_ai/.ihub/daksha/build/ros_tcp_endpoint/prefix_override:/usr/lib/python3/dist-packages/colcon_core/task/python/colcon_distutils_commands:/home/phy_ai/.ihub/daksha/install/ros_tcp_endpoint/lib/python3.10/site-packages:${PYTHONPATH} /usr/bin/python3 -W ignore:setup.py install is deprecated -W ignore:easy_install command is deprecated setup.py egg_info --egg-base ../../../build/ros_tcp_endpoint build --build-base /home/phy_ai/.ihub/daksha/build/ros_tcp_endpoint/build install --record /home/phy_ai/.ihub/daksha/build/ros_tcp_endpoint/install.log --install-scripts $base/lib/ros_tcp_endpoint --single-version-externally-managed install_data
[8.664s] running egg_info
[8.667s] writing ../../../build/ros_tcp_endpoint/ros_tcp_endpoint.egg-info/PKG-INFO
[8.667s] writing dependency_links to ../../../build/ros_tcp_endpoint/ros_tcp_endpoint.egg-info/dependency_links.txt
[8.667s] writing entry points to ../../../build/ros_tcp_endpoint/ros_tcp_endpoint.egg-info/entry_points.txt
[8.672s] writing requirements to ../../../build/ros_tcp_endpoint/ros_tcp_endpoint.egg-info/requires.txt
[8.672s] writing top-level names to ../../../build/ros_tcp_endpoint/ros_tcp_endpoint.egg-info/top_level.txt
[8.672s] reading manifest file '../../../build/ros_tcp_endpoint/ros_tcp_endpoint.egg-info/SOURCES.txt'
[8.672s] adding license file 'LICENSE'
[8.673s] writing manifest file '../../../build/ros_tcp_endpoint/ros_tcp_endpoint.egg-info/SOURCES.txt'
[8.676s] running build
[8.677s] running build_py
[8.677s] running install
[8.677s] running install_lib
[8.681s] running install_data
[8.682s] running install_egg_info
[8.686s] removing '/home/phy_ai/.ihub/daksha/install/ros_tcp_endpoint/lib/python3.10/site-packages/ros_tcp_endpoint-0.0.1-py3.10.egg-info' (and everything under it)
[8.686s] Copying ../../../build/ros_tcp_endpoint/ros_tcp_endpoint.egg-info to /home/phy_ai/.ihub/daksha/install/ros_tcp_endpoint/lib/python3.10/site-packages/ros_tcp_endpoint-0.0.1-py3.10.egg-info
[8.688s] running install_scripts
[8.737s] Installing default_server_endpoint script to /home/phy_ai/.ihub/daksha/install/ros_tcp_endpoint/lib/ros_tcp_endpoint
[8.740s] writing list of installed files to '/home/phy_ai/.ihub/daksha/build/ros_tcp_endpoint/install.log'
[9.411s] Invoked command in '/home/phy_ai/.ihub/daksha/src/tele/ROS-TCP-Endpoint' returned '0': PYTHONPATH=/home/phy_ai/.ihub/daksha/build/ros_tcp_endpoint/prefix_override:/usr/lib/python3/dist-packages/colcon_core/task/python/colcon_distutils_commands:/home/phy_ai/.ihub/daksha/install/ros_tcp_endpoint/lib/python3.10/site-packages:${PYTHONPATH} /usr/bin/python3 -W ignore:setup.py install is deprecated -W ignore:easy_install command is deprecated setup.py egg_info --egg-base ../../../build/ros_tcp_endpoint build --build-base /home/phy_ai/.ihub/daksha/build/ros_tcp_endpoint/build install --record /home/phy_ai/.ihub/daksha/build/ros_tcp_endpoint/install.log --install-scripts $base/lib/ros_tcp_endpoint --single-version-externally-managed install_data
