[9.076s] Invoking command in '/home/phy_ai/.ihub/daksha/src/daksha_description_full_body': PYTHONPATH=/home/phy_ai/.ihub/daksha/build/daksha_description_full_body/prefix_override:/usr/lib/python3/dist-packages/colcon_core/task/python/colcon_distutils_commands:/home/phy_ai/.ihub/daksha/install/daksha_description_full_body/lib/python3.10/site-packages:${PYTHONPATH} /usr/bin/python3 -W ignore:setup.py install is deprecated -W ignore:easy_install command is deprecated setup.py egg_info --egg-base ../../build/daksha_description_full_body build --build-base /home/phy_ai/.ihub/daksha/build/daksha_description_full_body/build install --record /home/phy_ai/.ihub/daksha/build/daksha_description_full_body/install.log --install-scripts $base/lib/daksha_description_full_body --single-version-externally-managed install_data
[10.642s] running egg_info
[10.645s] writing ../../build/daksha_description_full_body/daksha_description_full_body.egg-info/PKG-INFO
[10.645s] writing dependency_links to ../../build/daksha_description_full_body/daksha_description_full_body.egg-info/dependency_links.txt
[10.646s] writing entry points to ../../build/daksha_description_full_body/daksha_description_full_body.egg-info/entry_points.txt
[10.647s] writing requirements to ../../build/daksha_description_full_body/daksha_description_full_body.egg-info/requires.txt
[10.647s] writing top-level names to ../../build/daksha_description_full_body/daksha_description_full_body.egg-info/top_level.txt
[10.656s] reading manifest file '../../build/daksha_description_full_body/daksha_description_full_body.egg-info/SOURCES.txt'
[10.657s] writing manifest file '../../build/daksha_description_full_body/daksha_description_full_body.egg-info/SOURCES.txt'
[10.657s] running build
[10.659s] running build_py
[10.660s] running install
[10.665s] running install_lib
[10.666s] running install_data
[10.668s] running install_egg_info
[10.674s] removing '/home/phy_ai/.ihub/daksha/install/daksha_description_full_body/lib/python3.10/site-packages/daksha_description_full_body-0.0.0-py3.10.egg-info' (and everything under it)
[10.678s] Copying ../../build/daksha_description_full_body/daksha_description_full_body.egg-info to /home/phy_ai/.ihub/daksha/install/daksha_description_full_body/lib/python3.10/site-packages/daksha_description_full_body-0.0.0-py3.10.egg-info
[10.679s] running install_scripts
[10.737s] writing list of installed files to '/home/phy_ai/.ihub/daksha/build/daksha_description_full_body/install.log'
[11.418s] Invoked command in '/home/phy_ai/.ihub/daksha/src/daksha_description_full_body' returned '0': PYTHONPATH=/home/phy_ai/.ihub/daksha/build/daksha_description_full_body/prefix_override:/usr/lib/python3/dist-packages/colcon_core/task/python/colcon_distutils_commands:/home/phy_ai/.ihub/daksha/install/daksha_description_full_body/lib/python3.10/site-packages:${PYTHONPATH} /usr/bin/python3 -W ignore:setup.py install is deprecated -W ignore:easy_install command is deprecated setup.py egg_info --egg-base ../../build/daksha_description_full_body build --build-base /home/phy_ai/.ihub/daksha/build/daksha_description_full_body/build install --record /home/phy_ai/.ihub/daksha/build/daksha_description_full_body/install.log --install-scripts $base/lib/daksha_description_full_body --single-version-externally-managed install_data
