[1.987s] Invoking command in '/home/phy_ai/.ihub/daksha/build/gesture_management': CMAKE_PREFIX_PATH=${CMAKE_PREFIX_PATH}:/home/phy_ai/.barani/gen2_full/install/world_camera_launch:/home/phy_ai/.barani/gen2_full/install/gen2:/home/phy_ai/.barani/gen2_full/install/vr_teleop:/home/phy_ai/.barani/gen2_full/install/ros_tcp_endpoint:/home/phy_ai/.barani/gen2_full/install/nav_bringup:/home/phy_ai/.barani/gen2_full/install/nav2_config:/home/phy_ai/.barani/gen2_full/install/kinematics:/home/phy_ai/.barani/gen2_full/install/joint_cmd_logger:/home/phy_ai/.barani/gen2_full/install/joint_analyzer:/home/phy_ai/.barani/gen2_full/install/daksha_data_collection:/home/phy_ai/.barani/gen2_full/install/gen2_leader:/home/phy_ai/.barani/gen2_full/install/amr_bringup:/home/phy_ai/.barani/gen2_full/install/daksha_final_urdf_description:/home/phy_ai/.barani/gen2_full/install/daksha_description_full_body:/home/phy_ai/.barani/gen2_full/install/daksha_base_urdf:/home/phy_ai/.barani/gen2_full/install/daksha_api_bridge_leader:/home/phy_ai/.barani/gen2_full/install/daksha_api_bridge_follower:/opt/ros/humble /usr/bin/cmake /home/phy_ai/.ihub/daksha/src/gesture_management -DCMAKE_INSTALL_PREFIX=/home/phy_ai/.ihub/daksha/install/gesture_management
[2.728s] -- The C compiler identification is GNU 11.4.0
[2.728s] -- The CXX compiler identification is GNU 11.4.0
[2.728s] -- Detecting C compiler ABI info
[2.728s] -- Detecting C compiler ABI info - done
[2.729s] -- Check for working C compiler: /usr/bin/cc - skipped
[2.729s] -- Detecting C compile features
[2.729s] -- Detecting C compile features - done
[2.729s] -- Detecting CXX compiler ABI info
[2.729s] -- Detecting CXX compiler ABI info - done
[2.729s] -- Check for working CXX compiler: /usr/bin/c++ - skipped
[2.729s] -- Detecting CXX compile features
[2.729s] -- Detecting CXX compile features - done
[2.729s] -- Found ament_cmake: 1.3.14 (/opt/ros/humble/share/ament_cmake/cmake)
[2.729s] -- Found Python3: /usr/bin/python3 (found version "3.10.12") found components: Interpreter 
[2.901s] -- Found rclpy: 3.3.21 (/opt/ros/humble/share/rclpy/cmake)
[2.910s] -- Found sensor_msgs: 4.9.2 (/opt/ros/humble/share/sensor_msgs/cmake)
[2.998s] -- Found rosidl_generator_c: 3.1.9 (/opt/ros/humble/share/rosidl_generator_c/cmake)
[3.016s] -- Found rosidl_adapter: 3.1.9 (/opt/ros/humble/share/rosidl_adapter/cmake)
[3.038s] -- Found rosidl_generator_cpp: 3.1.9 (/opt/ros/humble/share/rosidl_generator_cpp/cmake)
[3.062s] -- Using all available rosidl_typesupport_c: rosidl_typesupport_fastrtps_c;rosidl_typesupport_introspection_c
[3.100s] -- Using all available rosidl_typesupport_cpp: rosidl_typesupport_fastrtps_cpp;rosidl_typesupport_introspection_cpp
[3.256s] -- Found std_srvs: 4.9.2 (/opt/ros/humble/share/std_srvs/cmake)
[3.283s] -- Found rosidl_default_generators: 1.2.1 (/opt/ros/humble/share/rosidl_default_generators/cmake)
[4.188s] -- Found ament_cmake_ros: 0.10.0 (/opt/ros/humble/share/ament_cmake_ros/cmake)
[5.406s] -- Using all available rosidl_typesupport_c: rosidl_typesupport_fastrtps_c;rosidl_typesupport_introspection_c
[5.759s] -- Using all available rosidl_typesupport_cpp: rosidl_typesupport_fastrtps_cpp;rosidl_typesupport_introspection_cpp
[5.854s] -- Found PythonInterp: /usr/bin/python3 (found suitable version "3.10.12", minimum required is "3.6") 
[5.860s] -- Found python_cmake_module: 0.10.0 (/opt/ros/humble/share/python_cmake_module/cmake)
[5.996s] -- Found PythonLibs: /usr/lib/x86_64-linux-gnu/libpython3.10.so (found suitable version "3.10.12", minimum required is "3.5") 
[5.996s] -- Using PYTHON_EXECUTABLE: /usr/bin/python3
[5.996s] -- Using PYTHON_INCLUDE_DIRS: /usr/include/python3.10
[5.996s] -- Using PYTHON_LIBRARIES: /usr/lib/x86_64-linux-gnu/libpython3.10.so
[6.096s] -- Found PythonExtra: .so  
[6.605s] -- Configuring done
[6.704s] -- Generating done
[6.735s] -- Build files have been written to: /home/phy_ai/.ihub/daksha/build/gesture_management
[6.831s] Invoked command in '/home/phy_ai/.ihub/daksha/build/gesture_management' returned '0': CMAKE_PREFIX_PATH=${CMAKE_PREFIX_PATH}:/home/phy_ai/.barani/gen2_full/install/world_camera_launch:/home/phy_ai/.barani/gen2_full/install/gen2:/home/phy_ai/.barani/gen2_full/install/vr_teleop:/home/phy_ai/.barani/gen2_full/install/ros_tcp_endpoint:/home/phy_ai/.barani/gen2_full/install/nav_bringup:/home/phy_ai/.barani/gen2_full/install/nav2_config:/home/phy_ai/.barani/gen2_full/install/kinematics:/home/phy_ai/.barani/gen2_full/install/joint_cmd_logger:/home/phy_ai/.barani/gen2_full/install/joint_analyzer:/home/phy_ai/.barani/gen2_full/install/daksha_data_collection:/home/phy_ai/.barani/gen2_full/install/gen2_leader:/home/phy_ai/.barani/gen2_full/install/amr_bringup:/home/phy_ai/.barani/gen2_full/install/daksha_final_urdf_description:/home/phy_ai/.barani/gen2_full/install/daksha_description_full_body:/home/phy_ai/.barani/gen2_full/install/daksha_base_urdf:/home/phy_ai/.barani/gen2_full/install/daksha_api_bridge_leader:/home/phy_ai/.barani/gen2_full/install/daksha_api_bridge_follower:/opt/ros/humble /usr/bin/cmake /home/phy_ai/.ihub/daksha/src/gesture_management -DCMAKE_INSTALL_PREFIX=/home/phy_ai/.ihub/daksha/install/gesture_management
[6.831s] Invoking command in '/home/phy_ai/.ihub/daksha/build/gesture_management': CMAKE_PREFIX_PATH=${CMAKE_PREFIX_PATH}:/home/phy_ai/.barani/gen2_full/install/world_camera_launch:/home/phy_ai/.barani/gen2_full/install/gen2:/home/phy_ai/.barani/gen2_full/install/vr_teleop:/home/phy_ai/.barani/gen2_full/install/ros_tcp_endpoint:/home/phy_ai/.barani/gen2_full/install/nav_bringup:/home/phy_ai/.barani/gen2_full/install/nav2_config:/home/phy_ai/.barani/gen2_full/install/kinematics:/home/phy_ai/.barani/gen2_full/install/joint_cmd_logger:/home/phy_ai/.barani/gen2_full/install/joint_analyzer:/home/phy_ai/.barani/gen2_full/install/daksha_data_collection:/home/phy_ai/.barani/gen2_full/install/gen2_leader:/home/phy_ai/.barani/gen2_full/install/amr_bringup:/home/phy_ai/.barani/gen2_full/install/daksha_final_urdf_description:/home/phy_ai/.barani/gen2_full/install/daksha_description_full_body:/home/phy_ai/.barani/gen2_full/install/daksha_base_urdf:/home/phy_ai/.barani/gen2_full/install/daksha_api_bridge_leader:/home/phy_ai/.barani/gen2_full/install/daksha_api_bridge_follower:/opt/ros/humble /usr/bin/cmake --build /home/phy_ai/.ihub/daksha/build/gesture_management -- -j16 -l16
[6.970s] [  1%] [34m[1mGenerating Rust code for ROS interfaces[0m
[6.981s] [  2%] [34m[1mGenerating C code for ROS interfaces[0m
[7.023s] [  3%] [34m[1mGenerating C++ code for ROS interfaces[0m
[7.057s] [  3%] Built target ament_cmake_python_copy_gesture_management
[7.728s] running egg_info
[7.729s] creating gesture_management.egg-info
[7.730s] writing gesture_management.egg-info/PKG-INFO
[7.732s] writing dependency_links to gesture_management.egg-info/dependency_links.txt
[7.732s] writing top-level names to gesture_management.egg-info/top_level.txt
[7.733s] writing manifest file 'gesture_management.egg-info/SOURCES.txt'
[7.737s] reading manifest file 'gesture_management.egg-info/SOURCES.txt'
[7.738s] writing manifest file 'gesture_management.egg-info/SOURCES.txt'
[7.851s] [  3%] Built target ament_cmake_python_build_gesture_management_egg
[7.875s] [  3%] Built target gesture_management__rs
[9.173s] [  3%] Built target gesture_management__cpp
[9.213s] [  4%] [34m[1mGenerating C++ introspection for ROS interfaces[0m
[9.254s] [  5%] [34m[1mGenerating C++ type support for eProsima Fast-RTPS[0m
[9.258s] [  6%] [34m[1mGenerating C++ type support dispatch for ROS interfaces[0m
[9.411s] [  7%] [32mBuilding C object CMakeFiles/gesture_management__rosidl_generator_c.dir/rosidl_generator_c/gesture_management/srv/detail/play_sequence__functions.c.o[0m
[9.415s] [  9%] [32mBuilding C object CMakeFiles/gesture_management__rosidl_generator_c.dir/rosidl_generator_c/gesture_management/srv/detail/save_sequence__functions.c.o[0m
[9.420s] [ 11%] [32mBuilding C object CMakeFiles/gesture_management__rosidl_generator_c.dir/rosidl_generator_c/gesture_management/srv/detail/play_recording__functions.c.o[0m
[9.420s] [ 12%] [32mBuilding C object CMakeFiles/gesture_management__rosidl_generator_c.dir/rosidl_generator_c/gesture_management/srv/detail/replay_recording__functions.c.o[0m
[9.422s] [ 12%] [32mBuilding C object CMakeFiles/gesture_management__rosidl_generator_c.dir/rosidl_generator_c/gesture_management/srv/detail/start_recording__functions.c.o[0m
[9.437s] [ 13%] [32mBuilding C object CMakeFiles/gesture_management__rosidl_generator_c.dir/rosidl_generator_c/gesture_management/srv/detail/list_sequences__functions.c.o[0m
[9.443s] [ 15%] [32mBuilding C object CMakeFiles/gesture_management__rosidl_generator_c.dir/rosidl_generator_c/gesture_management/srv/detail/delete_sequence__functions.c.o[0m
[9.450s] [ 15%] [32mBuilding C object CMakeFiles/gesture_management__rosidl_generator_c.dir/rosidl_generator_c/gesture_management/srv/detail/get_replay_status__functions.c.o[0m
[9.744s] [ 17%] [32m[1mLinking C shared library libgesture_management__rosidl_generator_c.so[0m
[9.909s] [ 17%] Built target gesture_management__rosidl_generator_c
[9.943s] [ 18%] [34m[1mGenerating C type support for eProsima Fast-RTPS[0m
[9.961s] [ 19%] [34m[1mGenerating C type support dispatch for ROS interfaces[0m
[9.964s] [ 20%] [34m[1mGenerating C introspection for ROS interfaces[0m
[10.429s] [ 21%] [32mBuilding CXX object CMakeFiles/gesture_management__rosidl_typesupport_cpp.dir/rosidl_typesupport_cpp/gesture_management/srv/replay_recording__type_support.cpp.o[0m
[10.429s] [ 22%] [32mBuilding CXX object CMakeFiles/gesture_management__rosidl_typesupport_cpp.dir/rosidl_typesupport_cpp/gesture_management/srv/play_recording__type_support.cpp.o[0m
[10.432s] [ 23%] [32mBuilding CXX object CMakeFiles/gesture_management__rosidl_typesupport_cpp.dir/rosidl_typesupport_cpp/gesture_management/srv/start_recording__type_support.cpp.o[0m
[10.440s] [ 25%] [32mBuilding CXX object CMakeFiles/gesture_management__rosidl_typesupport_cpp.dir/rosidl_typesupport_cpp/gesture_management/srv/play_sequence__type_support.cpp.o[0m
[10.441s] [ 26%] [32mBuilding CXX object CMakeFiles/gesture_management__rosidl_typesupport_cpp.dir/rosidl_typesupport_cpp/gesture_management/srv/save_sequence__type_support.cpp.o[0m
[10.457s] [ 27%] [32mBuilding CXX object CMakeFiles/gesture_management__rosidl_typesupport_cpp.dir/rosidl_typesupport_cpp/gesture_management/srv/get_replay_status__type_support.cpp.o[0m
[10.463s] [ 28%] [32mBuilding CXX object CMakeFiles/gesture_management__rosidl_typesupport_cpp.dir/rosidl_typesupport_cpp/gesture_management/srv/delete_sequence__type_support.cpp.o[0m
[10.464s] [ 29%] [32mBuilding CXX object CMakeFiles/gesture_management__rosidl_typesupport_cpp.dir/rosidl_typesupport_cpp/gesture_management/srv/list_sequences__type_support.cpp.o[0m
[11.045s] [ 30%] [32mBuilding CXX object CMakeFiles/gesture_management__rosidl_typesupport_introspection_cpp.dir/rosidl_typesupport_introspection_cpp/gesture_management/srv/detail/start_recording__type_support.cpp.o[0m
[11.064s] [ 31%] [32mBuilding CXX object CMakeFiles/gesture_management__rosidl_typesupport_introspection_cpp.dir/rosidl_typesupport_introspection_cpp/gesture_management/srv/detail/replay_recording__type_support.cpp.o[0m
[11.067s] [ 32%] [32mBuilding CXX object CMakeFiles/gesture_management__rosidl_typesupport_introspection_cpp.dir/rosidl_typesupport_introspection_cpp/gesture_management/srv/detail/play_recording__type_support.cpp.o[0m
[11.077s] [ 34%] [32mBuilding CXX object CMakeFiles/gesture_management__rosidl_typesupport_introspection_cpp.dir/rosidl_typesupport_introspection_cpp/gesture_management/srv/detail/play_sequence__type_support.cpp.o[0m
[11.077s] [ 35%] [32mBuilding CXX object CMakeFiles/gesture_management__rosidl_typesupport_introspection_cpp.dir/rosidl_typesupport_introspection_cpp/gesture_management/srv/detail/delete_sequence__type_support.cpp.o[0m
[11.088s] [ 36%] [32mBuilding CXX object CMakeFiles/gesture_management__rosidl_typesupport_introspection_cpp.dir/rosidl_typesupport_introspection_cpp/gesture_management/srv/detail/save_sequence__type_support.cpp.o[0m
[11.127s] [ 37%] [32mBuilding CXX object CMakeFiles/gesture_management__rosidl_typesupport_introspection_cpp.dir/rosidl_typesupport_introspection_cpp/gesture_management/srv/detail/list_sequences__type_support.cpp.o[0m
[11.135s] [ 38%] [32mBuilding CXX object CMakeFiles/gesture_management__rosidl_typesupport_introspection_cpp.dir/rosidl_typesupport_introspection_cpp/gesture_management/srv/detail/get_replay_status__type_support.cpp.o[0m
[11.323s] [ 39%] [32mBuilding CXX object CMakeFiles/gesture_management__rosidl_typesupport_c.dir/rosidl_typesupport_c/gesture_management/srv/start_recording__type_support.cpp.o[0m
[11.336s] [ 42%] [32mBuilding CXX object CMakeFiles/gesture_management__rosidl_typesupport_c.dir/rosidl_typesupport_c/gesture_management/srv/replay_recording__type_support.cpp.o[0m
[11.336s] [ 42%] [32mBuilding CXX object CMakeFiles/gesture_management__rosidl_typesupport_c.dir/rosidl_typesupport_c/gesture_management/srv/play_recording__type_support.cpp.o[0m
[11.358s] [ 43%] [32mBuilding CXX object CMakeFiles/gesture_management__rosidl_typesupport_c.dir/rosidl_typesupport_c/gesture_management/srv/play_sequence__type_support.cpp.o[0m
[11.425s] [ 44%] [32m[1mLinking CXX shared library libgesture_management__rosidl_typesupport_cpp.so[0m
[11.447s] [ 45%] [32mBuilding CXX object CMakeFiles/gesture_management__rosidl_typesupport_c.dir/rosidl_typesupport_c/gesture_management/srv/save_sequence__type_support.cpp.o[0m
[11.461s] [ 46%] [32mBuilding CXX object CMakeFiles/gesture_management__rosidl_typesupport_c.dir/rosidl_typesupport_c/gesture_management/srv/delete_sequence__type_support.cpp.o[0m
[11.479s] [ 47%] [32mBuilding CXX object CMakeFiles/gesture_management__rosidl_typesupport_c.dir/rosidl_typesupport_c/gesture_management/srv/list_sequences__type_support.cpp.o[0m
[11.562s] [ 48%] [32mBuilding CXX object CMakeFiles/gesture_management__rosidl_typesupport_c.dir/rosidl_typesupport_c/gesture_management/srv/get_replay_status__type_support.cpp.o[0m
[11.585s] [ 50%] [32mBuilding CXX object CMakeFiles/gesture_management__rosidl_typesupport_fastrtps_cpp.dir/rosidl_typesupport_fastrtps_cpp/gesture_management/srv/detail/dds_fastrtps/start_recording__type_support.cpp.o[0m
[11.594s] [ 51%] [32mBuilding CXX object CMakeFiles/gesture_management__rosidl_typesupport_fastrtps_cpp.dir/rosidl_typesupport_fastrtps_cpp/gesture_management/srv/detail/dds_fastrtps/replay_recording__type_support.cpp.o[0m
[11.609s] [ 51%] Built target gesture_management__rosidl_typesupport_cpp
[11.623s] [ 52%] [32mBuilding CXX object CMakeFiles/gesture_management__rosidl_typesupport_fastrtps_cpp.dir/rosidl_typesupport_fastrtps_cpp/gesture_management/srv/detail/dds_fastrtps/play_recording__type_support.cpp.o[0m
[11.641s] [ 53%] [32mBuilding CXX object CMakeFiles/gesture_management__rosidl_typesupport_fastrtps_cpp.dir/rosidl_typesupport_fastrtps_cpp/gesture_management/srv/detail/dds_fastrtps/play_sequence__type_support.cpp.o[0m
[11.701s] [ 54%] [32m[1mLinking CXX shared library libgesture_management__rosidl_typesupport_c.so[0m
[11.703s] [ 55%] [32mBuilding CXX object CMakeFiles/gesture_management__rosidl_typesupport_fastrtps_cpp.dir/rosidl_typesupport_fastrtps_cpp/gesture_management/srv/detail/dds_fastrtps/save_sequence__type_support.cpp.o[0m
[11.851s] [ 56%] [32mBuilding CXX object CMakeFiles/gesture_management__rosidl_typesupport_fastrtps_c.dir/rosidl_typesupport_fastrtps_c/gesture_management/srv/detail/start_recording__type_support_c.cpp.o[0m
[11.879s] [ 57%] [32mBuilding CXX object CMakeFiles/gesture_management__rosidl_typesupport_fastrtps_cpp.dir/rosidl_typesupport_fastrtps_cpp/gesture_management/srv/detail/dds_fastrtps/delete_sequence__type_support.cpp.o[0m
[11.901s] [ 57%] Built target gesture_management__rosidl_typesupport_c
[11.943s] [ 59%] [32mBuilding CXX object CMakeFiles/gesture_management__rosidl_typesupport_fastrtps_c.dir/rosidl_typesupport_fastrtps_c/gesture_management/srv/detail/replay_recording__type_support_c.cpp.o[0m
[11.963s] [ 60%] [32mBuilding CXX object CMakeFiles/gesture_management__rosidl_typesupport_fastrtps_cpp.dir/rosidl_typesupport_fastrtps_cpp/gesture_management/srv/detail/dds_fastrtps/list_sequences__type_support.cpp.o[0m
[12.047s] [ 61%] [32mBuilding CXX object CMakeFiles/gesture_management__rosidl_typesupport_fastrtps_cpp.dir/rosidl_typesupport_fastrtps_cpp/gesture_management/srv/detail/dds_fastrtps/get_replay_status__type_support.cpp.o[0m
[12.077s] [ 62%] [32mBuilding CXX object CMakeFiles/gesture_management__rosidl_typesupport_fastrtps_c.dir/rosidl_typesupport_fastrtps_c/gesture_management/srv/detail/play_recording__type_support_c.cpp.o[0m
[12.166s] [ 63%] [32mBuilding CXX object CMakeFiles/gesture_management__rosidl_typesupport_fastrtps_c.dir/rosidl_typesupport_fastrtps_c/gesture_management/srv/detail/play_sequence__type_support_c.cpp.o[0m
[12.407s] [ 64%] [32mBuilding C object CMakeFiles/gesture_management__rosidl_typesupport_introspection_c.dir/rosidl_typesupport_introspection_c/gesture_management/srv/detail/start_recording__type_support.c.o[0m
[12.475s] [ 65%] [32mBuilding C object CMakeFiles/gesture_management__rosidl_typesupport_introspection_c.dir/rosidl_typesupport_introspection_c/gesture_management/srv/detail/replay_recording__type_support.c.o[0m
[12.563s] [ 67%] [32mBuilding C object CMakeFiles/gesture_management__rosidl_typesupport_introspection_c.dir/rosidl_typesupport_introspection_c/gesture_management/srv/detail/play_recording__type_support.c.o[0m
[12.607s] [ 68%] [32mBuilding CXX object CMakeFiles/gesture_management__rosidl_typesupport_fastrtps_c.dir/rosidl_typesupport_fastrtps_c/gesture_management/srv/detail/save_sequence__type_support_c.cpp.o[0m
[12.639s] [ 69%] [32mBuilding C object CMakeFiles/gesture_management__rosidl_typesupport_introspection_c.dir/rosidl_typesupport_introspection_c/gesture_management/srv/detail/play_sequence__type_support.c.o[0m
[12.679s] [ 70%] [32mBuilding CXX object CMakeFiles/gesture_management__rosidl_typesupport_fastrtps_c.dir/rosidl_typesupport_fastrtps_c/gesture_management/srv/detail/delete_sequence__type_support_c.cpp.o[0m
[12.727s] [ 71%] [32mBuilding C object CMakeFiles/gesture_management__rosidl_typesupport_introspection_c.dir/rosidl_typesupport_introspection_c/gesture_management/srv/detail/save_sequence__type_support.c.o[0m
[12.737s] [ 72%] [32mBuilding CXX object CMakeFiles/gesture_management__rosidl_typesupport_fastrtps_c.dir/rosidl_typesupport_fastrtps_c/gesture_management/srv/detail/list_sequences__type_support_c.cpp.o[0m
[12.755s] [ 73%] [32mBuilding C object CMakeFiles/gesture_management__rosidl_typesupport_introspection_c.dir/rosidl_typesupport_introspection_c/gesture_management/srv/detail/delete_sequence__type_support.c.o[0m
[12.777s] [ 75%] [32mBuilding C object CMakeFiles/gesture_management__rosidl_typesupport_introspection_c.dir/rosidl_typesupport_introspection_c/gesture_management/srv/detail/list_sequences__type_support.c.o[0m
[12.778s] [ 76%] [32mBuilding C object CMakeFiles/gesture_management__rosidl_typesupport_introspection_c.dir/rosidl_typesupport_introspection_c/gesture_management/srv/detail/get_replay_status__type_support.c.o[0m
[12.782s] [ 77%] [32mBuilding CXX object CMakeFiles/gesture_management__rosidl_typesupport_fastrtps_c.dir/rosidl_typesupport_fastrtps_c/gesture_management/srv/detail/get_replay_status__type_support_c.cpp.o[0m
[12.933s] [ 78%] [32m[1mLinking C shared library libgesture_management__rosidl_typesupport_introspection_c.so[0m
[12.973s] [ 79%] [32m[1mLinking CXX shared library libgesture_management__rosidl_typesupport_introspection_cpp.so[0m
[13.031s] [ 79%] Built target gesture_management__rosidl_typesupport_introspection_c
[13.227s] [ 79%] Built target gesture_management__rosidl_typesupport_introspection_cpp
[13.265s] [ 80%] [32m[1mLinking CXX shared library libgesture_management__rosidl_typesupport_fastrtps_cpp.so[0m
[13.476s] [ 80%] Built target gesture_management__rosidl_typesupport_fastrtps_cpp
[13.483s] [ 81%] [32m[1mLinking CXX shared library libgesture_management__rosidl_typesupport_fastrtps_c.so[0m
[13.618s] [ 81%] Built target gesture_management__rosidl_typesupport_fastrtps_c
[13.653s] [ 81%] Built target gesture_management
[13.686s] [ 82%] [34m[1mGenerating Python code for ROS interfaces[0m
[15.455s] [ 82%] Built target gesture_management__py
[15.505s] [ 84%] [32mBuilding C object CMakeFiles/gesture_management__rosidl_generator_py.dir/rosidl_generator_py/gesture_management/srv/_play_recording_s.c.o[0m
[15.506s] [ 85%] [32mBuilding C object CMakeFiles/gesture_management__rosidl_generator_py.dir/rosidl_generator_py/gesture_management/srv/_start_recording_s.c.o[0m
[15.506s] [ 86%] [32mBuilding C object CMakeFiles/gesture_management__rosidl_generator_py.dir/rosidl_generator_py/gesture_management/srv/_replay_recording_s.c.o[0m
[15.512s] [ 87%] [32mBuilding C object CMakeFiles/gesture_management__rosidl_generator_py.dir/rosidl_generator_py/gesture_management/srv/_list_sequences_s.c.o[0m
[15.513s] [ 88%] [32mBuilding C object CMakeFiles/gesture_management__rosidl_generator_py.dir/rosidl_generator_py/gesture_management/srv/_play_sequence_s.c.o[0m
[15.517s] [ 89%] [32mBuilding C object CMakeFiles/gesture_management__rosidl_generator_py.dir/rosidl_generator_py/gesture_management/srv/_save_sequence_s.c.o[0m
[15.523s] [ 90%] [32mBuilding C object CMakeFiles/gesture_management__rosidl_generator_py.dir/rosidl_generator_py/gesture_management/srv/_delete_sequence_s.c.o[0m
[15.526s] [ 92%] [32mBuilding C object CMakeFiles/gesture_management__rosidl_generator_py.dir/rosidl_generator_py/gesture_management/srv/_get_replay_status_s.c.o[0m
[15.798s] [ 93%] [32m[1mLinking C shared library rosidl_generator_py/gesture_management/libgesture_management__rosidl_generator_py.so[0m
[15.870s] [ 93%] Built target gesture_management__rosidl_generator_py
[15.908s] [ 95%] [32mBuilding C object CMakeFiles/gesture_management__rosidl_typesupport_c__pyext.dir/rosidl_generator_py/gesture_management/_gesture_management_s.ep.rosidl_typesupport_c.c.o[0m
[15.908s] [ 95%] [32mBuilding C object CMakeFiles/gesture_management__rosidl_typesupport_introspection_c__pyext.dir/rosidl_generator_py/gesture_management/_gesture_management_s.ep.rosidl_typesupport_introspection_c.c.o[0m
[15.912s] [ 96%] [32mBuilding C object CMakeFiles/gesture_management__rosidl_typesupport_fastrtps_c__pyext.dir/rosidl_generator_py/gesture_management/_gesture_management_s.ep.rosidl_typesupport_fastrtps_c.c.o[0m
[16.107s] [ 97%] [32m[1mLinking C shared library rosidl_generator_py/gesture_management/gesture_management_s__rosidl_typesupport_c.cpython-310-x86_64-linux-gnu.so[0m
[16.111s] [ 98%] [32m[1mLinking C shared library rosidl_generator_py/gesture_management/gesture_management_s__rosidl_typesupport_introspection_c.cpython-310-x86_64-linux-gnu.so[0m
[16.119s] [100%] [32m[1mLinking C shared library rosidl_generator_py/gesture_management/gesture_management_s__rosidl_typesupport_fastrtps_c.cpython-310-x86_64-linux-gnu.so[0m
[16.172s] [100%] Built target gesture_management__rosidl_typesupport_introspection_c__pyext
[16.175s] [100%] Built target gesture_management__rosidl_typesupport_c__pyext
[16.176s] [100%] Built target gesture_management__rosidl_typesupport_fastrtps_c__pyext
[16.196s] Invoked command in '/home/phy_ai/.ihub/daksha/build/gesture_management' returned '0': CMAKE_PREFIX_PATH=${CMAKE_PREFIX_PATH}:/home/phy_ai/.barani/gen2_full/install/world_camera_launch:/home/phy_ai/.barani/gen2_full/install/gen2:/home/phy_ai/.barani/gen2_full/install/vr_teleop:/home/phy_ai/.barani/gen2_full/install/ros_tcp_endpoint:/home/phy_ai/.barani/gen2_full/install/nav_bringup:/home/phy_ai/.barani/gen2_full/install/nav2_config:/home/phy_ai/.barani/gen2_full/install/kinematics:/home/phy_ai/.barani/gen2_full/install/joint_cmd_logger:/home/phy_ai/.barani/gen2_full/install/joint_analyzer:/home/phy_ai/.barani/gen2_full/install/daksha_data_collection:/home/phy_ai/.barani/gen2_full/install/gen2_leader:/home/phy_ai/.barani/gen2_full/install/amr_bringup:/home/phy_ai/.barani/gen2_full/install/daksha_final_urdf_description:/home/phy_ai/.barani/gen2_full/install/daksha_description_full_body:/home/phy_ai/.barani/gen2_full/install/daksha_base_urdf:/home/phy_ai/.barani/gen2_full/install/daksha_api_bridge_leader:/home/phy_ai/.barani/gen2_full/install/daksha_api_bridge_follower:/opt/ros/humble /usr/bin/cmake --build /home/phy_ai/.ihub/daksha/build/gesture_management -- -j16 -l16
[16.199s] Invoking command in '/home/phy_ai/.ihub/daksha/build/gesture_management': CMAKE_PREFIX_PATH=${CMAKE_PREFIX_PATH}:/home/phy_ai/.barani/gen2_full/install/world_camera_launch:/home/phy_ai/.barani/gen2_full/install/gen2:/home/phy_ai/.barani/gen2_full/install/vr_teleop:/home/phy_ai/.barani/gen2_full/install/ros_tcp_endpoint:/home/phy_ai/.barani/gen2_full/install/nav_bringup:/home/phy_ai/.barani/gen2_full/install/nav2_config:/home/phy_ai/.barani/gen2_full/install/kinematics:/home/phy_ai/.barani/gen2_full/install/joint_cmd_logger:/home/phy_ai/.barani/gen2_full/install/joint_analyzer:/home/phy_ai/.barani/gen2_full/install/daksha_data_collection:/home/phy_ai/.barani/gen2_full/install/gen2_leader:/home/phy_ai/.barani/gen2_full/install/amr_bringup:/home/phy_ai/.barani/gen2_full/install/daksha_final_urdf_description:/home/phy_ai/.barani/gen2_full/install/daksha_description_full_body:/home/phy_ai/.barani/gen2_full/install/daksha_base_urdf:/home/phy_ai/.barani/gen2_full/install/daksha_api_bridge_leader:/home/phy_ai/.barani/gen2_full/install/daksha_api_bridge_follower:/opt/ros/humble /usr/bin/cmake --install /home/phy_ai/.ihub/daksha/build/gesture_management
[16.211s] -- Install configuration: ""
[16.211s] -- Installing: /home/phy_ai/.ihub/daksha/install/gesture_management/share/ament_index/resource_index/rosidl_interfaces/gesture_management
[16.211s] -- Installing: /home/phy_ai/.ihub/daksha/install/gesture_management/include/gesture_management/gesture_management
[16.211s] -- Installing: /home/phy_ai/.ihub/daksha/install/gesture_management/include/gesture_management/gesture_management/srv
[16.211s] -- Installing: /home/phy_ai/.ihub/daksha/install/gesture_management/include/gesture_management/gesture_management/srv/get_replay_status.h
[16.212s] -- Installing: /home/phy_ai/.ihub/daksha/install/gesture_management/include/gesture_management/gesture_management/srv/start_recording.h
[16.212s] -- Installing: /home/phy_ai/.ihub/daksha/install/gesture_management/include/gesture_management/gesture_management/srv/save_sequence.h
[16.212s] -- Installing: /home/phy_ai/.ihub/daksha/install/gesture_management/include/gesture_management/gesture_management/srv/replay_recording.h
[16.212s] -- Installing: /home/phy_ai/.ihub/daksha/install/gesture_management/include/gesture_management/gesture_management/srv/detail
[16.212s] -- Installing: /home/phy_ai/.ihub/daksha/install/gesture_management/include/gesture_management/gesture_management/srv/detail/get_replay_status__type_support.h
[16.212s] -- Installing: /home/phy_ai/.ihub/daksha/install/gesture_management/include/gesture_management/gesture_management/srv/detail/delete_sequence__functions.c
[16.212s] -- Installing: /home/phy_ai/.ihub/daksha/install/gesture_management/include/gesture_management/gesture_management/srv/detail/replay_recording__functions.h
[16.213s] -- Installing: /home/phy_ai/.ihub/daksha/install/gesture_management/include/gesture_management/gesture_management/srv/detail/delete_sequence__type_support.h
[16.213s] -- Installing: /home/phy_ai/.ihub/daksha/install/gesture_management/include/gesture_management/gesture_management/srv/detail/save_sequence__functions.h
[16.213s] -- Installing: /home/phy_ai/.ihub/daksha/install/gesture_management/include/gesture_management/gesture_management/srv/detail/play_sequence__functions.h
[16.213s] -- Installing: /home/phy_ai/.ihub/daksha/install/gesture_management/include/gesture_management/gesture_management/srv/detail/start_recording__functions.h
[16.213s] -- Installing: /home/phy_ai/.ihub/daksha/install/gesture_management/include/gesture_management/gesture_management/srv/detail/replay_recording__functions.c
[16.214s] -- Installing: /home/phy_ai/.ihub/daksha/install/gesture_management/include/gesture_management/gesture_management/srv/detail/start_recording__functions.c
[16.214s] -- Installing: /home/phy_ai/.ihub/daksha/install/gesture_management/include/gesture_management/gesture_management/srv/detail/play_sequence__type_support.h
[16.214s] -- Installing: /home/phy_ai/.ihub/daksha/install/gesture_management/include/gesture_management/gesture_management/srv/detail/save_sequence__functions.c
[16.214s] -- Installing: /home/phy_ai/.ihub/daksha/install/gesture_management/include/gesture_management/gesture_management/srv/detail/play_recording__struct.h
[16.215s] -- Installing: /home/phy_ai/.ihub/daksha/install/gesture_management/include/gesture_management/gesture_management/srv/detail/save_sequence__type_support.h
[16.215s] -- Installing: /home/phy_ai/.ihub/daksha/install/gesture_management/include/gesture_management/gesture_management/srv/detail/delete_sequence__struct.h
[16.215s] -- Installing: /home/phy_ai/.ihub/daksha/install/gesture_management/include/gesture_management/gesture_management/srv/detail/list_sequences__struct.h
[16.215s] -- Installing: /home/phy_ai/.ihub/daksha/install/gesture_management/include/gesture_management/gesture_management/srv/detail/list_sequences__functions.h
[16.215s] -- Installing: /home/phy_ai/.ihub/daksha/install/gesture_management/include/gesture_management/gesture_management/srv/detail/get_replay_status__struct.h
[16.215s] -- Installing: /home/phy_ai/.ihub/daksha/install/gesture_management/include/gesture_management/gesture_management/srv/detail/list_sequences__type_support.h
[16.215s] -- Installing: /home/phy_ai/.ihub/daksha/install/gesture_management/include/gesture_management/gesture_management/srv/detail/delete_sequence__functions.h
[16.215s] -- Installing: /home/phy_ai/.ihub/daksha/install/gesture_management/include/gesture_management/gesture_management/srv/detail/list_sequences__functions.c
[16.215s] -- Installing: /home/phy_ai/.ihub/daksha/install/gesture_management/include/gesture_management/gesture_management/srv/detail/save_sequence__struct.h
[16.216s] -- Installing: /home/phy_ai/.ihub/daksha/install/gesture_management/include/gesture_management/gesture_management/srv/detail/get_replay_status__functions.h
[16.216s] -- Installing: /home/phy_ai/.ihub/daksha/install/gesture_management/include/gesture_management/gesture_management/srv/detail/start_recording__struct.h
[16.216s] -- Installing: /home/phy_ai/.ihub/daksha/install/gesture_management/include/gesture_management/gesture_management/srv/detail/play_recording__type_support.h
[16.216s] -- Installing: /home/phy_ai/.ihub/daksha/install/gesture_management/include/gesture_management/gesture_management/srv/detail/play_recording__functions.c
[16.217s] -- Installing: /home/phy_ai/.ihub/daksha/install/gesture_management/include/gesture_management/gesture_management/srv/detail/play_sequence__struct.h
[16.217s] -- Installing: /home/phy_ai/.ihub/daksha/install/gesture_management/include/gesture_management/gesture_management/srv/detail/play_recording__functions.h
[16.217s] -- Installing: /home/phy_ai/.ihub/daksha/install/gesture_management/include/gesture_management/gesture_management/srv/detail/play_sequence__functions.c
[16.217s] -- Installing: /home/phy_ai/.ihub/daksha/install/gesture_management/include/gesture_management/gesture_management/srv/detail/start_recording__type_support.h
[16.217s] -- Installing: /home/phy_ai/.ihub/daksha/install/gesture_management/include/gesture_management/gesture_management/srv/detail/get_replay_status__functions.c
[16.217s] -- Installing: /home/phy_ai/.ihub/daksha/install/gesture_management/include/gesture_management/gesture_management/srv/detail/replay_recording__struct.h
[16.217s] -- Installing: /home/phy_ai/.ihub/daksha/install/gesture_management/include/gesture_management/gesture_management/srv/detail/replay_recording__type_support.h
[16.217s] -- Installing: /home/phy_ai/.ihub/daksha/install/gesture_management/include/gesture_management/gesture_management/srv/list_sequences.h
[16.218s] -- Installing: /home/phy_ai/.ihub/daksha/install/gesture_management/include/gesture_management/gesture_management/srv/delete_sequence.h
[16.218s] -- Installing: /home/phy_ai/.ihub/daksha/install/gesture_management/include/gesture_management/gesture_management/srv/play_recording.h
[16.218s] -- Installing: /home/phy_ai/.ihub/daksha/install/gesture_management/include/gesture_management/gesture_management/srv/play_sequence.h
[16.218s] -- Installing: /home/phy_ai/.ihub/daksha/install/gesture_management/include/gesture_management/gesture_management/msg
[16.218s] -- Installing: /home/phy_ai/.ihub/daksha/install/gesture_management/include/gesture_management/gesture_management/msg/rosidl_generator_c__visibility_control.h
[16.218s] -- Installing: /home/phy_ai/.ihub/daksha/install/gesture_management/share/gesture_management/environment/library_path.sh
[16.219s] -- Installing: /home/phy_ai/.ihub/daksha/install/gesture_management/share/gesture_management/environment/library_path.dsv
[16.219s] -- Installing: /home/phy_ai/.ihub/daksha/install/gesture_management/lib/libgesture_management__rosidl_generator_c.so
[16.220s] -- Set runtime path of "/home/phy_ai/.ihub/daksha/install/gesture_management/lib/libgesture_management__rosidl_generator_c.so" to ""
[16.220s] -- Up-to-date: /home/phy_ai/.ihub/daksha/install/gesture_management/include/gesture_management/gesture_management
[16.220s] -- Up-to-date: /home/phy_ai/.ihub/daksha/install/gesture_management/include/gesture_management/gesture_management/srv
[16.220s] -- Up-to-date: /home/phy_ai/.ihub/daksha/install/gesture_management/include/gesture_management/gesture_management/srv/detail
[16.220s] -- Installing: /home/phy_ai/.ihub/daksha/install/gesture_management/include/gesture_management/gesture_management/srv/detail/play_sequence__rosidl_typesupport_fastrtps_c.h
[16.220s] -- Installing: /home/phy_ai/.ihub/daksha/install/gesture_management/include/gesture_management/gesture_management/srv/detail/list_sequences__rosidl_typesupport_fastrtps_c.h
[16.220s] -- Installing: /home/phy_ai/.ihub/daksha/install/gesture_management/include/gesture_management/gesture_management/srv/detail/start_recording__rosidl_typesupport_fastrtps_c.h
[16.220s] -- Installing: /home/phy_ai/.ihub/daksha/install/gesture_management/include/gesture_management/gesture_management/srv/detail/play_recording__rosidl_typesupport_fastrtps_c.h
[16.220s] -- Installing: /home/phy_ai/.ihub/daksha/install/gesture_management/include/gesture_management/gesture_management/srv/detail/replay_recording__rosidl_typesupport_fastrtps_c.h
[16.220s] -- Installing: /home/phy_ai/.ihub/daksha/install/gesture_management/include/gesture_management/gesture_management/srv/detail/save_sequence__rosidl_typesupport_fastrtps_c.h
[16.221s] -- Installing: /home/phy_ai/.ihub/daksha/install/gesture_management/include/gesture_management/gesture_management/srv/detail/get_replay_status__rosidl_typesupport_fastrtps_c.h
[16.221s] -- Installing: /home/phy_ai/.ihub/daksha/install/gesture_management/include/gesture_management/gesture_management/srv/detail/delete_sequence__rosidl_typesupport_fastrtps_c.h
[16.221s] -- Up-to-date: /home/phy_ai/.ihub/daksha/install/gesture_management/include/gesture_management/gesture_management/msg
[16.221s] -- Installing: /home/phy_ai/.ihub/daksha/install/gesture_management/include/gesture_management/gesture_management/msg/rosidl_typesupport_fastrtps_c__visibility_control.h
[16.221s] -- Installing: /home/phy_ai/.ihub/daksha/install/gesture_management/lib/libgesture_management__rosidl_typesupport_fastrtps_c.so
[16.222s] -- Set runtime path of "/home/phy_ai/.ihub/daksha/install/gesture_management/lib/libgesture_management__rosidl_typesupport_fastrtps_c.so" to ""
[16.222s] -- Up-to-date: /home/phy_ai/.ihub/daksha/install/gesture_management/include/gesture_management/gesture_management
[16.222s] -- Up-to-date: /home/phy_ai/.ihub/daksha/install/gesture_management/include/gesture_management/gesture_management/srv
[16.222s] -- Installing: /home/phy_ai/.ihub/daksha/install/gesture_management/include/gesture_management/gesture_management/srv/save_sequence.hpp
[16.222s] -- Installing: /home/phy_ai/.ihub/daksha/install/gesture_management/include/gesture_management/gesture_management/srv/start_recording.hpp
[16.222s] -- Installing: /home/phy_ai/.ihub/daksha/install/gesture_management/include/gesture_management/gesture_management/srv/play_sequence.hpp
[16.222s] -- Up-to-date: /home/phy_ai/.ihub/daksha/install/gesture_management/include/gesture_management/gesture_management/srv/detail
[16.222s] -- Installing: /home/phy_ai/.ihub/daksha/install/gesture_management/include/gesture_management/gesture_management/srv/detail/play_recording__traits.hpp
[16.223s] -- Installing: /home/phy_ai/.ihub/daksha/install/gesture_management/include/gesture_management/gesture_management/srv/detail/replay_recording__struct.hpp
[16.223s] -- Installing: /home/phy_ai/.ihub/daksha/install/gesture_management/include/gesture_management/gesture_management/srv/detail/get_replay_status__type_support.hpp
[16.223s] -- Installing: /home/phy_ai/.ihub/daksha/install/gesture_management/include/gesture_management/gesture_management/srv/detail/play_sequence__builder.hpp
[16.223s] -- Installing: /home/phy_ai/.ihub/daksha/install/gesture_management/include/gesture_management/gesture_management/srv/detail/get_replay_status__traits.hpp
[16.223s] -- Installing: /home/phy_ai/.ihub/daksha/install/gesture_management/include/gesture_management/gesture_management/srv/detail/start_recording__traits.hpp
[16.224s] -- Installing: /home/phy_ai/.ihub/daksha/install/gesture_management/include/gesture_management/gesture_management/srv/detail/save_sequence__traits.hpp
[16.224s] -- Installing: /home/phy_ai/.ihub/daksha/install/gesture_management/include/gesture_management/gesture_management/srv/detail/replay_recording__type_support.hpp
[16.224s] -- Installing: /home/phy_ai/.ihub/daksha/install/gesture_management/include/gesture_management/gesture_management/srv/detail/save_sequence__type_support.hpp
[16.224s] -- Installing: /home/phy_ai/.ihub/daksha/install/gesture_management/include/gesture_management/gesture_management/srv/detail/start_recording__type_support.hpp
[16.224s] -- Installing: /home/phy_ai/.ihub/daksha/install/gesture_management/include/gesture_management/gesture_management/srv/detail/get_replay_status__builder.hpp
[16.225s] -- Installing: /home/phy_ai/.ihub/daksha/install/gesture_management/include/gesture_management/gesture_management/srv/detail/list_sequences__type_support.hpp
[16.225s] -- Installing: /home/phy_ai/.ihub/daksha/install/gesture_management/include/gesture_management/gesture_management/srv/detail/save_sequence__struct.hpp
[16.225s] -- Installing: /home/phy_ai/.ihub/daksha/install/gesture_management/include/gesture_management/gesture_management/srv/detail/delete_sequence__type_support.hpp
[16.225s] -- Installing: /home/phy_ai/.ihub/daksha/install/gesture_management/include/gesture_management/gesture_management/srv/detail/replay_recording__traits.hpp
[16.225s] -- Installing: /home/phy_ai/.ihub/daksha/install/gesture_management/include/gesture_management/gesture_management/srv/detail/play_sequence__traits.hpp
[16.225s] -- Installing: /home/phy_ai/.ihub/daksha/install/gesture_management/include/gesture_management/gesture_management/srv/detail/delete_sequence__struct.hpp
[16.225s] -- Installing: /home/phy_ai/.ihub/daksha/install/gesture_management/include/gesture_management/gesture_management/srv/detail/delete_sequence__traits.hpp
[16.226s] -- Installing: /home/phy_ai/.ihub/daksha/install/gesture_management/include/gesture_management/gesture_management/srv/detail/delete_sequence__builder.hpp
[16.226s] -- Installing: /home/phy_ai/.ihub/daksha/install/gesture_management/include/gesture_management/gesture_management/srv/detail/start_recording__struct.hpp
[16.226s] -- Installing: /home/phy_ai/.ihub/daksha/install/gesture_management/include/gesture_management/gesture_management/srv/detail/list_sequences__traits.hpp
[16.226s] -- Installing: /home/phy_ai/.ihub/daksha/install/gesture_management/include/gesture_management/gesture_management/srv/detail/list_sequences__builder.hpp
[16.226s] -- Installing: /home/phy_ai/.ihub/daksha/install/gesture_management/include/gesture_management/gesture_management/srv/detail/list_sequences__struct.hpp
[16.227s] -- Installing: /home/phy_ai/.ihub/daksha/install/gesture_management/include/gesture_management/gesture_management/srv/detail/play_recording__type_support.hpp
[16.227s] -- Installing: /home/phy_ai/.ihub/daksha/install/gesture_management/include/gesture_management/gesture_management/srv/detail/play_recording__builder.hpp
[16.227s] -- Installing: /home/phy_ai/.ihub/daksha/install/gesture_management/include/gesture_management/gesture_management/srv/detail/replay_recording__builder.hpp
[16.227s] -- Installing: /home/phy_ai/.ihub/daksha/install/gesture_management/include/gesture_management/gesture_management/srv/detail/get_replay_status__struct.hpp
[16.227s] -- Installing: /home/phy_ai/.ihub/daksha/install/gesture_management/include/gesture_management/gesture_management/srv/detail/play_sequence__type_support.hpp
[16.227s] -- Installing: /home/phy_ai/.ihub/daksha/install/gesture_management/include/gesture_management/gesture_management/srv/detail/play_sequence__struct.hpp
[16.227s] -- Installing: /home/phy_ai/.ihub/daksha/install/gesture_management/include/gesture_management/gesture_management/srv/detail/save_sequence__builder.hpp
[16.228s] -- Installing: /home/phy_ai/.ihub/daksha/install/gesture_management/include/gesture_management/gesture_management/srv/detail/start_recording__builder.hpp
[16.228s] -- Installing: /home/phy_ai/.ihub/daksha/install/gesture_management/include/gesture_management/gesture_management/srv/detail/play_recording__struct.hpp
[16.228s] -- Installing: /home/phy_ai/.ihub/daksha/install/gesture_management/include/gesture_management/gesture_management/srv/list_sequences.hpp
[16.228s] -- Installing: /home/phy_ai/.ihub/daksha/install/gesture_management/include/gesture_management/gesture_management/srv/delete_sequence.hpp
[16.228s] -- Installing: /home/phy_ai/.ihub/daksha/install/gesture_management/include/gesture_management/gesture_management/srv/play_recording.hpp
[16.228s] -- Installing: /home/phy_ai/.ihub/daksha/install/gesture_management/include/gesture_management/gesture_management/srv/replay_recording.hpp
[16.229s] -- Installing: /home/phy_ai/.ihub/daksha/install/gesture_management/include/gesture_management/gesture_management/srv/get_replay_status.hpp
[16.229s] -- Up-to-date: /home/phy_ai/.ihub/daksha/install/gesture_management/include/gesture_management/gesture_management/msg
[16.229s] -- Installing: /home/phy_ai/.ihub/daksha/install/gesture_management/include/gesture_management/gesture_management/msg/rosidl_generator_cpp__visibility_control.hpp
[16.229s] -- Up-to-date: /home/phy_ai/.ihub/daksha/install/gesture_management/include/gesture_management/gesture_management
[16.229s] -- Up-to-date: /home/phy_ai/.ihub/daksha/install/gesture_management/include/gesture_management/gesture_management/srv
[16.229s] -- Up-to-date: /home/phy_ai/.ihub/daksha/install/gesture_management/include/gesture_management/gesture_management/srv/detail
[16.229s] -- Installing: /home/phy_ai/.ihub/daksha/install/gesture_management/include/gesture_management/gesture_management/srv/detail/list_sequences__rosidl_typesupport_fastrtps_cpp.hpp
[16.230s] -- Installing: /home/phy_ai/.ihub/daksha/install/gesture_management/include/gesture_management/gesture_management/srv/detail/delete_sequence__rosidl_typesupport_fastrtps_cpp.hpp
[16.230s] -- Installing: /home/phy_ai/.ihub/daksha/install/gesture_management/include/gesture_management/gesture_management/srv/detail/start_recording__rosidl_typesupport_fastrtps_cpp.hpp
[16.230s] -- Installing: /home/phy_ai/.ihub/daksha/install/gesture_management/include/gesture_management/gesture_management/srv/detail/save_sequence__rosidl_typesupport_fastrtps_cpp.hpp
[16.230s] -- Installing: /home/phy_ai/.ihub/daksha/install/gesture_management/include/gesture_management/gesture_management/srv/detail/dds_fastrtps
[16.230s] -- Installing: /home/phy_ai/.ihub/daksha/install/gesture_management/include/gesture_management/gesture_management/srv/detail/get_replay_status__rosidl_typesupport_fastrtps_cpp.hpp
[16.230s] -- Installing: /home/phy_ai/.ihub/daksha/install/gesture_management/include/gesture_management/gesture_management/srv/detail/play_sequence__rosidl_typesupport_fastrtps_cpp.hpp
[16.230s] -- Installing: /home/phy_ai/.ihub/daksha/install/gesture_management/include/gesture_management/gesture_management/srv/detail/play_recording__rosidl_typesupport_fastrtps_cpp.hpp
[16.231s] -- Installing: /home/phy_ai/.ihub/daksha/install/gesture_management/include/gesture_management/gesture_management/srv/detail/replay_recording__rosidl_typesupport_fastrtps_cpp.hpp
[16.231s] -- Up-to-date: /home/phy_ai/.ihub/daksha/install/gesture_management/include/gesture_management/gesture_management/msg
[16.231s] -- Installing: /home/phy_ai/.ihub/daksha/install/gesture_management/include/gesture_management/gesture_management/msg/rosidl_typesupport_fastrtps_cpp__visibility_control.h
[16.231s] -- Installing: /home/phy_ai/.ihub/daksha/install/gesture_management/lib/libgesture_management__rosidl_typesupport_fastrtps_cpp.so
[16.232s] -- Set runtime path of "/home/phy_ai/.ihub/daksha/install/gesture_management/lib/libgesture_management__rosidl_typesupport_fastrtps_cpp.so" to ""
[16.232s] -- Up-to-date: /home/phy_ai/.ihub/daksha/install/gesture_management/include/gesture_management/gesture_management
[16.232s] -- Up-to-date: /home/phy_ai/.ihub/daksha/install/gesture_management/include/gesture_management/gesture_management/srv
[16.232s] -- Up-to-date: /home/phy_ai/.ihub/daksha/install/gesture_management/include/gesture_management/gesture_management/srv/detail
[16.232s] -- Installing: /home/phy_ai/.ihub/daksha/install/gesture_management/include/gesture_management/gesture_management/srv/detail/delete_sequence__rosidl_typesupport_introspection_c.h
[16.232s] -- Installing: /home/phy_ai/.ihub/daksha/install/gesture_management/include/gesture_management/gesture_management/srv/detail/delete_sequence__type_support.c
[16.232s] -- Installing: /home/phy_ai/.ihub/daksha/install/gesture_management/include/gesture_management/gesture_management/srv/detail/replay_recording__rosidl_typesupport_introspection_c.h
[16.233s] -- Installing: /home/phy_ai/.ihub/daksha/install/gesture_management/include/gesture_management/gesture_management/srv/detail/get_replay_status__rosidl_typesupport_introspection_c.h
[16.233s] -- Installing: /home/phy_ai/.ihub/daksha/install/gesture_management/include/gesture_management/gesture_management/srv/detail/list_sequences__rosidl_typesupport_introspection_c.h
[16.233s] -- Installing: /home/phy_ai/.ihub/daksha/install/gesture_management/include/gesture_management/gesture_management/srv/detail/get_replay_status__type_support.c
[16.233s] -- Installing: /home/phy_ai/.ihub/daksha/install/gesture_management/include/gesture_management/gesture_management/srv/detail/start_recording__type_support.c
[16.233s] -- Installing: /home/phy_ai/.ihub/daksha/install/gesture_management/include/gesture_management/gesture_management/srv/detail/start_recording__rosidl_typesupport_introspection_c.h
[16.233s] -- Installing: /home/phy_ai/.ihub/daksha/install/gesture_management/include/gesture_management/gesture_management/srv/detail/list_sequences__type_support.c
[16.233s] -- Installing: /home/phy_ai/.ihub/daksha/install/gesture_management/include/gesture_management/gesture_management/srv/detail/play_recording__rosidl_typesupport_introspection_c.h
[16.234s] -- Installing: /home/phy_ai/.ihub/daksha/install/gesture_management/include/gesture_management/gesture_management/srv/detail/play_sequence__rosidl_typesupport_introspection_c.h
[16.234s] -- Installing: /home/phy_ai/.ihub/daksha/install/gesture_management/include/gesture_management/gesture_management/srv/detail/play_sequence__type_support.c
[16.234s] -- Installing: /home/phy_ai/.ihub/daksha/install/gesture_management/include/gesture_management/gesture_management/srv/detail/replay_recording__type_support.c
[16.234s] -- Installing: /home/phy_ai/.ihub/daksha/install/gesture_management/include/gesture_management/gesture_management/srv/detail/save_sequence__rosidl_typesupport_introspection_c.h
[16.234s] -- Installing: /home/phy_ai/.ihub/daksha/install/gesture_management/include/gesture_management/gesture_management/srv/detail/play_recording__type_support.c
[16.234s] -- Installing: /home/phy_ai/.ihub/daksha/install/gesture_management/include/gesture_management/gesture_management/srv/detail/save_sequence__type_support.c
[16.235s] -- Up-to-date: /home/phy_ai/.ihub/daksha/install/gesture_management/include/gesture_management/gesture_management/msg
[16.235s] -- Installing: /home/phy_ai/.ihub/daksha/install/gesture_management/include/gesture_management/gesture_management/msg/rosidl_typesupport_introspection_c__visibility_control.h
[16.235s] -- Installing: /home/phy_ai/.ihub/daksha/install/gesture_management/lib/libgesture_management__rosidl_typesupport_introspection_c.so
[16.236s] -- Set runtime path of "/home/phy_ai/.ihub/daksha/install/gesture_management/lib/libgesture_management__rosidl_typesupport_introspection_c.so" to ""
[16.236s] -- Installing: /home/phy_ai/.ihub/daksha/install/gesture_management/lib/libgesture_management__rosidl_typesupport_c.so
[16.236s] -- Set runtime path of "/home/phy_ai/.ihub/daksha/install/gesture_management/lib/libgesture_management__rosidl_typesupport_c.so" to ""
[16.236s] -- Up-to-date: /home/phy_ai/.ihub/daksha/install/gesture_management/include/gesture_management/gesture_management
[16.236s] -- Up-to-date: /home/phy_ai/.ihub/daksha/install/gesture_management/include/gesture_management/gesture_management/srv
[16.236s] -- Up-to-date: /home/phy_ai/.ihub/daksha/install/gesture_management/include/gesture_management/gesture_management/srv/detail
[16.237s] -- Installing: /home/phy_ai/.ihub/daksha/install/gesture_management/include/gesture_management/gesture_management/srv/detail/delete_sequence__type_support.cpp
[16.237s] -- Installing: /home/phy_ai/.ihub/daksha/install/gesture_management/include/gesture_management/gesture_management/srv/detail/list_sequences__rosidl_typesupport_introspection_cpp.hpp
[16.237s] -- Installing: /home/phy_ai/.ihub/daksha/install/gesture_management/include/gesture_management/gesture_management/srv/detail/save_sequence__rosidl_typesupport_introspection_cpp.hpp
[16.237s] -- Installing: /home/phy_ai/.ihub/daksha/install/gesture_management/include/gesture_management/gesture_management/srv/detail/play_sequence__type_support.cpp
[16.237s] -- Installing: /home/phy_ai/.ihub/daksha/install/gesture_management/include/gesture_management/gesture_management/srv/detail/replay_recording__type_support.cpp
[16.237s] -- Installing: /home/phy_ai/.ihub/daksha/install/gesture_management/include/gesture_management/gesture_management/srv/detail/get_replay_status__type_support.cpp
[16.238s] -- Installing: /home/phy_ai/.ihub/daksha/install/gesture_management/include/gesture_management/gesture_management/srv/detail/get_replay_status__rosidl_typesupport_introspection_cpp.hpp
[16.238s] -- Installing: /home/phy_ai/.ihub/daksha/install/gesture_management/include/gesture_management/gesture_management/srv/detail/start_recording__type_support.cpp
[16.238s] -- Installing: /home/phy_ai/.ihub/daksha/install/gesture_management/include/gesture_management/gesture_management/srv/detail/play_recording__type_support.cpp
[16.238s] -- Installing: /home/phy_ai/.ihub/daksha/install/gesture_management/include/gesture_management/gesture_management/srv/detail/list_sequences__type_support.cpp
[16.238s] -- Installing: /home/phy_ai/.ihub/daksha/install/gesture_management/include/gesture_management/gesture_management/srv/detail/replay_recording__rosidl_typesupport_introspection_cpp.hpp
[16.238s] -- Installing: /home/phy_ai/.ihub/daksha/install/gesture_management/include/gesture_management/gesture_management/srv/detail/save_sequence__type_support.cpp
[16.238s] -- Installing: /home/phy_ai/.ihub/daksha/install/gesture_management/include/gesture_management/gesture_management/srv/detail/start_recording__rosidl_typesupport_introspection_cpp.hpp
[16.239s] -- Installing: /home/phy_ai/.ihub/daksha/install/gesture_management/include/gesture_management/gesture_management/srv/detail/delete_sequence__rosidl_typesupport_introspection_cpp.hpp
[16.239s] -- Installing: /home/phy_ai/.ihub/daksha/install/gesture_management/include/gesture_management/gesture_management/srv/detail/play_recording__rosidl_typesupport_introspection_cpp.hpp
[16.239s] -- Installing: /home/phy_ai/.ihub/daksha/install/gesture_management/include/gesture_management/gesture_management/srv/detail/play_sequence__rosidl_typesupport_introspection_cpp.hpp
[16.239s] -- Installing: /home/phy_ai/.ihub/daksha/install/gesture_management/lib/libgesture_management__rosidl_typesupport_introspection_cpp.so
[16.240s] -- Set runtime path of "/home/phy_ai/.ihub/daksha/install/gesture_management/lib/libgesture_management__rosidl_typesupport_introspection_cpp.so" to ""
[16.240s] -- Installing: /home/phy_ai/.ihub/daksha/install/gesture_management/lib/libgesture_management__rosidl_typesupport_cpp.so
[16.240s] -- Set runtime path of "/home/phy_ai/.ihub/daksha/install/gesture_management/lib/libgesture_management__rosidl_typesupport_cpp.so" to ""
[16.240s] -- Installing: /home/phy_ai/.ihub/daksha/install/gesture_management/share/gesture_management/environment/pythonpath.sh
[16.241s] -- Installing: /home/phy_ai/.ihub/daksha/install/gesture_management/share/gesture_management/environment/pythonpath.dsv
[16.241s] -- Installing: /home/phy_ai/.ihub/daksha/install/gesture_management/local/lib/python3.10/dist-packages/gesture_management-0.0.1-py3.10.egg-info
[16.241s] -- Installing: /home/phy_ai/.ihub/daksha/install/gesture_management/local/lib/python3.10/dist-packages/gesture_management-0.0.1-py3.10.egg-info/SOURCES.txt
[16.241s] -- Installing: /home/phy_ai/.ihub/daksha/install/gesture_management/local/lib/python3.10/dist-packages/gesture_management-0.0.1-py3.10.egg-info/top_level.txt
[16.241s] -- Installing: /home/phy_ai/.ihub/daksha/install/gesture_management/local/lib/python3.10/dist-packages/gesture_management-0.0.1-py3.10.egg-info/PKG-INFO
[16.242s] -- Installing: /home/phy_ai/.ihub/daksha/install/gesture_management/local/lib/python3.10/dist-packages/gesture_management-0.0.1-py3.10.egg-info/dependency_links.txt
[16.242s] -- Installing: /home/phy_ai/.ihub/daksha/install/gesture_management/local/lib/python3.10/dist-packages/gesture_management
[16.242s] -- Installing: /home/phy_ai/.ihub/daksha/install/gesture_management/local/lib/python3.10/dist-packages/gesture_management/srv
[16.242s] -- Installing: /home/phy_ai/.ihub/daksha/install/gesture_management/local/lib/python3.10/dist-packages/gesture_management/srv/_start_recording.py
[16.242s] -- Installing: /home/phy_ai/.ihub/daksha/install/gesture_management/local/lib/python3.10/dist-packages/gesture_management/srv/_delete_sequence_s.c
[16.242s] -- Installing: /home/phy_ai/.ihub/daksha/install/gesture_management/local/lib/python3.10/dist-packages/gesture_management/srv/_start_recording_s.c
[16.242s] -- Installing: /home/phy_ai/.ihub/daksha/install/gesture_management/local/lib/python3.10/dist-packages/gesture_management/srv/_list_sequences_s.c
[16.243s] -- Installing: /home/phy_ai/.ihub/daksha/install/gesture_management/local/lib/python3.10/dist-packages/gesture_management/srv/_replay_recording.py
[16.243s] -- Installing: /home/phy_ai/.ihub/daksha/install/gesture_management/local/lib/python3.10/dist-packages/gesture_management/srv/__init__.py
[16.243s] -- Installing: /home/phy_ai/.ihub/daksha/install/gesture_management/local/lib/python3.10/dist-packages/gesture_management/srv/_save_sequence_s.c
[16.243s] -- Installing: /home/phy_ai/.ihub/daksha/install/gesture_management/local/lib/python3.10/dist-packages/gesture_management/srv/_play_recording_s.c
[16.243s] -- Installing: /home/phy_ai/.ihub/daksha/install/gesture_management/local/lib/python3.10/dist-packages/gesture_management/srv/_save_sequence.py
[16.243s] -- Installing: /home/phy_ai/.ihub/daksha/install/gesture_management/local/lib/python3.10/dist-packages/gesture_management/srv/_play_sequence.py
[16.244s] -- Installing: /home/phy_ai/.ihub/daksha/install/gesture_management/local/lib/python3.10/dist-packages/gesture_management/srv/_replay_recording_s.c
[16.244s] -- Installing: /home/phy_ai/.ihub/daksha/install/gesture_management/local/lib/python3.10/dist-packages/gesture_management/srv/_list_sequences.py
[16.244s] -- Installing: /home/phy_ai/.ihub/daksha/install/gesture_management/local/lib/python3.10/dist-packages/gesture_management/srv/_delete_sequence.py
[16.244s] -- Installing: /home/phy_ai/.ihub/daksha/install/gesture_management/local/lib/python3.10/dist-packages/gesture_management/srv/_play_recording.py
[16.244s] -- Installing: /home/phy_ai/.ihub/daksha/install/gesture_management/local/lib/python3.10/dist-packages/gesture_management/srv/_play_sequence_s.c
[16.244s] -- Installing: /home/phy_ai/.ihub/daksha/install/gesture_management/local/lib/python3.10/dist-packages/gesture_management/srv/_get_replay_status_s.c
[16.244s] -- Installing: /home/phy_ai/.ihub/daksha/install/gesture_management/local/lib/python3.10/dist-packages/gesture_management/srv/_get_replay_status.py
[16.245s] -- Installing: /home/phy_ai/.ihub/daksha/install/gesture_management/local/lib/python3.10/dist-packages/gesture_management/_gesture_management_s.ep.rosidl_typesupport_introspection_c.c
[16.245s] -- Installing: /home/phy_ai/.ihub/daksha/install/gesture_management/local/lib/python3.10/dist-packages/gesture_management/_gesture_management_s.ep.rosidl_typesupport_fastrtps_c.c
[16.245s] -- Installing: /home/phy_ai/.ihub/daksha/install/gesture_management/local/lib/python3.10/dist-packages/gesture_management/__init__.py
[16.245s] -- Installing: /home/phy_ai/.ihub/daksha/install/gesture_management/local/lib/python3.10/dist-packages/gesture_management/libgesture_management__rosidl_generator_py.so
[16.246s] -- Installing: /home/phy_ai/.ihub/daksha/install/gesture_management/local/lib/python3.10/dist-packages/gesture_management/gesture_management_s__rosidl_typesupport_introspection_c.cpython-310-x86_64-linux-gnu.so
[16.246s] -- Installing: /home/phy_ai/.ihub/daksha/install/gesture_management/local/lib/python3.10/dist-packages/gesture_management/gesture_management_s__rosidl_typesupport_fastrtps_c.cpython-310-x86_64-linux-gnu.so
[16.246s] -- Installing: /home/phy_ai/.ihub/daksha/install/gesture_management/local/lib/python3.10/dist-packages/gesture_management/_gesture_management_s.ep.rosidl_typesupport_c.c
[16.246s] -- Installing: /home/phy_ai/.ihub/daksha/install/gesture_management/local/lib/python3.10/dist-packages/gesture_management/gesture_management_s__rosidl_typesupport_c.cpython-310-x86_64-linux-gnu.so
[16.317s] Listing '/home/phy_ai/.ihub/daksha/install/gesture_management/local/lib/python3.10/dist-packages/gesture_management'...
[16.317s] Compiling '/home/phy_ai/.ihub/daksha/install/gesture_management/local/lib/python3.10/dist-packages/gesture_management/__init__.py'...
[16.317s] Listing '/home/phy_ai/.ihub/daksha/install/gesture_management/local/lib/python3.10/dist-packages/gesture_management/srv'...
[16.317s] Compiling '/home/phy_ai/.ihub/daksha/install/gesture_management/local/lib/python3.10/dist-packages/gesture_management/srv/__init__.py'...
[16.317s] Compiling '/home/phy_ai/.ihub/daksha/install/gesture_management/local/lib/python3.10/dist-packages/gesture_management/srv/_delete_sequence.py'...
[16.317s] Compiling '/home/phy_ai/.ihub/daksha/install/gesture_management/local/lib/python3.10/dist-packages/gesture_management/srv/_get_replay_status.py'...
[16.317s] Compiling '/home/phy_ai/.ihub/daksha/install/gesture_management/local/lib/python3.10/dist-packages/gesture_management/srv/_list_sequences.py'...
[16.318s] Compiling '/home/phy_ai/.ihub/daksha/install/gesture_management/local/lib/python3.10/dist-packages/gesture_management/srv/_play_recording.py'...
[16.318s] Compiling '/home/phy_ai/.ihub/daksha/install/gesture_management/local/lib/python3.10/dist-packages/gesture_management/srv/_play_sequence.py'...
[16.318s] Compiling '/home/phy_ai/.ihub/daksha/install/gesture_management/local/lib/python3.10/dist-packages/gesture_management/srv/_replay_recording.py'...
[16.318s] Compiling '/home/phy_ai/.ihub/daksha/install/gesture_management/local/lib/python3.10/dist-packages/gesture_management/srv/_save_sequence.py'...
[16.318s] Compiling '/home/phy_ai/.ihub/daksha/install/gesture_management/local/lib/python3.10/dist-packages/gesture_management/srv/_start_recording.py'...
[16.325s] -- Installing: /home/phy_ai/.ihub/daksha/install/gesture_management/local/lib/python3.10/dist-packages/gesture_management/gesture_management_s__rosidl_typesupport_fastrtps_c.cpython-310-x86_64-linux-gnu.so
[16.326s] -- Set runtime path of "/home/phy_ai/.ihub/daksha/install/gesture_management/local/lib/python3.10/dist-packages/gesture_management/gesture_management_s__rosidl_typesupport_fastrtps_c.cpython-310-x86_64-linux-gnu.so" to ""
[16.327s] -- Installing: /home/phy_ai/.ihub/daksha/install/gesture_management/local/lib/python3.10/dist-packages/gesture_management/gesture_management_s__rosidl_typesupport_introspection_c.cpython-310-x86_64-linux-gnu.so
[16.328s] -- Set runtime path of "/home/phy_ai/.ihub/daksha/install/gesture_management/local/lib/python3.10/dist-packages/gesture_management/gesture_management_s__rosidl_typesupport_introspection_c.cpython-310-x86_64-linux-gnu.so" to ""
[16.328s] -- Installing: /home/phy_ai/.ihub/daksha/install/gesture_management/local/lib/python3.10/dist-packages/gesture_management/gesture_management_s__rosidl_typesupport_c.cpython-310-x86_64-linux-gnu.so
[16.330s] -- Set runtime path of "/home/phy_ai/.ihub/daksha/install/gesture_management/local/lib/python3.10/dist-packages/gesture_management/gesture_management_s__rosidl_typesupport_c.cpython-310-x86_64-linux-gnu.so" to ""
[16.330s] -- Installing: /home/phy_ai/.ihub/daksha/install/gesture_management/lib/libgesture_management__rosidl_generator_py.so
[16.331s] -- Set runtime path of "/home/phy_ai/.ihub/daksha/install/gesture_management/lib/libgesture_management__rosidl_generator_py.so" to ""
[16.331s] -- Installing: /home/phy_ai/.ihub/daksha/install/gesture_management/share/ament_index/resource_index/rust_packages/gesture_management
[16.332s] -- Installing: /home/phy_ai/.ihub/daksha/install/gesture_management/share/gesture_management/rust
[16.332s] -- Installing: /home/phy_ai/.ihub/daksha/install/gesture_management/share/gesture_management/rust/build.rs
[16.332s] -- Installing: /home/phy_ai/.ihub/daksha/install/gesture_management/share/gesture_management/rust/src
[16.332s] -- Installing: /home/phy_ai/.ihub/daksha/install/gesture_management/share/gesture_management/rust/src/srv
[16.333s] -- Installing: /home/phy_ai/.ihub/daksha/install/gesture_management/share/gesture_management/rust/src/srv/rmw.rs
[16.333s] -- Installing: /home/phy_ai/.ihub/daksha/install/gesture_management/share/gesture_management/rust/src/lib.rs
[16.333s] -- Installing: /home/phy_ai/.ihub/daksha/install/gesture_management/share/gesture_management/rust/src/srv.rs
[16.334s] -- Installing: /home/phy_ai/.ihub/daksha/install/gesture_management/share/gesture_management/rust/Cargo.toml
[16.335s] -- Installing: /home/phy_ai/.ihub/daksha/install/gesture_management/share/gesture_management/srv/StartRecording.idl
[16.335s] -- Installing: /home/phy_ai/.ihub/daksha/install/gesture_management/share/gesture_management/srv/ReplayRecording.idl
[16.335s] -- Installing: /home/phy_ai/.ihub/daksha/install/gesture_management/share/gesture_management/srv/PlayRecording.idl
[16.336s] -- Installing: /home/phy_ai/.ihub/daksha/install/gesture_management/share/gesture_management/srv/PlaySequence.idl
[16.336s] -- Installing: /home/phy_ai/.ihub/daksha/install/gesture_management/share/gesture_management/srv/SaveSequence.idl
[16.337s] -- Installing: /home/phy_ai/.ihub/daksha/install/gesture_management/share/gesture_management/srv/DeleteSequence.idl
[16.337s] -- Installing: /home/phy_ai/.ihub/daksha/install/gesture_management/share/gesture_management/srv/ListSequences.idl
[16.337s] -- Installing: /home/phy_ai/.ihub/daksha/install/gesture_management/share/gesture_management/srv/GetReplayStatus.idl
[16.338s] -- Installing: /home/phy_ai/.ihub/daksha/install/gesture_management/share/gesture_management/srv/StartRecording.srv
[16.338s] -- Installing: /home/phy_ai/.ihub/daksha/install/gesture_management/share/gesture_management/srv/StartRecording_Request.msg
[16.338s] -- Installing: /home/phy_ai/.ihub/daksha/install/gesture_management/share/gesture_management/srv/StartRecording_Response.msg
[16.339s] -- Installing: /home/phy_ai/.ihub/daksha/install/gesture_management/share/gesture_management/srv/ReplayRecording.srv
[16.339s] -- Installing: /home/phy_ai/.ihub/daksha/install/gesture_management/share/gesture_management/srv/ReplayRecording_Request.msg
[16.340s] -- Installing: /home/phy_ai/.ihub/daksha/install/gesture_management/share/gesture_management/srv/ReplayRecording_Response.msg
[16.340s] -- Installing: /home/phy_ai/.ihub/daksha/install/gesture_management/share/gesture_management/srv/PlayRecording.srv
[16.341s] -- Installing: /home/phy_ai/.ihub/daksha/install/gesture_management/share/gesture_management/srv/PlayRecording_Request.msg
[16.341s] -- Installing: /home/phy_ai/.ihub/daksha/install/gesture_management/share/gesture_management/srv/PlayRecording_Response.msg
[16.341s] -- Installing: /home/phy_ai/.ihub/daksha/install/gesture_management/share/gesture_management/srv/PlaySequence.srv
[16.342s] -- Installing: /home/phy_ai/.ihub/daksha/install/gesture_management/share/gesture_management/srv/PlaySequence_Request.msg
[16.342s] -- Installing: /home/phy_ai/.ihub/daksha/install/gesture_management/share/gesture_management/srv/PlaySequence_Response.msg
[16.342s] -- Installing: /home/phy_ai/.ihub/daksha/install/gesture_management/share/gesture_management/srv/SaveSequence.srv
[16.343s] -- Installing: /home/phy_ai/.ihub/daksha/install/gesture_management/share/gesture_management/srv/SaveSequence_Request.msg
[16.343s] -- Installing: /home/phy_ai/.ihub/daksha/install/gesture_management/share/gesture_management/srv/SaveSequence_Response.msg
[16.344s] -- Installing: /home/phy_ai/.ihub/daksha/install/gesture_management/share/gesture_management/srv/DeleteSequence.srv
[16.344s] -- Installing: /home/phy_ai/.ihub/daksha/install/gesture_management/share/gesture_management/srv/DeleteSequence_Request.msg
[16.344s] -- Installing: /home/phy_ai/.ihub/daksha/install/gesture_management/share/gesture_management/srv/DeleteSequence_Response.msg
[16.345s] -- Installing: /home/phy_ai/.ihub/daksha/install/gesture_management/share/gesture_management/srv/ListSequences.srv
[16.345s] -- Installing: /home/phy_ai/.ihub/daksha/install/gesture_management/share/gesture_management/srv/ListSequences_Request.msg
[16.345s] -- Installing: /home/phy_ai/.ihub/daksha/install/gesture_management/share/gesture_management/srv/ListSequences_Response.msg
[16.346s] -- Installing: /home/phy_ai/.ihub/daksha/install/gesture_management/share/gesture_management/srv/GetReplayStatus.srv
[16.346s] -- Installing: /home/phy_ai/.ihub/daksha/install/gesture_management/share/gesture_management/srv/GetReplayStatus_Request.msg
[16.347s] -- Installing: /home/phy_ai/.ihub/daksha/install/gesture_management/share/gesture_management/srv/GetReplayStatus_Response.msg
[16.347s] -- Installing: /home/phy_ai/.ihub/daksha/install/gesture_management/lib/gesture_management/recorder_server.py
[16.348s] -- Installing: /home/phy_ai/.ihub/daksha/install/gesture_management/lib/gesture_management/replay_server.py
[16.348s] -- Installing: /home/phy_ai/.ihub/daksha/install/gesture_management/lib/gesture_management/gesture_management_app.py
[16.349s] -- Installing: /home/phy_ai/.ihub/daksha/install/gesture_management/share/gesture_management/launch
[16.349s] -- Installing: /home/phy_ai/.ihub/daksha/install/gesture_management/share/gesture_management/launch/gesture_management.launch.py
[16.349s] -- Installing: /home/phy_ai/.ihub/daksha/install/gesture_management/share/gesture_management/launch/__pycache__
[16.349s] -- Installing: /home/phy_ai/.ihub/daksha/install/gesture_management/share/gesture_management/launch/__pycache__/gesture_management.launch.cpython-310.pyc
[16.350s] -- Installing: /home/phy_ai/.ihub/daksha/install/gesture_management/share/gesture_management/config
[16.350s] -- Installing: /home/phy_ai/.ihub/daksha/install/gesture_management/share/gesture_management/config/gesture_management_params.yaml
[16.350s] -- Installing: /home/phy_ai/.ihub/daksha/install/gesture_management/share/gesture_management/recordings
[16.350s] -- Installing: /home/phy_ai/.ihub/daksha/install/gesture_management/share/gesture_management/recordings/gesture_index.json
[16.351s] -- Installing: /home/phy_ai/.ihub/daksha/install/gesture_management/share/gesture_management/recordings/hy.parquet
[16.352s] -- Installing: /home/phy_ai/.ihub/daksha/install/gesture_management/lib/gesture_management/templates
[16.352s] -- Installing: /home/phy_ai/.ihub/daksha/install/gesture_management/lib/gesture_management/templates/index.html
[16.352s] -- Installing: /home/phy_ai/.ihub/daksha/install/gesture_management/lib/gesture_management/static
[16.352s] -- Installing: /home/phy_ai/.ihub/daksha/install/gesture_management/lib/gesture_management/static/css
[16.353s] -- Installing: /home/phy_ai/.ihub/daksha/install/gesture_management/lib/gesture_management/static/css/style.css
[16.353s] -- Installing: /home/phy_ai/.ihub/daksha/install/gesture_management/lib/gesture_management/static/js
[16.353s] -- Installing: /home/phy_ai/.ihub/daksha/install/gesture_management/lib/gesture_management/static/js/app.js
[16.354s] -- Installing: /home/phy_ai/.ihub/daksha/install/gesture_management/share/ament_index/resource_index/package_run_dependencies/gesture_management
[16.354s] -- Installing: /home/phy_ai/.ihub/daksha/install/gesture_management/share/ament_index/resource_index/parent_prefix_path/gesture_management
[16.355s] -- Installing: /home/phy_ai/.ihub/daksha/install/gesture_management/share/gesture_management/environment/ament_prefix_path.sh
[16.355s] -- Installing: /home/phy_ai/.ihub/daksha/install/gesture_management/share/gesture_management/environment/ament_prefix_path.dsv
[16.356s] -- Installing: /home/phy_ai/.ihub/daksha/install/gesture_management/share/gesture_management/environment/path.sh
[16.356s] -- Installing: /home/phy_ai/.ihub/daksha/install/gesture_management/share/gesture_management/environment/path.dsv
[16.357s] -- Installing: /home/phy_ai/.ihub/daksha/install/gesture_management/share/gesture_management/local_setup.bash
[16.357s] -- Installing: /home/phy_ai/.ihub/daksha/install/gesture_management/share/gesture_management/local_setup.sh
[16.357s] -- Installing: /home/phy_ai/.ihub/daksha/install/gesture_management/share/gesture_management/local_setup.zsh
[16.358s] -- Installing: /home/phy_ai/.ihub/daksha/install/gesture_management/share/gesture_management/local_setup.dsv
[16.358s] -- Installing: /home/phy_ai/.ihub/daksha/install/gesture_management/share/gesture_management/package.dsv
[16.359s] -- Installing: /home/phy_ai/.ihub/daksha/install/gesture_management/share/ament_index/resource_index/packages/gesture_management
[16.359s] -- Installing: /home/phy_ai/.ihub/daksha/install/gesture_management/share/gesture_management/cmake/export_gesture_management__rosidl_generator_cExport.cmake
[16.360s] -- Installing: /home/phy_ai/.ihub/daksha/install/gesture_management/share/gesture_management/cmake/export_gesture_management__rosidl_generator_cExport-noconfig.cmake
[16.360s] -- Installing: /home/phy_ai/.ihub/daksha/install/gesture_management/share/gesture_management/cmake/export_gesture_management__rosidl_typesupport_fastrtps_cExport.cmake
[16.361s] -- Installing: /home/phy_ai/.ihub/daksha/install/gesture_management/share/gesture_management/cmake/export_gesture_management__rosidl_typesupport_fastrtps_cExport-noconfig.cmake
[16.361s] -- Installing: /home/phy_ai/.ihub/daksha/install/gesture_management/share/gesture_management/cmake/export_gesture_management__rosidl_generator_cppExport.cmake
[16.361s] -- Installing: /home/phy_ai/.ihub/daksha/install/gesture_management/share/gesture_management/cmake/export_gesture_management__rosidl_typesupport_fastrtps_cppExport.cmake
[16.362s] -- Installing: /home/phy_ai/.ihub/daksha/install/gesture_management/share/gesture_management/cmake/export_gesture_management__rosidl_typesupport_fastrtps_cppExport-noconfig.cmake
[16.362s] -- Installing: /home/phy_ai/.ihub/daksha/install/gesture_management/share/gesture_management/cmake/gesture_management__rosidl_typesupport_introspection_cExport.cmake
[16.363s] -- Installing: /home/phy_ai/.ihub/daksha/install/gesture_management/share/gesture_management/cmake/gesture_management__rosidl_typesupport_introspection_cExport-noconfig.cmake
[16.363s] -- Installing: /home/phy_ai/.ihub/daksha/install/gesture_management/share/gesture_management/cmake/gesture_management__rosidl_typesupport_cExport.cmake
[16.364s] -- Installing: /home/phy_ai/.ihub/daksha/install/gesture_management/share/gesture_management/cmake/gesture_management__rosidl_typesupport_cExport-noconfig.cmake
[16.364s] -- Installing: /home/phy_ai/.ihub/daksha/install/gesture_management/share/gesture_management/cmake/gesture_management__rosidl_typesupport_introspection_cppExport.cmake
[16.365s] -- Installing: /home/phy_ai/.ihub/daksha/install/gesture_management/share/gesture_management/cmake/gesture_management__rosidl_typesupport_introspection_cppExport-noconfig.cmake
[16.365s] -- Installing: /home/phy_ai/.ihub/daksha/install/gesture_management/share/gesture_management/cmake/gesture_management__rosidl_typesupport_cppExport.cmake
[16.366s] -- Installing: /home/phy_ai/.ihub/daksha/install/gesture_management/share/gesture_management/cmake/gesture_management__rosidl_typesupport_cppExport-noconfig.cmake
[16.366s] -- Installing: /home/phy_ai/.ihub/daksha/install/gesture_management/share/gesture_management/cmake/export_gesture_management__rosidl_generator_pyExport.cmake
[16.367s] -- Installing: /home/phy_ai/.ihub/daksha/install/gesture_management/share/gesture_management/cmake/export_gesture_management__rosidl_generator_pyExport-noconfig.cmake
[16.367s] -- Installing: /home/phy_ai/.ihub/daksha/install/gesture_management/share/gesture_management/cmake/rosidl_cmake-extras.cmake
[16.368s] -- Installing: /home/phy_ai/.ihub/daksha/install/gesture_management/share/gesture_management/cmake/ament_cmake_export_include_directories-extras.cmake
[16.368s] -- Installing: /home/phy_ai/.ihub/daksha/install/gesture_management/share/gesture_management/cmake/ament_cmake_export_libraries-extras.cmake
[16.369s] -- Installing: /home/phy_ai/.ihub/daksha/install/gesture_management/share/gesture_management/cmake/ament_cmake_export_targets-extras.cmake
[16.369s] -- Installing: /home/phy_ai/.ihub/daksha/install/gesture_management/share/gesture_management/cmake/rosidl_cmake_export_typesupport_targets-extras.cmake
[16.369s] -- Installing: /home/phy_ai/.ihub/daksha/install/gesture_management/share/gesture_management/cmake/ament_cmake_export_dependencies-extras.cmake
[16.369s] -- Installing: /home/phy_ai/.ihub/daksha/install/gesture_management/share/gesture_management/cmake/rosidl_cmake_export_typesupport_libraries-extras.cmake
[16.370s] -- Installing: /home/phy_ai/.ihub/daksha/install/gesture_management/share/gesture_management/cmake/rosidl_cmake_aggregate_target-extras.cmake
[16.370s] -- Installing: /home/phy_ai/.ihub/daksha/install/gesture_management/share/gesture_management/cmake/gesture_managementConfig.cmake
[16.370s] -- Installing: /home/phy_ai/.ihub/daksha/install/gesture_management/share/gesture_management/cmake/gesture_managementConfig-version.cmake
[16.370s] -- Installing: /home/phy_ai/.ihub/daksha/install/gesture_management/share/gesture_management/package.xml
[16.374s] Invoked command in '/home/phy_ai/.ihub/daksha/build/gesture_management' returned '0': CMAKE_PREFIX_PATH=${CMAKE_PREFIX_PATH}:/home/phy_ai/.barani/gen2_full/install/world_camera_launch:/home/phy_ai/.barani/gen2_full/install/gen2:/home/phy_ai/.barani/gen2_full/install/vr_teleop:/home/phy_ai/.barani/gen2_full/install/ros_tcp_endpoint:/home/phy_ai/.barani/gen2_full/install/nav_bringup:/home/phy_ai/.barani/gen2_full/install/nav2_config:/home/phy_ai/.barani/gen2_full/install/kinematics:/home/phy_ai/.barani/gen2_full/install/joint_cmd_logger:/home/phy_ai/.barani/gen2_full/install/joint_analyzer:/home/phy_ai/.barani/gen2_full/install/daksha_data_collection:/home/phy_ai/.barani/gen2_full/install/gen2_leader:/home/phy_ai/.barani/gen2_full/install/amr_bringup:/home/phy_ai/.barani/gen2_full/install/daksha_final_urdf_description:/home/phy_ai/.barani/gen2_full/install/daksha_description_full_body:/home/phy_ai/.barani/gen2_full/install/daksha_base_urdf:/home/phy_ai/.barani/gen2_full/install/daksha_api_bridge_leader:/home/phy_ai/.barani/gen2_full/install/daksha_api_bridge_follower:/opt/ros/humble /usr/bin/cmake --install /home/phy_ai/.ihub/daksha/build/gesture_management
