[3.244s] Invoking command in '/home/phy_ai/.ihub/daksha/build/gesture_management': CMAKE_PREFIX_PATH=${CMAKE_PREFIX_PATH}:/home/phy_ai/.barani/gen2_full/install/world_camera_launch:/home/phy_ai/.barani/gen2_full/install/gen2:/home/phy_ai/.barani/gen2_full/install/vr_teleop:/home/phy_ai/.barani/gen2_full/install/ros_tcp_endpoint:/home/phy_ai/.barani/gen2_full/install/nav_bringup:/home/phy_ai/.barani/gen2_full/install/nav2_config:/home/phy_ai/.barani/gen2_full/install/kinematics:/home/phy_ai/.barani/gen2_full/install/joint_cmd_logger:/home/phy_ai/.barani/gen2_full/install/joint_analyzer:/home/phy_ai/.barani/gen2_full/install/daksha_data_collection:/home/phy_ai/.barani/gen2_full/install/gen2_leader:/home/phy_ai/.barani/gen2_full/install/amr_bringup:/home/phy_ai/.barani/gen2_full/install/daksha_final_urdf_description:/home/phy_ai/.barani/gen2_full/install/daksha_description_full_body:/home/phy_ai/.barani/gen2_full/install/daksha_base_urdf:/home/phy_ai/.barani/gen2_full/install/daksha_api_bridge_leader:/home/phy_ai/.barani/gen2_full/install/daksha_api_bridge_follower:/opt/ros/humble /usr/bin/cmake --build /home/phy_ai/.ihub/daksha/build/gesture_management -- -j16 -l16
[4.874s] [  2%] Built target gesture_management__rs
[4.874s] [  2%] Built target gesture_management__cpp
[4.874s] [ 13%] Built target gesture_management__rosidl_generator_c
[4.874s] [ 13%] Built target ament_cmake_python_copy_gesture_management
[4.874s] [ 25%] Built target gesture_management__rosidl_typesupport_cpp
[4.874s] [ 36%] Built target gesture_management__rosidl_typesupport_fastrtps_cpp
[4.874s] [ 47%] Built target gesture_management__rosidl_typesupport_introspection_c
[4.874s] [ 69%] Built target gesture_management__rosidl_typesupport_c
[4.875s] [ 70%] Built target gesture_management__rosidl_typesupport_introspection_cpp
[4.875s] [ 81%] Built target gesture_management__rosidl_typesupport_fastrtps_c
[4.877s] [ 81%] Built target gesture_management
[4.881s] [ 82%] Built target gesture_management__py
[4.881s] [ 93%] Built target gesture_management__rosidl_generator_py
[4.881s] [ 97%] Built target gesture_management__rosidl_typesupport_fastrtps_c__pyext
[4.881s] [ 97%] Built target gesture_management__rosidl_typesupport_introspection_c__pyext
[4.881s] [100%] Built target gesture_management__rosidl_typesupport_c__pyext
[4.881s] running egg_info
[4.881s] writing gesture_management.egg-info/PKG-INFO
[4.882s] writing dependency_links to gesture_management.egg-info/dependency_links.txt
[4.882s] writing top-level names to gesture_management.egg-info/top_level.txt
[4.882s] reading manifest file 'gesture_management.egg-info/SOURCES.txt'
[4.882s] writing manifest file 'gesture_management.egg-info/SOURCES.txt'
[4.882s] [100%] Built target ament_cmake_python_build_gesture_management_egg
[4.938s] Invoked command in '/home/phy_ai/.ihub/daksha/build/gesture_management' returned '0': CMAKE_PREFIX_PATH=${CMAKE_PREFIX_PATH}:/home/phy_ai/.barani/gen2_full/install/world_camera_launch:/home/phy_ai/.barani/gen2_full/install/gen2:/home/phy_ai/.barani/gen2_full/install/vr_teleop:/home/phy_ai/.barani/gen2_full/install/ros_tcp_endpoint:/home/phy_ai/.barani/gen2_full/install/nav_bringup:/home/phy_ai/.barani/gen2_full/install/nav2_config:/home/phy_ai/.barani/gen2_full/install/kinematics:/home/phy_ai/.barani/gen2_full/install/joint_cmd_logger:/home/phy_ai/.barani/gen2_full/install/joint_analyzer:/home/phy_ai/.barani/gen2_full/install/daksha_data_collection:/home/phy_ai/.barani/gen2_full/install/gen2_leader:/home/phy_ai/.barani/gen2_full/install/amr_bringup:/home/phy_ai/.barani/gen2_full/install/daksha_final_urdf_description:/home/phy_ai/.barani/gen2_full/install/daksha_description_full_body:/home/phy_ai/.barani/gen2_full/install/daksha_base_urdf:/home/phy_ai/.barani/gen2_full/install/daksha_api_bridge_leader:/home/phy_ai/.barani/gen2_full/install/daksha_api_bridge_follower:/opt/ros/humble /usr/bin/cmake --build /home/phy_ai/.ihub/daksha/build/gesture_management -- -j16 -l16
[4.941s] Invoking command in '/home/phy_ai/.ihub/daksha/build/gesture_management': CMAKE_PREFIX_PATH=${CMAKE_PREFIX_PATH}:/home/phy_ai/.barani/gen2_full/install/world_camera_launch:/home/phy_ai/.barani/gen2_full/install/gen2:/home/phy_ai/.barani/gen2_full/install/vr_teleop:/home/phy_ai/.barani/gen2_full/install/ros_tcp_endpoint:/home/phy_ai/.barani/gen2_full/install/nav_bringup:/home/phy_ai/.barani/gen2_full/install/nav2_config:/home/phy_ai/.barani/gen2_full/install/kinematics:/home/phy_ai/.barani/gen2_full/install/joint_cmd_logger:/home/phy_ai/.barani/gen2_full/install/joint_analyzer:/home/phy_ai/.barani/gen2_full/install/daksha_data_collection:/home/phy_ai/.barani/gen2_full/install/gen2_leader:/home/phy_ai/.barani/gen2_full/install/amr_bringup:/home/phy_ai/.barani/gen2_full/install/daksha_final_urdf_description:/home/phy_ai/.barani/gen2_full/install/daksha_description_full_body:/home/phy_ai/.barani/gen2_full/install/daksha_base_urdf:/home/phy_ai/.barani/gen2_full/install/daksha_api_bridge_leader:/home/phy_ai/.barani/gen2_full/install/daksha_api_bridge_follower:/opt/ros/humble /usr/bin/cmake --install /home/phy_ai/.ihub/daksha/build/gesture_management
[5.043s] -- Install configuration: ""
[5.044s] -- Up-to-date: /home/phy_ai/.ihub/daksha/install/gesture_management/share/ament_index/resource_index/rosidl_interfaces/gesture_management
[5.044s] -- Up-to-date: /home/phy_ai/.ihub/daksha/install/gesture_management/include/gesture_management/gesture_management
[5.044s] -- Up-to-date: /home/phy_ai/.ihub/daksha/install/gesture_management/include/gesture_management/gesture_management/srv
[5.045s] -- Up-to-date: /home/phy_ai/.ihub/daksha/install/gesture_management/include/gesture_management/gesture_management/srv/get_replay_status.h
[5.045s] -- Up-to-date: /home/phy_ai/.ihub/daksha/install/gesture_management/include/gesture_management/gesture_management/srv/start_recording.h
[5.045s] -- Up-to-date: /home/phy_ai/.ihub/daksha/install/gesture_management/include/gesture_management/gesture_management/srv/save_sequence.h
[5.045s] -- Up-to-date: /home/phy_ai/.ihub/daksha/install/gesture_management/include/gesture_management/gesture_management/srv/replay_recording.h
[5.045s] -- Up-to-date: /home/phy_ai/.ihub/daksha/install/gesture_management/include/gesture_management/gesture_management/srv/detail
[5.045s] -- Up-to-date: /home/phy_ai/.ihub/daksha/install/gesture_management/include/gesture_management/gesture_management/srv/detail/get_replay_status__type_support.h
[5.045s] -- Up-to-date: /home/phy_ai/.ihub/daksha/install/gesture_management/include/gesture_management/gesture_management/srv/detail/delete_sequence__functions.c
[5.048s] -- Up-to-date: /home/phy_ai/.ihub/daksha/install/gesture_management/include/gesture_management/gesture_management/srv/detail/replay_recording__functions.h
[5.051s] -- Up-to-date: /home/phy_ai/.ihub/daksha/install/gesture_management/include/gesture_management/gesture_management/srv/detail/delete_sequence__type_support.h
[5.052s] -- Up-to-date: /home/phy_ai/.ihub/daksha/install/gesture_management/include/gesture_management/gesture_management/srv/detail/save_sequence__functions.h
[5.052s] -- Up-to-date: /home/phy_ai/.ihub/daksha/install/gesture_management/include/gesture_management/gesture_management/srv/detail/play_sequence__functions.h
[5.052s] -- Up-to-date: /home/phy_ai/.ihub/daksha/install/gesture_management/include/gesture_management/gesture_management/srv/detail/start_recording__functions.h
[5.052s] -- Up-to-date: /home/phy_ai/.ihub/daksha/install/gesture_management/include/gesture_management/gesture_management/srv/detail/replay_recording__functions.c
[5.052s] -- Up-to-date: /home/phy_ai/.ihub/daksha/install/gesture_management/include/gesture_management/gesture_management/srv/detail/start_recording__functions.c
[5.052s] -- Up-to-date: /home/phy_ai/.ihub/daksha/install/gesture_management/include/gesture_management/gesture_management/srv/detail/play_sequence__type_support.h
[5.053s] -- Up-to-date: /home/phy_ai/.ihub/daksha/install/gesture_management/include/gesture_management/gesture_management/srv/detail/save_sequence__functions.c
[5.053s] -- Up-to-date: /home/phy_ai/.ihub/daksha/install/gesture_management/include/gesture_management/gesture_management/srv/detail/play_recording__struct.h
[5.059s] -- Up-to-date: /home/phy_ai/.ihub/daksha/install/gesture_management/include/gesture_management/gesture_management/srv/detail/save_sequence__type_support.h
[5.067s] -- Up-to-date: /home/phy_ai/.ihub/daksha/install/gesture_management/include/gesture_management/gesture_management/srv/detail/delete_sequence__struct.h
[5.067s] -- Up-to-date: /home/phy_ai/.ihub/daksha/install/gesture_management/include/gesture_management/gesture_management/srv/detail/list_sequences__struct.h
[5.068s] -- Up-to-date: /home/phy_ai/.ihub/daksha/install/gesture_management/include/gesture_management/gesture_management/srv/detail/list_sequences__functions.h
[5.068s] -- Up-to-date: /home/phy_ai/.ihub/daksha/install/gesture_management/include/gesture_management/gesture_management/srv/detail/get_replay_status__struct.h
[5.068s] -- Up-to-date: /home/phy_ai/.ihub/daksha/install/gesture_management/include/gesture_management/gesture_management/srv/detail/list_sequences__type_support.h
[5.068s] -- Up-to-date: /home/phy_ai/.ihub/daksha/install/gesture_management/include/gesture_management/gesture_management/srv/detail/delete_sequence__functions.h
[5.068s] -- Up-to-date: /home/phy_ai/.ihub/daksha/install/gesture_management/include/gesture_management/gesture_management/srv/detail/list_sequences__functions.c
[5.068s] -- Up-to-date: /home/phy_ai/.ihub/daksha/install/gesture_management/include/gesture_management/gesture_management/srv/detail/save_sequence__struct.h
[5.068s] -- Up-to-date: /home/phy_ai/.ihub/daksha/install/gesture_management/include/gesture_management/gesture_management/srv/detail/get_replay_status__functions.h
[5.068s] -- Up-to-date: /home/phy_ai/.ihub/daksha/install/gesture_management/include/gesture_management/gesture_management/srv/detail/start_recording__struct.h
[5.069s] -- Up-to-date: /home/phy_ai/.ihub/daksha/install/gesture_management/include/gesture_management/gesture_management/srv/detail/play_recording__type_support.h
[5.071s] -- Up-to-date: /home/phy_ai/.ihub/daksha/install/gesture_management/include/gesture_management/gesture_management/srv/detail/play_recording__functions.c
[5.071s] -- Up-to-date: /home/phy_ai/.ihub/daksha/install/gesture_management/include/gesture_management/gesture_management/srv/detail/play_sequence__struct.h
[5.071s] -- Up-to-date: /home/phy_ai/.ihub/daksha/install/gesture_management/include/gesture_management/gesture_management/srv/detail/play_recording__functions.h
[5.072s] -- Up-to-date: /home/phy_ai/.ihub/daksha/install/gesture_management/include/gesture_management/gesture_management/srv/detail/play_sequence__functions.c
[5.072s] -- Up-to-date: /home/phy_ai/.ihub/daksha/install/gesture_management/include/gesture_management/gesture_management/srv/detail/start_recording__type_support.h
[5.073s] -- Up-to-date: /home/phy_ai/.ihub/daksha/install/gesture_management/include/gesture_management/gesture_management/srv/detail/get_replay_status__functions.c
[5.073s] -- Up-to-date: /home/phy_ai/.ihub/daksha/install/gesture_management/include/gesture_management/gesture_management/srv/detail/replay_recording__struct.h
[5.074s] -- Up-to-date: /home/phy_ai/.ihub/daksha/install/gesture_management/include/gesture_management/gesture_management/srv/detail/replay_recording__type_support.h
[5.074s] -- Up-to-date: /home/phy_ai/.ihub/daksha/install/gesture_management/include/gesture_management/gesture_management/srv/list_sequences.h
[5.074s] -- Up-to-date: /home/phy_ai/.ihub/daksha/install/gesture_management/include/gesture_management/gesture_management/srv/delete_sequence.h
[5.074s] -- Up-to-date: /home/phy_ai/.ihub/daksha/install/gesture_management/include/gesture_management/gesture_management/srv/play_recording.h
[5.074s] -- Up-to-date: /home/phy_ai/.ihub/daksha/install/gesture_management/include/gesture_management/gesture_management/srv/play_sequence.h
[5.074s] -- Up-to-date: /home/phy_ai/.ihub/daksha/install/gesture_management/include/gesture_management/gesture_management/msg
[5.074s] -- Up-to-date: /home/phy_ai/.ihub/daksha/install/gesture_management/include/gesture_management/gesture_management/msg/rosidl_generator_c__visibility_control.h
[5.074s] -- Up-to-date: /home/phy_ai/.ihub/daksha/install/gesture_management/share/gesture_management/environment/library_path.sh
[5.074s] -- Up-to-date: /home/phy_ai/.ihub/daksha/install/gesture_management/share/gesture_management/environment/library_path.dsv
[5.075s] -- Up-to-date: /home/phy_ai/.ihub/daksha/install/gesture_management/lib/libgesture_management__rosidl_generator_c.so
[5.075s] -- Up-to-date: /home/phy_ai/.ihub/daksha/install/gesture_management/include/gesture_management/gesture_management
[5.075s] -- Up-to-date: /home/phy_ai/.ihub/daksha/install/gesture_management/include/gesture_management/gesture_management/srv
[5.075s] -- Up-to-date: /home/phy_ai/.ihub/daksha/install/gesture_management/include/gesture_management/gesture_management/srv/detail
[5.081s] -- Up-to-date: /home/phy_ai/.ihub/daksha/install/gesture_management/include/gesture_management/gesture_management/srv/detail/play_sequence__rosidl_typesupport_fastrtps_c.h
[5.085s] -- Up-to-date: /home/phy_ai/.ihub/daksha/install/gesture_management/include/gesture_management/gesture_management/srv/detail/list_sequences__rosidl_typesupport_fastrtps_c.h
[5.086s] -- Up-to-date: /home/phy_ai/.ihub/daksha/install/gesture_management/include/gesture_management/gesture_management/srv/detail/start_recording__rosidl_typesupport_fastrtps_c.h
[5.086s] -- Up-to-date: /home/phy_ai/.ihub/daksha/install/gesture_management/include/gesture_management/gesture_management/srv/detail/play_recording__rosidl_typesupport_fastrtps_c.h
[5.086s] -- Up-to-date: /home/phy_ai/.ihub/daksha/install/gesture_management/include/gesture_management/gesture_management/srv/detail/replay_recording__rosidl_typesupport_fastrtps_c.h
[5.086s] -- Up-to-date: /home/phy_ai/.ihub/daksha/install/gesture_management/include/gesture_management/gesture_management/srv/detail/save_sequence__rosidl_typesupport_fastrtps_c.h
[5.086s] -- Up-to-date: /home/phy_ai/.ihub/daksha/install/gesture_management/include/gesture_management/gesture_management/srv/detail/get_replay_status__rosidl_typesupport_fastrtps_c.h
[5.103s] -- Up-to-date: /home/phy_ai/.ihub/daksha/install/gesture_management/include/gesture_management/gesture_management/srv/detail/delete_sequence__rosidl_typesupport_fastrtps_c.h
[5.103s] -- Up-to-date: /home/phy_ai/.ihub/daksha/install/gesture_management/include/gesture_management/gesture_management/msg
[5.111s] -- Up-to-date: /home/phy_ai/.ihub/daksha/install/gesture_management/include/gesture_management/gesture_management/msg/rosidl_typesupport_fastrtps_c__visibility_control.h
[5.121s] -- Up-to-date: /home/phy_ai/.ihub/daksha/install/gesture_management/lib/libgesture_management__rosidl_typesupport_fastrtps_c.so
[5.127s] -- Up-to-date: /home/phy_ai/.ihub/daksha/install/gesture_management/include/gesture_management/gesture_management
[5.127s] -- Up-to-date: /home/phy_ai/.ihub/daksha/install/gesture_management/include/gesture_management/gesture_management/srv
[5.127s] -- Up-to-date: /home/phy_ai/.ihub/daksha/install/gesture_management/include/gesture_management/gesture_management/srv/save_sequence.hpp
[5.128s] -- Up-to-date: /home/phy_ai/.ihub/daksha/install/gesture_management/include/gesture_management/gesture_management/srv/start_recording.hpp
[5.128s] -- Up-to-date: /home/phy_ai/.ihub/daksha/install/gesture_management/include/gesture_management/gesture_management/srv/play_sequence.hpp
[5.128s] -- Up-to-date: /home/phy_ai/.ihub/daksha/install/gesture_management/include/gesture_management/gesture_management/srv/detail
[5.129s] -- Up-to-date: /home/phy_ai/.ihub/daksha/install/gesture_management/include/gesture_management/gesture_management/srv/detail/play_recording__traits.hpp
[5.129s] -- Up-to-date: /home/phy_ai/.ihub/daksha/install/gesture_management/include/gesture_management/gesture_management/srv/detail/replay_recording__struct.hpp
[5.129s] -- Up-to-date: /home/phy_ai/.ihub/daksha/install/gesture_management/include/gesture_management/gesture_management/srv/detail/get_replay_status__type_support.hpp
[5.129s] -- Up-to-date: /home/phy_ai/.ihub/daksha/install/gesture_management/include/gesture_management/gesture_management/srv/detail/play_sequence__builder.hpp
[5.129s] -- Up-to-date: /home/phy_ai/.ihub/daksha/install/gesture_management/include/gesture_management/gesture_management/srv/detail/get_replay_status__traits.hpp
[5.129s] -- Up-to-date: /home/phy_ai/.ihub/daksha/install/gesture_management/include/gesture_management/gesture_management/srv/detail/start_recording__traits.hpp
[5.129s] -- Up-to-date: /home/phy_ai/.ihub/daksha/install/gesture_management/include/gesture_management/gesture_management/srv/detail/save_sequence__traits.hpp
[5.129s] -- Up-to-date: /home/phy_ai/.ihub/daksha/install/gesture_management/include/gesture_management/gesture_management/srv/detail/replay_recording__type_support.hpp
[5.130s] -- Up-to-date: /home/phy_ai/.ihub/daksha/install/gesture_management/include/gesture_management/gesture_management/srv/detail/save_sequence__type_support.hpp
[5.130s] -- Up-to-date: /home/phy_ai/.ihub/daksha/install/gesture_management/include/gesture_management/gesture_management/srv/detail/start_recording__type_support.hpp
[5.130s] -- Up-to-date: /home/phy_ai/.ihub/daksha/install/gesture_management/include/gesture_management/gesture_management/srv/detail/get_replay_status__builder.hpp
[5.130s] -- Up-to-date: /home/phy_ai/.ihub/daksha/install/gesture_management/include/gesture_management/gesture_management/srv/detail/list_sequences__type_support.hpp
[5.130s] -- Up-to-date: /home/phy_ai/.ihub/daksha/install/gesture_management/include/gesture_management/gesture_management/srv/detail/save_sequence__struct.hpp
[5.130s] -- Up-to-date: /home/phy_ai/.ihub/daksha/install/gesture_management/include/gesture_management/gesture_management/srv/detail/delete_sequence__type_support.hpp
[5.130s] -- Up-to-date: /home/phy_ai/.ihub/daksha/install/gesture_management/include/gesture_management/gesture_management/srv/detail/replay_recording__traits.hpp
[5.130s] -- Up-to-date: /home/phy_ai/.ihub/daksha/install/gesture_management/include/gesture_management/gesture_management/srv/detail/play_sequence__traits.hpp
[5.130s] -- Up-to-date: /home/phy_ai/.ihub/daksha/install/gesture_management/include/gesture_management/gesture_management/srv/detail/delete_sequence__struct.hpp
[5.131s] -- Up-to-date: /home/phy_ai/.ihub/daksha/install/gesture_management/include/gesture_management/gesture_management/srv/detail/delete_sequence__traits.hpp
[5.131s] -- Up-to-date: /home/phy_ai/.ihub/daksha/install/gesture_management/include/gesture_management/gesture_management/srv/detail/delete_sequence__builder.hpp
[5.150s] -- Up-to-date: /home/phy_ai/.ihub/daksha/install/gesture_management/include/gesture_management/gesture_management/srv/detail/start_recording__struct.hpp
[5.150s] -- Up-to-date: /home/phy_ai/.ihub/daksha/install/gesture_management/include/gesture_management/gesture_management/srv/detail/list_sequences__traits.hpp
[5.152s] -- Up-to-date: /home/phy_ai/.ihub/daksha/install/gesture_management/include/gesture_management/gesture_management/srv/detail/list_sequences__builder.hpp
[5.152s] -- Up-to-date: /home/phy_ai/.ihub/daksha/install/gesture_management/include/gesture_management/gesture_management/srv/detail/list_sequences__struct.hpp
[5.152s] -- Up-to-date: /home/phy_ai/.ihub/daksha/install/gesture_management/include/gesture_management/gesture_management/srv/detail/play_recording__type_support.hpp
[5.152s] -- Up-to-date: /home/phy_ai/.ihub/daksha/install/gesture_management/include/gesture_management/gesture_management/srv/detail/play_recording__builder.hpp
[5.152s] -- Up-to-date: /home/phy_ai/.ihub/daksha/install/gesture_management/include/gesture_management/gesture_management/srv/detail/replay_recording__builder.hpp
[5.152s] -- Up-to-date: /home/phy_ai/.ihub/daksha/install/gesture_management/include/gesture_management/gesture_management/srv/detail/get_replay_status__struct.hpp
[5.153s] -- Up-to-date: /home/phy_ai/.ihub/daksha/install/gesture_management/include/gesture_management/gesture_management/srv/detail/play_sequence__type_support.hpp
[5.153s] -- Up-to-date: /home/phy_ai/.ihub/daksha/install/gesture_management/include/gesture_management/gesture_management/srv/detail/play_sequence__struct.hpp
[5.153s] -- Up-to-date: /home/phy_ai/.ihub/daksha/install/gesture_management/include/gesture_management/gesture_management/srv/detail/save_sequence__builder.hpp
[5.153s] -- Up-to-date: /home/phy_ai/.ihub/daksha/install/gesture_management/include/gesture_management/gesture_management/srv/detail/start_recording__builder.hpp
[5.153s] -- Up-to-date: /home/phy_ai/.ihub/daksha/install/gesture_management/include/gesture_management/gesture_management/srv/detail/play_recording__struct.hpp
[5.153s] -- Up-to-date: /home/phy_ai/.ihub/daksha/install/gesture_management/include/gesture_management/gesture_management/srv/list_sequences.hpp
[5.153s] -- Up-to-date: /home/phy_ai/.ihub/daksha/install/gesture_management/include/gesture_management/gesture_management/srv/delete_sequence.hpp
[5.153s] -- Up-to-date: /home/phy_ai/.ihub/daksha/install/gesture_management/include/gesture_management/gesture_management/srv/play_recording.hpp
[5.154s] -- Up-to-date: /home/phy_ai/.ihub/daksha/install/gesture_management/include/gesture_management/gesture_management/srv/replay_recording.hpp
[5.154s] -- Up-to-date: /home/phy_ai/.ihub/daksha/install/gesture_management/include/gesture_management/gesture_management/srv/get_replay_status.hpp
[5.154s] -- Up-to-date: /home/phy_ai/.ihub/daksha/install/gesture_management/include/gesture_management/gesture_management/msg
[5.154s] -- Up-to-date: /home/phy_ai/.ihub/daksha/install/gesture_management/include/gesture_management/gesture_management/msg/rosidl_generator_cpp__visibility_control.hpp
[5.154s] -- Up-to-date: /home/phy_ai/.ihub/daksha/install/gesture_management/include/gesture_management/gesture_management
[5.190s] -- Up-to-date: /home/phy_ai/.ihub/daksha/install/gesture_management/include/gesture_management/gesture_management/srv
[5.190s] -- Up-to-date: /home/phy_ai/.ihub/daksha/install/gesture_management/include/gesture_management/gesture_management/srv/detail
[5.192s] -- Up-to-date: /home/phy_ai/.ihub/daksha/install/gesture_management/include/gesture_management/gesture_management/srv/detail/list_sequences__rosidl_typesupport_fastrtps_cpp.hpp
[5.194s] -- Up-to-date: /home/phy_ai/.ihub/daksha/install/gesture_management/include/gesture_management/gesture_management/srv/detail/delete_sequence__rosidl_typesupport_fastrtps_cpp.hpp
[5.195s] -- Up-to-date: /home/phy_ai/.ihub/daksha/install/gesture_management/include/gesture_management/gesture_management/srv/detail/start_recording__rosidl_typesupport_fastrtps_cpp.hpp
[5.196s] -- Up-to-date: /home/phy_ai/.ihub/daksha/install/gesture_management/include/gesture_management/gesture_management/srv/detail/save_sequence__rosidl_typesupport_fastrtps_cpp.hpp
[5.199s] -- Up-to-date: /home/phy_ai/.ihub/daksha/install/gesture_management/include/gesture_management/gesture_management/srv/detail/dds_fastrtps
[5.199s] -- Up-to-date: /home/phy_ai/.ihub/daksha/install/gesture_management/include/gesture_management/gesture_management/srv/detail/get_replay_status__rosidl_typesupport_fastrtps_cpp.hpp
[5.203s] -- Up-to-date: /home/phy_ai/.ihub/daksha/install/gesture_management/include/gesture_management/gesture_management/srv/detail/play_sequence__rosidl_typesupport_fastrtps_cpp.hpp
[5.203s] -- Up-to-date: /home/phy_ai/.ihub/daksha/install/gesture_management/include/gesture_management/gesture_management/srv/detail/play_recording__rosidl_typesupport_fastrtps_cpp.hpp
[5.203s] -- Up-to-date: /home/phy_ai/.ihub/daksha/install/gesture_management/include/gesture_management/gesture_management/srv/detail/replay_recording__rosidl_typesupport_fastrtps_cpp.hpp
[5.203s] -- Up-to-date: /home/phy_ai/.ihub/daksha/install/gesture_management/include/gesture_management/gesture_management/msg
[5.204s] -- Up-to-date: /home/phy_ai/.ihub/daksha/install/gesture_management/include/gesture_management/gesture_management/msg/rosidl_typesupport_fastrtps_cpp__visibility_control.h
[5.204s] -- Up-to-date: /home/phy_ai/.ihub/daksha/install/gesture_management/lib/libgesture_management__rosidl_typesupport_fastrtps_cpp.so
[5.204s] -- Up-to-date: /home/phy_ai/.ihub/daksha/install/gesture_management/include/gesture_management/gesture_management
[5.204s] -- Up-to-date: /home/phy_ai/.ihub/daksha/install/gesture_management/include/gesture_management/gesture_management/srv
[5.204s] -- Up-to-date: /home/phy_ai/.ihub/daksha/install/gesture_management/include/gesture_management/gesture_management/srv/detail
[5.204s] -- Up-to-date: /home/phy_ai/.ihub/daksha/install/gesture_management/include/gesture_management/gesture_management/srv/detail/delete_sequence__rosidl_typesupport_introspection_c.h
[5.207s] -- Up-to-date: /home/phy_ai/.ihub/daksha/install/gesture_management/include/gesture_management/gesture_management/srv/detail/delete_sequence__type_support.c
[5.210s] -- Up-to-date: /home/phy_ai/.ihub/daksha/install/gesture_management/include/gesture_management/gesture_management/srv/detail/replay_recording__rosidl_typesupport_introspection_c.h
[5.210s] -- Up-to-date: /home/phy_ai/.ihub/daksha/install/gesture_management/include/gesture_management/gesture_management/srv/detail/get_replay_status__rosidl_typesupport_introspection_c.h
[5.210s] -- Up-to-date: /home/phy_ai/.ihub/daksha/install/gesture_management/include/gesture_management/gesture_management/srv/detail/list_sequences__rosidl_typesupport_introspection_c.h
[5.213s] -- Up-to-date: /home/phy_ai/.ihub/daksha/install/gesture_management/include/gesture_management/gesture_management/srv/detail/get_replay_status__type_support.c
[5.213s] -- Up-to-date: /home/phy_ai/.ihub/daksha/install/gesture_management/include/gesture_management/gesture_management/srv/detail/start_recording__type_support.c
[5.215s] -- Up-to-date: /home/phy_ai/.ihub/daksha/install/gesture_management/include/gesture_management/gesture_management/srv/detail/start_recording__rosidl_typesupport_introspection_c.h
[5.218s] -- Up-to-date: /home/phy_ai/.ihub/daksha/install/gesture_management/include/gesture_management/gesture_management/srv/detail/list_sequences__type_support.c
[5.218s] -- Up-to-date: /home/phy_ai/.ihub/daksha/install/gesture_management/include/gesture_management/gesture_management/srv/detail/play_recording__rosidl_typesupport_introspection_c.h
[5.218s] -- Up-to-date: /home/phy_ai/.ihub/daksha/install/gesture_management/include/gesture_management/gesture_management/srv/detail/play_sequence__rosidl_typesupport_introspection_c.h
[5.218s] -- Up-to-date: /home/phy_ai/.ihub/daksha/install/gesture_management/include/gesture_management/gesture_management/srv/detail/play_sequence__type_support.c
[5.218s] -- Up-to-date: /home/phy_ai/.ihub/daksha/install/gesture_management/include/gesture_management/gesture_management/srv/detail/replay_recording__type_support.c
[5.219s] -- Up-to-date: /home/phy_ai/.ihub/daksha/install/gesture_management/include/gesture_management/gesture_management/srv/detail/save_sequence__rosidl_typesupport_introspection_c.h
[5.219s] -- Up-to-date: /home/phy_ai/.ihub/daksha/install/gesture_management/include/gesture_management/gesture_management/srv/detail/play_recording__type_support.c
[5.220s] -- Up-to-date: /home/phy_ai/.ihub/daksha/install/gesture_management/include/gesture_management/gesture_management/srv/detail/save_sequence__type_support.c
[5.220s] -- Up-to-date: /home/phy_ai/.ihub/daksha/install/gesture_management/include/gesture_management/gesture_management/msg
[5.221s] -- Up-to-date: /home/phy_ai/.ihub/daksha/install/gesture_management/include/gesture_management/gesture_management/msg/rosidl_typesupport_introspection_c__visibility_control.h
[5.221s] -- Up-to-date: /home/phy_ai/.ihub/daksha/install/gesture_management/lib/libgesture_management__rosidl_typesupport_introspection_c.so
[5.221s] -- Up-to-date: /home/phy_ai/.ihub/daksha/install/gesture_management/lib/libgesture_management__rosidl_typesupport_c.so
[5.221s] -- Up-to-date: /home/phy_ai/.ihub/daksha/install/gesture_management/include/gesture_management/gesture_management
[5.221s] -- Up-to-date: /home/phy_ai/.ihub/daksha/install/gesture_management/include/gesture_management/gesture_management/srv
[5.222s] -- Up-to-date: /home/phy_ai/.ihub/daksha/install/gesture_management/include/gesture_management/gesture_management/srv/detail
[5.223s] -- Up-to-date: /home/phy_ai/.ihub/daksha/install/gesture_management/include/gesture_management/gesture_management/srv/detail/delete_sequence__type_support.cpp
[5.225s] -- Up-to-date: /home/phy_ai/.ihub/daksha/install/gesture_management/include/gesture_management/gesture_management/srv/detail/list_sequences__rosidl_typesupport_introspection_cpp.hpp
[5.225s] -- Up-to-date: /home/phy_ai/.ihub/daksha/install/gesture_management/include/gesture_management/gesture_management/srv/detail/save_sequence__rosidl_typesupport_introspection_cpp.hpp
[5.225s] -- Up-to-date: /home/phy_ai/.ihub/daksha/install/gesture_management/include/gesture_management/gesture_management/srv/detail/play_sequence__type_support.cpp
[5.225s] -- Up-to-date: /home/phy_ai/.ihub/daksha/install/gesture_management/include/gesture_management/gesture_management/srv/detail/replay_recording__type_support.cpp
[5.226s] -- Up-to-date: /home/phy_ai/.ihub/daksha/install/gesture_management/include/gesture_management/gesture_management/srv/detail/get_replay_status__type_support.cpp
[5.226s] -- Up-to-date: /home/phy_ai/.ihub/daksha/install/gesture_management/include/gesture_management/gesture_management/srv/detail/get_replay_status__rosidl_typesupport_introspection_cpp.hpp
[5.226s] -- Up-to-date: /home/phy_ai/.ihub/daksha/install/gesture_management/include/gesture_management/gesture_management/srv/detail/start_recording__type_support.cpp
[5.226s] -- Up-to-date: /home/phy_ai/.ihub/daksha/install/gesture_management/include/gesture_management/gesture_management/srv/detail/play_recording__type_support.cpp
[5.226s] -- Up-to-date: /home/phy_ai/.ihub/daksha/install/gesture_management/include/gesture_management/gesture_management/srv/detail/list_sequences__type_support.cpp
[5.228s] -- Up-to-date: /home/phy_ai/.ihub/daksha/install/gesture_management/include/gesture_management/gesture_management/srv/detail/replay_recording__rosidl_typesupport_introspection_cpp.hpp
[5.229s] -- Up-to-date: /home/phy_ai/.ihub/daksha/install/gesture_management/include/gesture_management/gesture_management/srv/detail/save_sequence__type_support.cpp
[5.230s] -- Up-to-date: /home/phy_ai/.ihub/daksha/install/gesture_management/include/gesture_management/gesture_management/srv/detail/start_recording__rosidl_typesupport_introspection_cpp.hpp
[5.232s] -- Up-to-date: /home/phy_ai/.ihub/daksha/install/gesture_management/include/gesture_management/gesture_management/srv/detail/delete_sequence__rosidl_typesupport_introspection_cpp.hpp
[5.233s] -- Up-to-date: /home/phy_ai/.ihub/daksha/install/gesture_management/include/gesture_management/gesture_management/srv/detail/play_recording__rosidl_typesupport_introspection_cpp.hpp
[5.234s] -- Up-to-date: /home/phy_ai/.ihub/daksha/install/gesture_management/include/gesture_management/gesture_management/srv/detail/play_sequence__rosidl_typesupport_introspection_cpp.hpp
[5.235s] -- Up-to-date: /home/phy_ai/.ihub/daksha/install/gesture_management/lib/libgesture_management__rosidl_typesupport_introspection_cpp.so
[5.235s] -- Up-to-date: /home/phy_ai/.ihub/daksha/install/gesture_management/lib/libgesture_management__rosidl_typesupport_cpp.so
[5.236s] -- Up-to-date: /home/phy_ai/.ihub/daksha/install/gesture_management/share/gesture_management/environment/pythonpath.sh
[5.236s] -- Up-to-date: /home/phy_ai/.ihub/daksha/install/gesture_management/share/gesture_management/environment/pythonpath.dsv
[5.236s] -- Up-to-date: /home/phy_ai/.ihub/daksha/install/gesture_management/local/lib/python3.10/dist-packages/gesture_management-0.0.1-py3.10.egg-info
[5.237s] -- Installing: /home/phy_ai/.ihub/daksha/install/gesture_management/local/lib/python3.10/dist-packages/gesture_management-0.0.1-py3.10.egg-info/SOURCES.txt
[5.238s] -- Installing: /home/phy_ai/.ihub/daksha/install/gesture_management/local/lib/python3.10/dist-packages/gesture_management-0.0.1-py3.10.egg-info/top_level.txt
[5.238s] -- Installing: /home/phy_ai/.ihub/daksha/install/gesture_management/local/lib/python3.10/dist-packages/gesture_management-0.0.1-py3.10.egg-info/PKG-INFO
[5.240s] -- Installing: /home/phy_ai/.ihub/daksha/install/gesture_management/local/lib/python3.10/dist-packages/gesture_management-0.0.1-py3.10.egg-info/dependency_links.txt
[5.242s] -- Up-to-date: /home/phy_ai/.ihub/daksha/install/gesture_management/local/lib/python3.10/dist-packages/gesture_management
[5.243s] -- Up-to-date: /home/phy_ai/.ihub/daksha/install/gesture_management/local/lib/python3.10/dist-packages/gesture_management/srv
[5.243s] -- Up-to-date: /home/phy_ai/.ihub/daksha/install/gesture_management/local/lib/python3.10/dist-packages/gesture_management/srv/_start_recording.py
[5.244s] -- Up-to-date: /home/phy_ai/.ihub/daksha/install/gesture_management/local/lib/python3.10/dist-packages/gesture_management/srv/_delete_sequence_s.c
[5.245s] -- Up-to-date: /home/phy_ai/.ihub/daksha/install/gesture_management/local/lib/python3.10/dist-packages/gesture_management/srv/_start_recording_s.c
[5.247s] -- Up-to-date: /home/phy_ai/.ihub/daksha/install/gesture_management/local/lib/python3.10/dist-packages/gesture_management/srv/_list_sequences_s.c
[5.247s] -- Up-to-date: /home/phy_ai/.ihub/daksha/install/gesture_management/local/lib/python3.10/dist-packages/gesture_management/srv/_replay_recording.py
[5.247s] -- Up-to-date: /home/phy_ai/.ihub/daksha/install/gesture_management/local/lib/python3.10/dist-packages/gesture_management/srv/__init__.py
[5.249s] -- Up-to-date: /home/phy_ai/.ihub/daksha/install/gesture_management/local/lib/python3.10/dist-packages/gesture_management/srv/_save_sequence_s.c
[5.249s] -- Up-to-date: /home/phy_ai/.ihub/daksha/install/gesture_management/local/lib/python3.10/dist-packages/gesture_management/srv/_play_recording_s.c
[5.249s] -- Up-to-date: /home/phy_ai/.ihub/daksha/install/gesture_management/local/lib/python3.10/dist-packages/gesture_management/srv/_save_sequence.py
[5.249s] -- Up-to-date: /home/phy_ai/.ihub/daksha/install/gesture_management/local/lib/python3.10/dist-packages/gesture_management/srv/_play_sequence.py
[5.249s] -- Up-to-date: /home/phy_ai/.ihub/daksha/install/gesture_management/local/lib/python3.10/dist-packages/gesture_management/srv/_replay_recording_s.c
[5.249s] -- Up-to-date: /home/phy_ai/.ihub/daksha/install/gesture_management/local/lib/python3.10/dist-packages/gesture_management/srv/_list_sequences.py
[5.250s] -- Up-to-date: /home/phy_ai/.ihub/daksha/install/gesture_management/local/lib/python3.10/dist-packages/gesture_management/srv/_delete_sequence.py
[5.250s] -- Up-to-date: /home/phy_ai/.ihub/daksha/install/gesture_management/local/lib/python3.10/dist-packages/gesture_management/srv/_play_recording.py
[5.250s] -- Up-to-date: /home/phy_ai/.ihub/daksha/install/gesture_management/local/lib/python3.10/dist-packages/gesture_management/srv/_play_sequence_s.c
[5.250s] -- Up-to-date: /home/phy_ai/.ihub/daksha/install/gesture_management/local/lib/python3.10/dist-packages/gesture_management/srv/_get_replay_status_s.c
[5.250s] -- Up-to-date: /home/phy_ai/.ihub/daksha/install/gesture_management/local/lib/python3.10/dist-packages/gesture_management/srv/_get_replay_status.py
[5.250s] -- Up-to-date: /home/phy_ai/.ihub/daksha/install/gesture_management/local/lib/python3.10/dist-packages/gesture_management/_gesture_management_s.ep.rosidl_typesupport_introspection_c.c
[5.250s] -- Up-to-date: /home/phy_ai/.ihub/daksha/install/gesture_management/local/lib/python3.10/dist-packages/gesture_management/_gesture_management_s.ep.rosidl_typesupport_fastrtps_c.c
[5.250s] -- Up-to-date: /home/phy_ai/.ihub/daksha/install/gesture_management/local/lib/python3.10/dist-packages/gesture_management/__init__.py
[5.250s] -- Up-to-date: /home/phy_ai/.ihub/daksha/install/gesture_management/local/lib/python3.10/dist-packages/gesture_management/libgesture_management__rosidl_generator_py.so
[5.251s] -- Up-to-date: /home/phy_ai/.ihub/daksha/install/gesture_management/local/lib/python3.10/dist-packages/gesture_management/gesture_management_s__rosidl_typesupport_introspection_c.cpython-310-x86_64-linux-gnu.so
[5.251s] -- Up-to-date: /home/phy_ai/.ihub/daksha/install/gesture_management/local/lib/python3.10/dist-packages/gesture_management/gesture_management_s__rosidl_typesupport_fastrtps_c.cpython-310-x86_64-linux-gnu.so
[5.251s] -- Up-to-date: /home/phy_ai/.ihub/daksha/install/gesture_management/local/lib/python3.10/dist-packages/gesture_management/_gesture_management_s.ep.rosidl_typesupport_c.c
[5.251s] -- Up-to-date: /home/phy_ai/.ihub/daksha/install/gesture_management/local/lib/python3.10/dist-packages/gesture_management/gesture_management_s__rosidl_typesupport_c.cpython-310-x86_64-linux-gnu.so
[5.342s] Listing '/home/phy_ai/.ihub/daksha/install/gesture_management/local/lib/python3.10/dist-packages/gesture_management'...
[5.342s] Listing '/home/phy_ai/.ihub/daksha/install/gesture_management/local/lib/python3.10/dist-packages/gesture_management/srv'...
[5.363s] -- Up-to-date: /home/phy_ai/.ihub/daksha/install/gesture_management/local/lib/python3.10/dist-packages/gesture_management/gesture_management_s__rosidl_typesupport_fastrtps_c.cpython-310-x86_64-linux-gnu.so
[5.363s] -- Up-to-date: /home/phy_ai/.ihub/daksha/install/gesture_management/local/lib/python3.10/dist-packages/gesture_management/gesture_management_s__rosidl_typesupport_introspection_c.cpython-310-x86_64-linux-gnu.so
[5.364s] -- Up-to-date: /home/phy_ai/.ihub/daksha/install/gesture_management/local/lib/python3.10/dist-packages/gesture_management/gesture_management_s__rosidl_typesupport_c.cpython-310-x86_64-linux-gnu.so
[5.364s] -- Up-to-date: /home/phy_ai/.ihub/daksha/install/gesture_management/lib/libgesture_management__rosidl_generator_py.so
[5.364s] -- Up-to-date: /home/phy_ai/.ihub/daksha/install/gesture_management/share/ament_index/resource_index/rust_packages/gesture_management
[5.364s] -- Up-to-date: /home/phy_ai/.ihub/daksha/install/gesture_management/share/gesture_management/rust
[5.364s] -- Up-to-date: /home/phy_ai/.ihub/daksha/install/gesture_management/share/gesture_management/rust/build.rs
[5.364s] -- Up-to-date: /home/phy_ai/.ihub/daksha/install/gesture_management/share/gesture_management/rust/src
[5.365s] -- Up-to-date: /home/phy_ai/.ihub/daksha/install/gesture_management/share/gesture_management/rust/src/srv
[5.365s] -- Up-to-date: /home/phy_ai/.ihub/daksha/install/gesture_management/share/gesture_management/rust/src/srv/rmw.rs
[5.368s] -- Up-to-date: /home/phy_ai/.ihub/daksha/install/gesture_management/share/gesture_management/rust/src/lib.rs
[5.369s] -- Up-to-date: /home/phy_ai/.ihub/daksha/install/gesture_management/share/gesture_management/rust/src/srv.rs
[5.369s] -- Up-to-date: /home/phy_ai/.ihub/daksha/install/gesture_management/share/gesture_management/rust/Cargo.toml
[5.369s] -- Up-to-date: /home/phy_ai/.ihub/daksha/install/gesture_management/share/gesture_management/srv/StartRecording.idl
[5.370s] -- Up-to-date: /home/phy_ai/.ihub/daksha/install/gesture_management/share/gesture_management/srv/ReplayRecording.idl
[5.370s] -- Up-to-date: /home/phy_ai/.ihub/daksha/install/gesture_management/share/gesture_management/srv/PlayRecording.idl
[5.371s] -- Up-to-date: /home/phy_ai/.ihub/daksha/install/gesture_management/share/gesture_management/srv/PlaySequence.idl
[5.371s] -- Up-to-date: /home/phy_ai/.ihub/daksha/install/gesture_management/share/gesture_management/srv/SaveSequence.idl
[5.371s] -- Up-to-date: /home/phy_ai/.ihub/daksha/install/gesture_management/share/gesture_management/srv/DeleteSequence.idl
[5.371s] -- Up-to-date: /home/phy_ai/.ihub/daksha/install/gesture_management/share/gesture_management/srv/ListSequences.idl
[5.371s] -- Up-to-date: /home/phy_ai/.ihub/daksha/install/gesture_management/share/gesture_management/srv/GetReplayStatus.idl
[5.371s] -- Up-to-date: /home/phy_ai/.ihub/daksha/install/gesture_management/share/gesture_management/srv/StartRecording.srv
[5.372s] -- Up-to-date: /home/phy_ai/.ihub/daksha/install/gesture_management/share/gesture_management/srv/StartRecording_Request.msg
[5.372s] -- Up-to-date: /home/phy_ai/.ihub/daksha/install/gesture_management/share/gesture_management/srv/StartRecording_Response.msg
[5.372s] -- Up-to-date: /home/phy_ai/.ihub/daksha/install/gesture_management/share/gesture_management/srv/ReplayRecording.srv
[5.372s] -- Up-to-date: /home/phy_ai/.ihub/daksha/install/gesture_management/share/gesture_management/srv/ReplayRecording_Request.msg
[5.372s] -- Up-to-date: /home/phy_ai/.ihub/daksha/install/gesture_management/share/gesture_management/srv/ReplayRecording_Response.msg
[5.372s] -- Up-to-date: /home/phy_ai/.ihub/daksha/install/gesture_management/share/gesture_management/srv/PlayRecording.srv
[5.372s] -- Up-to-date: /home/phy_ai/.ihub/daksha/install/gesture_management/share/gesture_management/srv/PlayRecording_Request.msg
[5.372s] -- Up-to-date: /home/phy_ai/.ihub/daksha/install/gesture_management/share/gesture_management/srv/PlayRecording_Response.msg
[5.373s] -- Up-to-date: /home/phy_ai/.ihub/daksha/install/gesture_management/share/gesture_management/srv/PlaySequence.srv
[5.373s] -- Up-to-date: /home/phy_ai/.ihub/daksha/install/gesture_management/share/gesture_management/srv/PlaySequence_Request.msg
[5.373s] -- Up-to-date: /home/phy_ai/.ihub/daksha/install/gesture_management/share/gesture_management/srv/PlaySequence_Response.msg
[5.373s] -- Up-to-date: /home/phy_ai/.ihub/daksha/install/gesture_management/share/gesture_management/srv/SaveSequence.srv
[5.373s] -- Up-to-date: /home/phy_ai/.ihub/daksha/install/gesture_management/share/gesture_management/srv/SaveSequence_Request.msg
[5.373s] -- Up-to-date: /home/phy_ai/.ihub/daksha/install/gesture_management/share/gesture_management/srv/SaveSequence_Response.msg
[5.373s] -- Up-to-date: /home/phy_ai/.ihub/daksha/install/gesture_management/share/gesture_management/srv/DeleteSequence.srv
[5.373s] -- Up-to-date: /home/phy_ai/.ihub/daksha/install/gesture_management/share/gesture_management/srv/DeleteSequence_Request.msg
[5.374s] -- Up-to-date: /home/phy_ai/.ihub/daksha/install/gesture_management/share/gesture_management/srv/DeleteSequence_Response.msg
[5.383s] -- Up-to-date: /home/phy_ai/.ihub/daksha/install/gesture_management/share/gesture_management/srv/ListSequences.srv
[5.383s] -- Up-to-date: /home/phy_ai/.ihub/daksha/install/gesture_management/share/gesture_management/srv/ListSequences_Request.msg
[5.383s] -- Up-to-date: /home/phy_ai/.ihub/daksha/install/gesture_management/share/gesture_management/srv/ListSequences_Response.msg
[5.383s] -- Up-to-date: /home/phy_ai/.ihub/daksha/install/gesture_management/share/gesture_management/srv/GetReplayStatus.srv
[5.383s] -- Up-to-date: /home/phy_ai/.ihub/daksha/install/gesture_management/share/gesture_management/srv/GetReplayStatus_Request.msg
[5.384s] -- Up-to-date: /home/phy_ai/.ihub/daksha/install/gesture_management/share/gesture_management/srv/GetReplayStatus_Response.msg
[5.384s] -- Up-to-date: /home/phy_ai/.ihub/daksha/install/gesture_management/lib/gesture_management/recorder_server.py
[5.384s] -- Up-to-date: /home/phy_ai/.ihub/daksha/install/gesture_management/lib/gesture_management/replay_server.py
[5.384s] -- Up-to-date: /home/phy_ai/.ihub/daksha/install/gesture_management/lib/gesture_management/gesture_management_app.py
[5.384s] -- Up-to-date: /home/phy_ai/.ihub/daksha/install/gesture_management/share/gesture_management/launch
[5.384s] -- Up-to-date: /home/phy_ai/.ihub/daksha/install/gesture_management/share/gesture_management/launch/gesture_management.launch.py
[5.384s] -- Up-to-date: /home/phy_ai/.ihub/daksha/install/gesture_management/share/gesture_management/launch/__pycache__
[5.384s] -- Up-to-date: /home/phy_ai/.ihub/daksha/install/gesture_management/share/gesture_management/launch/__pycache__/gesture_management.launch.cpython-310.pyc
[5.384s] -- Up-to-date: /home/phy_ai/.ihub/daksha/install/gesture_management/share/gesture_management/config
[5.385s] -- Up-to-date: /home/phy_ai/.ihub/daksha/install/gesture_management/share/gesture_management/config/gesture_management_params.yaml
[5.385s] -- Up-to-date: /home/phy_ai/.ihub/daksha/install/gesture_management/share/gesture_management/recordings
[5.385s] -- Up-to-date: /home/phy_ai/.ihub/daksha/install/gesture_management/share/gesture_management/recordings/gesture_index.json
[5.385s] -- Up-to-date: /home/phy_ai/.ihub/daksha/install/gesture_management/share/gesture_management/recordings/hy.parquet
[5.385s] -- Up-to-date: /home/phy_ai/.ihub/daksha/install/gesture_management/lib/gesture_management/templates
[5.385s] -- Up-to-date: /home/phy_ai/.ihub/daksha/install/gesture_management/lib/gesture_management/templates/index.html
[5.385s] -- Up-to-date: /home/phy_ai/.ihub/daksha/install/gesture_management/lib/gesture_management/static
[5.385s] -- Up-to-date: /home/phy_ai/.ihub/daksha/install/gesture_management/lib/gesture_management/static/css
[5.386s] -- Up-to-date: /home/phy_ai/.ihub/daksha/install/gesture_management/lib/gesture_management/static/css/style.css
[5.386s] -- Up-to-date: /home/phy_ai/.ihub/daksha/install/gesture_management/lib/gesture_management/static/js
[5.386s] -- Up-to-date: /home/phy_ai/.ihub/daksha/install/gesture_management/lib/gesture_management/static/js/app.js
[5.386s] -- Up-to-date: /home/phy_ai/.ihub/daksha/install/gesture_management/share/ament_index/resource_index/package_run_dependencies/gesture_management
[5.386s] -- Up-to-date: /home/phy_ai/.ihub/daksha/install/gesture_management/share/ament_index/resource_index/parent_prefix_path/gesture_management
[5.414s] -- Up-to-date: /home/phy_ai/.ihub/daksha/install/gesture_management/share/gesture_management/environment/ament_prefix_path.sh
[5.414s] -- Up-to-date: /home/phy_ai/.ihub/daksha/install/gesture_management/share/gesture_management/environment/ament_prefix_path.dsv
[5.414s] -- Up-to-date: /home/phy_ai/.ihub/daksha/install/gesture_management/share/gesture_management/environment/path.sh
[5.415s] -- Up-to-date: /home/phy_ai/.ihub/daksha/install/gesture_management/share/gesture_management/environment/path.dsv
[5.415s] -- Up-to-date: /home/phy_ai/.ihub/daksha/install/gesture_management/share/gesture_management/local_setup.bash
[5.415s] -- Up-to-date: /home/phy_ai/.ihub/daksha/install/gesture_management/share/gesture_management/local_setup.sh
[5.415s] -- Up-to-date: /home/phy_ai/.ihub/daksha/install/gesture_management/share/gesture_management/local_setup.zsh
[5.415s] -- Up-to-date: /home/phy_ai/.ihub/daksha/install/gesture_management/share/gesture_management/local_setup.dsv
[5.415s] -- Installing: /home/phy_ai/.ihub/daksha/install/gesture_management/share/gesture_management/package.dsv
[5.415s] -- Up-to-date: /home/phy_ai/.ihub/daksha/install/gesture_management/share/ament_index/resource_index/packages/gesture_management
[5.415s] -- Up-to-date: /home/phy_ai/.ihub/daksha/install/gesture_management/share/gesture_management/cmake/export_gesture_management__rosidl_generator_cExport.cmake
[5.416s] -- Up-to-date: /home/phy_ai/.ihub/daksha/install/gesture_management/share/gesture_management/cmake/export_gesture_management__rosidl_generator_cExport-noconfig.cmake
[5.416s] -- Up-to-date: /home/phy_ai/.ihub/daksha/install/gesture_management/share/gesture_management/cmake/export_gesture_management__rosidl_typesupport_fastrtps_cExport.cmake
[5.416s] -- Up-to-date: /home/phy_ai/.ihub/daksha/install/gesture_management/share/gesture_management/cmake/export_gesture_management__rosidl_typesupport_fastrtps_cExport-noconfig.cmake
[5.416s] -- Up-to-date: /home/phy_ai/.ihub/daksha/install/gesture_management/share/gesture_management/cmake/export_gesture_management__rosidl_generator_cppExport.cmake
[5.416s] -- Up-to-date: /home/phy_ai/.ihub/daksha/install/gesture_management/share/gesture_management/cmake/export_gesture_management__rosidl_typesupport_fastrtps_cppExport.cmake
[5.416s] -- Up-to-date: /home/phy_ai/.ihub/daksha/install/gesture_management/share/gesture_management/cmake/export_gesture_management__rosidl_typesupport_fastrtps_cppExport-noconfig.cmake
[5.416s] -- Up-to-date: /home/phy_ai/.ihub/daksha/install/gesture_management/share/gesture_management/cmake/gesture_management__rosidl_typesupport_introspection_cExport.cmake
[5.416s] -- Up-to-date: /home/phy_ai/.ihub/daksha/install/gesture_management/share/gesture_management/cmake/gesture_management__rosidl_typesupport_introspection_cExport-noconfig.cmake
[5.417s] -- Up-to-date: /home/phy_ai/.ihub/daksha/install/gesture_management/share/gesture_management/cmake/gesture_management__rosidl_typesupport_cExport.cmake
[5.417s] -- Up-to-date: /home/phy_ai/.ihub/daksha/install/gesture_management/share/gesture_management/cmake/gesture_management__rosidl_typesupport_cExport-noconfig.cmake
[5.417s] -- Up-to-date: /home/phy_ai/.ihub/daksha/install/gesture_management/share/gesture_management/cmake/gesture_management__rosidl_typesupport_introspection_cppExport.cmake
[5.417s] -- Up-to-date: /home/phy_ai/.ihub/daksha/install/gesture_management/share/gesture_management/cmake/gesture_management__rosidl_typesupport_introspection_cppExport-noconfig.cmake
[5.417s] -- Up-to-date: /home/phy_ai/.ihub/daksha/install/gesture_management/share/gesture_management/cmake/gesture_management__rosidl_typesupport_cppExport.cmake
[5.417s] -- Up-to-date: /home/phy_ai/.ihub/daksha/install/gesture_management/share/gesture_management/cmake/gesture_management__rosidl_typesupport_cppExport-noconfig.cmake
[5.418s] -- Up-to-date: /home/phy_ai/.ihub/daksha/install/gesture_management/share/gesture_management/cmake/export_gesture_management__rosidl_generator_pyExport.cmake
[5.418s] -- Up-to-date: /home/phy_ai/.ihub/daksha/install/gesture_management/share/gesture_management/cmake/export_gesture_management__rosidl_generator_pyExport-noconfig.cmake
[5.418s] -- Up-to-date: /home/phy_ai/.ihub/daksha/install/gesture_management/share/gesture_management/cmake/rosidl_cmake-extras.cmake
[5.418s] -- Up-to-date: /home/phy_ai/.ihub/daksha/install/gesture_management/share/gesture_management/cmake/ament_cmake_export_include_directories-extras.cmake
[5.418s] -- Up-to-date: /home/phy_ai/.ihub/daksha/install/gesture_management/share/gesture_management/cmake/ament_cmake_export_libraries-extras.cmake
[5.418s] -- Up-to-date: /home/phy_ai/.ihub/daksha/install/gesture_management/share/gesture_management/cmake/ament_cmake_export_targets-extras.cmake
[5.418s] -- Up-to-date: /home/phy_ai/.ihub/daksha/install/gesture_management/share/gesture_management/cmake/rosidl_cmake_export_typesupport_targets-extras.cmake
[5.418s] -- Up-to-date: /home/phy_ai/.ihub/daksha/install/gesture_management/share/gesture_management/cmake/ament_cmake_export_dependencies-extras.cmake
[5.418s] -- Up-to-date: /home/phy_ai/.ihub/daksha/install/gesture_management/share/gesture_management/cmake/rosidl_cmake_export_typesupport_libraries-extras.cmake
[5.419s] -- Up-to-date: /home/phy_ai/.ihub/daksha/install/gesture_management/share/gesture_management/cmake/rosidl_cmake_aggregate_target-extras.cmake
[5.419s] -- Up-to-date: /home/phy_ai/.ihub/daksha/install/gesture_management/share/gesture_management/cmake/gesture_managementConfig.cmake
[5.419s] -- Up-to-date: /home/phy_ai/.ihub/daksha/install/gesture_management/share/gesture_management/cmake/gesture_managementConfig-version.cmake
[5.419s] -- Up-to-date: /home/phy_ai/.ihub/daksha/install/gesture_management/share/gesture_management/package.xml
[5.818s] Invoked command in '/home/phy_ai/.ihub/daksha/build/gesture_management' returned '0': CMAKE_PREFIX_PATH=${CMAKE_PREFIX_PATH}:/home/phy_ai/.barani/gen2_full/install/world_camera_launch:/home/phy_ai/.barani/gen2_full/install/gen2:/home/phy_ai/.barani/gen2_full/install/vr_teleop:/home/phy_ai/.barani/gen2_full/install/ros_tcp_endpoint:/home/phy_ai/.barani/gen2_full/install/nav_bringup:/home/phy_ai/.barani/gen2_full/install/nav2_config:/home/phy_ai/.barani/gen2_full/install/kinematics:/home/phy_ai/.barani/gen2_full/install/joint_cmd_logger:/home/phy_ai/.barani/gen2_full/install/joint_analyzer:/home/phy_ai/.barani/gen2_full/install/daksha_data_collection:/home/phy_ai/.barani/gen2_full/install/gen2_leader:/home/phy_ai/.barani/gen2_full/install/amr_bringup:/home/phy_ai/.barani/gen2_full/install/daksha_final_urdf_description:/home/phy_ai/.barani/gen2_full/install/daksha_description_full_body:/home/phy_ai/.barani/gen2_full/install/daksha_base_urdf:/home/phy_ai/.barani/gen2_full/install/daksha_api_bridge_leader:/home/phy_ai/.barani/gen2_full/install/daksha_api_bridge_follower:/opt/ros/humble /usr/bin/cmake --install /home/phy_ai/.ihub/daksha/build/gesture_management
