[3.822s] Invoking command in '/home/phy_ai/.ihub/daksha/src/world_camera_launch': PYTHONPATH=/home/phy_ai/.ihub/daksha/build/world_camera_launch/prefix_override:/usr/lib/python3/dist-packages/colcon_core/task/python/colcon_distutils_commands:/home/phy_ai/.ihub/daksha/install/world_camera_launch/lib/python3.10/site-packages:${PYTHONPATH} /usr/bin/python3 -W ignore:setup.py install is deprecated -W ignore:easy_install command is deprecated setup.py egg_info --egg-base ../../build/world_camera_launch build --build-base /home/phy_ai/.ihub/daksha/build/world_camera_launch/build install --record /home/phy_ai/.ihub/daksha/build/world_camera_launch/install.log --install-scripts $base/lib/world_camera_launch --single-version-externally-managed install_data
[4.546s] running egg_info
[4.548s] writing ../../build/world_camera_launch/world_camera_launch.egg-info/PKG-INFO
[4.548s] writing dependency_links to ../../build/world_camera_launch/world_camera_launch.egg-info/dependency_links.txt
[4.548s] writing entry points to ../../build/world_camera_launch/world_camera_launch.egg-info/entry_points.txt
[4.548s] writing requirements to ../../build/world_camera_launch/world_camera_launch.egg-info/requires.txt
[4.550s] writing top-level names to ../../build/world_camera_launch/world_camera_launch.egg-info/top_level.txt
[4.556s] reading manifest file '../../build/world_camera_launch/world_camera_launch.egg-info/SOURCES.txt'
[4.556s] writing manifest file '../../build/world_camera_launch/world_camera_launch.egg-info/SOURCES.txt'
[4.557s] running build
[4.558s] running build_py
[4.564s] running install
[4.565s] running install_lib
[4.574s] running install_data
[4.575s] running install_egg_info
[4.575s] removing '/home/phy_ai/.ihub/daksha/install/world_camera_launch/lib/python3.10/site-packages/world_camera_launch-0.0.0-py3.10.egg-info' (and everything under it)
[4.575s] Copying ../../build/world_camera_launch/world_camera_launch.egg-info to /home/phy_ai/.ihub/daksha/install/world_camera_launch/lib/python3.10/site-packages/world_camera_launch-0.0.0-py3.10.egg-info
[4.576s] running install_scripts
[4.618s] writing list of installed files to '/home/phy_ai/.ihub/daksha/build/world_camera_launch/install.log'
[4.728s] Invoked command in '/home/phy_ai/.ihub/daksha/src/world_camera_launch' returned '0': PYTHONPATH=/home/phy_ai/.ihub/daksha/build/world_camera_launch/prefix_override:/usr/lib/python3/dist-packages/colcon_core/task/python/colcon_distutils_commands:/home/phy_ai/.ihub/daksha/install/world_camera_launch/lib/python3.10/site-packages:${PYTHONPATH} /usr/bin/python3 -W ignore:setup.py install is deprecated -W ignore:easy_install command is deprecated setup.py egg_info --egg-base ../../build/world_camera_launch build --build-base /home/phy_ai/.ihub/daksha/build/world_camera_launch/build install --record /home/phy_ai/.ihub/daksha/build/world_camera_launch/install.log --install-scripts $base/lib/world_camera_launch --single-version-externally-managed install_data
