[35m[1mConsolidate compiler generated dependencies of target collision_management__rosidl_generator_c[0m
[  3%] Built target collision_management__rs
[  6%] Built target collision_management__cpp
[ 15%] Built target collision_management__rosidl_generator_c
[35m[1mConsolidate compiler generated dependencies of target collision_management__rosidl_typesupport_cpp[0m
[35m[1mConsolidate compiler generated dependencies of target collision_management__rosidl_typesupport_fastrtps_cpp[0m
[ 15%] Built target ament_cmake_python_copy_collision_management
[35m[1mConsolidate compiler generated dependencies of target collision_management__rosidl_typesupport_introspection_cpp[0m
[35m[1mConsolidate compiler generated dependencies of target collision_management__rosidl_typesupport_fastrtps_c[0m
[35m[1mConsolidate compiler generated dependencies of target collision_management__rosidl_typesupport_introspection_c[0m
[35m[1mConsolidate compiler generated dependencies of target collision_management__rosidl_typesupport_c[0m
[ 25%] Built target collision_management__rosidl_typesupport_cpp
[ 34%] Built target collision_management__rosidl_typesupport_introspection_cpp
[ 43%] Built target collision_management__rosidl_typesupport_fastrtps_cpp
[ 53%] Built target collision_management__rosidl_typesupport_introspection_c
[ 62%] Built target collision_management__rosidl_typesupport_c
[ 71%] Built target collision_management__rosidl_typesupport_fastrtps_c
[ 71%] Built target collision_management
[ 75%] Built target collision_management__py
[35m[1mConsolidate compiler generated dependencies of target collision_management__rosidl_generator_py[0m
[ 81%] Built target collision_management__rosidl_generator_py
[35m[1mConsolidate compiler generated dependencies of target collision_management__rosidl_typesupport_fastrtps_c__pyext[0m
[35m[1mConsolidate compiler generated dependencies of target collision_management__rosidl_typesupport_introspection_c__pyext[0m
[35m[1mConsolidate compiler generated dependencies of target collision_management__rosidl_typesupport_c__pyext[0m
[ 87%] Built target collision_management__rosidl_typesupport_fastrtps_c__pyext
[ 93%] Built target collision_management__rosidl_typesupport_introspection_c__pyext
[100%] Built target collision_management__rosidl_typesupport_c__pyext
running egg_info
writing collision_management.egg-info/PKG-INFO
writing dependency_links to collision_management.egg-info/dependency_links.txt
writing top-level names to collision_management.egg-info/top_level.txt
reading manifest file 'collision_management.egg-info/SOURCES.txt'
writing manifest file 'collision_management.egg-info/SOURCES.txt'
[100%] Built target ament_cmake_python_build_collision_management_egg
-- Install configuration: ""
-- Up-to-date: /home/phy_ai/.ihub/daksha/install/collision_management/share/ament_index/resource_index/rosidl_interfaces/collision_management
-- Up-to-date: /home/phy_ai/.ihub/daksha/install/collision_management/include/collision_management/collision_management
-- Up-to-date: /home/phy_ai/.ihub/daksha/install/collision_management/include/collision_management/collision_management/srv
-- Up-to-date: /home/phy_ai/.ihub/daksha/install/collision_management/include/collision_management/collision_management/srv/detail
-- Up-to-date: /home/phy_ai/.ihub/daksha/install/collision_management/include/collision_management/collision_management/srv/detail/get_collision_status__functions.c
-- Up-to-date: /home/phy_ai/.ihub/daksha/install/collision_management/include/collision_management/collision_management/srv/detail/get_collision_status__struct.h
-- Up-to-date: /home/phy_ai/.ihub/daksha/install/collision_management/include/collision_management/collision_management/srv/detail/get_collision_status__functions.h
-- Up-to-date: /home/phy_ai/.ihub/daksha/install/collision_management/include/collision_management/collision_management/srv/detail/get_collision_status__type_support.h
-- Up-to-date: /home/phy_ai/.ihub/daksha/install/collision_management/include/collision_management/collision_management/srv/get_collision_status.h
-- Up-to-date: /home/phy_ai/.ihub/daksha/install/collision_management/include/collision_management/collision_management/msg
-- Up-to-date: /home/phy_ai/.ihub/daksha/install/collision_management/include/collision_management/collision_management/msg/rosidl_generator_c__visibility_control.h
-- Up-to-date: /home/phy_ai/.ihub/daksha/install/collision_management/share/collision_management/environment/library_path.sh
-- Up-to-date: /home/phy_ai/.ihub/daksha/install/collision_management/share/collision_management/environment/library_path.dsv
-- Up-to-date: /home/phy_ai/.ihub/daksha/install/collision_management/lib/libcollision_management__rosidl_generator_c.so
-- Up-to-date: /home/phy_ai/.ihub/daksha/install/collision_management/include/collision_management/collision_management
-- Up-to-date: /home/phy_ai/.ihub/daksha/install/collision_management/include/collision_management/collision_management/srv
-- Up-to-date: /home/phy_ai/.ihub/daksha/install/collision_management/include/collision_management/collision_management/srv/detail
-- Up-to-date: /home/phy_ai/.ihub/daksha/install/collision_management/include/collision_management/collision_management/srv/detail/get_collision_status__rosidl_typesupport_fastrtps_c.h
-- Up-to-date: /home/phy_ai/.ihub/daksha/install/collision_management/include/collision_management/collision_management/msg
-- Up-to-date: /home/phy_ai/.ihub/daksha/install/collision_management/include/collision_management/collision_management/msg/rosidl_typesupport_fastrtps_c__visibility_control.h
-- Up-to-date: /home/phy_ai/.ihub/daksha/install/collision_management/lib/libcollision_management__rosidl_typesupport_fastrtps_c.so
-- Up-to-date: /home/phy_ai/.ihub/daksha/install/collision_management/include/collision_management/collision_management
-- Up-to-date: /home/phy_ai/.ihub/daksha/install/collision_management/include/collision_management/collision_management/srv
-- Up-to-date: /home/phy_ai/.ihub/daksha/install/collision_management/include/collision_management/collision_management/srv/detail
-- Up-to-date: /home/phy_ai/.ihub/daksha/install/collision_management/include/collision_management/collision_management/srv/detail/get_collision_status__struct.hpp
-- Up-to-date: /home/phy_ai/.ihub/daksha/install/collision_management/include/collision_management/collision_management/srv/detail/get_collision_status__builder.hpp
-- Up-to-date: /home/phy_ai/.ihub/daksha/install/collision_management/include/collision_management/collision_management/srv/detail/get_collision_status__type_support.hpp
-- Up-to-date: /home/phy_ai/.ihub/daksha/install/collision_management/include/collision_management/collision_management/srv/detail/get_collision_status__traits.hpp
-- Up-to-date: /home/phy_ai/.ihub/daksha/install/collision_management/include/collision_management/collision_management/srv/get_collision_status.hpp
-- Up-to-date: /home/phy_ai/.ihub/daksha/install/collision_management/include/collision_management/collision_management/msg
-- Up-to-date: /home/phy_ai/.ihub/daksha/install/collision_management/include/collision_management/collision_management/msg/rosidl_generator_cpp__visibility_control.hpp
-- Up-to-date: /home/phy_ai/.ihub/daksha/install/collision_management/include/collision_management/collision_management
-- Up-to-date: /home/phy_ai/.ihub/daksha/install/collision_management/include/collision_management/collision_management/srv
-- Up-to-date: /home/phy_ai/.ihub/daksha/install/collision_management/include/collision_management/collision_management/srv/detail
-- Up-to-date: /home/phy_ai/.ihub/daksha/install/collision_management/include/collision_management/collision_management/srv/detail/dds_fastrtps
-- Up-to-date: /home/phy_ai/.ihub/daksha/install/collision_management/include/collision_management/collision_management/srv/detail/get_collision_status__rosidl_typesupport_fastrtps_cpp.hpp
-- Up-to-date: /home/phy_ai/.ihub/daksha/install/collision_management/include/collision_management/collision_management/msg
-- Up-to-date: /home/phy_ai/.ihub/daksha/install/collision_management/include/collision_management/collision_management/msg/rosidl_typesupport_fastrtps_cpp__visibility_control.h
-- Up-to-date: /home/phy_ai/.ihub/daksha/install/collision_management/lib/libcollision_management__rosidl_typesupport_fastrtps_cpp.so
-- Up-to-date: /home/phy_ai/.ihub/daksha/install/collision_management/include/collision_management/collision_management
-- Up-to-date: /home/phy_ai/.ihub/daksha/install/collision_management/include/collision_management/collision_management/srv
-- Up-to-date: /home/phy_ai/.ihub/daksha/install/collision_management/include/collision_management/collision_management/srv/detail
-- Up-to-date: /home/phy_ai/.ihub/daksha/install/collision_management/include/collision_management/collision_management/srv/detail/get_collision_status__type_support.c
-- Up-to-date: /home/phy_ai/.ihub/daksha/install/collision_management/include/collision_management/collision_management/srv/detail/get_collision_status__rosidl_typesupport_introspection_c.h
-- Up-to-date: /home/phy_ai/.ihub/daksha/install/collision_management/include/collision_management/collision_management/msg
-- Up-to-date: /home/phy_ai/.ihub/daksha/install/collision_management/include/collision_management/collision_management/msg/rosidl_typesupport_introspection_c__visibility_control.h
-- Up-to-date: /home/phy_ai/.ihub/daksha/install/collision_management/lib/libcollision_management__rosidl_typesupport_introspection_c.so
-- Up-to-date: /home/phy_ai/.ihub/daksha/install/collision_management/lib/libcollision_management__rosidl_typesupport_c.so
-- Up-to-date: /home/phy_ai/.ihub/daksha/install/collision_management/include/collision_management/collision_management
-- Up-to-date: /home/phy_ai/.ihub/daksha/install/collision_management/include/collision_management/collision_management/srv
-- Up-to-date: /home/phy_ai/.ihub/daksha/install/collision_management/include/collision_management/collision_management/srv/detail
-- Up-to-date: /home/phy_ai/.ihub/daksha/install/collision_management/include/collision_management/collision_management/srv/detail/get_collision_status__type_support.cpp
-- Up-to-date: /home/phy_ai/.ihub/daksha/install/collision_management/include/collision_management/collision_management/srv/detail/get_collision_status__rosidl_typesupport_introspection_cpp.hpp
-- Up-to-date: /home/phy_ai/.ihub/daksha/install/collision_management/lib/libcollision_management__rosidl_typesupport_introspection_cpp.so
-- Up-to-date: /home/phy_ai/.ihub/daksha/install/collision_management/lib/libcollision_management__rosidl_typesupport_cpp.so
-- Up-to-date: /home/phy_ai/.ihub/daksha/install/collision_management/share/collision_management/environment/pythonpath.sh
-- Up-to-date: /home/phy_ai/.ihub/daksha/install/collision_management/share/collision_management/environment/pythonpath.dsv
-- Up-to-date: /home/phy_ai/.ihub/daksha/install/collision_management/local/lib/python3.10/dist-packages/collision_management-0.0.1-py3.10.egg-info
-- Installing: /home/phy_ai/.ihub/daksha/install/collision_management/local/lib/python3.10/dist-packages/collision_management-0.0.1-py3.10.egg-info/SOURCES.txt
-- Installing: /home/phy_ai/.ihub/daksha/install/collision_management/local/lib/python3.10/dist-packages/collision_management-0.0.1-py3.10.egg-info/top_level.txt
-- Installing: /home/phy_ai/.ihub/daksha/install/collision_management/local/lib/python3.10/dist-packages/collision_management-0.0.1-py3.10.egg-info/PKG-INFO
-- Installing: /home/phy_ai/.ihub/daksha/install/collision_management/local/lib/python3.10/dist-packages/collision_management-0.0.1-py3.10.egg-info/dependency_links.txt
-- Up-to-date: /home/phy_ai/.ihub/daksha/install/collision_management/local/lib/python3.10/dist-packages/collision_management
-- Up-to-date: /home/phy_ai/.ihub/daksha/install/collision_management/local/lib/python3.10/dist-packages/collision_management/srv
-- Up-to-date: /home/phy_ai/.ihub/daksha/install/collision_management/local/lib/python3.10/dist-packages/collision_management/srv/_get_collision_status_s.c
-- Up-to-date: /home/phy_ai/.ihub/daksha/install/collision_management/local/lib/python3.10/dist-packages/collision_management/srv/__init__.py
-- Up-to-date: /home/phy_ai/.ihub/daksha/install/collision_management/local/lib/python3.10/dist-packages/collision_management/srv/_get_collision_status.py
-- Up-to-date: /home/phy_ai/.ihub/daksha/install/collision_management/local/lib/python3.10/dist-packages/collision_management/libcollision_management__rosidl_generator_py.so
-- Up-to-date: /home/phy_ai/.ihub/daksha/install/collision_management/local/lib/python3.10/dist-packages/collision_management/_collision_management_s.ep.rosidl_typesupport_c.c
-- Up-to-date: /home/phy_ai/.ihub/daksha/install/collision_management/local/lib/python3.10/dist-packages/collision_management/_collision_management_s.ep.rosidl_typesupport_fastrtps_c.c
-- Up-to-date: /home/phy_ai/.ihub/daksha/install/collision_management/local/lib/python3.10/dist-packages/collision_management/__init__.py
-- Up-to-date: /home/phy_ai/.ihub/daksha/install/collision_management/local/lib/python3.10/dist-packages/collision_management/_collision_management_s.ep.rosidl_typesupport_introspection_c.c
-- Up-to-date: /home/phy_ai/.ihub/daksha/install/collision_management/local/lib/python3.10/dist-packages/collision_management/collision_management_s__rosidl_typesupport_c.cpython-310-x86_64-linux-gnu.so
-- Up-to-date: /home/phy_ai/.ihub/daksha/install/collision_management/local/lib/python3.10/dist-packages/collision_management/collision_management_s__rosidl_typesupport_introspection_c.cpython-310-x86_64-linux-gnu.so
-- Up-to-date: /home/phy_ai/.ihub/daksha/install/collision_management/local/lib/python3.10/dist-packages/collision_management/collision_management_s__rosidl_typesupport_fastrtps_c.cpython-310-x86_64-linux-gnu.so
Listing '/home/phy_ai/.ihub/daksha/install/collision_management/local/lib/python3.10/dist-packages/collision_management'...
Listing '/home/phy_ai/.ihub/daksha/install/collision_management/local/lib/python3.10/dist-packages/collision_management/srv'...
-- Up-to-date: /home/phy_ai/.ihub/daksha/install/collision_management/local/lib/python3.10/dist-packages/collision_management/collision_management_s__rosidl_typesupport_fastrtps_c.cpython-310-x86_64-linux-gnu.so
-- Up-to-date: /home/phy_ai/.ihub/daksha/install/collision_management/local/lib/python3.10/dist-packages/collision_management/collision_management_s__rosidl_typesupport_introspection_c.cpython-310-x86_64-linux-gnu.so
-- Up-to-date: /home/phy_ai/.ihub/daksha/install/collision_management/local/lib/python3.10/dist-packages/collision_management/collision_management_s__rosidl_typesupport_c.cpython-310-x86_64-linux-gnu.so
-- Up-to-date: /home/phy_ai/.ihub/daksha/install/collision_management/lib/libcollision_management__rosidl_generator_py.so
-- Up-to-date: /home/phy_ai/.ihub/daksha/install/collision_management/share/ament_index/resource_index/rust_packages/collision_management
-- Up-to-date: /home/phy_ai/.ihub/daksha/install/collision_management/share/collision_management/rust
-- Up-to-date: /home/phy_ai/.ihub/daksha/install/collision_management/share/collision_management/rust/build.rs
-- Up-to-date: /home/phy_ai/.ihub/daksha/install/collision_management/share/collision_management/rust/src
-- Up-to-date: /home/phy_ai/.ihub/daksha/install/collision_management/share/collision_management/rust/src/srv
-- Up-to-date: /home/phy_ai/.ihub/daksha/install/collision_management/share/collision_management/rust/src/srv/rmw.rs
-- Up-to-date: /home/phy_ai/.ihub/daksha/install/collision_management/share/collision_management/rust/src/lib.rs
-- Up-to-date: /home/phy_ai/.ihub/daksha/install/collision_management/share/collision_management/rust/src/srv.rs
-- Up-to-date: /home/phy_ai/.ihub/daksha/install/collision_management/share/collision_management/rust/Cargo.toml
-- Up-to-date: /home/phy_ai/.ihub/daksha/install/collision_management/share/collision_management/srv/GetCollisionStatus.idl
-- Up-to-date: /home/phy_ai/.ihub/daksha/install/collision_management/share/collision_management/srv/GetCollisionStatus.srv
-- Up-to-date: /home/phy_ai/.ihub/daksha/install/collision_management/share/collision_management/srv/GetCollisionStatus_Request.msg
-- Up-to-date: /home/phy_ai/.ihub/daksha/install/collision_management/share/collision_management/srv/GetCollisionStatus_Response.msg
-- Up-to-date: /home/phy_ai/.ihub/daksha/install/collision_management/lib/collision_management/collision_guard_node.py
-- Up-to-date: /home/phy_ai/.ihub/daksha/install/collision_management/share/collision_management/launch
-- Up-to-date: /home/phy_ai/.ihub/daksha/install/collision_management/share/collision_management/launch/collision_management.launch.py
-- Up-to-date: /home/phy_ai/.ihub/daksha/install/collision_management/share/ament_index/resource_index/package_run_dependencies/collision_management
-- Up-to-date: /home/phy_ai/.ihub/daksha/install/collision_management/share/ament_index/resource_index/parent_prefix_path/collision_management
-- Up-to-date: /home/phy_ai/.ihub/daksha/install/collision_management/share/collision_management/environment/ament_prefix_path.sh
-- Up-to-date: /home/phy_ai/.ihub/daksha/install/collision_management/share/collision_management/environment/ament_prefix_path.dsv
-- Up-to-date: /home/phy_ai/.ihub/daksha/install/collision_management/share/collision_management/environment/path.sh
-- Up-to-date: /home/phy_ai/.ihub/daksha/install/collision_management/share/collision_management/environment/path.dsv
-- Up-to-date: /home/phy_ai/.ihub/daksha/install/collision_management/share/collision_management/local_setup.bash
-- Up-to-date: /home/phy_ai/.ihub/daksha/install/collision_management/share/collision_management/local_setup.sh
-- Up-to-date: /home/phy_ai/.ihub/daksha/install/collision_management/share/collision_management/local_setup.zsh
-- Up-to-date: /home/phy_ai/.ihub/daksha/install/collision_management/share/collision_management/local_setup.dsv
-- Installing: /home/phy_ai/.ihub/daksha/install/collision_management/share/collision_management/package.dsv
-- Up-to-date: /home/phy_ai/.ihub/daksha/install/collision_management/share/ament_index/resource_index/packages/collision_management
-- Up-to-date: /home/phy_ai/.ihub/daksha/install/collision_management/share/collision_management/cmake/export_collision_management__rosidl_generator_cExport.cmake
-- Up-to-date: /home/phy_ai/.ihub/daksha/install/collision_management/share/collision_management/cmake/export_collision_management__rosidl_generator_cExport-noconfig.cmake
-- Up-to-date: /home/phy_ai/.ihub/daksha/install/collision_management/share/collision_management/cmake/export_collision_management__rosidl_typesupport_fastrtps_cExport.cmake
-- Up-to-date: /home/phy_ai/.ihub/daksha/install/collision_management/share/collision_management/cmake/export_collision_management__rosidl_typesupport_fastrtps_cExport-noconfig.cmake
-- Up-to-date: /home/phy_ai/.ihub/daksha/install/collision_management/share/collision_management/cmake/export_collision_management__rosidl_generator_cppExport.cmake
-- Up-to-date: /home/phy_ai/.ihub/daksha/install/collision_management/share/collision_management/cmake/export_collision_management__rosidl_typesupport_fastrtps_cppExport.cmake
-- Up-to-date: /home/phy_ai/.ihub/daksha/install/collision_management/share/collision_management/cmake/export_collision_management__rosidl_typesupport_fastrtps_cppExport-noconfig.cmake
-- Up-to-date: /home/phy_ai/.ihub/daksha/install/collision_management/share/collision_management/cmake/collision_management__rosidl_typesupport_introspection_cExport.cmake
-- Up-to-date: /home/phy_ai/.ihub/daksha/install/collision_management/share/collision_management/cmake/collision_management__rosidl_typesupport_introspection_cExport-noconfig.cmake
-- Up-to-date: /home/phy_ai/.ihub/daksha/install/collision_management/share/collision_management/cmake/collision_management__rosidl_typesupport_cExport.cmake
-- Up-to-date: /home/phy_ai/.ihub/daksha/install/collision_management/share/collision_management/cmake/collision_management__rosidl_typesupport_cExport-noconfig.cmake
-- Up-to-date: /home/phy_ai/.ihub/daksha/install/collision_management/share/collision_management/cmake/collision_management__rosidl_typesupport_introspection_cppExport.cmake
-- Up-to-date: /home/phy_ai/.ihub/daksha/install/collision_management/share/collision_management/cmake/collision_management__rosidl_typesupport_introspection_cppExport-noconfig.cmake
-- Up-to-date: /home/phy_ai/.ihub/daksha/install/collision_management/share/collision_management/cmake/collision_management__rosidl_typesupport_cppExport.cmake
-- Up-to-date: /home/phy_ai/.ihub/daksha/install/collision_management/share/collision_management/cmake/collision_management__rosidl_typesupport_cppExport-noconfig.cmake
-- Up-to-date: /home/phy_ai/.ihub/daksha/install/collision_management/share/collision_management/cmake/export_collision_management__rosidl_generator_pyExport.cmake
-- Up-to-date: /home/phy_ai/.ihub/daksha/install/collision_management/share/collision_management/cmake/export_collision_management__rosidl_generator_pyExport-noconfig.cmake
-- Up-to-date: /home/phy_ai/.ihub/daksha/install/collision_management/share/collision_management/cmake/rosidl_cmake-extras.cmake
-- Up-to-date: /home/phy_ai/.ihub/daksha/install/collision_management/share/collision_management/cmake/ament_cmake_export_dependencies-extras.cmake
-- Up-to-date: /home/phy_ai/.ihub/daksha/install/collision_management/share/collision_management/cmake/ament_cmake_export_include_directories-extras.cmake
-- Up-to-date: /home/phy_ai/.ihub/daksha/install/collision_management/share/collision_management/cmake/ament_cmake_export_libraries-extras.cmake
-- Up-to-date: /home/phy_ai/.ihub/daksha/install/collision_management/share/collision_management/cmake/ament_cmake_export_targets-extras.cmake
-- Up-to-date: /home/phy_ai/.ihub/daksha/install/collision_management/share/collision_management/cmake/rosidl_cmake_export_typesupport_targets-extras.cmake
-- Up-to-date: /home/phy_ai/.ihub/daksha/install/collision_management/share/collision_management/cmake/rosidl_cmake_export_typesupport_libraries-extras.cmake
-- Up-to-date: /home/phy_ai/.ihub/daksha/install/collision_management/share/collision_management/cmake/rosidl_cmake_aggregate_target-extras.cmake
-- Up-to-date: /home/phy_ai/.ihub/daksha/install/collision_management/share/collision_management/cmake/collision_managementConfig.cmake
-- Up-to-date: /home/phy_ai/.ihub/daksha/install/collision_management/share/collision_management/cmake/collision_managementConfig-version.cmake
-- Up-to-date: /home/phy_ai/.ihub/daksha/install/collision_management/share/collision_management/package.xml
