[0.052s] Invoking command in '/home/phy_ai/.ihub/daksha/build/collision_management': AMENT_PREFIX_PATH=/home/phy_ai/.ihub/daksha/install/kinematics:/home/phy_ai/.ihub/daksha/install/daksha_description_full_body:${AMENT_PREFIX_PATH} CMAKE_PREFIX_PATH=${CMAKE_PREFIX_PATH}:/home/phy_ai/.barani/gen2_full/install/world_camera_launch:/home/phy_ai/.barani/gen2_full/install/gen2:/home/phy_ai/.barani/gen2_full/install/vr_teleop:/home/phy_ai/.barani/gen2_full/install/ros_tcp_endpoint:/home/phy_ai/.barani/gen2_full/install/nav_bringup:/home/phy_ai/.barani/gen2_full/install/nav2_config:/home/phy_ai/.barani/gen2_full/install/kinematics:/home/phy_ai/.barani/gen2_full/install/joint_cmd_logger:/home/phy_ai/.barani/gen2_full/install/joint_analyzer:/home/phy_ai/.barani/gen2_full/install/daksha_data_collection:/home/phy_ai/.barani/gen2_full/install/gen2_leader:/home/phy_ai/.barani/gen2_full/install/amr_bringup:/home/phy_ai/.barani/gen2_full/install/daksha_final_urdf_description:/home/phy_ai/.barani/gen2_full/install/daksha_description_full_body:/home/phy_ai/.barani/gen2_full/install/daksha_base_urdf:/home/phy_ai/.barani/gen2_full/install/daksha_api_bridge_leader:/home/phy_ai/.barani/gen2_full/install/daksha_api_bridge_follower:/opt/ros/humble PYTHONPATH=/home/phy_ai/.ihub/daksha/install/kinematics/lib/python3.10/site-packages:/home/phy_ai/.ihub/daksha/install/daksha_description_full_body/lib/python3.10/site-packages:${PYTHONPATH} /usr/bin/cmake --build /home/phy_ai/.ihub/daksha/build/collision_management -- -j16 -l16
[0.150s] [35m[1mConsolidate compiler generated dependencies of target collision_management__rosidl_generator_c[0m
[0.176s] [  3%] Built target collision_management__rs
[0.181s] [  6%] Built target collision_management__cpp
[0.194s] [ 15%] Built target collision_management__rosidl_generator_c
[0.216s] [35m[1mConsolidate compiler generated dependencies of target collision_management__rosidl_typesupport_cpp[0m
[0.222s] [35m[1mConsolidate compiler generated dependencies of target collision_management__rosidl_typesupport_fastrtps_cpp[0m
[0.230s] [ 15%] Built target ament_cmake_python_copy_collision_management
[0.234s] [35m[1mConsolidate compiler generated dependencies of target collision_management__rosidl_typesupport_introspection_cpp[0m
[0.246s] [35m[1mConsolidate compiler generated dependencies of target collision_management__rosidl_typesupport_fastrtps_c[0m
[0.246s] [35m[1mConsolidate compiler generated dependencies of target collision_management__rosidl_typesupport_introspection_c[0m
[0.248s] [35m[1mConsolidate compiler generated dependencies of target collision_management__rosidl_typesupport_c[0m
[0.265s] [ 25%] Built target collision_management__rosidl_typesupport_cpp
[0.271s] [ 34%] Built target collision_management__rosidl_typesupport_introspection_cpp
[0.273s] [ 43%] Built target collision_management__rosidl_typesupport_fastrtps_cpp
[0.289s] [ 53%] Built target collision_management__rosidl_typesupport_introspection_c
[0.290s] [ 62%] Built target collision_management__rosidl_typesupport_c
[0.302s] [ 71%] Built target collision_management__rosidl_typesupport_fastrtps_c
[0.357s] [ 71%] Built target collision_management
[0.421s] [ 75%] Built target collision_management__py
[0.448s] [35m[1mConsolidate compiler generated dependencies of target collision_management__rosidl_generator_py[0m
[0.481s] [ 81%] Built target collision_management__rosidl_generator_py
[0.509s] [35m[1mConsolidate compiler generated dependencies of target collision_management__rosidl_typesupport_fastrtps_c__pyext[0m
[0.518s] [35m[1mConsolidate compiler generated dependencies of target collision_management__rosidl_typesupport_introspection_c__pyext[0m
[0.524s] [35m[1mConsolidate compiler generated dependencies of target collision_management__rosidl_typesupport_c__pyext[0m
[0.552s] [ 87%] Built target collision_management__rosidl_typesupport_fastrtps_c__pyext
[0.562s] [ 93%] Built target collision_management__rosidl_typesupport_introspection_c__pyext
[0.577s] [100%] Built target collision_management__rosidl_typesupport_c__pyext
[0.877s] running egg_info
[0.878s] writing collision_management.egg-info/PKG-INFO
[0.878s] writing dependency_links to collision_management.egg-info/dependency_links.txt
[0.879s] writing top-level names to collision_management.egg-info/top_level.txt
[0.883s] reading manifest file 'collision_management.egg-info/SOURCES.txt'
[0.885s] writing manifest file 'collision_management.egg-info/SOURCES.txt'
[0.971s] [100%] Built target ament_cmake_python_build_collision_management_egg
[0.999s] Invoked command in '/home/phy_ai/.ihub/daksha/build/collision_management' returned '0': AMENT_PREFIX_PATH=/home/phy_ai/.ihub/daksha/install/kinematics:/home/phy_ai/.ihub/daksha/install/daksha_description_full_body:${AMENT_PREFIX_PATH} CMAKE_PREFIX_PATH=${CMAKE_PREFIX_PATH}:/home/phy_ai/.barani/gen2_full/install/world_camera_launch:/home/phy_ai/.barani/gen2_full/install/gen2:/home/phy_ai/.barani/gen2_full/install/vr_teleop:/home/phy_ai/.barani/gen2_full/install/ros_tcp_endpoint:/home/phy_ai/.barani/gen2_full/install/nav_bringup:/home/phy_ai/.barani/gen2_full/install/nav2_config:/home/phy_ai/.barani/gen2_full/install/kinematics:/home/phy_ai/.barani/gen2_full/install/joint_cmd_logger:/home/phy_ai/.barani/gen2_full/install/joint_analyzer:/home/phy_ai/.barani/gen2_full/install/daksha_data_collection:/home/phy_ai/.barani/gen2_full/install/gen2_leader:/home/phy_ai/.barani/gen2_full/install/amr_bringup:/home/phy_ai/.barani/gen2_full/install/daksha_final_urdf_description:/home/phy_ai/.barani/gen2_full/install/daksha_description_full_body:/home/phy_ai/.barani/gen2_full/install/daksha_base_urdf:/home/phy_ai/.barani/gen2_full/install/daksha_api_bridge_leader:/home/phy_ai/.barani/gen2_full/install/daksha_api_bridge_follower:/opt/ros/humble PYTHONPATH=/home/phy_ai/.ihub/daksha/install/kinematics/lib/python3.10/site-packages:/home/phy_ai/.ihub/daksha/install/daksha_description_full_body/lib/python3.10/site-packages:${PYTHONPATH} /usr/bin/cmake --build /home/phy_ai/.ihub/daksha/build/collision_management -- -j16 -l16
[1.002s] Invoking command in '/home/phy_ai/.ihub/daksha/build/collision_management': AMENT_PREFIX_PATH=/home/phy_ai/.ihub/daksha/install/kinematics:/home/phy_ai/.ihub/daksha/install/daksha_description_full_body:${AMENT_PREFIX_PATH} CMAKE_PREFIX_PATH=${CMAKE_PREFIX_PATH}:/home/phy_ai/.barani/gen2_full/install/world_camera_launch:/home/phy_ai/.barani/gen2_full/install/gen2:/home/phy_ai/.barani/gen2_full/install/vr_teleop:/home/phy_ai/.barani/gen2_full/install/ros_tcp_endpoint:/home/phy_ai/.barani/gen2_full/install/nav_bringup:/home/phy_ai/.barani/gen2_full/install/nav2_config:/home/phy_ai/.barani/gen2_full/install/kinematics:/home/phy_ai/.barani/gen2_full/install/joint_cmd_logger:/home/phy_ai/.barani/gen2_full/install/joint_analyzer:/home/phy_ai/.barani/gen2_full/install/daksha_data_collection:/home/phy_ai/.barani/gen2_full/install/gen2_leader:/home/phy_ai/.barani/gen2_full/install/amr_bringup:/home/phy_ai/.barani/gen2_full/install/daksha_final_urdf_description:/home/phy_ai/.barani/gen2_full/install/daksha_description_full_body:/home/phy_ai/.barani/gen2_full/install/daksha_base_urdf:/home/phy_ai/.barani/gen2_full/install/daksha_api_bridge_leader:/home/phy_ai/.barani/gen2_full/install/daksha_api_bridge_follower:/opt/ros/humble PYTHONPATH=/home/phy_ai/.ihub/daksha/install/kinematics/lib/python3.10/site-packages:/home/phy_ai/.ihub/daksha/install/daksha_description_full_body/lib/python3.10/site-packages:${PYTHONPATH} /usr/bin/cmake --install /home/phy_ai/.ihub/daksha/build/collision_management
[1.017s] -- Install configuration: ""
[1.017s] -- Up-to-date: /home/phy_ai/.ihub/daksha/install/collision_management/share/ament_index/resource_index/rosidl_interfaces/collision_management
[1.017s] -- Up-to-date: /home/phy_ai/.ihub/daksha/install/collision_management/include/collision_management/collision_management
[1.017s] -- Up-to-date: /home/phy_ai/.ihub/daksha/install/collision_management/include/collision_management/collision_management/srv
[1.017s] -- Up-to-date: /home/phy_ai/.ihub/daksha/install/collision_management/include/collision_management/collision_management/srv/detail
[1.017s] -- Up-to-date: /home/phy_ai/.ihub/daksha/install/collision_management/include/collision_management/collision_management/srv/detail/get_collision_status__functions.c
[1.017s] -- Up-to-date: /home/phy_ai/.ihub/daksha/install/collision_management/include/collision_management/collision_management/srv/detail/get_collision_status__struct.h
[1.018s] -- Up-to-date: /home/phy_ai/.ihub/daksha/install/collision_management/include/collision_management/collision_management/srv/detail/get_collision_status__functions.h
[1.018s] -- Up-to-date: /home/phy_ai/.ihub/daksha/install/collision_management/include/collision_management/collision_management/srv/detail/get_collision_status__type_support.h
[1.018s] -- Up-to-date: /home/phy_ai/.ihub/daksha/install/collision_management/include/collision_management/collision_management/srv/get_collision_status.h
[1.018s] -- Up-to-date: /home/phy_ai/.ihub/daksha/install/collision_management/include/collision_management/collision_management/msg
[1.018s] -- Up-to-date: /home/phy_ai/.ihub/daksha/install/collision_management/include/collision_management/collision_management/msg/rosidl_generator_c__visibility_control.h
[1.018s] -- Up-to-date: /home/phy_ai/.ihub/daksha/install/collision_management/share/collision_management/environment/library_path.sh
[1.018s] -- Up-to-date: /home/phy_ai/.ihub/daksha/install/collision_management/share/collision_management/environment/library_path.dsv
[1.018s] -- Up-to-date: /home/phy_ai/.ihub/daksha/install/collision_management/lib/libcollision_management__rosidl_generator_c.so
[1.019s] -- Up-to-date: /home/phy_ai/.ihub/daksha/install/collision_management/include/collision_management/collision_management
[1.019s] -- Up-to-date: /home/phy_ai/.ihub/daksha/install/collision_management/include/collision_management/collision_management/srv
[1.019s] -- Up-to-date: /home/phy_ai/.ihub/daksha/install/collision_management/include/collision_management/collision_management/srv/detail
[1.019s] -- Up-to-date: /home/phy_ai/.ihub/daksha/install/collision_management/include/collision_management/collision_management/srv/detail/get_collision_status__rosidl_typesupport_fastrtps_c.h
[1.019s] -- Up-to-date: /home/phy_ai/.ihub/daksha/install/collision_management/include/collision_management/collision_management/msg
[1.019s] -- Up-to-date: /home/phy_ai/.ihub/daksha/install/collision_management/include/collision_management/collision_management/msg/rosidl_typesupport_fastrtps_c__visibility_control.h
[1.019s] -- Up-to-date: /home/phy_ai/.ihub/daksha/install/collision_management/lib/libcollision_management__rosidl_typesupport_fastrtps_c.so
[1.019s] -- Up-to-date: /home/phy_ai/.ihub/daksha/install/collision_management/include/collision_management/collision_management
[1.019s] -- Up-to-date: /home/phy_ai/.ihub/daksha/install/collision_management/include/collision_management/collision_management/srv
[1.020s] -- Up-to-date: /home/phy_ai/.ihub/daksha/install/collision_management/include/collision_management/collision_management/srv/detail
[1.020s] -- Up-to-date: /home/phy_ai/.ihub/daksha/install/collision_management/include/collision_management/collision_management/srv/detail/get_collision_status__struct.hpp
[1.020s] -- Up-to-date: /home/phy_ai/.ihub/daksha/install/collision_management/include/collision_management/collision_management/srv/detail/get_collision_status__builder.hpp
[1.020s] -- Up-to-date: /home/phy_ai/.ihub/daksha/install/collision_management/include/collision_management/collision_management/srv/detail/get_collision_status__type_support.hpp
[1.020s] -- Up-to-date: /home/phy_ai/.ihub/daksha/install/collision_management/include/collision_management/collision_management/srv/detail/get_collision_status__traits.hpp
[1.020s] -- Up-to-date: /home/phy_ai/.ihub/daksha/install/collision_management/include/collision_management/collision_management/srv/get_collision_status.hpp
[1.022s] -- Up-to-date: /home/phy_ai/.ihub/daksha/install/collision_management/include/collision_management/collision_management/msg
[1.022s] -- Up-to-date: /home/phy_ai/.ihub/daksha/install/collision_management/include/collision_management/collision_management/msg/rosidl_generator_cpp__visibility_control.hpp
[1.022s] -- Up-to-date: /home/phy_ai/.ihub/daksha/install/collision_management/include/collision_management/collision_management
[1.023s] -- Up-to-date: /home/phy_ai/.ihub/daksha/install/collision_management/include/collision_management/collision_management/srv
[1.023s] -- Up-to-date: /home/phy_ai/.ihub/daksha/install/collision_management/include/collision_management/collision_management/srv/detail
[1.023s] -- Up-to-date: /home/phy_ai/.ihub/daksha/install/collision_management/include/collision_management/collision_management/srv/detail/dds_fastrtps
[1.023s] -- Up-to-date: /home/phy_ai/.ihub/daksha/install/collision_management/include/collision_management/collision_management/srv/detail/get_collision_status__rosidl_typesupport_fastrtps_cpp.hpp
[1.023s] -- Up-to-date: /home/phy_ai/.ihub/daksha/install/collision_management/include/collision_management/collision_management/msg
[1.023s] -- Up-to-date: /home/phy_ai/.ihub/daksha/install/collision_management/include/collision_management/collision_management/msg/rosidl_typesupport_fastrtps_cpp__visibility_control.h
[1.023s] -- Up-to-date: /home/phy_ai/.ihub/daksha/install/collision_management/lib/libcollision_management__rosidl_typesupport_fastrtps_cpp.so
[1.024s] -- Up-to-date: /home/phy_ai/.ihub/daksha/install/collision_management/include/collision_management/collision_management
[1.024s] -- Up-to-date: /home/phy_ai/.ihub/daksha/install/collision_management/include/collision_management/collision_management/srv
[1.024s] -- Up-to-date: /home/phy_ai/.ihub/daksha/install/collision_management/include/collision_management/collision_management/srv/detail
[1.024s] -- Up-to-date: /home/phy_ai/.ihub/daksha/install/collision_management/include/collision_management/collision_management/srv/detail/get_collision_status__type_support.c
[1.024s] -- Up-to-date: /home/phy_ai/.ihub/daksha/install/collision_management/include/collision_management/collision_management/srv/detail/get_collision_status__rosidl_typesupport_introspection_c.h
[1.024s] -- Up-to-date: /home/phy_ai/.ihub/daksha/install/collision_management/include/collision_management/collision_management/msg
[1.024s] -- Up-to-date: /home/phy_ai/.ihub/daksha/install/collision_management/include/collision_management/collision_management/msg/rosidl_typesupport_introspection_c__visibility_control.h
[1.024s] -- Up-to-date: /home/phy_ai/.ihub/daksha/install/collision_management/lib/libcollision_management__rosidl_typesupport_introspection_c.so
[1.024s] -- Up-to-date: /home/phy_ai/.ihub/daksha/install/collision_management/lib/libcollision_management__rosidl_typesupport_c.so
[1.025s] -- Up-to-date: /home/phy_ai/.ihub/daksha/install/collision_management/include/collision_management/collision_management
[1.025s] -- Up-to-date: /home/phy_ai/.ihub/daksha/install/collision_management/include/collision_management/collision_management/srv
[1.025s] -- Up-to-date: /home/phy_ai/.ihub/daksha/install/collision_management/include/collision_management/collision_management/srv/detail
[1.025s] -- Up-to-date: /home/phy_ai/.ihub/daksha/install/collision_management/include/collision_management/collision_management/srv/detail/get_collision_status__type_support.cpp
[1.025s] -- Up-to-date: /home/phy_ai/.ihub/daksha/install/collision_management/include/collision_management/collision_management/srv/detail/get_collision_status__rosidl_typesupport_introspection_cpp.hpp
[1.025s] -- Up-to-date: /home/phy_ai/.ihub/daksha/install/collision_management/lib/libcollision_management__rosidl_typesupport_introspection_cpp.so
[1.025s] -- Up-to-date: /home/phy_ai/.ihub/daksha/install/collision_management/lib/libcollision_management__rosidl_typesupport_cpp.so
[1.025s] -- Up-to-date: /home/phy_ai/.ihub/daksha/install/collision_management/share/collision_management/environment/pythonpath.sh
[1.025s] -- Up-to-date: /home/phy_ai/.ihub/daksha/install/collision_management/share/collision_management/environment/pythonpath.dsv
[1.025s] -- Up-to-date: /home/phy_ai/.ihub/daksha/install/collision_management/local/lib/python3.10/dist-packages/collision_management-0.0.1-py3.10.egg-info
[1.026s] -- Installing: /home/phy_ai/.ihub/daksha/install/collision_management/local/lib/python3.10/dist-packages/collision_management-0.0.1-py3.10.egg-info/SOURCES.txt
[1.026s] -- Installing: /home/phy_ai/.ihub/daksha/install/collision_management/local/lib/python3.10/dist-packages/collision_management-0.0.1-py3.10.egg-info/top_level.txt
[1.026s] -- Installing: /home/phy_ai/.ihub/daksha/install/collision_management/local/lib/python3.10/dist-packages/collision_management-0.0.1-py3.10.egg-info/PKG-INFO
[1.026s] -- Installing: /home/phy_ai/.ihub/daksha/install/collision_management/local/lib/python3.10/dist-packages/collision_management-0.0.1-py3.10.egg-info/dependency_links.txt
[1.027s] -- Up-to-date: /home/phy_ai/.ihub/daksha/install/collision_management/local/lib/python3.10/dist-packages/collision_management
[1.027s] -- Up-to-date: /home/phy_ai/.ihub/daksha/install/collision_management/local/lib/python3.10/dist-packages/collision_management/srv
[1.027s] -- Up-to-date: /home/phy_ai/.ihub/daksha/install/collision_management/local/lib/python3.10/dist-packages/collision_management/srv/_get_collision_status_s.c
[1.027s] -- Up-to-date: /home/phy_ai/.ihub/daksha/install/collision_management/local/lib/python3.10/dist-packages/collision_management/srv/__init__.py
[1.027s] -- Up-to-date: /home/phy_ai/.ihub/daksha/install/collision_management/local/lib/python3.10/dist-packages/collision_management/srv/_get_collision_status.py
[1.027s] -- Up-to-date: /home/phy_ai/.ihub/daksha/install/collision_management/local/lib/python3.10/dist-packages/collision_management/libcollision_management__rosidl_generator_py.so
[1.027s] -- Up-to-date: /home/phy_ai/.ihub/daksha/install/collision_management/local/lib/python3.10/dist-packages/collision_management/_collision_management_s.ep.rosidl_typesupport_c.c
[1.028s] -- Up-to-date: /home/phy_ai/.ihub/daksha/install/collision_management/local/lib/python3.10/dist-packages/collision_management/_collision_management_s.ep.rosidl_typesupport_fastrtps_c.c
[1.028s] -- Up-to-date: /home/phy_ai/.ihub/daksha/install/collision_management/local/lib/python3.10/dist-packages/collision_management/__init__.py
[1.028s] -- Up-to-date: /home/phy_ai/.ihub/daksha/install/collision_management/local/lib/python3.10/dist-packages/collision_management/_collision_management_s.ep.rosidl_typesupport_introspection_c.c
[1.028s] -- Up-to-date: /home/phy_ai/.ihub/daksha/install/collision_management/local/lib/python3.10/dist-packages/collision_management/collision_management_s__rosidl_typesupport_c.cpython-310-x86_64-linux-gnu.so
[1.028s] -- Up-to-date: /home/phy_ai/.ihub/daksha/install/collision_management/local/lib/python3.10/dist-packages/collision_management/collision_management_s__rosidl_typesupport_introspection_c.cpython-310-x86_64-linux-gnu.so
[1.028s] -- Up-to-date: /home/phy_ai/.ihub/daksha/install/collision_management/local/lib/python3.10/dist-packages/collision_management/collision_management_s__rosidl_typesupport_fastrtps_c.cpython-310-x86_64-linux-gnu.so
[1.111s] Listing '/home/phy_ai/.ihub/daksha/install/collision_management/local/lib/python3.10/dist-packages/collision_management'...
[1.111s] Listing '/home/phy_ai/.ihub/daksha/install/collision_management/local/lib/python3.10/dist-packages/collision_management/srv'...
[1.122s] -- Up-to-date: /home/phy_ai/.ihub/daksha/install/collision_management/local/lib/python3.10/dist-packages/collision_management/collision_management_s__rosidl_typesupport_fastrtps_c.cpython-310-x86_64-linux-gnu.so
[1.123s] -- Up-to-date: /home/phy_ai/.ihub/daksha/install/collision_management/local/lib/python3.10/dist-packages/collision_management/collision_management_s__rosidl_typesupport_introspection_c.cpython-310-x86_64-linux-gnu.so
[1.123s] -- Up-to-date: /home/phy_ai/.ihub/daksha/install/collision_management/local/lib/python3.10/dist-packages/collision_management/collision_management_s__rosidl_typesupport_c.cpython-310-x86_64-linux-gnu.so
[1.123s] -- Up-to-date: /home/phy_ai/.ihub/daksha/install/collision_management/lib/libcollision_management__rosidl_generator_py.so
[1.124s] -- Up-to-date: /home/phy_ai/.ihub/daksha/install/collision_management/share/ament_index/resource_index/rust_packages/collision_management
[1.124s] -- Up-to-date: /home/phy_ai/.ihub/daksha/install/collision_management/share/collision_management/rust
[1.124s] -- Up-to-date: /home/phy_ai/.ihub/daksha/install/collision_management/share/collision_management/rust/build.rs
[1.124s] -- Up-to-date: /home/phy_ai/.ihub/daksha/install/collision_management/share/collision_management/rust/src
[1.125s] -- Up-to-date: /home/phy_ai/.ihub/daksha/install/collision_management/share/collision_management/rust/src/srv
[1.125s] -- Up-to-date: /home/phy_ai/.ihub/daksha/install/collision_management/share/collision_management/rust/src/srv/rmw.rs
[1.125s] -- Up-to-date: /home/phy_ai/.ihub/daksha/install/collision_management/share/collision_management/rust/src/lib.rs
[1.125s] -- Up-to-date: /home/phy_ai/.ihub/daksha/install/collision_management/share/collision_management/rust/src/srv.rs
[1.125s] -- Up-to-date: /home/phy_ai/.ihub/daksha/install/collision_management/share/collision_management/rust/Cargo.toml
[1.126s] -- Up-to-date: /home/phy_ai/.ihub/daksha/install/collision_management/share/collision_management/srv/GetCollisionStatus.idl
[1.126s] -- Up-to-date: /home/phy_ai/.ihub/daksha/install/collision_management/share/collision_management/srv/GetCollisionStatus.srv
[1.126s] -- Up-to-date: /home/phy_ai/.ihub/daksha/install/collision_management/share/collision_management/srv/GetCollisionStatus_Request.msg
[1.126s] -- Up-to-date: /home/phy_ai/.ihub/daksha/install/collision_management/share/collision_management/srv/GetCollisionStatus_Response.msg
[1.126s] -- Up-to-date: /home/phy_ai/.ihub/daksha/install/collision_management/lib/collision_management/collision_guard_node.py
[1.126s] -- Up-to-date: /home/phy_ai/.ihub/daksha/install/collision_management/share/collision_management/launch
[1.126s] -- Up-to-date: /home/phy_ai/.ihub/daksha/install/collision_management/share/collision_management/launch/collision_management.launch.py
[1.126s] -- Up-to-date: /home/phy_ai/.ihub/daksha/install/collision_management/share/ament_index/resource_index/package_run_dependencies/collision_management
[1.127s] -- Up-to-date: /home/phy_ai/.ihub/daksha/install/collision_management/share/ament_index/resource_index/parent_prefix_path/collision_management
[1.127s] -- Up-to-date: /home/phy_ai/.ihub/daksha/install/collision_management/share/collision_management/environment/ament_prefix_path.sh
[1.127s] -- Up-to-date: /home/phy_ai/.ihub/daksha/install/collision_management/share/collision_management/environment/ament_prefix_path.dsv
[1.127s] -- Up-to-date: /home/phy_ai/.ihub/daksha/install/collision_management/share/collision_management/environment/path.sh
[1.127s] -- Up-to-date: /home/phy_ai/.ihub/daksha/install/collision_management/share/collision_management/environment/path.dsv
[1.127s] -- Up-to-date: /home/phy_ai/.ihub/daksha/install/collision_management/share/collision_management/local_setup.bash
[1.127s] -- Up-to-date: /home/phy_ai/.ihub/daksha/install/collision_management/share/collision_management/local_setup.sh
[1.127s] -- Up-to-date: /home/phy_ai/.ihub/daksha/install/collision_management/share/collision_management/local_setup.zsh
[1.127s] -- Up-to-date: /home/phy_ai/.ihub/daksha/install/collision_management/share/collision_management/local_setup.dsv
[1.127s] -- Installing: /home/phy_ai/.ihub/daksha/install/collision_management/share/collision_management/package.dsv
[1.127s] -- Up-to-date: /home/phy_ai/.ihub/daksha/install/collision_management/share/ament_index/resource_index/packages/collision_management
[1.128s] -- Up-to-date: /home/phy_ai/.ihub/daksha/install/collision_management/share/collision_management/cmake/export_collision_management__rosidl_generator_cExport.cmake
[1.128s] -- Up-to-date: /home/phy_ai/.ihub/daksha/install/collision_management/share/collision_management/cmake/export_collision_management__rosidl_generator_cExport-noconfig.cmake
[1.128s] -- Up-to-date: /home/phy_ai/.ihub/daksha/install/collision_management/share/collision_management/cmake/export_collision_management__rosidl_typesupport_fastrtps_cExport.cmake
[1.128s] -- Up-to-date: /home/phy_ai/.ihub/daksha/install/collision_management/share/collision_management/cmake/export_collision_management__rosidl_typesupport_fastrtps_cExport-noconfig.cmake
[1.128s] -- Up-to-date: /home/phy_ai/.ihub/daksha/install/collision_management/share/collision_management/cmake/export_collision_management__rosidl_generator_cppExport.cmake
[1.128s] -- Up-to-date: /home/phy_ai/.ihub/daksha/install/collision_management/share/collision_management/cmake/export_collision_management__rosidl_typesupport_fastrtps_cppExport.cmake
[1.128s] -- Up-to-date: /home/phy_ai/.ihub/daksha/install/collision_management/share/collision_management/cmake/export_collision_management__rosidl_typesupport_fastrtps_cppExport-noconfig.cmake
[1.129s] -- Up-to-date: /home/phy_ai/.ihub/daksha/install/collision_management/share/collision_management/cmake/collision_management__rosidl_typesupport_introspection_cExport.cmake
[1.129s] -- Up-to-date: /home/phy_ai/.ihub/daksha/install/collision_management/share/collision_management/cmake/collision_management__rosidl_typesupport_introspection_cExport-noconfig.cmake
[1.129s] -- Up-to-date: /home/phy_ai/.ihub/daksha/install/collision_management/share/collision_management/cmake/collision_management__rosidl_typesupport_cExport.cmake
[1.129s] -- Up-to-date: /home/phy_ai/.ihub/daksha/install/collision_management/share/collision_management/cmake/collision_management__rosidl_typesupport_cExport-noconfig.cmake
[1.129s] -- Up-to-date: /home/phy_ai/.ihub/daksha/install/collision_management/share/collision_management/cmake/collision_management__rosidl_typesupport_introspection_cppExport.cmake
[1.129s] -- Up-to-date: /home/phy_ai/.ihub/daksha/install/collision_management/share/collision_management/cmake/collision_management__rosidl_typesupport_introspection_cppExport-noconfig.cmake
[1.129s] -- Up-to-date: /home/phy_ai/.ihub/daksha/install/collision_management/share/collision_management/cmake/collision_management__rosidl_typesupport_cppExport.cmake
[1.129s] -- Up-to-date: /home/phy_ai/.ihub/daksha/install/collision_management/share/collision_management/cmake/collision_management__rosidl_typesupport_cppExport-noconfig.cmake
[1.130s] -- Up-to-date: /home/phy_ai/.ihub/daksha/install/collision_management/share/collision_management/cmake/export_collision_management__rosidl_generator_pyExport.cmake
[1.130s] -- Up-to-date: /home/phy_ai/.ihub/daksha/install/collision_management/share/collision_management/cmake/export_collision_management__rosidl_generator_pyExport-noconfig.cmake
[1.130s] -- Up-to-date: /home/phy_ai/.ihub/daksha/install/collision_management/share/collision_management/cmake/rosidl_cmake-extras.cmake
[1.130s] -- Up-to-date: /home/phy_ai/.ihub/daksha/install/collision_management/share/collision_management/cmake/ament_cmake_export_dependencies-extras.cmake
[1.130s] -- Up-to-date: /home/phy_ai/.ihub/daksha/install/collision_management/share/collision_management/cmake/ament_cmake_export_include_directories-extras.cmake
[1.130s] -- Up-to-date: /home/phy_ai/.ihub/daksha/install/collision_management/share/collision_management/cmake/ament_cmake_export_libraries-extras.cmake
[1.130s] -- Up-to-date: /home/phy_ai/.ihub/daksha/install/collision_management/share/collision_management/cmake/ament_cmake_export_targets-extras.cmake
[1.130s] -- Up-to-date: /home/phy_ai/.ihub/daksha/install/collision_management/share/collision_management/cmake/rosidl_cmake_export_typesupport_targets-extras.cmake
[1.130s] -- Up-to-date: /home/phy_ai/.ihub/daksha/install/collision_management/share/collision_management/cmake/rosidl_cmake_export_typesupport_libraries-extras.cmake
[1.131s] -- Up-to-date: /home/phy_ai/.ihub/daksha/install/collision_management/share/collision_management/cmake/rosidl_cmake_aggregate_target-extras.cmake
[1.131s] -- Up-to-date: /home/phy_ai/.ihub/daksha/install/collision_management/share/collision_management/cmake/collision_managementConfig.cmake
[1.131s] -- Up-to-date: /home/phy_ai/.ihub/daksha/install/collision_management/share/collision_management/cmake/collision_managementConfig-version.cmake
[1.131s] -- Up-to-date: /home/phy_ai/.ihub/daksha/install/collision_management/share/collision_management/package.xml
[1.135s] Invoked command in '/home/phy_ai/.ihub/daksha/build/collision_management' returned '0': AMENT_PREFIX_PATH=/home/phy_ai/.ihub/daksha/install/kinematics:/home/phy_ai/.ihub/daksha/install/daksha_description_full_body:${AMENT_PREFIX_PATH} CMAKE_PREFIX_PATH=${CMAKE_PREFIX_PATH}:/home/phy_ai/.barani/gen2_full/install/world_camera_launch:/home/phy_ai/.barani/gen2_full/install/gen2:/home/phy_ai/.barani/gen2_full/install/vr_teleop:/home/phy_ai/.barani/gen2_full/install/ros_tcp_endpoint:/home/phy_ai/.barani/gen2_full/install/nav_bringup:/home/phy_ai/.barani/gen2_full/install/nav2_config:/home/phy_ai/.barani/gen2_full/install/kinematics:/home/phy_ai/.barani/gen2_full/install/joint_cmd_logger:/home/phy_ai/.barani/gen2_full/install/joint_analyzer:/home/phy_ai/.barani/gen2_full/install/daksha_data_collection:/home/phy_ai/.barani/gen2_full/install/gen2_leader:/home/phy_ai/.barani/gen2_full/install/amr_bringup:/home/phy_ai/.barani/gen2_full/install/daksha_final_urdf_description:/home/phy_ai/.barani/gen2_full/install/daksha_description_full_body:/home/phy_ai/.barani/gen2_full/install/daksha_base_urdf:/home/phy_ai/.barani/gen2_full/install/daksha_api_bridge_leader:/home/phy_ai/.barani/gen2_full/install/daksha_api_bridge_follower:/opt/ros/humble PYTHONPATH=/home/phy_ai/.ihub/daksha/install/kinematics/lib/python3.10/site-packages:/home/phy_ai/.ihub/daksha/install/daksha_description_full_body/lib/python3.10/site-packages:${PYTHONPATH} /usr/bin/cmake --install /home/phy_ai/.ihub/daksha/build/collision_management
