/home/phy_ai/.ihub/daksha/install/gen2_leader/lib/python3.10/site-packages/gen2_leader/Gen2Leader_raw_serial.py
/home/phy_ai/.ihub/daksha/install/gen2_leader/lib/python3.10/site-packages/gen2_leader/main_with_service_wifi.py
/home/phy_ai/.ihub/daksha/install/gen2_leader/lib/python3.10/site-packages/gen2_leader/__init__.py
/home/phy_ai/.ihub/daksha/install/gen2_leader/lib/python3.10/site-packages/gen2_leader/LeaderTorqueToggle.py
/home/phy_ai/.ihub/daksha/install/gen2_leader/lib/python3.10/site-packages/gen2_leader/Gen2Leader_raw.py
/home/phy_ai/.ihub/daksha/install/gen2_leader/lib/python3.10/site-packages/gen2_leader/main_with_service_mirror_wifi.py
/home/phy_ai/.ihub/daksha/install/gen2_leader/lib/python3.10/site-packages/gen2_leader/__pycache__/Gen2Leader_raw_serial.cpython-310.pyc
/home/phy_ai/.ihub/daksha/install/gen2_leader/lib/python3.10/site-packages/gen2_leader/__pycache__/main_with_service_wifi.cpython-310.pyc
/home/phy_ai/.ihub/daksha/install/gen2_leader/lib/python3.10/site-packages/gen2_leader/__pycache__/__init__.cpython-310.pyc
/home/phy_ai/.ihub/daksha/install/gen2_leader/lib/python3.10/site-packages/gen2_leader/__pycache__/LeaderTorqueToggle.cpython-310.pyc
/home/phy_ai/.ihub/daksha/install/gen2_leader/lib/python3.10/site-packages/gen2_leader/__pycache__/Gen2Leader_raw.cpython-310.pyc
/home/phy_ai/.ihub/daksha/install/gen2_leader/lib/python3.10/site-packages/gen2_leader/__pycache__/main_with_service_mirror_wifi.cpython-310.pyc
/home/phy_ai/.ihub/daksha/install/gen2_leader/share/ament_index/resource_index/packages/gen2_leader
/home/phy_ai/.ihub/daksha/install/gen2_leader/share/gen2_leader/package.xml
/home/phy_ai/.ihub/daksha/install/gen2_leader/share/gen2_leader/launch/gen2_leader_mirror.launch.py
/home/phy_ai/.ihub/daksha/install/gen2_leader/share/gen2_leader/launch/gen2_leader.launch.py
/home/phy_ai/.ihub/daksha/install/gen2_leader/share/gen2_leader/config/leader_limit_limit.yaml
/home/phy_ai/.ihub/daksha/install/gen2_leader/lib/python3.10/site-packages/gen2_leader-0.0.0-py3.10.egg-info/SOURCES.txt
/home/phy_ai/.ihub/daksha/install/gen2_leader/lib/python3.10/site-packages/gen2_leader-0.0.0-py3.10.egg-info/zip-safe
/home/phy_ai/.ihub/daksha/install/gen2_leader/lib/python3.10/site-packages/gen2_leader-0.0.0-py3.10.egg-info/top_level.txt
/home/phy_ai/.ihub/daksha/install/gen2_leader/lib/python3.10/site-packages/gen2_leader-0.0.0-py3.10.egg-info/entry_points.txt
/home/phy_ai/.ihub/daksha/install/gen2_leader/lib/python3.10/site-packages/gen2_leader-0.0.0-py3.10.egg-info/PKG-INFO
/home/phy_ai/.ihub/daksha/install/gen2_leader/lib/python3.10/site-packages/gen2_leader-0.0.0-py3.10.egg-info/requires.txt
/home/phy_ai/.ihub/daksha/install/gen2_leader/lib/python3.10/site-packages/gen2_leader-0.0.0-py3.10.egg-info/dependency_links.txt
/home/phy_ai/.ihub/daksha/install/gen2_leader/lib/gen2_leader/leader_mirror
/home/phy_ai/.ihub/daksha/install/gen2_leader/lib/gen2_leader/leader_raw
/home/phy_ai/.ihub/daksha/install/gen2_leader/lib/gen2_leader/leader_serial
/home/phy_ai/.ihub/daksha/install/gen2_leader/lib/gen2_leader/leader_torque_toggle
/home/phy_ai/.ihub/daksha/install/gen2_leader/lib/gen2_leader/leader_wifi
