running egg_info
writing ../../../../build/daksha_data_collection/daksha_data_collection.egg-info/PKG-INFO
writing dependency_links to ../../../../build/daksha_data_collection/daksha_data_collection.egg-info/dependency_links.txt
writing entry points to ../../../../build/daksha_data_collection/daksha_data_collection.egg-info/entry_points.txt
writing requirements to ../../../../build/daksha_data_collection/daksha_data_collection.egg-info/requires.txt
writing top-level names to ../../../../build/daksha_data_collection/daksha_data_collection.egg-info/top_level.txt
reading manifest file '../../../../build/daksha_data_collection/daksha_data_collection.egg-info/SOURCES.txt'
writing manifest file '../../../../build/daksha_data_collection/daksha_data_collection.egg-info/SOURCES.txt'
running build
running build_py
running install
running install_lib
running install_data
running install_egg_info
removing '/home/phy_ai/.ihub/daksha/install/daksha_data_collection/lib/python3.10/site-packages/daksha_data_collection-0.0.0-py3.10.egg-info' (and everything under it)
Copying ../../../../build/daksha_data_collection/daksha_data_collection.egg-info to /home/phy_ai/.ihub/daksha/install/daksha_data_collection/lib/python3.10/site-packages/daksha_data_collection-0.0.0-py3.10.egg-info
running install_scripts
Installing delete_episode script to /home/phy_ai/.ihub/daksha/install/daksha_data_collection/lib/daksha_data_collection
Installing ros2_topic_recorder script to /home/phy_ai/.ihub/daksha/install/daksha_data_collection/lib/daksha_data_collection
Installing ros2_topic_replay script to /home/phy_ai/.ihub/daksha/install/daksha_data_collection/lib/daksha_data_collection
Installing web_data_management_ui script to /home/phy_ai/.ihub/daksha/install/daksha_data_collection/lib/daksha_data_collection
writing list of installed files to '/home/phy_ai/.ihub/daksha/build/daksha_data_collection/install.log'
