[4.101s] Invoking command in '/home/phy_ai/.ihub/daksha/src/ui/Clients_UI/daksha_data_collection': AMENT_PREFIX_PATH=/home/phy_ai/.ihub/daksha/install/hw_interface:/home/phy_ai/.ihub/daksha/install/daksha_msgs:${AMENT_PREFIX_PATH} CMAKE_PREFIX_PATH=/home/phy_ai/.ihub/daksha/install/hw_interface:/home/phy_ai/.ihub/daksha/install/daksha_msgs:${CMAKE_PREFIX_PATH} LD_LIBRARY_PATH=/home/phy_ai/.ihub/daksha/install/hw_interface/lib:/home/phy_ai/.ihub/daksha/install/daksha_msgs/lib:${LD_LIBRARY_PATH} PYTHONPATH=/home/phy_ai/.ihub/daksha/build/daksha_data_collection/prefix_override:/usr/lib/python3/dist-packages/colcon_core/task/python/colcon_distutils_commands:/home/phy_ai/.ihub/daksha/install/daksha_data_collection/lib/python3.10/site-packages:/home/phy_ai/.ihub/daksha/install/hw_interface/local/lib/python3.10/dist-packages:/home/phy_ai/.ihub/daksha/install/daksha_msgs/local/lib/python3.10/dist-packages:${PYTHONPATH} /usr/bin/python3 -W ignore:setup.py install is deprecated -W ignore:easy_install command is deprecated setup.py egg_info --egg-base ../../../../build/daksha_data_collection build --build-base /home/phy_ai/.ihub/daksha/build/daksha_data_collection/build install --record /home/phy_ai/.ihub/daksha/build/daksha_data_collection/install.log --install-scripts $base/lib/daksha_data_collection --single-version-externally-managed install_data
[4.687s] running egg_info
[4.689s] writing ../../../../build/daksha_data_collection/daksha_data_collection.egg-info/PKG-INFO
[4.690s] writing dependency_links to ../../../../build/daksha_data_collection/daksha_data_collection.egg-info/dependency_links.txt
[4.690s] writing entry points to ../../../../build/daksha_data_collection/daksha_data_collection.egg-info/entry_points.txt
[4.690s] writing requirements to ../../../../build/daksha_data_collection/daksha_data_collection.egg-info/requires.txt
[4.690s] writing top-level names to ../../../../build/daksha_data_collection/daksha_data_collection.egg-info/top_level.txt
[4.693s] reading manifest file '../../../../build/daksha_data_collection/daksha_data_collection.egg-info/SOURCES.txt'
[4.695s] writing manifest file '../../../../build/daksha_data_collection/daksha_data_collection.egg-info/SOURCES.txt'
[4.695s] running build
[4.695s] running build_py
[4.697s] running install
[4.697s] running install_lib
[4.701s] running install_data
[4.701s] running install_egg_info
[4.705s] removing '/home/phy_ai/.ihub/daksha/install/daksha_data_collection/lib/python3.10/site-packages/daksha_data_collection-0.0.0-py3.10.egg-info' (and everything under it)
[4.706s] Copying ../../../../build/daksha_data_collection/daksha_data_collection.egg-info to /home/phy_ai/.ihub/daksha/install/daksha_data_collection/lib/python3.10/site-packages/daksha_data_collection-0.0.0-py3.10.egg-info
[4.708s] running install_scripts
[4.753s] Installing delete_episode script to /home/phy_ai/.ihub/daksha/install/daksha_data_collection/lib/daksha_data_collection
[4.753s] Installing ros2_topic_recorder script to /home/phy_ai/.ihub/daksha/install/daksha_data_collection/lib/daksha_data_collection
[4.753s] Installing ros2_topic_replay script to /home/phy_ai/.ihub/daksha/install/daksha_data_collection/lib/daksha_data_collection
[4.754s] Installing web_data_management_ui script to /home/phy_ai/.ihub/daksha/install/daksha_data_collection/lib/daksha_data_collection
[4.755s] writing list of installed files to '/home/phy_ai/.ihub/daksha/build/daksha_data_collection/install.log'
[4.907s] Invoked command in '/home/phy_ai/.ihub/daksha/src/ui/Clients_UI/daksha_data_collection' returned '0': AMENT_PREFIX_PATH=/home/phy_ai/.ihub/daksha/install/hw_interface:/home/phy_ai/.ihub/daksha/install/daksha_msgs:${AMENT_PREFIX_PATH} CMAKE_PREFIX_PATH=/home/phy_ai/.ihub/daksha/install/hw_interface:/home/phy_ai/.ihub/daksha/install/daksha_msgs:${CMAKE_PREFIX_PATH} LD_LIBRARY_PATH=/home/phy_ai/.ihub/daksha/install/hw_interface/lib:/home/phy_ai/.ihub/daksha/install/daksha_msgs/lib:${LD_LIBRARY_PATH} PYTHONPATH=/home/phy_ai/.ihub/daksha/build/daksha_data_collection/prefix_override:/usr/lib/python3/dist-packages/colcon_core/task/python/colcon_distutils_commands:/home/phy_ai/.ihub/daksha/install/daksha_data_collection/lib/python3.10/site-packages:/home/phy_ai/.ihub/daksha/install/hw_interface/local/lib/python3.10/dist-packages:/home/phy_ai/.ihub/daksha/install/daksha_msgs/local/lib/python3.10/dist-packages:${PYTHONPATH} /usr/bin/python3 -W ignore:setup.py install is deprecated -W ignore:easy_install command is deprecated setup.py egg_info --egg-base ../../../../build/daksha_data_collection build --build-base /home/phy_ai/.ihub/daksha/build/daksha_data_collection/build install --record /home/phy_ai/.ihub/daksha/build/daksha_data_collection/install.log --install-scripts $base/lib/daksha_data_collection --single-version-externally-managed install_data
