-- Install configuration: ""
-- Up-to-date: /home/phy_ai/.ihub/daksha/install/automation/lib/automation/launch_control_app.py
-- Up-to-date: /home/phy_ai/.ihub/daksha/install/automation/lib/automation/templates
-- Up-to-date: /home/phy_ai/.ihub/daksha/install/automation/lib/automation/templates/ports.html
-- Up-to-date: /home/phy_ai/.ihub/daksha/install/automation/lib/automation/templates/index.html
-- Up-to-date: /home/phy_ai/.ihub/daksha/install/automation/lib/automation/static
-- Up-to-date: /home/phy_ai/.ihub/daksha/install/automation/lib/automation/static/css
-- Up-to-date: /home/phy_ai/.ihub/daksha/install/automation/lib/automation/static/css/style.css
-- Up-to-date: /home/phy_ai/.ihub/daksha/install/automation/lib/automation/static/js
-- Up-to-date: /home/phy_ai/.ihub/daksha/install/automation/lib/automation/static/js/app.js
-- Up-to-date: /home/phy_ai/.ihub/daksha/install/automation/share/ament_index/resource_index/package_run_dependencies/automation
-- Up-to-date: /home/phy_ai/.ihub/daksha/install/automation/share/ament_index/resource_index/parent_prefix_path/automation
-- Up-to-date: /home/phy_ai/.ihub/daksha/install/automation/share/automation/environment/ament_prefix_path.sh
-- Up-to-date: /home/phy_ai/.ihub/daksha/install/automation/share/automation/environment/ament_prefix_path.dsv
-- Up-to-date: /home/phy_ai/.ihub/daksha/install/automation/share/automation/environment/path.sh
-- Up-to-date: /home/phy_ai/.ihub/daksha/install/automation/share/automation/environment/path.dsv
-- Up-to-date: /home/phy_ai/.ihub/daksha/install/automation/share/automation/local_setup.bash
-- Up-to-date: /home/phy_ai/.ihub/daksha/install/automation/share/automation/local_setup.sh
-- Up-to-date: /home/phy_ai/.ihub/daksha/install/automation/share/automation/local_setup.zsh
-- Up-to-date: /home/phy_ai/.ihub/daksha/install/automation/share/automation/local_setup.dsv
-- Installing: /home/phy_ai/.ihub/daksha/install/automation/share/automation/package.dsv
-- Up-to-date: /home/phy_ai/.ihub/daksha/install/automation/share/ament_index/resource_index/packages/automation
-- Up-to-date: /home/phy_ai/.ihub/daksha/install/automation/share/automation/cmake/automationConfig.cmake
-- Up-to-date: /home/phy_ai/.ihub/daksha/install/automation/share/automation/cmake/automationConfig-version.cmake
-- Up-to-date: /home/phy_ai/.ihub/daksha/install/automation/share/automation/package.xml
