[1.298s] Invoking command in '/home/phy_ai/.ihub/daksha/build/automation': CMAKE_PREFIX_PATH=${CMAKE_PREFIX_PATH}:/home/phy_ai/.barani/gen2_full/install/world_camera_launch:/home/phy_ai/.barani/gen2_full/install/gen2:/home/phy_ai/.barani/gen2_full/install/vr_teleop:/home/phy_ai/.barani/gen2_full/install/ros_tcp_endpoint:/home/phy_ai/.barani/gen2_full/install/nav_bringup:/home/phy_ai/.barani/gen2_full/install/nav2_config:/home/phy_ai/.barani/gen2_full/install/kinematics:/home/phy_ai/.barani/gen2_full/install/joint_cmd_logger:/home/phy_ai/.barani/gen2_full/install/joint_analyzer:/home/phy_ai/.barani/gen2_full/install/daksha_data_collection:/home/phy_ai/.barani/gen2_full/install/gen2_leader:/home/phy_ai/.barani/gen2_full/install/amr_bringup:/home/phy_ai/.barani/gen2_full/install/daksha_final_urdf_description:/home/phy_ai/.barani/gen2_full/install/daksha_description_full_body:/home/phy_ai/.barani/gen2_full/install/daksha_base_urdf:/home/phy_ai/.barani/gen2_full/install/daksha_api_bridge_leader:/home/phy_ai/.barani/gen2_full/install/daksha_api_bridge_follower:/opt/ros/humble /usr/bin/cmake --build /home/phy_ai/.ihub/daksha/build/automation -- -j16 -l16
[5.814s] Invoked command in '/home/phy_ai/.ihub/daksha/build/automation' returned '0': CMAKE_PREFIX_PATH=${CMAKE_PREFIX_PATH}:/home/phy_ai/.barani/gen2_full/install/world_camera_launch:/home/phy_ai/.barani/gen2_full/install/gen2:/home/phy_ai/.barani/gen2_full/install/vr_teleop:/home/phy_ai/.barani/gen2_full/install/ros_tcp_endpoint:/home/phy_ai/.barani/gen2_full/install/nav_bringup:/home/phy_ai/.barani/gen2_full/install/nav2_config:/home/phy_ai/.barani/gen2_full/install/kinematics:/home/phy_ai/.barani/gen2_full/install/joint_cmd_logger:/home/phy_ai/.barani/gen2_full/install/joint_analyzer:/home/phy_ai/.barani/gen2_full/install/daksha_data_collection:/home/phy_ai/.barani/gen2_full/install/gen2_leader:/home/phy_ai/.barani/gen2_full/install/amr_bringup:/home/phy_ai/.barani/gen2_full/install/daksha_final_urdf_description:/home/phy_ai/.barani/gen2_full/install/daksha_description_full_body:/home/phy_ai/.barani/gen2_full/install/daksha_base_urdf:/home/phy_ai/.barani/gen2_full/install/daksha_api_bridge_leader:/home/phy_ai/.barani/gen2_full/install/daksha_api_bridge_follower:/opt/ros/humble /usr/bin/cmake --build /home/phy_ai/.ihub/daksha/build/automation -- -j16 -l16
[5.823s] Invoking command in '/home/phy_ai/.ihub/daksha/build/automation': CMAKE_PREFIX_PATH=${CMAKE_PREFIX_PATH}:/home/phy_ai/.barani/gen2_full/install/world_camera_launch:/home/phy_ai/.barani/gen2_full/install/gen2:/home/phy_ai/.barani/gen2_full/install/vr_teleop:/home/phy_ai/.barani/gen2_full/install/ros_tcp_endpoint:/home/phy_ai/.barani/gen2_full/install/nav_bringup:/home/phy_ai/.barani/gen2_full/install/nav2_config:/home/phy_ai/.barani/gen2_full/install/kinematics:/home/phy_ai/.barani/gen2_full/install/joint_cmd_logger:/home/phy_ai/.barani/gen2_full/install/joint_analyzer:/home/phy_ai/.barani/gen2_full/install/daksha_data_collection:/home/phy_ai/.barani/gen2_full/install/gen2_leader:/home/phy_ai/.barani/gen2_full/install/amr_bringup:/home/phy_ai/.barani/gen2_full/install/daksha_final_urdf_description:/home/phy_ai/.barani/gen2_full/install/daksha_description_full_body:/home/phy_ai/.barani/gen2_full/install/daksha_base_urdf:/home/phy_ai/.barani/gen2_full/install/daksha_api_bridge_leader:/home/phy_ai/.barani/gen2_full/install/daksha_api_bridge_follower:/opt/ros/humble /usr/bin/cmake --install /home/phy_ai/.ihub/daksha/build/automation
[5.854s] -- Install configuration: ""
[5.855s] -- Up-to-date: /home/phy_ai/.ihub/daksha/install/automation/lib/automation/launch_control_app.py
[5.860s] -- Up-to-date: /home/phy_ai/.ihub/daksha/install/automation/lib/automation/templates
[5.866s] -- Up-to-date: /home/phy_ai/.ihub/daksha/install/automation/lib/automation/templates/ports.html
[5.869s] -- Up-to-date: /home/phy_ai/.ihub/daksha/install/automation/lib/automation/templates/index.html
[5.871s] -- Up-to-date: /home/phy_ai/.ihub/daksha/install/automation/lib/automation/static
[5.872s] -- Up-to-date: /home/phy_ai/.ihub/daksha/install/automation/lib/automation/static/css
[5.873s] -- Up-to-date: /home/phy_ai/.ihub/daksha/install/automation/lib/automation/static/css/style.css
[5.875s] -- Up-to-date: /home/phy_ai/.ihub/daksha/install/automation/lib/automation/static/js
[5.875s] -- Up-to-date: /home/phy_ai/.ihub/daksha/install/automation/lib/automation/static/js/app.js
[5.875s] -- Up-to-date: /home/phy_ai/.ihub/daksha/install/automation/share/ament_index/resource_index/package_run_dependencies/automation
[5.875s] -- Up-to-date: /home/phy_ai/.ihub/daksha/install/automation/share/ament_index/resource_index/parent_prefix_path/automation
[5.875s] -- Up-to-date: /home/phy_ai/.ihub/daksha/install/automation/share/automation/environment/ament_prefix_path.sh
[5.876s] -- Up-to-date: /home/phy_ai/.ihub/daksha/install/automation/share/automation/environment/ament_prefix_path.dsv
[5.876s] -- Up-to-date: /home/phy_ai/.ihub/daksha/install/automation/share/automation/environment/path.sh
[5.877s] -- Up-to-date: /home/phy_ai/.ihub/daksha/install/automation/share/automation/environment/path.dsv
[5.878s] -- Up-to-date: /home/phy_ai/.ihub/daksha/install/automation/share/automation/local_setup.bash
[5.879s] -- Up-to-date: /home/phy_ai/.ihub/daksha/install/automation/share/automation/local_setup.sh
[5.879s] -- Up-to-date: /home/phy_ai/.ihub/daksha/install/automation/share/automation/local_setup.zsh
[5.879s] -- Up-to-date: /home/phy_ai/.ihub/daksha/install/automation/share/automation/local_setup.dsv
[5.879s] -- Installing: /home/phy_ai/.ihub/daksha/install/automation/share/automation/package.dsv
[5.879s] -- Up-to-date: /home/phy_ai/.ihub/daksha/install/automation/share/ament_index/resource_index/packages/automation
[5.879s] -- Up-to-date: /home/phy_ai/.ihub/daksha/install/automation/share/automation/cmake/automationConfig.cmake
[5.879s] -- Up-to-date: /home/phy_ai/.ihub/daksha/install/automation/share/automation/cmake/automationConfig-version.cmake
[5.879s] -- Up-to-date: /home/phy_ai/.ihub/daksha/install/automation/share/automation/package.xml
[6.191s] Invoked command in '/home/phy_ai/.ihub/daksha/build/automation' returned '0': CMAKE_PREFIX_PATH=${CMAKE_PREFIX_PATH}:/home/phy_ai/.barani/gen2_full/install/world_camera_launch:/home/phy_ai/.barani/gen2_full/install/gen2:/home/phy_ai/.barani/gen2_full/install/vr_teleop:/home/phy_ai/.barani/gen2_full/install/ros_tcp_endpoint:/home/phy_ai/.barani/gen2_full/install/nav_bringup:/home/phy_ai/.barani/gen2_full/install/nav2_config:/home/phy_ai/.barani/gen2_full/install/kinematics:/home/phy_ai/.barani/gen2_full/install/joint_cmd_logger:/home/phy_ai/.barani/gen2_full/install/joint_analyzer:/home/phy_ai/.barani/gen2_full/install/daksha_data_collection:/home/phy_ai/.barani/gen2_full/install/gen2_leader:/home/phy_ai/.barani/gen2_full/install/amr_bringup:/home/phy_ai/.barani/gen2_full/install/daksha_final_urdf_description:/home/phy_ai/.barani/gen2_full/install/daksha_description_full_body:/home/phy_ai/.barani/gen2_full/install/daksha_base_urdf:/home/phy_ai/.barani/gen2_full/install/daksha_api_bridge_leader:/home/phy_ai/.barani/gen2_full/install/daksha_api_bridge_follower:/opt/ros/humble /usr/bin/cmake --install /home/phy_ai/.ihub/daksha/build/automation
