/home/phy_ai/.ihub/daksha/install/daksha_data_collection/lib/python3.10/site-packages/daksha_data_collection/camera_sources.py
/home/phy_ai/.ihub/daksha/install/daksha_data_collection/lib/python3.10/site-packages/daksha_data_collection/delete_episode.py
/home/phy_ai/.ihub/daksha/install/daksha_data_collection/lib/python3.10/site-packages/daksha_data_collection/web_data_management_ui.py
/home/phy_ai/.ihub/daksha/install/daksha_data_collection/lib/python3.10/site-packages/daksha_data_collection/replay.py
/home/phy_ai/.ihub/daksha/install/daksha_data_collection/lib/python3.10/site-packages/daksha_data_collection/meta.py
/home/phy_ai/.ihub/daksha/install/daksha_data_collection/lib/python3.10/site-packages/daksha_data_collection/__init__.py
/home/phy_ai/.ihub/daksha/install/daksha_data_collection/lib/python3.10/site-packages/daksha_data_collection/ros_diagnostics.py
/home/phy_ai/.ihub/daksha/install/daksha_data_collection/lib/python3.10/site-packages/daksha_data_collection/ros2_topic_replay.py
/home/phy_ai/.ihub/daksha/install/daksha_data_collection/lib/python3.10/site-packages/daksha_data_collection/config.py
/home/phy_ai/.ihub/daksha/install/daksha_data_collection/lib/python3.10/site-packages/daksha_data_collection/mock_robot.py
/home/phy_ai/.ihub/daksha/install/daksha_data_collection/lib/python3.10/site-packages/daksha_data_collection/ros2_topic_recorder.py
/home/phy_ai/.ihub/daksha/install/daksha_data_collection/lib/python3.10/site-packages/daksha_data_collection/camera_ui_display.py
/home/phy_ai/.ihub/daksha/install/daksha_data_collection/lib/python3.10/site-packages/daksha_data_collection/recorder.py
/home/phy_ai/.ihub/daksha/install/daksha_data_collection/lib/python3.10/site-packages/daksha_data_collection/features.py
/home/phy_ai/.ihub/daksha/install/daksha_data_collection/lib/python3.10/site-packages/daksha_data_collection/__pycache__/camera_sources.cpython-310.pyc
/home/phy_ai/.ihub/daksha/install/daksha_data_collection/lib/python3.10/site-packages/daksha_data_collection/__pycache__/delete_episode.cpython-310.pyc
/home/phy_ai/.ihub/daksha/install/daksha_data_collection/lib/python3.10/site-packages/daksha_data_collection/__pycache__/web_data_management_ui.cpython-310.pyc
/home/phy_ai/.ihub/daksha/install/daksha_data_collection/lib/python3.10/site-packages/daksha_data_collection/__pycache__/replay.cpython-310.pyc
/home/phy_ai/.ihub/daksha/install/daksha_data_collection/lib/python3.10/site-packages/daksha_data_collection/__pycache__/meta.cpython-310.pyc
/home/phy_ai/.ihub/daksha/install/daksha_data_collection/lib/python3.10/site-packages/daksha_data_collection/__pycache__/__init__.cpython-310.pyc
/home/phy_ai/.ihub/daksha/install/daksha_data_collection/lib/python3.10/site-packages/daksha_data_collection/__pycache__/ros_diagnostics.cpython-310.pyc
/home/phy_ai/.ihub/daksha/install/daksha_data_collection/lib/python3.10/site-packages/daksha_data_collection/__pycache__/ros2_topic_replay.cpython-310.pyc
/home/phy_ai/.ihub/daksha/install/daksha_data_collection/lib/python3.10/site-packages/daksha_data_collection/__pycache__/config.cpython-310.pyc
/home/phy_ai/.ihub/daksha/install/daksha_data_collection/lib/python3.10/site-packages/daksha_data_collection/__pycache__/mock_robot.cpython-310.pyc
/home/phy_ai/.ihub/daksha/install/daksha_data_collection/lib/python3.10/site-packages/daksha_data_collection/__pycache__/ros2_topic_recorder.cpython-310.pyc
/home/phy_ai/.ihub/daksha/install/daksha_data_collection/lib/python3.10/site-packages/daksha_data_collection/__pycache__/camera_ui_display.cpython-310.pyc
/home/phy_ai/.ihub/daksha/install/daksha_data_collection/lib/python3.10/site-packages/daksha_data_collection/__pycache__/recorder.cpython-310.pyc
/home/phy_ai/.ihub/daksha/install/daksha_data_collection/lib/python3.10/site-packages/daksha_data_collection/__pycache__/features.cpython-310.pyc
/home/phy_ai/.ihub/daksha/install/daksha_data_collection/share/ament_index/resource_index/packages/daksha_data_collection
/home/phy_ai/.ihub/daksha/install/daksha_data_collection/share/daksha_data_collection/package.xml
/home/phy_ai/.ihub/daksha/install/daksha_data_collection/share/daksha_data_collection/launch/data_collection.launch.py
/home/phy_ai/.ihub/daksha/install/daksha_data_collection/share/daksha_data_collection/config/config.yaml
/home/phy_ai/.ihub/daksha/install/daksha_data_collection/lib/python3.10/site-packages/daksha_data_collection-0.0.0-py3.10.egg-info/SOURCES.txt
/home/phy_ai/.ihub/daksha/install/daksha_data_collection/lib/python3.10/site-packages/daksha_data_collection-0.0.0-py3.10.egg-info/zip-safe
/home/phy_ai/.ihub/daksha/install/daksha_data_collection/lib/python3.10/site-packages/daksha_data_collection-0.0.0-py3.10.egg-info/top_level.txt
/home/phy_ai/.ihub/daksha/install/daksha_data_collection/lib/python3.10/site-packages/daksha_data_collection-0.0.0-py3.10.egg-info/entry_points.txt
/home/phy_ai/.ihub/daksha/install/daksha_data_collection/lib/python3.10/site-packages/daksha_data_collection-0.0.0-py3.10.egg-info/PKG-INFO
/home/phy_ai/.ihub/daksha/install/daksha_data_collection/lib/python3.10/site-packages/daksha_data_collection-0.0.0-py3.10.egg-info/requires.txt
/home/phy_ai/.ihub/daksha/install/daksha_data_collection/lib/python3.10/site-packages/daksha_data_collection-0.0.0-py3.10.egg-info/dependency_links.txt
/home/phy_ai/.ihub/daksha/install/daksha_data_collection/lib/daksha_data_collection/delete_episode
/home/phy_ai/.ihub/daksha/install/daksha_data_collection/lib/daksha_data_collection/ros2_topic_recorder
/home/phy_ai/.ihub/daksha/install/daksha_data_collection/lib/daksha_data_collection/ros2_topic_replay
/home/phy_ai/.ihub/daksha/install/daksha_data_collection/lib/daksha_data_collection/web_data_management_ui
