[0.230s] DEBUG:colcon:Command line arguments: ['/usr/bin/colcon', 'build', '--packages-select', 'motortest', '--symlink-install']
[0.230s] DEBUG:colcon:Parsed command line arguments: Namespace(log_base=None, log_level=None, verb_name='build', build_base='build', install_base='install', merge_install=False, symlink_install=True, test_result_base=None, continue_on_error=False, executor='parallel', parallel_workers=16, event_handlers=None, ignore_user_meta=False, metas=['./colcon.meta'], base_paths=['.'], packages_ignore=None, packages_ignore_regex=None, paths=None, packages_up_to=None, packages_up_to_regex=None, packages_above=None, packages_above_and_dependencies=None, packages_above_depth=None, packages_select_by_dep=None, packages_skip_by_dep=None, packages_skip_up_to=None, packages_select_build_failed=False, packages_skip_build_finished=False, packages_select_test_failures=False, packages_skip_test_passed=False, packages_select=['motortest'], packages_skip=None, packages_select_regex=None, packages_skip_regex=None, packages_start=None, packages_end=None, allow_overriding=[], cmake_args=None, cmake_target=None, cmake_target_skip_unavailable=False, cmake_clean_cache=False, cmake_clean_first=False, cmake_force_configure=False, ament_cmake_args=None, catkin_cmake_args=None, catkin_skip_building_tests=False, mixin_files=None, mixin=None, verb_parser=<colcon_mixin.mixin.mixin_argument.MixinArgumentDecorator object at 0x7d383318beb0>, verb_extension=<colcon_core.verb.build.BuildVerb object at 0x7d383318b850>, main=<bound method BuildVerb.main of <colcon_core.verb.build.BuildVerb object at 0x7d383318b850>>, mixin_verb=('build',))
[0.565s] Level 1:colcon.colcon_core.package_discovery:discover_packages(colcon_meta) check parameters
[0.565s] Level 1:colcon.colcon_core.package_discovery:discover_packages(recursive) check parameters
[0.566s] Level 1:colcon.colcon_core.package_discovery:discover_packages(ignore) check parameters
[0.566s] Level 1:colcon.colcon_core.package_discovery:discover_packages(path) check parameters
[0.566s] Level 1:colcon.colcon_core.package_discovery:discover_packages(colcon_meta) discover
[0.566s] Level 1:colcon.colcon_core.package_discovery:discover_packages(recursive) discover
[0.566s] INFO:colcon.colcon_core.package_discovery:Crawling recursively for packages in '/home/phy_ai/.ihub/daksha'
[0.566s] Level 1:colcon.colcon_core.package_identification:_identify(.) by extensions ['ignore', 'ignore_ament_install']
[0.566s] Level 1:colcon.colcon_core.package_identification:_identify(.) by extension 'ignore'
[0.566s] Level 1:colcon.colcon_core.package_identification:_identify(.) by extension 'ignore_ament_install'
[0.566s] Level 1:colcon.colcon_core.package_identification:_identify(.) by extensions ['colcon_pkg']
[0.566s] Level 1:colcon.colcon_core.package_identification:_identify(.) by extension 'colcon_pkg'
[0.566s] Level 1:colcon.colcon_core.package_identification:_identify(.) by extensions ['colcon_meta']
[0.566s] Level 1:colcon.colcon_core.package_identification:_identify(.) by extension 'colcon_meta'
[0.567s] Level 1:colcon.colcon_core.package_identification:_identify(.) by extensions ['ros']
[0.567s] Level 1:colcon.colcon_core.package_identification:_identify(.) by extension 'ros'
[0.611s] Level 1:colcon.colcon_core.package_identification:_identify(.) by extensions ['cmake', 'python']
[0.611s] Level 1:colcon.colcon_core.package_identification:_identify(.) by extension 'cmake'
[0.611s] Level 1:colcon.colcon_core.package_identification:_identify(.) by extension 'python'
[0.611s] Level 1:colcon.colcon_core.package_identification:_identify(.) by extensions ['python_setup_py']
[0.611s] Level 1:colcon.colcon_core.package_identification:_identify(.) by extension 'python_setup_py'
[0.611s] Level 1:colcon.colcon_core.package_identification:_identify(build) by extensions ['ignore', 'ignore_ament_install']
[0.612s] Level 1:colcon.colcon_core.package_identification:_identify(build) by extension 'ignore'
[0.612s] Level 1:colcon.colcon_core.package_identification:_identify(build) ignored
[0.612s] Level 1:colcon.colcon_core.package_identification:_identify(docs) by extensions ['ignore', 'ignore_ament_install']
[0.612s] Level 1:colcon.colcon_core.package_identification:_identify(docs) by extension 'ignore'
[0.612s] Level 1:colcon.colcon_core.package_identification:_identify(docs) by extension 'ignore_ament_install'
[0.612s] Level 1:colcon.colcon_core.package_identification:_identify(docs) by extensions ['colcon_pkg']
[0.612s] Level 1:colcon.colcon_core.package_identification:_identify(docs) by extension 'colcon_pkg'
[0.612s] Level 1:colcon.colcon_core.package_identification:_identify(docs) by extensions ['colcon_meta']
[0.613s] Level 1:colcon.colcon_core.package_identification:_identify(docs) by extension 'colcon_meta'
[0.613s] Level 1:colcon.colcon_core.package_identification:_identify(docs) by extensions ['ros']
[0.613s] Level 1:colcon.colcon_core.package_identification:_identify(docs) by extension 'ros'
[0.613s] Level 1:colcon.colcon_core.package_identification:_identify(docs) by extensions ['cmake', 'python']
[0.613s] Level 1:colcon.colcon_core.package_identification:_identify(docs) by extension 'cmake'
[0.613s] Level 1:colcon.colcon_core.package_identification:_identify(docs) by extension 'python'
[0.613s] Level 1:colcon.colcon_core.package_identification:_identify(docs) by extensions ['python_setup_py']
[0.613s] Level 1:colcon.colcon_core.package_identification:_identify(docs) by extension 'python_setup_py'
[0.613s] Level 1:colcon.colcon_core.package_identification:_identify(install) by extensions ['ignore', 'ignore_ament_install']
[0.613s] Level 1:colcon.colcon_core.package_identification:_identify(install) by extension 'ignore'
[0.613s] Level 1:colcon.colcon_core.package_identification:_identify(install) ignored
[0.613s] Level 1:colcon.colcon_core.package_identification:_identify(log) by extensions ['ignore', 'ignore_ament_install']
[0.613s] Level 1:colcon.colcon_core.package_identification:_identify(log) by extension 'ignore'
[0.614s] Level 1:colcon.colcon_core.package_identification:_identify(log) ignored
[0.614s] Level 1:colcon.colcon_core.package_identification:_identify(src) by extensions ['ignore', 'ignore_ament_install']
[0.614s] Level 1:colcon.colcon_core.package_identification:_identify(src) by extension 'ignore'
[0.614s] Level 1:colcon.colcon_core.package_identification:_identify(src) by extension 'ignore_ament_install'
[0.614s] Level 1:colcon.colcon_core.package_identification:_identify(src) by extensions ['colcon_pkg']
[0.614s] Level 1:colcon.colcon_core.package_identification:_identify(src) by extension 'colcon_pkg'
[0.614s] Level 1:colcon.colcon_core.package_identification:_identify(src) by extensions ['colcon_meta']
[0.614s] Level 1:colcon.colcon_core.package_identification:_identify(src) by extension 'colcon_meta'
[0.614s] Level 1:colcon.colcon_core.package_identification:_identify(src) by extensions ['ros']
[0.614s] Level 1:colcon.colcon_core.package_identification:_identify(src) by extension 'ros'
[0.614s] Level 1:colcon.colcon_core.package_identification:_identify(src) by extensions ['cmake', 'python']
[0.614s] Level 1:colcon.colcon_core.package_identification:_identify(src) by extension 'cmake'
[0.614s] Level 1:colcon.colcon_core.package_identification:_identify(src) by extension 'python'
[0.614s] Level 1:colcon.colcon_core.package_identification:_identify(src) by extensions ['python_setup_py']
[0.614s] Level 1:colcon.colcon_core.package_identification:_identify(src) by extension 'python_setup_py'
[0.615s] Level 1:colcon.colcon_core.package_identification:_identify(src/automation) by extensions ['ignore', 'ignore_ament_install']
[0.615s] Level 1:colcon.colcon_core.package_identification:_identify(src/automation) by extension 'ignore'
[0.615s] Level 1:colcon.colcon_core.package_identification:_identify(src/automation) by extension 'ignore_ament_install'
[0.615s] Level 1:colcon.colcon_core.package_identification:_identify(src/automation) by extensions ['colcon_pkg']
[0.615s] Level 1:colcon.colcon_core.package_identification:_identify(src/automation) by extension 'colcon_pkg'
[0.615s] Level 1:colcon.colcon_core.package_identification:_identify(src/automation) by extensions ['colcon_meta']
[0.615s] Level 1:colcon.colcon_core.package_identification:_identify(src/automation) by extension 'colcon_meta'
[0.615s] Level 1:colcon.colcon_core.package_identification:_identify(src/automation) by extensions ['ros']
[0.615s] Level 1:colcon.colcon_core.package_identification:_identify(src/automation) by extension 'ros'
[0.619s] DEBUG:colcon.colcon_core.package_identification:Package 'src/automation' with type 'ros.ament_cmake' and name 'automation'
[0.620s] Level 1:colcon.colcon_core.package_identification:_identify(src/controllers) by extensions ['ignore', 'ignore_ament_install']
[0.620s] Level 1:colcon.colcon_core.package_identification:_identify(src/controllers) by extension 'ignore'
[0.620s] Level 1:colcon.colcon_core.package_identification:_identify(src/controllers) by extension 'ignore_ament_install'
[0.620s] Level 1:colcon.colcon_core.package_identification:_identify(src/controllers) by extensions ['colcon_pkg']
[0.620s] Level 1:colcon.colcon_core.package_identification:_identify(src/controllers) by extension 'colcon_pkg'
[0.620s] Level 1:colcon.colcon_core.package_identification:_identify(src/controllers) by extensions ['colcon_meta']
[0.620s] Level 1:colcon.colcon_core.package_identification:_identify(src/controllers) by extension 'colcon_meta'
[0.620s] Level 1:colcon.colcon_core.package_identification:_identify(src/controllers) by extensions ['ros']
[0.621s] Level 1:colcon.colcon_core.package_identification:_identify(src/controllers) by extension 'ros'
[0.621s] Level 1:colcon.colcon_core.package_identification:_identify(src/controllers) by extensions ['cmake', 'python']
[0.621s] Level 1:colcon.colcon_core.package_identification:_identify(src/controllers) by extension 'cmake'
[0.621s] Level 1:colcon.colcon_core.package_identification:_identify(src/controllers) by extension 'python'
[0.621s] Level 1:colcon.colcon_core.package_identification:_identify(src/controllers) by extensions ['python_setup_py']
[0.621s] Level 1:colcon.colcon_core.package_identification:_identify(src/controllers) by extension 'python_setup_py'
[0.621s] Level 1:colcon.colcon_core.package_identification:_identify(src/controllers/collision_management) by extensions ['ignore', 'ignore_ament_install']
[0.621s] Level 1:colcon.colcon_core.package_identification:_identify(src/controllers/collision_management) by extension 'ignore'
[0.621s] Level 1:colcon.colcon_core.package_identification:_identify(src/controllers/collision_management) by extension 'ignore_ament_install'
[0.622s] Level 1:colcon.colcon_core.package_identification:_identify(src/controllers/collision_management) by extensions ['colcon_pkg']
[0.622s] Level 1:colcon.colcon_core.package_identification:_identify(src/controllers/collision_management) by extension 'colcon_pkg'
[0.622s] Level 1:colcon.colcon_core.package_identification:_identify(src/controllers/collision_management) by extensions ['colcon_meta']
[0.622s] Level 1:colcon.colcon_core.package_identification:_identify(src/controllers/collision_management) by extension 'colcon_meta'
[0.622s] Level 1:colcon.colcon_core.package_identification:_identify(src/controllers/collision_management) by extensions ['ros']
[0.622s] Level 1:colcon.colcon_core.package_identification:_identify(src/controllers/collision_management) by extension 'ros'
[0.624s] DEBUG:colcon.colcon_core.package_identification:Package 'src/controllers/collision_management' with type 'ros.ament_cmake' and name 'collision_management'
[0.624s] Level 1:colcon.colcon_core.package_identification:_identify(src/controllers/dynamics) by extensions ['ignore', 'ignore_ament_install']
[0.624s] Level 1:colcon.colcon_core.package_identification:_identify(src/controllers/dynamics) by extension 'ignore'
[0.625s] Level 1:colcon.colcon_core.package_identification:_identify(src/controllers/dynamics) by extension 'ignore_ament_install'
[0.625s] Level 1:colcon.colcon_core.package_identification:_identify(src/controllers/dynamics) by extensions ['colcon_pkg']
[0.625s] Level 1:colcon.colcon_core.package_identification:_identify(src/controllers/dynamics) by extension 'colcon_pkg'
[0.625s] Level 1:colcon.colcon_core.package_identification:_identify(src/controllers/dynamics) by extensions ['colcon_meta']
[0.625s] Level 1:colcon.colcon_core.package_identification:_identify(src/controllers/dynamics) by extension 'colcon_meta'
[0.625s] Level 1:colcon.colcon_core.package_identification:_identify(src/controllers/dynamics) by extensions ['ros']
[0.625s] Level 1:colcon.colcon_core.package_identification:_identify(src/controllers/dynamics) by extension 'ros'
[0.627s] DEBUG:colcon.colcon_core.package_identification:Package 'src/controllers/dynamics' with type 'ros.ament_cmake' and name 'dynamics'
[0.627s] Level 1:colcon.colcon_core.package_identification:_identify(src/controllers/hw_interface) by extensions ['ignore', 'ignore_ament_install']
[0.627s] Level 1:colcon.colcon_core.package_identification:_identify(src/controllers/hw_interface) by extension 'ignore'
[0.628s] Level 1:colcon.colcon_core.package_identification:_identify(src/controllers/hw_interface) by extension 'ignore_ament_install'
[0.628s] Level 1:colcon.colcon_core.package_identification:_identify(src/controllers/hw_interface) by extensions ['colcon_pkg']
[0.628s] Level 1:colcon.colcon_core.package_identification:_identify(src/controllers/hw_interface) by extension 'colcon_pkg'
[0.628s] Level 1:colcon.colcon_core.package_identification:_identify(src/controllers/hw_interface) by extensions ['colcon_meta']
[0.628s] Level 1:colcon.colcon_core.package_identification:_identify(src/controllers/hw_interface) by extension 'colcon_meta'
[0.628s] Level 1:colcon.colcon_core.package_identification:_identify(src/controllers/hw_interface) by extensions ['ros']
[0.628s] Level 1:colcon.colcon_core.package_identification:_identify(src/controllers/hw_interface) by extension 'ros'
[0.630s] DEBUG:colcon.colcon_core.package_identification:Package 'src/controllers/hw_interface' with type 'ros.ament_cmake' and name 'hw_interface'
[0.630s] Level 1:colcon.colcon_core.package_identification:_identify(src/controllers/kinematics) by extensions ['ignore', 'ignore_ament_install']
[0.630s] Level 1:colcon.colcon_core.package_identification:_identify(src/controllers/kinematics) by extension 'ignore'
[0.630s] Level 1:colcon.colcon_core.package_identification:_identify(src/controllers/kinematics) by extension 'ignore_ament_install'
[0.630s] Level 1:colcon.colcon_core.package_identification:_identify(src/controllers/kinematics) by extensions ['colcon_pkg']
[0.630s] Level 1:colcon.colcon_core.package_identification:_identify(src/controllers/kinematics) by extension 'colcon_pkg'
[0.630s] Level 1:colcon.colcon_core.package_identification:_identify(src/controllers/kinematics) by extensions ['colcon_meta']
[0.630s] Level 1:colcon.colcon_core.package_identification:_identify(src/controllers/kinematics) by extension 'colcon_meta'
[0.630s] Level 1:colcon.colcon_core.package_identification:_identify(src/controllers/kinematics) by extensions ['ros']
[0.630s] Level 1:colcon.colcon_core.package_identification:_identify(src/controllers/kinematics) by extension 'ros'
[0.632s] DEBUG:colcon.colcon_core.package_identification:Package 'src/controllers/kinematics' with type 'ros.ament_python' and name 'kinematics'
[0.632s] Level 1:colcon.colcon_core.package_identification:_identify(src/controllers/moveit_collision_management) by extensions ['ignore', 'ignore_ament_install']
[0.632s] Level 1:colcon.colcon_core.package_identification:_identify(src/controllers/moveit_collision_management) by extension 'ignore'
[0.632s] Level 1:colcon.colcon_core.package_identification:_identify(src/controllers/moveit_collision_management) by extension 'ignore_ament_install'
[0.632s] Level 1:colcon.colcon_core.package_identification:_identify(src/controllers/moveit_collision_management) by extensions ['colcon_pkg']
[0.632s] Level 1:colcon.colcon_core.package_identification:_identify(src/controllers/moveit_collision_management) by extension 'colcon_pkg'
[0.633s] Level 1:colcon.colcon_core.package_identification:_identify(src/controllers/moveit_collision_management) by extensions ['colcon_meta']
[0.633s] Level 1:colcon.colcon_core.package_identification:_identify(src/controllers/moveit_collision_management) by extension 'colcon_meta'
[0.633s] Level 1:colcon.colcon_core.package_identification:_identify(src/controllers/moveit_collision_management) by extensions ['ros']
[0.633s] Level 1:colcon.colcon_core.package_identification:_identify(src/controllers/moveit_collision_management) by extension 'ros'
[0.634s] DEBUG:colcon.colcon_core.package_identification:Package 'src/controllers/moveit_collision_management' with type 'ros.ament_cmake' and name 'moveit_collision_management'
[0.634s] Level 1:colcon.colcon_core.package_identification:_identify(src/controllers/posveleff_controllers) by extensions ['ignore', 'ignore_ament_install']
[0.634s] Level 1:colcon.colcon_core.package_identification:_identify(src/controllers/posveleff_controllers) by extension 'ignore'
[0.634s] Level 1:colcon.colcon_core.package_identification:_identify(src/controllers/posveleff_controllers) by extension 'ignore_ament_install'
[0.635s] Level 1:colcon.colcon_core.package_identification:_identify(src/controllers/posveleff_controllers) by extensions ['colcon_pkg']
[0.635s] Level 1:colcon.colcon_core.package_identification:_identify(src/controllers/posveleff_controllers) by extension 'colcon_pkg'
[0.635s] Level 1:colcon.colcon_core.package_identification:_identify(src/controllers/posveleff_controllers) by extensions ['colcon_meta']
[0.635s] Level 1:colcon.colcon_core.package_identification:_identify(src/controllers/posveleff_controllers) by extension 'colcon_meta'
[0.635s] Level 1:colcon.colcon_core.package_identification:_identify(src/controllers/posveleff_controllers) by extensions ['ros']
[0.635s] Level 1:colcon.colcon_core.package_identification:_identify(src/controllers/posveleff_controllers) by extension 'ros'
[0.636s] DEBUG:colcon.colcon_core.package_identification:Package 'src/controllers/posveleff_controllers' with type 'ros.ament_cmake' and name 'posveleff_controllers'
[0.636s] Level 1:colcon.colcon_core.package_identification:_identify(src/custom_v3format_dataset) by extensions ['ignore', 'ignore_ament_install']
[0.637s] Level 1:colcon.colcon_core.package_identification:_identify(src/custom_v3format_dataset) by extension 'ignore'
[0.637s] Level 1:colcon.colcon_core.package_identification:_identify(src/custom_v3format_dataset) by extension 'ignore_ament_install'
[0.637s] Level 1:colcon.colcon_core.package_identification:_identify(src/custom_v3format_dataset) by extensions ['colcon_pkg']
[0.637s] Level 1:colcon.colcon_core.package_identification:_identify(src/custom_v3format_dataset) by extension 'colcon_pkg'
[0.637s] Level 1:colcon.colcon_core.package_identification:_identify(src/custom_v3format_dataset) by extensions ['colcon_meta']
[0.637s] Level 1:colcon.colcon_core.package_identification:_identify(src/custom_v3format_dataset) by extension 'colcon_meta'
[0.637s] Level 1:colcon.colcon_core.package_identification:_identify(src/custom_v3format_dataset) by extensions ['ros']
[0.637s] Level 1:colcon.colcon_core.package_identification:_identify(src/custom_v3format_dataset) by extension 'ros'
[0.637s] Level 1:colcon.colcon_core.package_identification:_identify(src/custom_v3format_dataset) by extensions ['cmake', 'python']
[0.637s] Level 1:colcon.colcon_core.package_identification:_identify(src/custom_v3format_dataset) by extension 'cmake'
[0.638s] Level 1:colcon.colcon_core.package_identification:_identify(src/custom_v3format_dataset) by extension 'python'
[0.638s] Level 1:colcon.colcon_core.package_identification:_identify(src/custom_v3format_dataset) by extensions ['python_setup_py']
[0.638s] Level 1:colcon.colcon_core.package_identification:_identify(src/custom_v3format_dataset) by extension 'python_setup_py'
[0.638s] Level 1:colcon.colcon_core.package_identification:_identify(src/custom_v3format_dataset/__pycache__) by extensions ['ignore', 'ignore_ament_install']
[0.638s] Level 1:colcon.colcon_core.package_identification:_identify(src/custom_v3format_dataset/__pycache__) by extension 'ignore'
[0.638s] Level 1:colcon.colcon_core.package_identification:_identify(src/custom_v3format_dataset/__pycache__) by extension 'ignore_ament_install'
[0.638s] Level 1:colcon.colcon_core.package_identification:_identify(src/custom_v3format_dataset/__pycache__) by extensions ['colcon_pkg']
[0.638s] Level 1:colcon.colcon_core.package_identification:_identify(src/custom_v3format_dataset/__pycache__) by extension 'colcon_pkg'
[0.638s] Level 1:colcon.colcon_core.package_identification:_identify(src/custom_v3format_dataset/__pycache__) by extensions ['colcon_meta']
[0.638s] Level 1:colcon.colcon_core.package_identification:_identify(src/custom_v3format_dataset/__pycache__) by extension 'colcon_meta'
[0.638s] Level 1:colcon.colcon_core.package_identification:_identify(src/custom_v3format_dataset/__pycache__) by extensions ['ros']
[0.638s] Level 1:colcon.colcon_core.package_identification:_identify(src/custom_v3format_dataset/__pycache__) by extension 'ros'
[0.638s] Level 1:colcon.colcon_core.package_identification:_identify(src/custom_v3format_dataset/__pycache__) by extensions ['cmake', 'python']
[0.638s] Level 1:colcon.colcon_core.package_identification:_identify(src/custom_v3format_dataset/__pycache__) by extension 'cmake'
[0.638s] Level 1:colcon.colcon_core.package_identification:_identify(src/custom_v3format_dataset/__pycache__) by extension 'python'
[0.639s] Level 1:colcon.colcon_core.package_identification:_identify(src/custom_v3format_dataset/__pycache__) by extensions ['python_setup_py']
[0.639s] Level 1:colcon.colcon_core.package_identification:_identify(src/custom_v3format_dataset/__pycache__) by extension 'python_setup_py'
[0.639s] Level 1:colcon.colcon_core.package_identification:_identify(src/daksha_description_full_body) by extensions ['ignore', 'ignore_ament_install']
[0.639s] Level 1:colcon.colcon_core.package_identification:_identify(src/daksha_description_full_body) by extension 'ignore'
[0.639s] Level 1:colcon.colcon_core.package_identification:_identify(src/daksha_description_full_body) by extension 'ignore_ament_install'
[0.639s] Level 1:colcon.colcon_core.package_identification:_identify(src/daksha_description_full_body) by extensions ['colcon_pkg']
[0.639s] Level 1:colcon.colcon_core.package_identification:_identify(src/daksha_description_full_body) by extension 'colcon_pkg'
[0.639s] Level 1:colcon.colcon_core.package_identification:_identify(src/daksha_description_full_body) by extensions ['colcon_meta']
[0.639s] Level 1:colcon.colcon_core.package_identification:_identify(src/daksha_description_full_body) by extension 'colcon_meta'
[0.639s] Level 1:colcon.colcon_core.package_identification:_identify(src/daksha_description_full_body) by extensions ['ros']
[0.639s] Level 1:colcon.colcon_core.package_identification:_identify(src/daksha_description_full_body) by extension 'ros'
[0.641s] DEBUG:colcon.colcon_core.package_identification:Package 'src/daksha_description_full_body' with type 'ros.ament_python' and name 'daksha_description_full_body'
[0.641s] Level 1:colcon.colcon_core.package_identification:_identify(src/diagnosis) by extensions ['ignore', 'ignore_ament_install']
[0.641s] Level 1:colcon.colcon_core.package_identification:_identify(src/diagnosis) by extension 'ignore'
[0.641s] Level 1:colcon.colcon_core.package_identification:_identify(src/diagnosis) by extension 'ignore_ament_install'
[0.641s] Level 1:colcon.colcon_core.package_identification:_identify(src/diagnosis) by extensions ['colcon_pkg']
[0.641s] Level 1:colcon.colcon_core.package_identification:_identify(src/diagnosis) by extension 'colcon_pkg'
[0.641s] Level 1:colcon.colcon_core.package_identification:_identify(src/diagnosis) by extensions ['colcon_meta']
[0.641s] Level 1:colcon.colcon_core.package_identification:_identify(src/diagnosis) by extension 'colcon_meta'
[0.641s] Level 1:colcon.colcon_core.package_identification:_identify(src/diagnosis) by extensions ['ros']
[0.641s] Level 1:colcon.colcon_core.package_identification:_identify(src/diagnosis) by extension 'ros'
[0.642s] Level 1:colcon.colcon_core.package_identification:_identify(src/diagnosis) by extensions ['cmake', 'python']
[0.642s] Level 1:colcon.colcon_core.package_identification:_identify(src/diagnosis) by extension 'cmake'
[0.642s] Level 1:colcon.colcon_core.package_identification:_identify(src/diagnosis) by extension 'python'
[0.642s] Level 1:colcon.colcon_core.package_identification:_identify(src/diagnosis) by extensions ['python_setup_py']
[0.642s] Level 1:colcon.colcon_core.package_identification:_identify(src/diagnosis) by extension 'python_setup_py'
[0.642s] Level 1:colcon.colcon_core.package_identification:_identify(src/diagnosis/temp_graph) by extensions ['ignore', 'ignore_ament_install']
[0.642s] Level 1:colcon.colcon_core.package_identification:_identify(src/diagnosis/temp_graph) by extension 'ignore'
[0.642s] Level 1:colcon.colcon_core.package_identification:_identify(src/diagnosis/temp_graph) by extension 'ignore_ament_install'
[0.643s] Level 1:colcon.colcon_core.package_identification:_identify(src/diagnosis/temp_graph) by extensions ['colcon_pkg']
[0.643s] Level 1:colcon.colcon_core.package_identification:_identify(src/diagnosis/temp_graph) by extension 'colcon_pkg'
[0.643s] Level 1:colcon.colcon_core.package_identification:_identify(src/diagnosis/temp_graph) by extensions ['colcon_meta']
[0.643s] Level 1:colcon.colcon_core.package_identification:_identify(src/diagnosis/temp_graph) by extension 'colcon_meta'
[0.643s] Level 1:colcon.colcon_core.package_identification:_identify(src/diagnosis/temp_graph) by extensions ['ros']
[0.643s] Level 1:colcon.colcon_core.package_identification:_identify(src/diagnosis/temp_graph) by extension 'ros'
[0.643s] Level 1:colcon.colcon_core.package_identification:_identify(src/diagnosis/temp_graph) by extensions ['cmake', 'python']
[0.643s] Level 1:colcon.colcon_core.package_identification:_identify(src/diagnosis/temp_graph) by extension 'cmake'
[0.643s] Level 1:colcon.colcon_core.package_identification:_identify(src/diagnosis/temp_graph) by extension 'python'
[0.643s] Level 1:colcon.colcon_core.package_identification:_identify(src/diagnosis/temp_graph) by extensions ['python_setup_py']
[0.643s] Level 1:colcon.colcon_core.package_identification:_identify(src/diagnosis/temp_graph) by extension 'python_setup_py'
[0.643s] Level 1:colcon.colcon_core.package_identification:_identify(src/diagnosis/temp_graph/build) by extensions ['ignore', 'ignore_ament_install']
[0.643s] Level 1:colcon.colcon_core.package_identification:_identify(src/diagnosis/temp_graph/build) by extension 'ignore'
[0.643s] Level 1:colcon.colcon_core.package_identification:_identify(src/diagnosis/temp_graph/build) by extension 'ignore_ament_install'
[0.643s] Level 1:colcon.colcon_core.package_identification:_identify(src/diagnosis/temp_graph/build) by extensions ['colcon_pkg']
[0.643s] Level 1:colcon.colcon_core.package_identification:_identify(src/diagnosis/temp_graph/build) by extension 'colcon_pkg'
[0.644s] Level 1:colcon.colcon_core.package_identification:_identify(src/diagnosis/temp_graph/build) by extensions ['colcon_meta']
[0.644s] Level 1:colcon.colcon_core.package_identification:_identify(src/diagnosis/temp_graph/build) by extension 'colcon_meta'
[0.644s] Level 1:colcon.colcon_core.package_identification:_identify(src/diagnosis/temp_graph/build) by extensions ['ros']
[0.644s] Level 1:colcon.colcon_core.package_identification:_identify(src/diagnosis/temp_graph/build) by extension 'ros'
[0.644s] Level 1:colcon.colcon_core.package_identification:_identify(src/diagnosis/temp_graph/build) by extensions ['cmake', 'python']
[0.644s] Level 1:colcon.colcon_core.package_identification:_identify(src/diagnosis/temp_graph/build) by extension 'cmake'
[0.644s] Level 1:colcon.colcon_core.package_identification:_identify(src/diagnosis/temp_graph/build) by extension 'python'
[0.644s] Level 1:colcon.colcon_core.package_identification:_identify(src/diagnosis/temp_graph/build) by extensions ['python_setup_py']
[0.644s] Level 1:colcon.colcon_core.package_identification:_identify(src/diagnosis/temp_graph/build) by extension 'python_setup_py'
[0.644s] Level 1:colcon.colcon_core.package_identification:_identify(src/diagnosis/temp_graph/build/lib) by extensions ['ignore', 'ignore_ament_install']
[0.644s] Level 1:colcon.colcon_core.package_identification:_identify(src/diagnosis/temp_graph/build/lib) by extension 'ignore'
[0.644s] Level 1:colcon.colcon_core.package_identification:_identify(src/diagnosis/temp_graph/build/lib) by extension 'ignore_ament_install'
[0.644s] Level 1:colcon.colcon_core.package_identification:_identify(src/diagnosis/temp_graph/build/lib) by extensions ['colcon_pkg']
[0.644s] Level 1:colcon.colcon_core.package_identification:_identify(src/diagnosis/temp_graph/build/lib) by extension 'colcon_pkg'
[0.644s] Level 1:colcon.colcon_core.package_identification:_identify(src/diagnosis/temp_graph/build/lib) by extensions ['colcon_meta']
[0.644s] Level 1:colcon.colcon_core.package_identification:_identify(src/diagnosis/temp_graph/build/lib) by extension 'colcon_meta'
[0.645s] Level 1:colcon.colcon_core.package_identification:_identify(src/diagnosis/temp_graph/build/lib) by extensions ['ros']
[0.645s] Level 1:colcon.colcon_core.package_identification:_identify(src/diagnosis/temp_graph/build/lib) by extension 'ros'
[0.645s] Level 1:colcon.colcon_core.package_identification:_identify(src/diagnosis/temp_graph/build/lib) by extensions ['cmake', 'python']
[0.645s] Level 1:colcon.colcon_core.package_identification:_identify(src/diagnosis/temp_graph/build/lib) by extension 'cmake'
[0.645s] Level 1:colcon.colcon_core.package_identification:_identify(src/diagnosis/temp_graph/build/lib) by extension 'python'
[0.645s] Level 1:colcon.colcon_core.package_identification:_identify(src/diagnosis/temp_graph/build/lib) by extensions ['python_setup_py']
[0.645s] Level 1:colcon.colcon_core.package_identification:_identify(src/diagnosis/temp_graph/build/lib) by extension 'python_setup_py'
[0.645s] Level 1:colcon.colcon_core.package_identification:_identify(src/diagnosis/temp_graph/build/lib/temp_graph) by extensions ['ignore', 'ignore_ament_install']
[0.645s] Level 1:colcon.colcon_core.package_identification:_identify(src/diagnosis/temp_graph/build/lib/temp_graph) by extension 'ignore'
[0.645s] Level 1:colcon.colcon_core.package_identification:_identify(src/diagnosis/temp_graph/build/lib/temp_graph) by extension 'ignore_ament_install'
[0.645s] Level 1:colcon.colcon_core.package_identification:_identify(src/diagnosis/temp_graph/build/lib/temp_graph) by extensions ['colcon_pkg']
[0.645s] Level 1:colcon.colcon_core.package_identification:_identify(src/diagnosis/temp_graph/build/lib/temp_graph) by extension 'colcon_pkg'
[0.645s] Level 1:colcon.colcon_core.package_identification:_identify(src/diagnosis/temp_graph/build/lib/temp_graph) by extensions ['colcon_meta']
[0.645s] Level 1:colcon.colcon_core.package_identification:_identify(src/diagnosis/temp_graph/build/lib/temp_graph) by extension 'colcon_meta'
[0.645s] Level 1:colcon.colcon_core.package_identification:_identify(src/diagnosis/temp_graph/build/lib/temp_graph) by extensions ['ros']
[0.645s] Level 1:colcon.colcon_core.package_identification:_identify(src/diagnosis/temp_graph/build/lib/temp_graph) by extension 'ros'
[0.646s] Level 1:colcon.colcon_core.package_identification:_identify(src/diagnosis/temp_graph/build/lib/temp_graph) by extensions ['cmake', 'python']
[0.646s] Level 1:colcon.colcon_core.package_identification:_identify(src/diagnosis/temp_graph/build/lib/temp_graph) by extension 'cmake'
[0.646s] Level 1:colcon.colcon_core.package_identification:_identify(src/diagnosis/temp_graph/build/lib/temp_graph) by extension 'python'
[0.646s] Level 1:colcon.colcon_core.package_identification:_identify(src/diagnosis/temp_graph/build/lib/temp_graph) by extensions ['python_setup_py']
[0.646s] Level 1:colcon.colcon_core.package_identification:_identify(src/diagnosis/temp_graph/build/lib/temp_graph) by extension 'python_setup_py'
[0.646s] Level 1:colcon.colcon_core.package_identification:_identify(src/diagnosis/temp_graph/temp_graph) by extensions ['ignore', 'ignore_ament_install']
[0.646s] Level 1:colcon.colcon_core.package_identification:_identify(src/diagnosis/temp_graph/temp_graph) by extension 'ignore'
[0.646s] Level 1:colcon.colcon_core.package_identification:_identify(src/diagnosis/temp_graph/temp_graph) by extension 'ignore_ament_install'
[0.646s] Level 1:colcon.colcon_core.package_identification:_identify(src/diagnosis/temp_graph/temp_graph) by extensions ['colcon_pkg']
[0.646s] Level 1:colcon.colcon_core.package_identification:_identify(src/diagnosis/temp_graph/temp_graph) by extension 'colcon_pkg'
[0.646s] Level 1:colcon.colcon_core.package_identification:_identify(src/diagnosis/temp_graph/temp_graph) by extensions ['colcon_meta']
[0.646s] Level 1:colcon.colcon_core.package_identification:_identify(src/diagnosis/temp_graph/temp_graph) by extension 'colcon_meta'
[0.646s] Level 1:colcon.colcon_core.package_identification:_identify(src/diagnosis/temp_graph/temp_graph) by extensions ['ros']
[0.646s] Level 1:colcon.colcon_core.package_identification:_identify(src/diagnosis/temp_graph/temp_graph) by extension 'ros'
[0.647s] Level 1:colcon.colcon_core.package_identification:_identify(src/diagnosis/temp_graph/temp_graph) by extensions ['cmake', 'python']
[0.647s] Level 1:colcon.colcon_core.package_identification:_identify(src/diagnosis/temp_graph/temp_graph) by extension 'cmake'
[0.647s] Level 1:colcon.colcon_core.package_identification:_identify(src/diagnosis/temp_graph/temp_graph) by extension 'python'
[0.647s] Level 1:colcon.colcon_core.package_identification:_identify(src/diagnosis/temp_graph/temp_graph) by extensions ['python_setup_py']
[0.647s] Level 1:colcon.colcon_core.package_identification:_identify(src/diagnosis/temp_graph/temp_graph) by extension 'python_setup_py'
[0.647s] Level 1:colcon.colcon_core.package_identification:_identify(src/diagnosis/temp_graph/temp_graph/__pycache__) by extensions ['ignore', 'ignore_ament_install']
[0.647s] Level 1:colcon.colcon_core.package_identification:_identify(src/diagnosis/temp_graph/temp_graph/__pycache__) by extension 'ignore'
[0.647s] Level 1:colcon.colcon_core.package_identification:_identify(src/diagnosis/temp_graph/temp_graph/__pycache__) by extension 'ignore_ament_install'
[0.647s] Level 1:colcon.colcon_core.package_identification:_identify(src/diagnosis/temp_graph/temp_graph/__pycache__) by extensions ['colcon_pkg']
[0.647s] Level 1:colcon.colcon_core.package_identification:_identify(src/diagnosis/temp_graph/temp_graph/__pycache__) by extension 'colcon_pkg'
[0.647s] Level 1:colcon.colcon_core.package_identification:_identify(src/diagnosis/temp_graph/temp_graph/__pycache__) by extensions ['colcon_meta']
[0.648s] Level 1:colcon.colcon_core.package_identification:_identify(src/diagnosis/temp_graph/temp_graph/__pycache__) by extension 'colcon_meta'
[0.648s] Level 1:colcon.colcon_core.package_identification:_identify(src/diagnosis/temp_graph/temp_graph/__pycache__) by extensions ['ros']
[0.648s] Level 1:colcon.colcon_core.package_identification:_identify(src/diagnosis/temp_graph/temp_graph/__pycache__) by extension 'ros'
[0.648s] Level 1:colcon.colcon_core.package_identification:_identify(src/diagnosis/temp_graph/temp_graph/__pycache__) by extensions ['cmake', 'python']
[0.648s] Level 1:colcon.colcon_core.package_identification:_identify(src/diagnosis/temp_graph/temp_graph/__pycache__) by extension 'cmake'
[0.648s] Level 1:colcon.colcon_core.package_identification:_identify(src/diagnosis/temp_graph/temp_graph/__pycache__) by extension 'python'
[0.648s] Level 1:colcon.colcon_core.package_identification:_identify(src/diagnosis/temp_graph/temp_graph/__pycache__) by extensions ['python_setup_py']
[0.648s] Level 1:colcon.colcon_core.package_identification:_identify(src/diagnosis/temp_graph/temp_graph/__pycache__) by extension 'python_setup_py'
[0.648s] Level 1:colcon.colcon_core.package_identification:_identify(src/diagnosis/vajara) by extensions ['ignore', 'ignore_ament_install']
[0.648s] Level 1:colcon.colcon_core.package_identification:_identify(src/diagnosis/vajara) by extension 'ignore'
[0.648s] Level 1:colcon.colcon_core.package_identification:_identify(src/diagnosis/vajara) by extension 'ignore_ament_install'
[0.648s] Level 1:colcon.colcon_core.package_identification:_identify(src/diagnosis/vajara) by extensions ['colcon_pkg']
[0.649s] Level 1:colcon.colcon_core.package_identification:_identify(src/diagnosis/vajara) by extension 'colcon_pkg'
[0.649s] Level 1:colcon.colcon_core.package_identification:_identify(src/diagnosis/vajara) by extensions ['colcon_meta']
[0.649s] Level 1:colcon.colcon_core.package_identification:_identify(src/diagnosis/vajara) by extension 'colcon_meta'
[0.649s] Level 1:colcon.colcon_core.package_identification:_identify(src/diagnosis/vajara) by extensions ['ros']
[0.649s] Level 1:colcon.colcon_core.package_identification:_identify(src/diagnosis/vajara) by extension 'ros'
[0.650s] DEBUG:colcon.colcon_core.package_identification:Package 'src/diagnosis/vajara' with type 'ros.ament_python' and name 'vajara'
[0.650s] Level 1:colcon.colcon_core.package_identification:_identify(src/gen2) by extensions ['ignore', 'ignore_ament_install']
[0.650s] Level 1:colcon.colcon_core.package_identification:_identify(src/gen2) by extension 'ignore'
[0.650s] Level 1:colcon.colcon_core.package_identification:_identify(src/gen2) by extension 'ignore_ament_install'
[0.650s] Level 1:colcon.colcon_core.package_identification:_identify(src/gen2) by extensions ['colcon_pkg']
[0.650s] Level 1:colcon.colcon_core.package_identification:_identify(src/gen2) by extension 'colcon_pkg'
[0.650s] Level 1:colcon.colcon_core.package_identification:_identify(src/gen2) by extensions ['colcon_meta']
[0.650s] Level 1:colcon.colcon_core.package_identification:_identify(src/gen2) by extension 'colcon_meta'
[0.650s] Level 1:colcon.colcon_core.package_identification:_identify(src/gen2) by extensions ['ros']
[0.651s] Level 1:colcon.colcon_core.package_identification:_identify(src/gen2) by extension 'ros'
[0.651s] DEBUG:colcon.colcon_core.package_identification:Package 'src/gen2' with type 'ros.ament_python' and name 'gen2'
[0.652s] Level 1:colcon.colcon_core.package_identification:_identify(src/gesture_management) by extensions ['ignore', 'ignore_ament_install']
[0.652s] Level 1:colcon.colcon_core.package_identification:_identify(src/gesture_management) by extension 'ignore'
[0.652s] Level 1:colcon.colcon_core.package_identification:_identify(src/gesture_management) by extension 'ignore_ament_install'
[0.652s] Level 1:colcon.colcon_core.package_identification:_identify(src/gesture_management) by extensions ['colcon_pkg']
[0.652s] Level 1:colcon.colcon_core.package_identification:_identify(src/gesture_management) by extension 'colcon_pkg'
[0.652s] Level 1:colcon.colcon_core.package_identification:_identify(src/gesture_management) by extensions ['colcon_meta']
[0.653s] Level 1:colcon.colcon_core.package_identification:_identify(src/gesture_management) by extension 'colcon_meta'
[0.653s] Level 1:colcon.colcon_core.package_identification:_identify(src/gesture_management) by extensions ['ros']
[0.653s] Level 1:colcon.colcon_core.package_identification:_identify(src/gesture_management) by extension 'ros'
[0.654s] DEBUG:colcon.colcon_core.package_identification:Package 'src/gesture_management' with type 'ros.ament_cmake' and name 'gesture_management'
[0.655s] Level 1:colcon.colcon_core.package_identification:_identify(src/global) by extensions ['ignore', 'ignore_ament_install']
[0.655s] Level 1:colcon.colcon_core.package_identification:_identify(src/global) by extension 'ignore'
[0.655s] Level 1:colcon.colcon_core.package_identification:_identify(src/global) by extension 'ignore_ament_install'
[0.655s] Level 1:colcon.colcon_core.package_identification:_identify(src/global) by extensions ['colcon_pkg']
[0.655s] Level 1:colcon.colcon_core.package_identification:_identify(src/global) by extension 'colcon_pkg'
[0.655s] Level 1:colcon.colcon_core.package_identification:_identify(src/global) by extensions ['colcon_meta']
[0.655s] Level 1:colcon.colcon_core.package_identification:_identify(src/global) by extension 'colcon_meta'
[0.655s] Level 1:colcon.colcon_core.package_identification:_identify(src/global) by extensions ['ros']
[0.655s] Level 1:colcon.colcon_core.package_identification:_identify(src/global) by extension 'ros'
[0.655s] Level 1:colcon.colcon_core.package_identification:_identify(src/global) by extensions ['cmake', 'python']
[0.655s] Level 1:colcon.colcon_core.package_identification:_identify(src/global) by extension 'cmake'
[0.655s] Level 1:colcon.colcon_core.package_identification:_identify(src/global) by extension 'python'
[0.655s] Level 1:colcon.colcon_core.package_identification:_identify(src/global) by extensions ['python_setup_py']
[0.655s] Level 1:colcon.colcon_core.package_identification:_identify(src/global) by extension 'python_setup_py'
[0.656s] Level 1:colcon.colcon_core.package_identification:_identify(src/global/daksha_api_bridge_follower) by extensions ['ignore', 'ignore_ament_install']
[0.656s] Level 1:colcon.colcon_core.package_identification:_identify(src/global/daksha_api_bridge_follower) by extension 'ignore'
[0.656s] Level 1:colcon.colcon_core.package_identification:_identify(src/global/daksha_api_bridge_follower) by extension 'ignore_ament_install'
[0.656s] Level 1:colcon.colcon_core.package_identification:_identify(src/global/daksha_api_bridge_follower) by extensions ['colcon_pkg']
[0.656s] Level 1:colcon.colcon_core.package_identification:_identify(src/global/daksha_api_bridge_follower) by extension 'colcon_pkg'
[0.656s] Level 1:colcon.colcon_core.package_identification:_identify(src/global/daksha_api_bridge_follower) by extensions ['colcon_meta']
[0.656s] Level 1:colcon.colcon_core.package_identification:_identify(src/global/daksha_api_bridge_follower) by extension 'colcon_meta'
[0.656s] Level 1:colcon.colcon_core.package_identification:_identify(src/global/daksha_api_bridge_follower) by extensions ['ros']
[0.656s] Level 1:colcon.colcon_core.package_identification:_identify(src/global/daksha_api_bridge_follower) by extension 'ros'
[0.658s] DEBUG:colcon.colcon_core.package_identification:Package 'src/global/daksha_api_bridge_follower' with type 'ros.ament_python' and name 'daksha_api_bridge_follower'
[0.659s] Level 1:colcon.colcon_core.package_identification:_identify(src/global/daksha_api_bridge_leader) by extensions ['ignore', 'ignore_ament_install']
[0.659s] Level 1:colcon.colcon_core.package_identification:_identify(src/global/daksha_api_bridge_leader) by extension 'ignore'
[0.659s] Level 1:colcon.colcon_core.package_identification:_identify(src/global/daksha_api_bridge_leader) by extension 'ignore_ament_install'
[0.659s] Level 1:colcon.colcon_core.package_identification:_identify(src/global/daksha_api_bridge_leader) by extensions ['colcon_pkg']
[0.659s] Level 1:colcon.colcon_core.package_identification:_identify(src/global/daksha_api_bridge_leader) by extension 'colcon_pkg'
[0.659s] Level 1:colcon.colcon_core.package_identification:_identify(src/global/daksha_api_bridge_leader) by extensions ['colcon_meta']
[0.659s] Level 1:colcon.colcon_core.package_identification:_identify(src/global/daksha_api_bridge_leader) by extension 'colcon_meta'
[0.659s] Level 1:colcon.colcon_core.package_identification:_identify(src/global/daksha_api_bridge_leader) by extensions ['ros']
[0.659s] Level 1:colcon.colcon_core.package_identification:_identify(src/global/daksha_api_bridge_leader) by extension 'ros'
[0.661s] DEBUG:colcon.colcon_core.package_identification:Package 'src/global/daksha_api_bridge_leader' with type 'ros.ament_python' and name 'daksha_api_bridge_leader'
[0.661s] Level 1:colcon.colcon_core.package_identification:_identify(src/joint_cmd_logger) by extensions ['ignore', 'ignore_ament_install']
[0.661s] Level 1:colcon.colcon_core.package_identification:_identify(src/joint_cmd_logger) by extension 'ignore'
[0.661s] Level 1:colcon.colcon_core.package_identification:_identify(src/joint_cmd_logger) by extension 'ignore_ament_install'
[0.661s] Level 1:colcon.colcon_core.package_identification:_identify(src/joint_cmd_logger) by extensions ['colcon_pkg']
[0.661s] Level 1:colcon.colcon_core.package_identification:_identify(src/joint_cmd_logger) by extension 'colcon_pkg'
[0.661s] Level 1:colcon.colcon_core.package_identification:_identify(src/joint_cmd_logger) by extensions ['colcon_meta']
[0.662s] Level 1:colcon.colcon_core.package_identification:_identify(src/joint_cmd_logger) by extension 'colcon_meta'
[0.662s] Level 1:colcon.colcon_core.package_identification:_identify(src/joint_cmd_logger) by extensions ['ros']
[0.662s] Level 1:colcon.colcon_core.package_identification:_identify(src/joint_cmd_logger) by extension 'ros'
[0.663s] DEBUG:colcon.colcon_core.package_identification:Package 'src/joint_cmd_logger' with type 'ros.ament_python' and name 'joint_cmd_logger'
[0.663s] Level 1:colcon.colcon_core.package_identification:_identify(src/motortest) by extensions ['ignore', 'ignore_ament_install']
[0.664s] Level 1:colcon.colcon_core.package_identification:_identify(src/motortest) by extension 'ignore'
[0.664s] Level 1:colcon.colcon_core.package_identification:_identify(src/motortest) by extension 'ignore_ament_install'
[0.664s] Level 1:colcon.colcon_core.package_identification:_identify(src/motortest) by extensions ['colcon_pkg']
[0.664s] Level 1:colcon.colcon_core.package_identification:_identify(src/motortest) by extension 'colcon_pkg'
[0.664s] Level 1:colcon.colcon_core.package_identification:_identify(src/motortest) by extensions ['colcon_meta']
[0.664s] Level 1:colcon.colcon_core.package_identification:_identify(src/motortest) by extension 'colcon_meta'
[0.664s] Level 1:colcon.colcon_core.package_identification:_identify(src/motortest) by extensions ['ros']
[0.664s] Level 1:colcon.colcon_core.package_identification:_identify(src/motortest) by extension 'ros'
[0.665s] DEBUG:colcon.colcon_core.package_identification:Package 'src/motortest' with type 'ros.ament_python' and name 'motortest'
[0.666s] Level 1:colcon.colcon_core.package_identification:_identify(src/navigation) by extensions ['ignore', 'ignore_ament_install']
[0.666s] Level 1:colcon.colcon_core.package_identification:_identify(src/navigation) by extension 'ignore'
[0.666s] Level 1:colcon.colcon_core.package_identification:_identify(src/navigation) by extension 'ignore_ament_install'
[0.666s] Level 1:colcon.colcon_core.package_identification:_identify(src/navigation) by extensions ['colcon_pkg']
[0.666s] Level 1:colcon.colcon_core.package_identification:_identify(src/navigation) by extension 'colcon_pkg'
[0.666s] Level 1:colcon.colcon_core.package_identification:_identify(src/navigation) by extensions ['colcon_meta']
[0.666s] Level 1:colcon.colcon_core.package_identification:_identify(src/navigation) by extension 'colcon_meta'
[0.666s] Level 1:colcon.colcon_core.package_identification:_identify(src/navigation) by extensions ['ros']
[0.666s] Level 1:colcon.colcon_core.package_identification:_identify(src/navigation) by extension 'ros'
[0.666s] Level 1:colcon.colcon_core.package_identification:_identify(src/navigation) by extensions ['cmake', 'python']
[0.666s] Level 1:colcon.colcon_core.package_identification:_identify(src/navigation) by extension 'cmake'
[0.667s] Level 1:colcon.colcon_core.package_identification:_identify(src/navigation) by extension 'python'
[0.667s] Level 1:colcon.colcon_core.package_identification:_identify(src/navigation) by extensions ['python_setup_py']
[0.667s] Level 1:colcon.colcon_core.package_identification:_identify(src/navigation) by extension 'python_setup_py'
[0.667s] Level 1:colcon.colcon_core.package_identification:_identify(src/navigation/web_nav_site) by extensions ['ignore', 'ignore_ament_install']
[0.667s] Level 1:colcon.colcon_core.package_identification:_identify(src/navigation/web_nav_site) by extension 'ignore'
[0.667s] Level 1:colcon.colcon_core.package_identification:_identify(src/navigation/web_nav_site) by extension 'ignore_ament_install'
[0.667s] Level 1:colcon.colcon_core.package_identification:_identify(src/navigation/web_nav_site) by extensions ['colcon_pkg']
[0.667s] Level 1:colcon.colcon_core.package_identification:_identify(src/navigation/web_nav_site) by extension 'colcon_pkg'
[0.667s] Level 1:colcon.colcon_core.package_identification:_identify(src/navigation/web_nav_site) by extensions ['colcon_meta']
[0.667s] Level 1:colcon.colcon_core.package_identification:_identify(src/navigation/web_nav_site) by extension 'colcon_meta'
[0.667s] Level 1:colcon.colcon_core.package_identification:_identify(src/navigation/web_nav_site) by extensions ['ros']
[0.667s] Level 1:colcon.colcon_core.package_identification:_identify(src/navigation/web_nav_site) by extension 'ros'
[0.669s] DEBUG:colcon.colcon_core.package_identification:Package 'src/navigation/web_nav_site' with type 'ros.ament_cmake' and name 'web_nav_site'
[0.669s] Level 1:colcon.colcon_core.package_identification:_identify(src/scripts) by extensions ['ignore', 'ignore_ament_install']
[0.669s] Level 1:colcon.colcon_core.package_identification:_identify(src/scripts) by extension 'ignore'
[0.669s] Level 1:colcon.colcon_core.package_identification:_identify(src/scripts) by extension 'ignore_ament_install'
[0.669s] Level 1:colcon.colcon_core.package_identification:_identify(src/scripts) by extensions ['colcon_pkg']
[0.669s] Level 1:colcon.colcon_core.package_identification:_identify(src/scripts) by extension 'colcon_pkg'
[0.669s] Level 1:colcon.colcon_core.package_identification:_identify(src/scripts) by extensions ['colcon_meta']
[0.669s] Level 1:colcon.colcon_core.package_identification:_identify(src/scripts) by extension 'colcon_meta'
[0.669s] Level 1:colcon.colcon_core.package_identification:_identify(src/scripts) by extensions ['ros']
[0.669s] Level 1:colcon.colcon_core.package_identification:_identify(src/scripts) by extension 'ros'
[0.669s] Level 1:colcon.colcon_core.package_identification:_identify(src/scripts) by extensions ['cmake', 'python']
[0.670s] Level 1:colcon.colcon_core.package_identification:_identify(src/scripts) by extension 'cmake'
[0.670s] Level 1:colcon.colcon_core.package_identification:_identify(src/scripts) by extension 'python'
[0.670s] Level 1:colcon.colcon_core.package_identification:_identify(src/scripts) by extensions ['python_setup_py']
[0.670s] Level 1:colcon.colcon_core.package_identification:_identify(src/scripts) by extension 'python_setup_py'
[0.670s] Level 1:colcon.colcon_core.package_identification:_identify(src/scripts/__pycache__) by extensions ['ignore', 'ignore_ament_install']
[0.670s] Level 1:colcon.colcon_core.package_identification:_identify(src/scripts/__pycache__) by extension 'ignore'
[0.670s] Level 1:colcon.colcon_core.package_identification:_identify(src/scripts/__pycache__) by extension 'ignore_ament_install'
[0.670s] Level 1:colcon.colcon_core.package_identification:_identify(src/scripts/__pycache__) by extensions ['colcon_pkg']
[0.670s] Level 1:colcon.colcon_core.package_identification:_identify(src/scripts/__pycache__) by extension 'colcon_pkg'
[0.670s] Level 1:colcon.colcon_core.package_identification:_identify(src/scripts/__pycache__) by extensions ['colcon_meta']
[0.670s] Level 1:colcon.colcon_core.package_identification:_identify(src/scripts/__pycache__) by extension 'colcon_meta'
[0.670s] Level 1:colcon.colcon_core.package_identification:_identify(src/scripts/__pycache__) by extensions ['ros']
[0.670s] Level 1:colcon.colcon_core.package_identification:_identify(src/scripts/__pycache__) by extension 'ros'
[0.670s] Level 1:colcon.colcon_core.package_identification:_identify(src/scripts/__pycache__) by extensions ['cmake', 'python']
[0.670s] Level 1:colcon.colcon_core.package_identification:_identify(src/scripts/__pycache__) by extension 'cmake'
[0.670s] Level 1:colcon.colcon_core.package_identification:_identify(src/scripts/__pycache__) by extension 'python'
[0.670s] Level 1:colcon.colcon_core.package_identification:_identify(src/scripts/__pycache__) by extensions ['python_setup_py']
[0.670s] Level 1:colcon.colcon_core.package_identification:_identify(src/scripts/__pycache__) by extension 'python_setup_py'
[0.671s] Level 1:colcon.colcon_core.package_identification:_identify(src/tele) by extensions ['ignore', 'ignore_ament_install']
[0.671s] Level 1:colcon.colcon_core.package_identification:_identify(src/tele) by extension 'ignore'
[0.671s] Level 1:colcon.colcon_core.package_identification:_identify(src/tele) by extension 'ignore_ament_install'
[0.671s] Level 1:colcon.colcon_core.package_identification:_identify(src/tele) by extensions ['colcon_pkg']
[0.671s] Level 1:colcon.colcon_core.package_identification:_identify(src/tele) by extension 'colcon_pkg'
[0.671s] Level 1:colcon.colcon_core.package_identification:_identify(src/tele) by extensions ['colcon_meta']
[0.671s] Level 1:colcon.colcon_core.package_identification:_identify(src/tele) by extension 'colcon_meta'
[0.671s] Level 1:colcon.colcon_core.package_identification:_identify(src/tele) by extensions ['ros']
[0.671s] Level 1:colcon.colcon_core.package_identification:_identify(src/tele) by extension 'ros'
[0.671s] Level 1:colcon.colcon_core.package_identification:_identify(src/tele) by extensions ['cmake', 'python']
[0.671s] Level 1:colcon.colcon_core.package_identification:_identify(src/tele) by extension 'cmake'
[0.671s] Level 1:colcon.colcon_core.package_identification:_identify(src/tele) by extension 'python'
[0.671s] Level 1:colcon.colcon_core.package_identification:_identify(src/tele) by extensions ['python_setup_py']
[0.671s] Level 1:colcon.colcon_core.package_identification:_identify(src/tele) by extension 'python_setup_py'
[0.671s] Level 1:colcon.colcon_core.package_identification:_identify(src/tele/ROS-TCP-Endpoint) by extensions ['ignore', 'ignore_ament_install']
[0.672s] Level 1:colcon.colcon_core.package_identification:_identify(src/tele/ROS-TCP-Endpoint) by extension 'ignore'
[0.672s] Level 1:colcon.colcon_core.package_identification:_identify(src/tele/ROS-TCP-Endpoint) by extension 'ignore_ament_install'
[0.672s] Level 1:colcon.colcon_core.package_identification:_identify(src/tele/ROS-TCP-Endpoint) by extensions ['colcon_pkg']
[0.672s] Level 1:colcon.colcon_core.package_identification:_identify(src/tele/ROS-TCP-Endpoint) by extension 'colcon_pkg'
[0.672s] Level 1:colcon.colcon_core.package_identification:_identify(src/tele/ROS-TCP-Endpoint) by extensions ['colcon_meta']
[0.672s] Level 1:colcon.colcon_core.package_identification:_identify(src/tele/ROS-TCP-Endpoint) by extension 'colcon_meta'
[0.672s] Level 1:colcon.colcon_core.package_identification:_identify(src/tele/ROS-TCP-Endpoint) by extensions ['ros']
[0.672s] Level 1:colcon.colcon_core.package_identification:_identify(src/tele/ROS-TCP-Endpoint) by extension 'ros'
[0.673s] DEBUG:colcon.colcon_core.package_identification:Package 'src/tele/ROS-TCP-Endpoint' with type 'ros.ament_python' and name 'ros_tcp_endpoint'
[0.673s] Level 1:colcon.colcon_core.package_identification:_identify(src/tele/gen2_leader) by extensions ['ignore', 'ignore_ament_install']
[0.673s] Level 1:colcon.colcon_core.package_identification:_identify(src/tele/gen2_leader) by extension 'ignore'
[0.673s] Level 1:colcon.colcon_core.package_identification:_identify(src/tele/gen2_leader) by extension 'ignore_ament_install'
[0.673s] Level 1:colcon.colcon_core.package_identification:_identify(src/tele/gen2_leader) by extensions ['colcon_pkg']
[0.673s] Level 1:colcon.colcon_core.package_identification:_identify(src/tele/gen2_leader) by extension 'colcon_pkg'
[0.673s] Level 1:colcon.colcon_core.package_identification:_identify(src/tele/gen2_leader) by extensions ['colcon_meta']
[0.673s] Level 1:colcon.colcon_core.package_identification:_identify(src/tele/gen2_leader) by extension 'colcon_meta'
[0.674s] Level 1:colcon.colcon_core.package_identification:_identify(src/tele/gen2_leader) by extensions ['ros']
[0.674s] Level 1:colcon.colcon_core.package_identification:_identify(src/tele/gen2_leader) by extension 'ros'
[0.674s] DEBUG:colcon.colcon_core.package_identification:Package 'src/tele/gen2_leader' with type 'ros.ament_python' and name 'gen2_leader'
[0.674s] Level 1:colcon.colcon_core.package_identification:_identify(src/tele/vr_teleop) by extensions ['ignore', 'ignore_ament_install']
[0.675s] Level 1:colcon.colcon_core.package_identification:_identify(src/tele/vr_teleop) by extension 'ignore'
[0.675s] Level 1:colcon.colcon_core.package_identification:_identify(src/tele/vr_teleop) by extension 'ignore_ament_install'
[0.675s] Level 1:colcon.colcon_core.package_identification:_identify(src/tele/vr_teleop) by extensions ['colcon_pkg']
[0.675s] Level 1:colcon.colcon_core.package_identification:_identify(src/tele/vr_teleop) by extension 'colcon_pkg'
[0.675s] Level 1:colcon.colcon_core.package_identification:_identify(src/tele/vr_teleop) by extensions ['colcon_meta']
[0.675s] Level 1:colcon.colcon_core.package_identification:_identify(src/tele/vr_teleop) by extension 'colcon_meta'
[0.675s] Level 1:colcon.colcon_core.package_identification:_identify(src/tele/vr_teleop) by extensions ['ros']
[0.675s] Level 1:colcon.colcon_core.package_identification:_identify(src/tele/vr_teleop) by extension 'ros'
[0.676s] DEBUG:colcon.colcon_core.package_identification:Package 'src/tele/vr_teleop' with type 'ros.ament_python' and name 'vr_teleop'
[0.676s] Level 1:colcon.colcon_core.package_identification:_identify(src/ui) by extensions ['ignore', 'ignore_ament_install']
[0.676s] Level 1:colcon.colcon_core.package_identification:_identify(src/ui) by extension 'ignore'
[0.676s] Level 1:colcon.colcon_core.package_identification:_identify(src/ui) by extension 'ignore_ament_install'
[0.676s] Level 1:colcon.colcon_core.package_identification:_identify(src/ui) by extensions ['colcon_pkg']
[0.676s] Level 1:colcon.colcon_core.package_identification:_identify(src/ui) by extension 'colcon_pkg'
[0.676s] Level 1:colcon.colcon_core.package_identification:_identify(src/ui) by extensions ['colcon_meta']
[0.676s] Level 1:colcon.colcon_core.package_identification:_identify(src/ui) by extension 'colcon_meta'
[0.676s] Level 1:colcon.colcon_core.package_identification:_identify(src/ui) by extensions ['ros']
[0.677s] Level 1:colcon.colcon_core.package_identification:_identify(src/ui) by extension 'ros'
[0.677s] Level 1:colcon.colcon_core.package_identification:_identify(src/ui) by extensions ['cmake', 'python']
[0.677s] Level 1:colcon.colcon_core.package_identification:_identify(src/ui) by extension 'cmake'
[0.677s] Level 1:colcon.colcon_core.package_identification:_identify(src/ui) by extension 'python'
[0.677s] Level 1:colcon.colcon_core.package_identification:_identify(src/ui) by extensions ['python_setup_py']
[0.677s] Level 1:colcon.colcon_core.package_identification:_identify(src/ui) by extension 'python_setup_py'
[0.677s] Level 1:colcon.colcon_core.package_identification:_identify(src/ui/Clients_UI) by extensions ['ignore', 'ignore_ament_install']
[0.677s] Level 1:colcon.colcon_core.package_identification:_identify(src/ui/Clients_UI) by extension 'ignore'
[0.677s] Level 1:colcon.colcon_core.package_identification:_identify(src/ui/Clients_UI) by extension 'ignore_ament_install'
[0.677s] Level 1:colcon.colcon_core.package_identification:_identify(src/ui/Clients_UI) by extensions ['colcon_pkg']
[0.677s] Level 1:colcon.colcon_core.package_identification:_identify(src/ui/Clients_UI) by extension 'colcon_pkg'
[0.677s] Level 1:colcon.colcon_core.package_identification:_identify(src/ui/Clients_UI) by extensions ['colcon_meta']
[0.677s] Level 1:colcon.colcon_core.package_identification:_identify(src/ui/Clients_UI) by extension 'colcon_meta'
[0.678s] Level 1:colcon.colcon_core.package_identification:_identify(src/ui/Clients_UI) by extensions ['ros']
[0.678s] Level 1:colcon.colcon_core.package_identification:_identify(src/ui/Clients_UI) by extension 'ros'
[0.678s] Level 1:colcon.colcon_core.package_identification:_identify(src/ui/Clients_UI) by extensions ['cmake', 'python']
[0.678s] Level 1:colcon.colcon_core.package_identification:_identify(src/ui/Clients_UI) by extension 'cmake'
[0.678s] Level 1:colcon.colcon_core.package_identification:_identify(src/ui/Clients_UI) by extension 'python'
[0.678s] Level 1:colcon.colcon_core.package_identification:_identify(src/ui/Clients_UI) by extensions ['python_setup_py']
[0.678s] Level 1:colcon.colcon_core.package_identification:_identify(src/ui/Clients_UI) by extension 'python_setup_py'
[0.678s] Level 1:colcon.colcon_core.package_identification:_identify(src/ui/Clients_UI/daksha_data_collection) by extensions ['ignore', 'ignore_ament_install']
[0.678s] Level 1:colcon.colcon_core.package_identification:_identify(src/ui/Clients_UI/daksha_data_collection) by extension 'ignore'
[0.678s] Level 1:colcon.colcon_core.package_identification:_identify(src/ui/Clients_UI/daksha_data_collection) by extension 'ignore_ament_install'
[0.678s] Level 1:colcon.colcon_core.package_identification:_identify(src/ui/Clients_UI/daksha_data_collection) by extensions ['colcon_pkg']
[0.678s] Level 1:colcon.colcon_core.package_identification:_identify(src/ui/Clients_UI/daksha_data_collection) by extension 'colcon_pkg'
[0.678s] Level 1:colcon.colcon_core.package_identification:_identify(src/ui/Clients_UI/daksha_data_collection) by extensions ['colcon_meta']
[0.678s] Level 1:colcon.colcon_core.package_identification:_identify(src/ui/Clients_UI/daksha_data_collection) by extension 'colcon_meta'
[0.678s] Level 1:colcon.colcon_core.package_identification:_identify(src/ui/Clients_UI/daksha_data_collection) by extensions ['ros']
[0.678s] Level 1:colcon.colcon_core.package_identification:_identify(src/ui/Clients_UI/daksha_data_collection) by extension 'ros'
[0.679s] DEBUG:colcon.colcon_core.package_identification:Package 'src/ui/Clients_UI/daksha_data_collection' with type 'ros.ament_python' and name 'daksha_data_collection'
[0.680s] Level 1:colcon.colcon_core.package_identification:_identify(src/ui/Clients_UI/daksha_final_urdf_description) by extensions ['ignore', 'ignore_ament_install']
[0.680s] Level 1:colcon.colcon_core.package_identification:_identify(src/ui/Clients_UI/daksha_final_urdf_description) by extension 'ignore'
[0.680s] Level 1:colcon.colcon_core.package_identification:_identify(src/ui/Clients_UI/daksha_final_urdf_description) by extension 'ignore_ament_install'
[0.680s] Level 1:colcon.colcon_core.package_identification:_identify(src/ui/Clients_UI/daksha_final_urdf_description) by extensions ['colcon_pkg']
[0.680s] Level 1:colcon.colcon_core.package_identification:_identify(src/ui/Clients_UI/daksha_final_urdf_description) by extension 'colcon_pkg'
[0.680s] Level 1:colcon.colcon_core.package_identification:_identify(src/ui/Clients_UI/daksha_final_urdf_description) by extensions ['colcon_meta']
[0.680s] Level 1:colcon.colcon_core.package_identification:_identify(src/ui/Clients_UI/daksha_final_urdf_description) by extension 'colcon_meta'
[0.680s] Level 1:colcon.colcon_core.package_identification:_identify(src/ui/Clients_UI/daksha_final_urdf_description) by extensions ['ros']
[0.680s] Level 1:colcon.colcon_core.package_identification:_identify(src/ui/Clients_UI/daksha_final_urdf_description) by extension 'ros'
[0.681s] DEBUG:colcon.colcon_core.package_identification:Package 'src/ui/Clients_UI/daksha_final_urdf_description' with type 'ros.ament_python' and name 'daksha_final_urdf_description'
[0.681s] Level 1:colcon.colcon_core.package_identification:_identify(src/ui/Clients_UI/daksha_msgs) by extensions ['ignore', 'ignore_ament_install']
[0.682s] Level 1:colcon.colcon_core.package_identification:_identify(src/ui/Clients_UI/daksha_msgs) by extension 'ignore'
[0.682s] Level 1:colcon.colcon_core.package_identification:_identify(src/ui/Clients_UI/daksha_msgs) by extension 'ignore_ament_install'
[0.682s] Level 1:colcon.colcon_core.package_identification:_identify(src/ui/Clients_UI/daksha_msgs) by extensions ['colcon_pkg']
[0.682s] Level 1:colcon.colcon_core.package_identification:_identify(src/ui/Clients_UI/daksha_msgs) by extension 'colcon_pkg'
[0.682s] Level 1:colcon.colcon_core.package_identification:_identify(src/ui/Clients_UI/daksha_msgs) by extensions ['colcon_meta']
[0.682s] Level 1:colcon.colcon_core.package_identification:_identify(src/ui/Clients_UI/daksha_msgs) by extension 'colcon_meta'
[0.682s] Level 1:colcon.colcon_core.package_identification:_identify(src/ui/Clients_UI/daksha_msgs) by extensions ['ros']
[0.682s] Level 1:colcon.colcon_core.package_identification:_identify(src/ui/Clients_UI/daksha_msgs) by extension 'ros'
[0.683s] DEBUG:colcon.colcon_core.package_identification:Package 'src/ui/Clients_UI/daksha_msgs' with type 'ros.ament_cmake' and name 'daksha_msgs'
[0.683s] Level 1:colcon.colcon_core.package_identification:_identify(src/ui/Clients_UI/daksha_ui) by extensions ['ignore', 'ignore_ament_install']
[0.683s] Level 1:colcon.colcon_core.package_identification:_identify(src/ui/Clients_UI/daksha_ui) by extension 'ignore'
[0.683s] Level 1:colcon.colcon_core.package_identification:_identify(src/ui/Clients_UI/daksha_ui) by extension 'ignore_ament_install'
[0.684s] Level 1:colcon.colcon_core.package_identification:_identify(src/ui/Clients_UI/daksha_ui) by extensions ['colcon_pkg']
[0.684s] Level 1:colcon.colcon_core.package_identification:_identify(src/ui/Clients_UI/daksha_ui) by extension 'colcon_pkg'
[0.684s] Level 1:colcon.colcon_core.package_identification:_identify(src/ui/Clients_UI/daksha_ui) by extensions ['colcon_meta']
[0.684s] Level 1:colcon.colcon_core.package_identification:_identify(src/ui/Clients_UI/daksha_ui) by extension 'colcon_meta'
[0.684s] Level 1:colcon.colcon_core.package_identification:_identify(src/ui/Clients_UI/daksha_ui) by extensions ['ros']
[0.684s] Level 1:colcon.colcon_core.package_identification:_identify(src/ui/Clients_UI/daksha_ui) by extension 'ros'
[0.686s] DEBUG:colcon.colcon_core.package_identification:Package 'src/ui/Clients_UI/daksha_ui' with type 'ros.ament_cmake' and name 'daksha_ui'
[0.686s] Level 1:colcon.colcon_core.package_identification:_identify(src/ui/Clients_UI/validation) by extensions ['ignore', 'ignore_ament_install']
[0.686s] Level 1:colcon.colcon_core.package_identification:_identify(src/ui/Clients_UI/validation) by extension 'ignore'
[0.686s] Level 1:colcon.colcon_core.package_identification:_identify(src/ui/Clients_UI/validation) by extension 'ignore_ament_install'
[0.687s] Level 1:colcon.colcon_core.package_identification:_identify(src/ui/Clients_UI/validation) by extensions ['colcon_pkg']
[0.687s] Level 1:colcon.colcon_core.package_identification:_identify(src/ui/Clients_UI/validation) by extension 'colcon_pkg'
[0.687s] Level 1:colcon.colcon_core.package_identification:_identify(src/ui/Clients_UI/validation) by extensions ['colcon_meta']
[0.687s] Level 1:colcon.colcon_core.package_identification:_identify(src/ui/Clients_UI/validation) by extension 'colcon_meta'
[0.687s] Level 1:colcon.colcon_core.package_identification:_identify(src/ui/Clients_UI/validation) by extensions ['ros']
[0.687s] Level 1:colcon.colcon_core.package_identification:_identify(src/ui/Clients_UI/validation) by extension 'ros'
[0.687s] Level 1:colcon.colcon_core.package_identification:_identify(src/ui/Clients_UI/validation) by extensions ['cmake', 'python']
[0.687s] Level 1:colcon.colcon_core.package_identification:_identify(src/ui/Clients_UI/validation) by extension 'cmake'
[0.687s] Level 1:colcon.colcon_core.package_identification:_identify(src/ui/Clients_UI/validation) by extension 'python'
[0.687s] Level 1:colcon.colcon_core.package_identification:_identify(src/ui/Clients_UI/validation) by extensions ['python_setup_py']
[0.687s] Level 1:colcon.colcon_core.package_identification:_identify(src/ui/Clients_UI/validation) by extension 'python_setup_py'
[0.688s] Level 1:colcon.colcon_core.package_identification:_identify(src/ui/analyzer) by extensions ['ignore', 'ignore_ament_install']
[0.688s] Level 1:colcon.colcon_core.package_identification:_identify(src/ui/analyzer) by extension 'ignore'
[0.688s] Level 1:colcon.colcon_core.package_identification:_identify(src/ui/analyzer) by extension 'ignore_ament_install'
[0.688s] Level 1:colcon.colcon_core.package_identification:_identify(src/ui/analyzer) by extensions ['colcon_pkg']
[0.688s] Level 1:colcon.colcon_core.package_identification:_identify(src/ui/analyzer) by extension 'colcon_pkg'
[0.688s] Level 1:colcon.colcon_core.package_identification:_identify(src/ui/analyzer) by extensions ['colcon_meta']
[0.688s] Level 1:colcon.colcon_core.package_identification:_identify(src/ui/analyzer) by extension 'colcon_meta'
[0.688s] Level 1:colcon.colcon_core.package_identification:_identify(src/ui/analyzer) by extensions ['ros']
[0.688s] Level 1:colcon.colcon_core.package_identification:_identify(src/ui/analyzer) by extension 'ros'
[0.690s] DEBUG:colcon.colcon_core.package_identification:Package 'src/ui/analyzer' with type 'ros.ament_python' and name 'joint_analyzer'
[0.690s] Level 1:colcon.colcon_core.package_identification:_identify(src/world_camera_launch) by extensions ['ignore', 'ignore_ament_install']
[0.690s] Level 1:colcon.colcon_core.package_identification:_identify(src/world_camera_launch) by extension 'ignore'
[0.690s] Level 1:colcon.colcon_core.package_identification:_identify(src/world_camera_launch) by extension 'ignore_ament_install'
[0.690s] Level 1:colcon.colcon_core.package_identification:_identify(src/world_camera_launch) by extensions ['colcon_pkg']
[0.690s] Level 1:colcon.colcon_core.package_identification:_identify(src/world_camera_launch) by extension 'colcon_pkg'
[0.690s] Level 1:colcon.colcon_core.package_identification:_identify(src/world_camera_launch) by extensions ['colcon_meta']
[0.691s] Level 1:colcon.colcon_core.package_identification:_identify(src/world_camera_launch) by extension 'colcon_meta'
[0.691s] Level 1:colcon.colcon_core.package_identification:_identify(src/world_camera_launch) by extensions ['ros']
[0.691s] Level 1:colcon.colcon_core.package_identification:_identify(src/world_camera_launch) by extension 'ros'
[0.692s] DEBUG:colcon.colcon_core.package_identification:Package 'src/world_camera_launch' with type 'ros.ament_python' and name 'world_camera_launch'
[0.692s] Level 1:colcon.colcon_core.package_discovery:discover_packages(recursive) using defaults
[0.692s] Level 1:colcon.colcon_core.package_discovery:discover_packages(ignore) discover
[0.692s] Level 1:colcon.colcon_core.package_discovery:discover_packages(ignore) using defaults
[0.692s] Level 1:colcon.colcon_core.package_discovery:discover_packages(path) discover
[0.692s] Level 1:colcon.colcon_core.package_discovery:discover_packages(path) using defaults
[0.735s] INFO:colcon.colcon_core.package_selection:Skipping not selected package 'automation' in 'src/automation'
[0.735s] INFO:colcon.colcon_core.package_selection:Skipping not selected package 'daksha_api_bridge_follower' in 'src/global/daksha_api_bridge_follower'
[0.735s] INFO:colcon.colcon_core.package_selection:Skipping not selected package 'daksha_api_bridge_leader' in 'src/global/daksha_api_bridge_leader'
[0.735s] INFO:colcon.colcon_core.package_selection:Skipping not selected package 'daksha_description_full_body' in 'src/daksha_description_full_body'
[0.735s] INFO:colcon.colcon_core.package_selection:Skipping not selected package 'daksha_final_urdf_description' in 'src/ui/Clients_UI/daksha_final_urdf_description'
[0.735s] INFO:colcon.colcon_core.package_selection:Skipping not selected package 'daksha_msgs' in 'src/ui/Clients_UI/daksha_msgs'
[0.735s] INFO:colcon.colcon_core.package_selection:Skipping not selected package 'daksha_ui' in 'src/ui/Clients_UI/daksha_ui'
[0.735s] INFO:colcon.colcon_core.package_selection:Skipping not selected package 'dynamics' in 'src/controllers/dynamics'
[0.736s] INFO:colcon.colcon_core.package_selection:Skipping not selected package 'gen2_leader' in 'src/tele/gen2_leader'
[0.736s] INFO:colcon.colcon_core.package_selection:Skipping not selected package 'gesture_management' in 'src/gesture_management'
[0.736s] INFO:colcon.colcon_core.package_selection:Skipping not selected package 'hw_interface' in 'src/controllers/hw_interface'
[0.736s] INFO:colcon.colcon_core.package_selection:Skipping not selected package 'joint_analyzer' in 'src/ui/analyzer'
[0.736s] INFO:colcon.colcon_core.package_selection:Skipping not selected package 'joint_cmd_logger' in 'src/joint_cmd_logger'
[0.736s] INFO:colcon.colcon_core.package_selection:Skipping not selected package 'kinematics' in 'src/controllers/kinematics'
[0.736s] INFO:colcon.colcon_core.package_selection:Skipping not selected package 'posveleff_controllers' in 'src/controllers/posveleff_controllers'
[0.736s] INFO:colcon.colcon_core.package_selection:Skipping not selected package 'ros_tcp_endpoint' in 'src/tele/ROS-TCP-Endpoint'
[0.736s] INFO:colcon.colcon_core.package_selection:Skipping not selected package 'vajara' in 'src/diagnosis/vajara'
[0.736s] INFO:colcon.colcon_core.package_selection:Skipping not selected package 'web_nav_site' in 'src/navigation/web_nav_site'
[0.736s] INFO:colcon.colcon_core.package_selection:Skipping not selected package 'world_camera_launch' in 'src/world_camera_launch'
[0.736s] INFO:colcon.colcon_core.package_selection:Skipping not selected package 'collision_management' in 'src/controllers/collision_management'
[0.736s] INFO:colcon.colcon_core.package_selection:Skipping not selected package 'daksha_data_collection' in 'src/ui/Clients_UI/daksha_data_collection'
[0.736s] INFO:colcon.colcon_core.package_selection:Skipping not selected package 'vr_teleop' in 'src/tele/vr_teleop'
[0.736s] INFO:colcon.colcon_core.package_selection:Skipping not selected package 'gen2' in 'src/gen2'
[0.736s] INFO:colcon.colcon_core.package_selection:Skipping not selected package 'moveit_collision_management' in 'src/controllers/moveit_collision_management'
[0.737s] Level 1:colcon.colcon_core.package_discovery:discover_packages(prefix_path) check parameters
[0.737s] Level 1:colcon.colcon_core.package_discovery:discover_packages(prefix_path) discover
[0.741s] DEBUG:colcon.colcon_installed_package_information.package_discovery:Found 30 installed packages in /home/phy_ai/.barani/gen2_full/install
[0.744s] DEBUG:colcon.colcon_installed_package_information.package_discovery:Found 409 installed packages in /opt/ros/humble
[0.747s] Level 1:colcon.colcon_core.package_discovery:discover_packages(prefix_path) using defaults
[0.840s] Level 5:colcon.colcon_core.verb:set package 'motortest' build argument 'cmake_args' from command line to 'None'
[0.840s] Level 5:colcon.colcon_core.verb:set package 'motortest' build argument 'cmake_target' from command line to 'None'
[0.840s] Level 5:colcon.colcon_core.verb:set package 'motortest' build argument 'cmake_target_skip_unavailable' from command line to 'False'
[0.840s] Level 5:colcon.colcon_core.verb:set package 'motortest' build argument 'cmake_clean_cache' from command line to 'False'
[0.840s] Level 5:colcon.colcon_core.verb:set package 'motortest' build argument 'cmake_clean_first' from command line to 'False'
[0.840s] Level 5:colcon.colcon_core.verb:set package 'motortest' build argument 'cmake_force_configure' from command line to 'False'
[0.840s] Level 5:colcon.colcon_core.verb:set package 'motortest' build argument 'ament_cmake_args' from command line to 'None'
[0.840s] Level 5:colcon.colcon_core.verb:set package 'motortest' build argument 'catkin_cmake_args' from command line to 'None'
[0.840s] Level 5:colcon.colcon_core.verb:set package 'motortest' build argument 'catkin_skip_building_tests' from command line to 'False'
[0.840s] DEBUG:colcon.colcon_core.verb:Building package 'motortest' with the following arguments: {'ament_cmake_args': None, 'build_base': '/home/phy_ai/.ihub/daksha/build/motortest', 'catkin_cmake_args': None, 'catkin_skip_building_tests': False, 'cmake_args': None, 'cmake_clean_cache': False, 'cmake_clean_first': False, 'cmake_force_configure': False, 'cmake_target': None, 'cmake_target_skip_unavailable': False, 'install_base': '/home/phy_ai/.ihub/daksha/install/motortest', 'merge_install': False, 'path': '/home/phy_ai/.ihub/daksha/src/motortest', 'symlink_install': True, 'test_result_base': None}
[0.841s] INFO:colcon.colcon_core.executor:Executing jobs using 'parallel' executor
[0.842s] DEBUG:colcon.colcon_parallel_executor.executor.parallel:run_until_complete
[0.843s] INFO:colcon.colcon_ros.task.ament_python.build:Building ROS package in '/home/phy_ai/.ihub/daksha/src/motortest' with build type 'ament_python'
[0.843s] Level 1:colcon.colcon_core.shell:create_environment_hook('motortest', 'ament_prefix_path')
[0.847s] INFO:colcon.colcon_core.plugin_system:Skipping extension 'colcon_core.shell.bat': Not used on non-Windows systems
[0.847s] INFO:colcon.colcon_core.shell:Creating environment hook '/home/phy_ai/.ihub/daksha/install/motortest/share/motortest/hook/ament_prefix_path.ps1'
[0.849s] INFO:colcon.colcon_core.shell:Creating environment descriptor '/home/phy_ai/.ihub/daksha/install/motortest/share/motortest/hook/ament_prefix_path.dsv'
[0.849s] INFO:colcon.colcon_core.shell:Creating environment hook '/home/phy_ai/.ihub/daksha/install/motortest/share/motortest/hook/ament_prefix_path.sh'
[0.851s] INFO:colcon.colcon_core.shell:Skip shell extension 'powershell' for command environment: Not usable outside of PowerShell
[0.851s] DEBUG:colcon.colcon_core.shell:Skip shell extension 'dsv' for command environment
[1.362s] INFO:colcon.colcon_core.task.python.build:Building Python package in '/home/phy_ai/.ihub/daksha/src/motortest'
[1.363s] INFO:colcon.colcon_core.shell:Skip shell extension 'powershell' for command environment: Not usable outside of PowerShell
[1.363s] DEBUG:colcon.colcon_core.shell:Skip shell extension 'dsv' for command environment
[2.048s] DEBUG:colcon.colcon_core.task.python.build:Available setuptools commands: easy_install, install_scripts, build_clib, dist_info, rotate, saveopts, upload, install_lib, install_data, clean, bdist_dumb, upload_docs, develop, build_scripts, register, egg_info, bdist_wheel, bdist_rpm, install_egg_info, extract_messages, build, build_ext, test, sdist, setopt, symlink_data, bdist, update_catalog, alias, build_py, install, install_headers, init_catalog, check, compile_catalog, bdist_egg
[2.566s] DEBUG:colcon.colcon_core.task.python.build:Available setuptools 'develop' options: --upgrade, --record, --no-deps, --help, --verbose, --uninstall, --multi-version, --editable, --build-directory, --version, --user, --always-copy, --script-dir, --index-url, --install-layout, --find-links, --site-dirs, --force-installation-into-system-dir, --quiet, --optimize, --allow-hosts, --local-snapshots-ok, --no-find-links, --no-user-cfg, --exclude-scripts, --zip-ok, --install-dir, --always-unzip, --prefix, --egg-path, --dry-run
[2.570s] DEBUG:colcon.colcon_core.event_handler.log_command:Invoking command in '/home/phy_ai/.ihub/daksha/build/motortest': PYTHONPATH=/home/phy_ai/.ihub/daksha/build/motortest/prefix_override:/usr/lib/python3/dist-packages/colcon_core/task/python/colcon_distutils_commands:/home/phy_ai/.ihub/daksha/install/motortest/lib/python3.10/site-packages:${PYTHONPATH} /usr/bin/python3 -W ignore:setup.py install is deprecated -W ignore:easy_install command is deprecated setup.py develop --editable --build-directory /home/phy_ai/.ihub/daksha/build/motortest/build --no-deps symlink_data
[3.391s] Level 1:colcon.colcon_core.shell:create_environment_hook('motortest', 'pythonpath_develop')
[3.392s] INFO:colcon.colcon_core.shell:Creating environment hook '/home/phy_ai/.ihub/daksha/build/motortest/share/motortest/hook/pythonpath_develop.ps1'
[3.392s] DEBUG:colcon.colcon_core.event_handler.log_command:Invoked command in '/home/phy_ai/.ihub/daksha/build/motortest' returned '0': PYTHONPATH=/home/phy_ai/.ihub/daksha/build/motortest/prefix_override:/usr/lib/python3/dist-packages/colcon_core/task/python/colcon_distutils_commands:/home/phy_ai/.ihub/daksha/install/motortest/lib/python3.10/site-packages:${PYTHONPATH} /usr/bin/python3 -W ignore:setup.py install is deprecated -W ignore:easy_install command is deprecated setup.py develop --editable --build-directory /home/phy_ai/.ihub/daksha/build/motortest/build --no-deps symlink_data
[3.394s] INFO:colcon.colcon_core.shell:Creating environment descriptor '/home/phy_ai/.ihub/daksha/build/motortest/share/motortest/hook/pythonpath_develop.dsv'
[3.395s] INFO:colcon.colcon_core.shell:Creating environment hook '/home/phy_ai/.ihub/daksha/build/motortest/share/motortest/hook/pythonpath_develop.sh'
[3.403s] Level 1:colcon.colcon_core.environment:checking '/home/phy_ai/.ihub/daksha/install/motortest' for CMake module files
[3.403s] Level 1:colcon.colcon_core.environment:checking '/home/phy_ai/.ihub/daksha/install/motortest' for CMake config files
[3.404s] Level 1:colcon.colcon_core.environment:checking '/home/phy_ai/.ihub/daksha/install/motortest/lib'
[3.404s] Level 1:colcon.colcon_core.environment:checking '/home/phy_ai/.ihub/daksha/install/motortest/bin'
[3.405s] Level 1:colcon.colcon_core.environment:checking '/home/phy_ai/.ihub/daksha/install/motortest/lib/pkgconfig/motortest.pc'
[3.405s] Level 1:colcon.colcon_core.environment:checking '/home/phy_ai/.ihub/daksha/install/motortest/lib/python3.10/site-packages'
[3.405s] Level 1:colcon.colcon_core.shell:create_environment_hook('motortest', 'pythonpath')
[3.405s] INFO:colcon.colcon_core.shell:Creating environment hook '/home/phy_ai/.ihub/daksha/install/motortest/share/motortest/hook/pythonpath.ps1'
[3.406s] INFO:colcon.colcon_core.shell:Creating environment descriptor '/home/phy_ai/.ihub/daksha/install/motortest/share/motortest/hook/pythonpath.dsv'
[3.406s] INFO:colcon.colcon_core.shell:Creating environment hook '/home/phy_ai/.ihub/daksha/install/motortest/share/motortest/hook/pythonpath.sh'
[3.408s] Level 1:colcon.colcon_core.environment:checking '/home/phy_ai/.ihub/daksha/install/motortest/bin'
[3.408s] Level 1:colcon.colcon_core.environment:create_environment_scripts_only(motortest)
[3.408s] INFO:colcon.colcon_core.shell:Creating package script '/home/phy_ai/.ihub/daksha/install/motortest/share/motortest/package.ps1'
[3.410s] INFO:colcon.colcon_core.shell:Creating package descriptor '/home/phy_ai/.ihub/daksha/install/motortest/share/motortest/package.dsv'
[3.410s] INFO:colcon.colcon_core.shell:Creating package script '/home/phy_ai/.ihub/daksha/install/motortest/share/motortest/package.sh'
[3.411s] INFO:colcon.colcon_core.shell:Creating package script '/home/phy_ai/.ihub/daksha/install/motortest/share/motortest/package.bash'
[3.413s] INFO:colcon.colcon_core.shell:Creating package script '/home/phy_ai/.ihub/daksha/install/motortest/share/motortest/package.zsh'
[3.414s] Level 1:colcon.colcon_core.environment:create_file_with_runtime_dependencies(/home/phy_ai/.ihub/daksha/install/motortest/share/colcon-core/packages/motortest)
[3.414s] DEBUG:colcon.colcon_parallel_executor.executor.parallel:closing loop
[3.414s] DEBUG:colcon.colcon_parallel_executor.executor.parallel:loop closed
[3.414s] DEBUG:colcon.colcon_parallel_executor.executor.parallel:run_until_complete finished with '0'
[3.415s] DEBUG:colcon.colcon_core.event_reactor:joining thread
[3.415s] DEBUG:colcon.colcon_core.event_reactor:joined thread
[3.415s] INFO:colcon.colcon_core.shell:Creating prefix script '/home/phy_ai/.ihub/daksha/install/local_setup.ps1'
[3.416s] INFO:colcon.colcon_core.shell:Creating prefix util module '/home/phy_ai/.ihub/daksha/install/_local_setup_util_ps1.py'
[3.419s] INFO:colcon.colcon_core.shell:Creating prefix chain script '/home/phy_ai/.ihub/daksha/install/setup.ps1'
[3.422s] INFO:colcon.colcon_core.shell:Creating prefix script '/home/phy_ai/.ihub/daksha/install/local_setup.sh'
[3.424s] INFO:colcon.colcon_core.shell:Creating prefix util module '/home/phy_ai/.ihub/daksha/install/_local_setup_util_sh.py'
[3.425s] INFO:colcon.colcon_core.shell:Creating prefix chain script '/home/phy_ai/.ihub/daksha/install/setup.sh'
[3.428s] INFO:colcon.colcon_core.shell:Creating prefix script '/home/phy_ai/.ihub/daksha/install/local_setup.bash'
[3.429s] INFO:colcon.colcon_core.shell:Creating prefix chain script '/home/phy_ai/.ihub/daksha/install/setup.bash'
[3.432s] INFO:colcon.colcon_core.shell:Creating prefix script '/home/phy_ai/.ihub/daksha/install/local_setup.zsh'
[3.433s] INFO:colcon.colcon_core.shell:Creating prefix chain script '/home/phy_ai/.ihub/daksha/install/setup.zsh'
