[1.479s] Invoking command in '/home/phy_ai/.ihub/daksha/src/diagnosis/vajara': PYTHONPATH=/home/phy_ai/.ihub/daksha/build/vajara/prefix_override:/usr/lib/python3/dist-packages/colcon_core/task/python/colcon_distutils_commands:/home/phy_ai/.ihub/daksha/install/vajara/lib/python3.10/site-packages:${PYTHONPATH} /usr/bin/python3 -W ignore:setup.py install is deprecated -W ignore:easy_install command is deprecated setup.py egg_info --egg-base ../../../build/vajara build --build-base /home/phy_ai/.ihub/daksha/build/vajara/build install --record /home/phy_ai/.ihub/daksha/build/vajara/install.log --install-scripts $base/lib/vajara --single-version-externally-managed install_data
[2.025s] running egg_info
[2.025s] creating ../../../build/vajara/vajara.egg-info
[2.026s] writing ../../../build/vajara/vajara.egg-info/PKG-INFO
[2.027s] writing dependency_links to ../../../build/vajara/vajara.egg-info/dependency_links.txt
[2.027s] writing entry points to ../../../build/vajara/vajara.egg-info/entry_points.txt
[2.027s] writing requirements to ../../../build/vajara/vajara.egg-info/requires.txt
[2.027s] writing top-level names to ../../../build/vajara/vajara.egg-info/top_level.txt
[2.027s] writing manifest file '../../../build/vajara/vajara.egg-info/SOURCES.txt'
[2.034s] reading manifest file '../../../build/vajara/vajara.egg-info/SOURCES.txt'
[2.035s] writing manifest file '../../../build/vajara/vajara.egg-info/SOURCES.txt'
[2.035s] running build
[2.035s] running build_py
[2.035s] creating /home/phy_ai/.ihub/daksha/build/vajara/build
[2.035s] creating /home/phy_ai/.ihub/daksha/build/vajara/build/lib
[2.035s] creating /home/phy_ai/.ihub/daksha/build/vajara/build/lib/vajara
[2.035s] copying vajara/__init__.py -> /home/phy_ai/.ihub/daksha/build/vajara/build/lib/vajara
[2.035s] copying vajara/power_monitor_node.py -> /home/phy_ai/.ihub/daksha/build/vajara/build/lib/vajara
[2.035s] copying vajara/index.html -> /home/phy_ai/.ihub/daksha/build/vajara/build/lib/vajara
[2.035s] running install
[2.037s] running install_lib
[2.037s] creating /home/phy_ai/.ihub/daksha/install/vajara/lib/python3.10/site-packages/vajara
[2.037s] copying /home/phy_ai/.ihub/daksha/build/vajara/build/lib/vajara/__init__.py -> /home/phy_ai/.ihub/daksha/install/vajara/lib/python3.10/site-packages/vajara
[2.037s] copying /home/phy_ai/.ihub/daksha/build/vajara/build/lib/vajara/power_monitor_node.py -> /home/phy_ai/.ihub/daksha/install/vajara/lib/python3.10/site-packages/vajara
[2.037s] copying /home/phy_ai/.ihub/daksha/build/vajara/build/lib/vajara/index.html -> /home/phy_ai/.ihub/daksha/install/vajara/lib/python3.10/site-packages/vajara
[2.038s] byte-compiling /home/phy_ai/.ihub/daksha/install/vajara/lib/python3.10/site-packages/vajara/__init__.py to __init__.cpython-310.pyc
[2.038s] byte-compiling /home/phy_ai/.ihub/daksha/install/vajara/lib/python3.10/site-packages/vajara/power_monitor_node.py to power_monitor_node.cpython-310.pyc
[2.041s] running install_data
[2.042s] creating /home/phy_ai/.ihub/daksha/install/vajara/share/ament_index
[2.042s] creating /home/phy_ai/.ihub/daksha/install/vajara/share/ament_index/resource_index
[2.042s] creating /home/phy_ai/.ihub/daksha/install/vajara/share/ament_index/resource_index/packages
[2.042s] copying resource/vajara -> /home/phy_ai/.ihub/daksha/install/vajara/share/ament_index/resource_index/packages
[2.042s] copying package.xml -> /home/phy_ai/.ihub/daksha/install/vajara/share/vajara
[2.042s] creating /home/phy_ai/.ihub/daksha/install/vajara/share/vajara/launch
[2.042s] copying launch/vajara.launch.py -> /home/phy_ai/.ihub/daksha/install/vajara/share/vajara/launch
[2.042s] creating /home/phy_ai/.ihub/daksha/install/vajara/share/vajara/firmware
[2.042s] copying firmware/ina226.py -> /home/phy_ai/.ihub/daksha/install/vajara/share/vajara/firmware
[2.043s] copying firmware/config.py -> /home/phy_ai/.ihub/daksha/install/vajara/share/vajara/firmware
[2.043s] copying firmware/main.py -> /home/phy_ai/.ihub/daksha/install/vajara/share/vajara/firmware
[2.043s] running install_egg_info
[2.047s] Copying ../../../build/vajara/vajara.egg-info to /home/phy_ai/.ihub/daksha/install/vajara/lib/python3.10/site-packages/vajara-0.0.0-py3.10.egg-info
[2.048s] running install_scripts
[2.086s] Installing power_monitor_node script to /home/phy_ai/.ihub/daksha/install/vajara/lib/vajara
[2.087s] writing list of installed files to '/home/phy_ai/.ihub/daksha/build/vajara/install.log'
[3.347s] Invoked command in '/home/phy_ai/.ihub/daksha/src/diagnosis/vajara' returned '0': PYTHONPATH=/home/phy_ai/.ihub/daksha/build/vajara/prefix_override:/usr/lib/python3/dist-packages/colcon_core/task/python/colcon_distutils_commands:/home/phy_ai/.ihub/daksha/install/vajara/lib/python3.10/site-packages:${PYTHONPATH} /usr/bin/python3 -W ignore:setup.py install is deprecated -W ignore:easy_install command is deprecated setup.py egg_info --egg-base ../../../build/vajara build --build-base /home/phy_ai/.ihub/daksha/build/vajara/build install --record /home/phy_ai/.ihub/daksha/build/vajara/install.log --install-scripts $base/lib/vajara --single-version-externally-managed install_data
