[35m[1mConsolidate compiler generated dependencies of target viveka_camera_ui[0m
[100%] Built target viveka_camera_ui
-- Install configuration: ""
-- Up-to-date: /home/phy_ai/.ihub/daksha/install/daksha_ui/lib/daksha_ui/dashboard_app.py
-- Up-to-date: /home/phy_ai/.ihub/daksha/install/daksha_ui/lib/daksha_ui/subui_app.py
-- Up-to-date: /home/phy_ai/.ihub/daksha/install/daksha_ui/lib/daksha_ui/viveka_camera_ui.py
-- Up-to-date: /home/phy_ai/.ihub/daksha/install/daksha_ui/lib/daksha_ui/templates
-- Up-to-date: /home/phy_ai/.ihub/daksha/install/daksha_ui/lib/daksha_ui/templates/index.html
-- Up-to-date: /home/phy_ai/.ihub/daksha/install/daksha_ui/lib/daksha_ui/static
-- Up-to-date: /home/phy_ai/.ihub/daksha/install/daksha_ui/lib/daksha_ui/static/css
-- Up-to-date: /home/phy_ai/.ihub/daksha/install/daksha_ui/lib/daksha_ui/static/css/style.css
-- Up-to-date: /home/phy_ai/.ihub/daksha/install/daksha_ui/lib/daksha_ui/static/images
-- Up-to-date: /home/phy_ai/.ihub/daksha/install/daksha_ui/lib/daksha_ui/static/images/ihub_logo_vercel_monochrome.png
-- Up-to-date: /home/phy_ai/.ihub/daksha/install/daksha_ui/lib/daksha_ui/static/images/ihub_logo_transparent.png
-- Up-to-date: /home/phy_ai/.ihub/daksha/install/daksha_ui/lib/daksha_ui/static/images/ihub_logo_dark_mode.png
-- Up-to-date: /home/phy_ai/.ihub/daksha/install/daksha_ui/lib/daksha_ui/static/images/ihub_logo.png
-- Up-to-date: /home/phy_ai/.ihub/daksha/install/daksha_ui/lib/daksha_ui/static/js
-- Up-to-date: /home/phy_ai/.ihub/daksha/install/daksha_ui/lib/daksha_ui/static/js/main.js
-- Up-to-date: /home/phy_ai/.ihub/daksha/install/daksha_ui/lib/daksha_ui/static/js/urdf_viewer.js
-- Up-to-date: /home/phy_ai/.ihub/daksha/install/daksha_ui/lib/daksha_ui/logs
-- Up-to-date: /home/phy_ai/.ihub/daksha/install/daksha_ui/lib/daksha_ui/logs/import_to_mongo.py
-- Up-to-date: /home/phy_ai/.ihub/daksha/install/daksha_ui/lib/daksha_ui/logs/logs.py
-- Up-to-date: /home/phy_ai/.ihub/daksha/install/daksha_ui/lib/daksha_ui/subui_templates
-- Up-to-date: /home/phy_ai/.ihub/daksha/install/daksha_ui/lib/daksha_ui/subui_templates/index.html
-- Up-to-date: /home/phy_ai/.ihub/daksha/install/daksha_ui/lib/daksha_ui/subui_static
-- Up-to-date: /home/phy_ai/.ihub/daksha/install/daksha_ui/lib/daksha_ui/subui_static/style.css
-- Up-to-date: /home/phy_ai/.ihub/daksha/install/daksha_ui/lib/daksha_ui/subui_static/script.js
-- Up-to-date: /home/phy_ai/.ihub/daksha/install/daksha_ui/share/daksha_ui/launch
-- Up-to-date: /home/phy_ai/.ihub/daksha/install/daksha_ui/share/daksha_ui/launch/client_ui.launch.py
-- Up-to-date: /home/phy_ai/.ihub/daksha/install/daksha_ui/share/daksha_ui/config
-- Up-to-date: /home/phy_ai/.ihub/daksha/install/daksha_ui/share/daksha_ui/config/camera_layout.json
-- Up-to-date: /home/phy_ai/.ihub/daksha/install/daksha_ui/share/ament_index/resource_index/package_run_dependencies/daksha_ui
-- Up-to-date: /home/phy_ai/.ihub/daksha/install/daksha_ui/share/ament_index/resource_index/parent_prefix_path/daksha_ui
-- Up-to-date: /home/phy_ai/.ihub/daksha/install/daksha_ui/share/daksha_ui/environment/ament_prefix_path.sh
-- Up-to-date: /home/phy_ai/.ihub/daksha/install/daksha_ui/share/daksha_ui/environment/ament_prefix_path.dsv
-- Up-to-date: /home/phy_ai/.ihub/daksha/install/daksha_ui/share/daksha_ui/environment/path.sh
-- Up-to-date: /home/phy_ai/.ihub/daksha/install/daksha_ui/share/daksha_ui/environment/path.dsv
-- Up-to-date: /home/phy_ai/.ihub/daksha/install/daksha_ui/share/daksha_ui/local_setup.bash
-- Up-to-date: /home/phy_ai/.ihub/daksha/install/daksha_ui/share/daksha_ui/local_setup.sh
-- Up-to-date: /home/phy_ai/.ihub/daksha/install/daksha_ui/share/daksha_ui/local_setup.zsh
-- Up-to-date: /home/phy_ai/.ihub/daksha/install/daksha_ui/share/daksha_ui/local_setup.dsv
-- Installing: /home/phy_ai/.ihub/daksha/install/daksha_ui/share/daksha_ui/package.dsv
-- Up-to-date: /home/phy_ai/.ihub/daksha/install/daksha_ui/share/ament_index/resource_index/packages/daksha_ui
-- Up-to-date: /home/phy_ai/.ihub/daksha/install/daksha_ui/share/daksha_ui/cmake/daksha_uiConfig.cmake
-- Up-to-date: /home/phy_ai/.ihub/daksha/install/daksha_ui/share/daksha_ui/cmake/daksha_uiConfig-version.cmake
-- Up-to-date: /home/phy_ai/.ihub/daksha/install/daksha_ui/share/daksha_ui/package.xml
-- Up-to-date: /home/phy_ai/.ihub/daksha/install/daksha_ui/lib/daksha_ui/viveka_camera_ui
