[3.107s] Invoking command in '/home/phy_ai/.ihub/daksha/build/daksha_ui': CMAKE_PREFIX_PATH=${CMAKE_PREFIX_PATH}:/home/phy_ai/.barani/gen2_full/install/world_camera_launch:/home/phy_ai/.barani/gen2_full/install/gen2:/home/phy_ai/.barani/gen2_full/install/vr_teleop:/home/phy_ai/.barani/gen2_full/install/ros_tcp_endpoint:/home/phy_ai/.barani/gen2_full/install/nav_bringup:/home/phy_ai/.barani/gen2_full/install/nav2_config:/home/phy_ai/.barani/gen2_full/install/kinematics:/home/phy_ai/.barani/gen2_full/install/joint_cmd_logger:/home/phy_ai/.barani/gen2_full/install/joint_analyzer:/home/phy_ai/.barani/gen2_full/install/daksha_data_collection:/home/phy_ai/.barani/gen2_full/install/gen2_leader:/home/phy_ai/.barani/gen2_full/install/amr_bringup:/home/phy_ai/.barani/gen2_full/install/daksha_final_urdf_description:/home/phy_ai/.barani/gen2_full/install/daksha_description_full_body:/home/phy_ai/.barani/gen2_full/install/daksha_base_urdf:/home/phy_ai/.barani/gen2_full/install/daksha_api_bridge_leader:/home/phy_ai/.barani/gen2_full/install/daksha_api_bridge_follower:/opt/ros/humble /usr/bin/cmake --build /home/phy_ai/.ihub/daksha/build/daksha_ui -- -j16 -l16
[5.753s] [35m[1mConsolidate compiler generated dependencies of target viveka_camera_ui[0m
[5.753s] [100%] Built target viveka_camera_ui
[5.783s] Invoked command in '/home/phy_ai/.ihub/daksha/build/daksha_ui' returned '0': CMAKE_PREFIX_PATH=${CMAKE_PREFIX_PATH}:/home/phy_ai/.barani/gen2_full/install/world_camera_launch:/home/phy_ai/.barani/gen2_full/install/gen2:/home/phy_ai/.barani/gen2_full/install/vr_teleop:/home/phy_ai/.barani/gen2_full/install/ros_tcp_endpoint:/home/phy_ai/.barani/gen2_full/install/nav_bringup:/home/phy_ai/.barani/gen2_full/install/nav2_config:/home/phy_ai/.barani/gen2_full/install/kinematics:/home/phy_ai/.barani/gen2_full/install/joint_cmd_logger:/home/phy_ai/.barani/gen2_full/install/joint_analyzer:/home/phy_ai/.barani/gen2_full/install/daksha_data_collection:/home/phy_ai/.barani/gen2_full/install/gen2_leader:/home/phy_ai/.barani/gen2_full/install/amr_bringup:/home/phy_ai/.barani/gen2_full/install/daksha_final_urdf_description:/home/phy_ai/.barani/gen2_full/install/daksha_description_full_body:/home/phy_ai/.barani/gen2_full/install/daksha_base_urdf:/home/phy_ai/.barani/gen2_full/install/daksha_api_bridge_leader:/home/phy_ai/.barani/gen2_full/install/daksha_api_bridge_follower:/opt/ros/humble /usr/bin/cmake --build /home/phy_ai/.ihub/daksha/build/daksha_ui -- -j16 -l16
[5.788s] Invoking command in '/home/phy_ai/.ihub/daksha/build/daksha_ui': CMAKE_PREFIX_PATH=${CMAKE_PREFIX_PATH}:/home/phy_ai/.barani/gen2_full/install/world_camera_launch:/home/phy_ai/.barani/gen2_full/install/gen2:/home/phy_ai/.barani/gen2_full/install/vr_teleop:/home/phy_ai/.barani/gen2_full/install/ros_tcp_endpoint:/home/phy_ai/.barani/gen2_full/install/nav_bringup:/home/phy_ai/.barani/gen2_full/install/nav2_config:/home/phy_ai/.barani/gen2_full/install/kinematics:/home/phy_ai/.barani/gen2_full/install/joint_cmd_logger:/home/phy_ai/.barani/gen2_full/install/joint_analyzer:/home/phy_ai/.barani/gen2_full/install/daksha_data_collection:/home/phy_ai/.barani/gen2_full/install/gen2_leader:/home/phy_ai/.barani/gen2_full/install/amr_bringup:/home/phy_ai/.barani/gen2_full/install/daksha_final_urdf_description:/home/phy_ai/.barani/gen2_full/install/daksha_description_full_body:/home/phy_ai/.barani/gen2_full/install/daksha_base_urdf:/home/phy_ai/.barani/gen2_full/install/daksha_api_bridge_leader:/home/phy_ai/.barani/gen2_full/install/daksha_api_bridge_follower:/opt/ros/humble /usr/bin/cmake --install /home/phy_ai/.ihub/daksha/build/daksha_ui
[5.962s] -- Install configuration: ""
[5.962s] -- Up-to-date: /home/phy_ai/.ihub/daksha/install/daksha_ui/lib/daksha_ui/dashboard_app.py
[5.963s] -- Up-to-date: /home/phy_ai/.ihub/daksha/install/daksha_ui/lib/daksha_ui/subui_app.py
[5.963s] -- Up-to-date: /home/phy_ai/.ihub/daksha/install/daksha_ui/lib/daksha_ui/viveka_camera_ui.py
[5.963s] -- Up-to-date: /home/phy_ai/.ihub/daksha/install/daksha_ui/lib/daksha_ui/templates
[5.963s] -- Up-to-date: /home/phy_ai/.ihub/daksha/install/daksha_ui/lib/daksha_ui/templates/index.html
[5.963s] -- Up-to-date: /home/phy_ai/.ihub/daksha/install/daksha_ui/lib/daksha_ui/static
[5.963s] -- Up-to-date: /home/phy_ai/.ihub/daksha/install/daksha_ui/lib/daksha_ui/static/css
[5.963s] -- Up-to-date: /home/phy_ai/.ihub/daksha/install/daksha_ui/lib/daksha_ui/static/css/style.css
[5.963s] -- Up-to-date: /home/phy_ai/.ihub/daksha/install/daksha_ui/lib/daksha_ui/static/images
[5.964s] -- Up-to-date: /home/phy_ai/.ihub/daksha/install/daksha_ui/lib/daksha_ui/static/images/ihub_logo_vercel_monochrome.png
[5.964s] -- Up-to-date: /home/phy_ai/.ihub/daksha/install/daksha_ui/lib/daksha_ui/static/images/ihub_logo_transparent.png
[5.964s] -- Up-to-date: /home/phy_ai/.ihub/daksha/install/daksha_ui/lib/daksha_ui/static/images/ihub_logo_dark_mode.png
[5.964s] -- Up-to-date: /home/phy_ai/.ihub/daksha/install/daksha_ui/lib/daksha_ui/static/images/ihub_logo.png
[5.964s] -- Up-to-date: /home/phy_ai/.ihub/daksha/install/daksha_ui/lib/daksha_ui/static/js
[5.964s] -- Up-to-date: /home/phy_ai/.ihub/daksha/install/daksha_ui/lib/daksha_ui/static/js/main.js
[5.964s] -- Up-to-date: /home/phy_ai/.ihub/daksha/install/daksha_ui/lib/daksha_ui/static/js/urdf_viewer.js
[5.969s] -- Up-to-date: /home/phy_ai/.ihub/daksha/install/daksha_ui/lib/daksha_ui/logs
[5.970s] -- Up-to-date: /home/phy_ai/.ihub/daksha/install/daksha_ui/lib/daksha_ui/logs/import_to_mongo.py
[5.970s] -- Up-to-date: /home/phy_ai/.ihub/daksha/install/daksha_ui/lib/daksha_ui/logs/logs.py
[5.970s] -- Up-to-date: /home/phy_ai/.ihub/daksha/install/daksha_ui/lib/daksha_ui/subui_templates
[5.970s] -- Up-to-date: /home/phy_ai/.ihub/daksha/install/daksha_ui/lib/daksha_ui/subui_templates/index.html
[5.970s] -- Up-to-date: /home/phy_ai/.ihub/daksha/install/daksha_ui/lib/daksha_ui/subui_static
[5.970s] -- Up-to-date: /home/phy_ai/.ihub/daksha/install/daksha_ui/lib/daksha_ui/subui_static/style.css
[5.970s] -- Up-to-date: /home/phy_ai/.ihub/daksha/install/daksha_ui/lib/daksha_ui/subui_static/script.js
[5.970s] -- Up-to-date: /home/phy_ai/.ihub/daksha/install/daksha_ui/share/daksha_ui/launch
[5.972s] -- Up-to-date: /home/phy_ai/.ihub/daksha/install/daksha_ui/share/daksha_ui/launch/client_ui.launch.py
[5.972s] -- Up-to-date: /home/phy_ai/.ihub/daksha/install/daksha_ui/share/daksha_ui/config
[5.973s] -- Up-to-date: /home/phy_ai/.ihub/daksha/install/daksha_ui/share/daksha_ui/config/camera_layout.json
[5.973s] -- Up-to-date: /home/phy_ai/.ihub/daksha/install/daksha_ui/share/ament_index/resource_index/package_run_dependencies/daksha_ui
[5.973s] -- Up-to-date: /home/phy_ai/.ihub/daksha/install/daksha_ui/share/ament_index/resource_index/parent_prefix_path/daksha_ui
[5.973s] -- Up-to-date: /home/phy_ai/.ihub/daksha/install/daksha_ui/share/daksha_ui/environment/ament_prefix_path.sh
[5.973s] -- Up-to-date: /home/phy_ai/.ihub/daksha/install/daksha_ui/share/daksha_ui/environment/ament_prefix_path.dsv
[5.973s] -- Up-to-date: /home/phy_ai/.ihub/daksha/install/daksha_ui/share/daksha_ui/environment/path.sh
[5.973s] -- Up-to-date: /home/phy_ai/.ihub/daksha/install/daksha_ui/share/daksha_ui/environment/path.dsv
[5.973s] -- Up-to-date: /home/phy_ai/.ihub/daksha/install/daksha_ui/share/daksha_ui/local_setup.bash
[5.974s] -- Up-to-date: /home/phy_ai/.ihub/daksha/install/daksha_ui/share/daksha_ui/local_setup.sh
[5.975s] -- Up-to-date: /home/phy_ai/.ihub/daksha/install/daksha_ui/share/daksha_ui/local_setup.zsh
[5.975s] -- Up-to-date: /home/phy_ai/.ihub/daksha/install/daksha_ui/share/daksha_ui/local_setup.dsv
[5.975s] -- Installing: /home/phy_ai/.ihub/daksha/install/daksha_ui/share/daksha_ui/package.dsv
[5.978s] -- Up-to-date: /home/phy_ai/.ihub/daksha/install/daksha_ui/share/ament_index/resource_index/packages/daksha_ui
[5.979s] -- Up-to-date: /home/phy_ai/.ihub/daksha/install/daksha_ui/share/daksha_ui/cmake/daksha_uiConfig.cmake
[5.979s] -- Up-to-date: /home/phy_ai/.ihub/daksha/install/daksha_ui/share/daksha_ui/cmake/daksha_uiConfig-version.cmake
[5.979s] -- Up-to-date: /home/phy_ai/.ihub/daksha/install/daksha_ui/share/daksha_ui/package.xml
[5.996s] -- Up-to-date: /home/phy_ai/.ihub/daksha/install/daksha_ui/lib/daksha_ui/viveka_camera_ui
[6.197s] Invoked command in '/home/phy_ai/.ihub/daksha/build/daksha_ui' returned '0': CMAKE_PREFIX_PATH=${CMAKE_PREFIX_PATH}:/home/phy_ai/.barani/gen2_full/install/world_camera_launch:/home/phy_ai/.barani/gen2_full/install/gen2:/home/phy_ai/.barani/gen2_full/install/vr_teleop:/home/phy_ai/.barani/gen2_full/install/ros_tcp_endpoint:/home/phy_ai/.barani/gen2_full/install/nav_bringup:/home/phy_ai/.barani/gen2_full/install/nav2_config:/home/phy_ai/.barani/gen2_full/install/kinematics:/home/phy_ai/.barani/gen2_full/install/joint_cmd_logger:/home/phy_ai/.barani/gen2_full/install/joint_analyzer:/home/phy_ai/.barani/gen2_full/install/daksha_data_collection:/home/phy_ai/.barani/gen2_full/install/gen2_leader:/home/phy_ai/.barani/gen2_full/install/amr_bringup:/home/phy_ai/.barani/gen2_full/install/daksha_final_urdf_description:/home/phy_ai/.barani/gen2_full/install/daksha_description_full_body:/home/phy_ai/.barani/gen2_full/install/daksha_base_urdf:/home/phy_ai/.barani/gen2_full/install/daksha_api_bridge_leader:/home/phy_ai/.barani/gen2_full/install/daksha_api_bridge_follower:/opt/ros/humble /usr/bin/cmake --install /home/phy_ai/.ihub/daksha/build/daksha_ui
