[9.037s] Invoking command in '/home/phy_ai/.ihub/daksha/src/global/daksha_api_bridge_leader': PYTHONPATH=/home/phy_ai/.ihub/daksha/build/daksha_api_bridge_leader/prefix_override:/usr/lib/python3/dist-packages/colcon_core/task/python/colcon_distutils_commands:/home/phy_ai/.ihub/daksha/install/daksha_api_bridge_leader/lib/python3.10/site-packages:${PYTHONPATH} /usr/bin/python3 -W ignore:setup.py install is deprecated -W ignore:easy_install command is deprecated setup.py egg_info --egg-base ../../../build/daksha_api_bridge_leader build --build-base /home/phy_ai/.ihub/daksha/build/daksha_api_bridge_leader/build install --record /home/phy_ai/.ihub/daksha/build/daksha_api_bridge_leader/install.log --install-scripts $base/lib/daksha_api_bridge_leader --single-version-externally-managed install_data
[9.818s] running egg_info
[9.824s] writing ../../../build/daksha_api_bridge_leader/daksha_api_bridge_leader.egg-info/PKG-INFO
[9.827s] writing dependency_links to ../../../build/daksha_api_bridge_leader/daksha_api_bridge_leader.egg-info/dependency_links.txt
[9.827s] writing entry points to ../../../build/daksha_api_bridge_leader/daksha_api_bridge_leader.egg-info/entry_points.txt
[9.828s] writing requirements to ../../../build/daksha_api_bridge_leader/daksha_api_bridge_leader.egg-info/requires.txt
[9.828s] writing top-level names to ../../../build/daksha_api_bridge_leader/daksha_api_bridge_leader.egg-info/top_level.txt
[9.828s] reading manifest file '../../../build/daksha_api_bridge_leader/daksha_api_bridge_leader.egg-info/SOURCES.txt'
[9.828s] writing manifest file '../../../build/daksha_api_bridge_leader/daksha_api_bridge_leader.egg-info/SOURCES.txt'
[9.828s] running build
[9.829s] running build_py
[9.829s] running install
[9.835s] running install_lib
[9.837s] running install_data
[9.837s] running install_egg_info
[9.838s] removing '/home/phy_ai/.ihub/daksha/install/daksha_api_bridge_leader/lib/python3.10/site-packages/daksha_api_bridge_leader-0.0.0-py3.10.egg-info' (and everything under it)
[9.838s] Copying ../../../build/daksha_api_bridge_leader/daksha_api_bridge_leader.egg-info to /home/phy_ai/.ihub/daksha/install/daksha_api_bridge_leader/lib/python3.10/site-packages/daksha_api_bridge_leader-0.0.0-py3.10.egg-info
[9.838s] running install_scripts
[9.893s] Installing camera_subscriber script to /home/phy_ai/.ihub/daksha/install/daksha_api_bridge_leader/lib/daksha_api_bridge_leader
[9.894s] Installing joint_cmd_api_publisher script to /home/phy_ai/.ihub/daksha/install/daksha_api_bridge_leader/lib/daksha_api_bridge_leader
[9.894s] Installing joint_states_api_subscriber script to /home/phy_ai/.ihub/daksha/install/daksha_api_bridge_leader/lib/daksha_api_bridge_leader
[9.894s] writing list of installed files to '/home/phy_ai/.ihub/daksha/build/daksha_api_bridge_leader/install.log'
[10.068s] Invoked command in '/home/phy_ai/.ihub/daksha/src/global/daksha_api_bridge_leader' returned '0': PYTHONPATH=/home/phy_ai/.ihub/daksha/build/daksha_api_bridge_leader/prefix_override:/usr/lib/python3/dist-packages/colcon_core/task/python/colcon_distutils_commands:/home/phy_ai/.ihub/daksha/install/daksha_api_bridge_leader/lib/python3.10/site-packages:${PYTHONPATH} /usr/bin/python3 -W ignore:setup.py install is deprecated -W ignore:easy_install command is deprecated setup.py egg_info --egg-base ../../../build/daksha_api_bridge_leader build --build-base /home/phy_ai/.ihub/daksha/build/daksha_api_bridge_leader/build install --record /home/phy_ai/.ihub/daksha/build/daksha_api_bridge_leader/install.log --install-scripts $base/lib/daksha_api_bridge_leader --single-version-externally-managed install_data
