[2.009s] Invoking command in '/home/phy_ai/.ihub/daksha/build/gesture_management': CMAKE_PREFIX_PATH=${CMAKE_PREFIX_PATH}:/home/phy_ai/.ihub/daksha/install/world_camera_launch:/home/phy_ai/.ihub/daksha/install/motortest:/home/phy_ai/.ihub/daksha/install/gen2:/home/phy_ai/.ihub/daksha/install/vr_teleop:/home/phy_ai/.ihub/daksha/install/vajara:/home/phy_ai/.ihub/daksha/install/ros_tcp_endpoint:/home/phy_ai/.ihub/daksha/install/kinematics:/home/phy_ai/.ihub/daksha/install/joint_cmd_logger:/home/phy_ai/.ihub/daksha/install/joint_analyzer:/home/phy_ai/.ihub/daksha/install/daksha_data_collection:/home/phy_ai/.ihub/daksha/install/gen2_leader:/home/phy_ai/.ihub/daksha/install/daksha_final_urdf_description:/home/phy_ai/.ihub/daksha/install/daksha_description_full_body:/home/phy_ai/.ihub/daksha/install/daksha_api_bridge_leader:/home/phy_ai/.ihub/daksha/install/daksha_api_bridge_follower:/home/phy_ai/.barani/gen2_full/install/world_camera_launch:/home/phy_ai/.barani/gen2_full/install/gen2:/home/phy_ai/.barani/gen2_full/install/vr_teleop:/home/phy_ai/.barani/gen2_full/install/ros_tcp_endpoint:/home/phy_ai/.barani/gen2_full/install/nav_bringup:/home/phy_ai/.barani/gen2_full/install/nav2_config:/home/phy_ai/.barani/gen2_full/install/kinematics:/home/phy_ai/.barani/gen2_full/install/joint_cmd_logger:/home/phy_ai/.barani/gen2_full/install/joint_analyzer:/home/phy_ai/.barani/gen2_full/install/daksha_data_collection:/home/phy_ai/.barani/gen2_full/install/gen2_leader:/home/phy_ai/.barani/gen2_full/install/amr_bringup:/home/phy_ai/.barani/gen2_full/install/daksha_final_urdf_description:/home/phy_ai/.barani/gen2_full/install/daksha_description_full_body:/home/phy_ai/.barani/gen2_full/install/daksha_base_urdf:/home/phy_ai/.barani/gen2_full/install/daksha_api_bridge_leader:/home/phy_ai/.barani/gen2_full/install/daksha_api_bridge_follower:/opt/ros/humble /usr/bin/cmake --build /home/phy_ai/.ihub/daksha/build/gesture_management -- -j16 -l16
[2.678s] [  1%] Built target gesture_management__rs
[2.678s] [  2%] Built target gesture_management__cpp
[2.678s] [ 13%] Built target gesture_management__rosidl_generator_c
[2.678s] [ 13%] Built target ament_cmake_python_copy_gesture_management
[2.678s] [ 36%] Built target gesture_management__rosidl_typesupport_cpp
[2.678s] [ 36%] Built target gesture_management__rosidl_typesupport_introspection_cpp
[2.678s] [ 47%] Built target gesture_management__rosidl_typesupport_fastrtps_cpp
[2.678s] [ 61%] Built target gesture_management__rosidl_typesupport_introspection_c
[2.678s] [ 70%] Built target gesture_management__rosidl_typesupport_c
[2.678s] [ 81%] Built target gesture_management__rosidl_typesupport_fastrtps_c
[2.678s] [ 81%] Built target gesture_management
[2.678s] [ 82%] Built target gesture_management__py
[2.678s] [ 93%] Built target gesture_management__rosidl_generator_py
[2.678s] [ 95%] Built target gesture_management__rosidl_typesupport_fastrtps_c__pyext
[2.679s] [ 97%] Built target gesture_management__rosidl_typesupport_c__pyext
[2.679s] [100%] Built target gesture_management__rosidl_typesupport_introspection_c__pyext
[2.679s] running egg_info
[2.679s] writing gesture_management.egg-info/PKG-INFO
[2.679s] writing dependency_links to gesture_management.egg-info/dependency_links.txt
[2.679s] writing top-level names to gesture_management.egg-info/top_level.txt
[2.679s] reading manifest file 'gesture_management.egg-info/SOURCES.txt'
[2.679s] writing manifest file 'gesture_management.egg-info/SOURCES.txt'
[2.679s] [100%] Built target ament_cmake_python_build_gesture_management_egg
[2.699s] Invoked command in '/home/phy_ai/.ihub/daksha/build/gesture_management' returned '0': CMAKE_PREFIX_PATH=${CMAKE_PREFIX_PATH}:/home/phy_ai/.ihub/daksha/install/world_camera_launch:/home/phy_ai/.ihub/daksha/install/motortest:/home/phy_ai/.ihub/daksha/install/gen2:/home/phy_ai/.ihub/daksha/install/vr_teleop:/home/phy_ai/.ihub/daksha/install/vajara:/home/phy_ai/.ihub/daksha/install/ros_tcp_endpoint:/home/phy_ai/.ihub/daksha/install/kinematics:/home/phy_ai/.ihub/daksha/install/joint_cmd_logger:/home/phy_ai/.ihub/daksha/install/joint_analyzer:/home/phy_ai/.ihub/daksha/install/daksha_data_collection:/home/phy_ai/.ihub/daksha/install/gen2_leader:/home/phy_ai/.ihub/daksha/install/daksha_final_urdf_description:/home/phy_ai/.ihub/daksha/install/daksha_description_full_body:/home/phy_ai/.ihub/daksha/install/daksha_api_bridge_leader:/home/phy_ai/.ihub/daksha/install/daksha_api_bridge_follower:/home/phy_ai/.barani/gen2_full/install/world_camera_launch:/home/phy_ai/.barani/gen2_full/install/gen2:/home/phy_ai/.barani/gen2_full/install/vr_teleop:/home/phy_ai/.barani/gen2_full/install/ros_tcp_endpoint:/home/phy_ai/.barani/gen2_full/install/nav_bringup:/home/phy_ai/.barani/gen2_full/install/nav2_config:/home/phy_ai/.barani/gen2_full/install/kinematics:/home/phy_ai/.barani/gen2_full/install/joint_cmd_logger:/home/phy_ai/.barani/gen2_full/install/joint_analyzer:/home/phy_ai/.barani/gen2_full/install/daksha_data_collection:/home/phy_ai/.barani/gen2_full/install/gen2_leader:/home/phy_ai/.barani/gen2_full/install/amr_bringup:/home/phy_ai/.barani/gen2_full/install/daksha_final_urdf_description:/home/phy_ai/.barani/gen2_full/install/daksha_description_full_body:/home/phy_ai/.barani/gen2_full/install/daksha_base_urdf:/home/phy_ai/.barani/gen2_full/install/daksha_api_bridge_leader:/home/phy_ai/.barani/gen2_full/install/daksha_api_bridge_follower:/opt/ros/humble /usr/bin/cmake --build /home/phy_ai/.ihub/daksha/build/gesture_management -- -j16 -l16
[2.702s] Invoking command in '/home/phy_ai/.ihub/daksha/build/gesture_management': CMAKE_PREFIX_PATH=${CMAKE_PREFIX_PATH}:/home/phy_ai/.ihub/daksha/install/world_camera_launch:/home/phy_ai/.ihub/daksha/install/motortest:/home/phy_ai/.ihub/daksha/install/gen2:/home/phy_ai/.ihub/daksha/install/vr_teleop:/home/phy_ai/.ihub/daksha/install/vajara:/home/phy_ai/.ihub/daksha/install/ros_tcp_endpoint:/home/phy_ai/.ihub/daksha/install/kinematics:/home/phy_ai/.ihub/daksha/install/joint_cmd_logger:/home/phy_ai/.ihub/daksha/install/joint_analyzer:/home/phy_ai/.ihub/daksha/install/daksha_data_collection:/home/phy_ai/.ihub/daksha/install/gen2_leader:/home/phy_ai/.ihub/daksha/install/daksha_final_urdf_description:/home/phy_ai/.ihub/daksha/install/daksha_description_full_body:/home/phy_ai/.ihub/daksha/install/daksha_api_bridge_leader:/home/phy_ai/.ihub/daksha/install/daksha_api_bridge_follower:/home/phy_ai/.barani/gen2_full/install/world_camera_launch:/home/phy_ai/.barani/gen2_full/install/gen2:/home/phy_ai/.barani/gen2_full/install/vr_teleop:/home/phy_ai/.barani/gen2_full/install/ros_tcp_endpoint:/home/phy_ai/.barani/gen2_full/install/nav_bringup:/home/phy_ai/.barani/gen2_full/install/nav2_config:/home/phy_ai/.barani/gen2_full/install/kinematics:/home/phy_ai/.barani/gen2_full/install/joint_cmd_logger:/home/phy_ai/.barani/gen2_full/install/joint_analyzer:/home/phy_ai/.barani/gen2_full/install/daksha_data_collection:/home/phy_ai/.barani/gen2_full/install/gen2_leader:/home/phy_ai/.barani/gen2_full/install/amr_bringup:/home/phy_ai/.barani/gen2_full/install/daksha_final_urdf_description:/home/phy_ai/.barani/gen2_full/install/daksha_description_full_body:/home/phy_ai/.barani/gen2_full/install/daksha_base_urdf:/home/phy_ai/.barani/gen2_full/install/daksha_api_bridge_leader:/home/phy_ai/.barani/gen2_full/install/daksha_api_bridge_follower:/opt/ros/humble /usr/bin/cmake --install /home/phy_ai/.ihub/daksha/build/gesture_management
[3.153s] -- Install configuration: ""
[3.154s] -- Up-to-date: /home/phy_ai/.ihub/daksha/install/gesture_management/share/ament_index/resource_index/rosidl_interfaces/gesture_management
[3.154s] -- Up-to-date: /home/phy_ai/.ihub/daksha/install/gesture_management/include/gesture_management/gesture_management
[3.155s] -- Up-to-date: /home/phy_ai/.ihub/daksha/install/gesture_management/include/gesture_management/gesture_management/srv
[3.155s] -- Up-to-date: /home/phy_ai/.ihub/daksha/install/gesture_management/include/gesture_management/gesture_management/srv/get_replay_status.h
[3.156s] -- Up-to-date: /home/phy_ai/.ihub/daksha/install/gesture_management/include/gesture_management/gesture_management/srv/start_recording.h
[3.156s] -- Up-to-date: /home/phy_ai/.ihub/daksha/install/gesture_management/include/gesture_management/gesture_management/srv/save_sequence.h
[3.156s] -- Up-to-date: /home/phy_ai/.ihub/daksha/install/gesture_management/include/gesture_management/gesture_management/srv/replay_recording.h
[3.157s] -- Up-to-date: /home/phy_ai/.ihub/daksha/install/gesture_management/include/gesture_management/gesture_management/srv/detail
[3.157s] -- Up-to-date: /home/phy_ai/.ihub/daksha/install/gesture_management/include/gesture_management/gesture_management/srv/detail/get_replay_status__type_support.h
[3.157s] -- Up-to-date: /home/phy_ai/.ihub/daksha/install/gesture_management/include/gesture_management/gesture_management/srv/detail/delete_sequence__functions.c
[3.157s] -- Up-to-date: /home/phy_ai/.ihub/daksha/install/gesture_management/include/gesture_management/gesture_management/srv/detail/replay_recording__functions.h
[3.158s] -- Up-to-date: /home/phy_ai/.ihub/daksha/install/gesture_management/include/gesture_management/gesture_management/srv/detail/delete_sequence__type_support.h
[3.158s] -- Up-to-date: /home/phy_ai/.ihub/daksha/install/gesture_management/include/gesture_management/gesture_management/srv/detail/save_sequence__functions.h
[3.158s] -- Up-to-date: /home/phy_ai/.ihub/daksha/install/gesture_management/include/gesture_management/gesture_management/srv/detail/play_sequence__functions.h
[3.159s] -- Up-to-date: /home/phy_ai/.ihub/daksha/install/gesture_management/include/gesture_management/gesture_management/srv/detail/start_recording__functions.h
[3.159s] -- Up-to-date: /home/phy_ai/.ihub/daksha/install/gesture_management/include/gesture_management/gesture_management/srv/detail/replay_recording__functions.c
[3.159s] -- Up-to-date: /home/phy_ai/.ihub/daksha/install/gesture_management/include/gesture_management/gesture_management/srv/detail/start_recording__functions.c
[3.159s] -- Up-to-date: /home/phy_ai/.ihub/daksha/install/gesture_management/include/gesture_management/gesture_management/srv/detail/play_sequence__type_support.h
[3.159s] -- Up-to-date: /home/phy_ai/.ihub/daksha/install/gesture_management/include/gesture_management/gesture_management/srv/detail/save_sequence__functions.c
[3.160s] -- Up-to-date: /home/phy_ai/.ihub/daksha/install/gesture_management/include/gesture_management/gesture_management/srv/detail/play_recording__struct.h
[3.160s] -- Up-to-date: /home/phy_ai/.ihub/daksha/install/gesture_management/include/gesture_management/gesture_management/srv/detail/save_sequence__type_support.h
[3.161s] -- Up-to-date: /home/phy_ai/.ihub/daksha/install/gesture_management/include/gesture_management/gesture_management/srv/detail/delete_sequence__struct.h
[3.161s] -- Up-to-date: /home/phy_ai/.ihub/daksha/install/gesture_management/include/gesture_management/gesture_management/srv/detail/list_sequences__struct.h
[3.161s] -- Up-to-date: /home/phy_ai/.ihub/daksha/install/gesture_management/include/gesture_management/gesture_management/srv/detail/list_sequences__functions.h
[3.162s] -- Up-to-date: /home/phy_ai/.ihub/daksha/install/gesture_management/include/gesture_management/gesture_management/srv/detail/get_replay_status__struct.h
[3.162s] -- Up-to-date: /home/phy_ai/.ihub/daksha/install/gesture_management/include/gesture_management/gesture_management/srv/detail/list_sequences__type_support.h
[3.162s] -- Up-to-date: /home/phy_ai/.ihub/daksha/install/gesture_management/include/gesture_management/gesture_management/srv/detail/delete_sequence__functions.h
[3.162s] -- Up-to-date: /home/phy_ai/.ihub/daksha/install/gesture_management/include/gesture_management/gesture_management/srv/detail/list_sequences__functions.c
[3.162s] -- Up-to-date: /home/phy_ai/.ihub/daksha/install/gesture_management/include/gesture_management/gesture_management/srv/detail/save_sequence__struct.h
[3.162s] -- Up-to-date: /home/phy_ai/.ihub/daksha/install/gesture_management/include/gesture_management/gesture_management/srv/detail/get_replay_status__functions.h
[3.163s] -- Up-to-date: /home/phy_ai/.ihub/daksha/install/gesture_management/include/gesture_management/gesture_management/srv/detail/start_recording__struct.h
[3.163s] -- Up-to-date: /home/phy_ai/.ihub/daksha/install/gesture_management/include/gesture_management/gesture_management/srv/detail/play_recording__type_support.h
[3.163s] -- Up-to-date: /home/phy_ai/.ihub/daksha/install/gesture_management/include/gesture_management/gesture_management/srv/detail/play_recording__functions.c
[3.163s] -- Up-to-date: /home/phy_ai/.ihub/daksha/install/gesture_management/include/gesture_management/gesture_management/srv/detail/play_sequence__struct.h
[3.163s] -- Up-to-date: /home/phy_ai/.ihub/daksha/install/gesture_management/include/gesture_management/gesture_management/srv/detail/play_recording__functions.h
[3.164s] -- Up-to-date: /home/phy_ai/.ihub/daksha/install/gesture_management/include/gesture_management/gesture_management/srv/detail/play_sequence__functions.c
[3.164s] -- Up-to-date: /home/phy_ai/.ihub/daksha/install/gesture_management/include/gesture_management/gesture_management/srv/detail/start_recording__type_support.h
[3.164s] -- Up-to-date: /home/phy_ai/.ihub/daksha/install/gesture_management/include/gesture_management/gesture_management/srv/detail/get_replay_status__functions.c
[3.164s] -- Up-to-date: /home/phy_ai/.ihub/daksha/install/gesture_management/include/gesture_management/gesture_management/srv/detail/replay_recording__struct.h
[3.164s] -- Up-to-date: /home/phy_ai/.ihub/daksha/install/gesture_management/include/gesture_management/gesture_management/srv/detail/replay_recording__type_support.h
[3.164s] -- Up-to-date: /home/phy_ai/.ihub/daksha/install/gesture_management/include/gesture_management/gesture_management/srv/list_sequences.h
[3.164s] -- Up-to-date: /home/phy_ai/.ihub/daksha/install/gesture_management/include/gesture_management/gesture_management/srv/delete_sequence.h
[3.164s] -- Up-to-date: /home/phy_ai/.ihub/daksha/install/gesture_management/include/gesture_management/gesture_management/srv/play_recording.h
[3.164s] -- Up-to-date: /home/phy_ai/.ihub/daksha/install/gesture_management/include/gesture_management/gesture_management/srv/play_sequence.h
[3.164s] -- Up-to-date: /home/phy_ai/.ihub/daksha/install/gesture_management/include/gesture_management/gesture_management/msg
[3.165s] -- Up-to-date: /home/phy_ai/.ihub/daksha/install/gesture_management/include/gesture_management/gesture_management/msg/rosidl_generator_c__visibility_control.h
[3.165s] -- Up-to-date: /home/phy_ai/.ihub/daksha/install/gesture_management/share/gesture_management/environment/library_path.sh
[3.165s] -- Up-to-date: /home/phy_ai/.ihub/daksha/install/gesture_management/share/gesture_management/environment/library_path.dsv
[3.165s] -- Up-to-date: /home/phy_ai/.ihub/daksha/install/gesture_management/lib/libgesture_management__rosidl_generator_c.so
[3.165s] -- Up-to-date: /home/phy_ai/.ihub/daksha/install/gesture_management/include/gesture_management/gesture_management
[3.165s] -- Up-to-date: /home/phy_ai/.ihub/daksha/install/gesture_management/include/gesture_management/gesture_management/srv
[3.165s] -- Up-to-date: /home/phy_ai/.ihub/daksha/install/gesture_management/include/gesture_management/gesture_management/srv/detail
[3.165s] -- Up-to-date: /home/phy_ai/.ihub/daksha/install/gesture_management/include/gesture_management/gesture_management/srv/detail/play_sequence__rosidl_typesupport_fastrtps_c.h
[3.165s] -- Up-to-date: /home/phy_ai/.ihub/daksha/install/gesture_management/include/gesture_management/gesture_management/srv/detail/list_sequences__rosidl_typesupport_fastrtps_c.h
[3.166s] -- Up-to-date: /home/phy_ai/.ihub/daksha/install/gesture_management/include/gesture_management/gesture_management/srv/detail/start_recording__rosidl_typesupport_fastrtps_c.h
[3.166s] -- Up-to-date: /home/phy_ai/.ihub/daksha/install/gesture_management/include/gesture_management/gesture_management/srv/detail/play_recording__rosidl_typesupport_fastrtps_c.h
[3.166s] -- Up-to-date: /home/phy_ai/.ihub/daksha/install/gesture_management/include/gesture_management/gesture_management/srv/detail/replay_recording__rosidl_typesupport_fastrtps_c.h
[3.166s] -- Up-to-date: /home/phy_ai/.ihub/daksha/install/gesture_management/include/gesture_management/gesture_management/srv/detail/save_sequence__rosidl_typesupport_fastrtps_c.h
[3.166s] -- Up-to-date: /home/phy_ai/.ihub/daksha/install/gesture_management/include/gesture_management/gesture_management/srv/detail/get_replay_status__rosidl_typesupport_fastrtps_c.h
[3.166s] -- Up-to-date: /home/phy_ai/.ihub/daksha/install/gesture_management/include/gesture_management/gesture_management/srv/detail/delete_sequence__rosidl_typesupport_fastrtps_c.h
[3.167s] -- Up-to-date: /home/phy_ai/.ihub/daksha/install/gesture_management/include/gesture_management/gesture_management/msg
[3.167s] -- Up-to-date: /home/phy_ai/.ihub/daksha/install/gesture_management/include/gesture_management/gesture_management/msg/rosidl_typesupport_fastrtps_c__visibility_control.h
[3.168s] -- Up-to-date: /home/phy_ai/.ihub/daksha/install/gesture_management/lib/libgesture_management__rosidl_typesupport_fastrtps_c.so
[3.168s] -- Up-to-date: /home/phy_ai/.ihub/daksha/install/gesture_management/include/gesture_management/gesture_management
[3.168s] -- Up-to-date: /home/phy_ai/.ihub/daksha/install/gesture_management/include/gesture_management/gesture_management/srv
[3.169s] -- Up-to-date: /home/phy_ai/.ihub/daksha/install/gesture_management/include/gesture_management/gesture_management/srv/save_sequence.hpp
[3.169s] -- Up-to-date: /home/phy_ai/.ihub/daksha/install/gesture_management/include/gesture_management/gesture_management/srv/start_recording.hpp
[3.169s] -- Up-to-date: /home/phy_ai/.ihub/daksha/install/gesture_management/include/gesture_management/gesture_management/srv/play_sequence.hpp
[3.170s] -- Up-to-date: /home/phy_ai/.ihub/daksha/install/gesture_management/include/gesture_management/gesture_management/srv/detail
[3.170s] -- Up-to-date: /home/phy_ai/.ihub/daksha/install/gesture_management/include/gesture_management/gesture_management/srv/detail/play_recording__traits.hpp
[3.170s] -- Up-to-date: /home/phy_ai/.ihub/daksha/install/gesture_management/include/gesture_management/gesture_management/srv/detail/replay_recording__struct.hpp
[3.170s] -- Up-to-date: /home/phy_ai/.ihub/daksha/install/gesture_management/include/gesture_management/gesture_management/srv/detail/get_replay_status__type_support.hpp
[3.170s] -- Up-to-date: /home/phy_ai/.ihub/daksha/install/gesture_management/include/gesture_management/gesture_management/srv/detail/play_sequence__builder.hpp
[3.170s] -- Up-to-date: /home/phy_ai/.ihub/daksha/install/gesture_management/include/gesture_management/gesture_management/srv/detail/get_replay_status__traits.hpp
[3.170s] -- Up-to-date: /home/phy_ai/.ihub/daksha/install/gesture_management/include/gesture_management/gesture_management/srv/detail/start_recording__traits.hpp
[3.171s] -- Up-to-date: /home/phy_ai/.ihub/daksha/install/gesture_management/include/gesture_management/gesture_management/srv/detail/save_sequence__traits.hpp
[3.171s] -- Up-to-date: /home/phy_ai/.ihub/daksha/install/gesture_management/include/gesture_management/gesture_management/srv/detail/replay_recording__type_support.hpp
[3.172s] -- Up-to-date: /home/phy_ai/.ihub/daksha/install/gesture_management/include/gesture_management/gesture_management/srv/detail/save_sequence__type_support.hpp
[3.172s] -- Up-to-date: /home/phy_ai/.ihub/daksha/install/gesture_management/include/gesture_management/gesture_management/srv/detail/start_recording__type_support.hpp
[3.172s] -- Up-to-date: /home/phy_ai/.ihub/daksha/install/gesture_management/include/gesture_management/gesture_management/srv/detail/get_replay_status__builder.hpp
[3.172s] -- Up-to-date: /home/phy_ai/.ihub/daksha/install/gesture_management/include/gesture_management/gesture_management/srv/detail/list_sequences__type_support.hpp
[3.173s] -- Up-to-date: /home/phy_ai/.ihub/daksha/install/gesture_management/include/gesture_management/gesture_management/srv/detail/save_sequence__struct.hpp
[3.173s] -- Up-to-date: /home/phy_ai/.ihub/daksha/install/gesture_management/include/gesture_management/gesture_management/srv/detail/delete_sequence__type_support.hpp
[3.173s] -- Up-to-date: /home/phy_ai/.ihub/daksha/install/gesture_management/include/gesture_management/gesture_management/srv/detail/replay_recording__traits.hpp
[3.174s] -- Up-to-date: /home/phy_ai/.ihub/daksha/install/gesture_management/include/gesture_management/gesture_management/srv/detail/play_sequence__traits.hpp
[3.176s] -- Up-to-date: /home/phy_ai/.ihub/daksha/install/gesture_management/include/gesture_management/gesture_management/srv/detail/delete_sequence__struct.hpp
[3.177s] -- Up-to-date: /home/phy_ai/.ihub/daksha/install/gesture_management/include/gesture_management/gesture_management/srv/detail/delete_sequence__traits.hpp
[3.178s] -- Up-to-date: /home/phy_ai/.ihub/daksha/install/gesture_management/include/gesture_management/gesture_management/srv/detail/delete_sequence__builder.hpp
[3.178s] -- Up-to-date: /home/phy_ai/.ihub/daksha/install/gesture_management/include/gesture_management/gesture_management/srv/detail/start_recording__struct.hpp
[3.178s] -- Up-to-date: /home/phy_ai/.ihub/daksha/install/gesture_management/include/gesture_management/gesture_management/srv/detail/list_sequences__traits.hpp
[3.178s] -- Up-to-date: /home/phy_ai/.ihub/daksha/install/gesture_management/include/gesture_management/gesture_management/srv/detail/list_sequences__builder.hpp
[3.179s] -- Up-to-date: /home/phy_ai/.ihub/daksha/install/gesture_management/include/gesture_management/gesture_management/srv/detail/list_sequences__struct.hpp
[3.179s] -- Up-to-date: /home/phy_ai/.ihub/daksha/install/gesture_management/include/gesture_management/gesture_management/srv/detail/play_recording__type_support.hpp
[3.180s] -- Up-to-date: /home/phy_ai/.ihub/daksha/install/gesture_management/include/gesture_management/gesture_management/srv/detail/play_recording__builder.hpp
[3.180s] -- Up-to-date: /home/phy_ai/.ihub/daksha/install/gesture_management/include/gesture_management/gesture_management/srv/detail/replay_recording__builder.hpp
[3.180s] -- Up-to-date: /home/phy_ai/.ihub/daksha/install/gesture_management/include/gesture_management/gesture_management/srv/detail/get_replay_status__struct.hpp
[3.180s] -- Up-to-date: /home/phy_ai/.ihub/daksha/install/gesture_management/include/gesture_management/gesture_management/srv/detail/play_sequence__type_support.hpp
[3.181s] -- Up-to-date: /home/phy_ai/.ihub/daksha/install/gesture_management/include/gesture_management/gesture_management/srv/detail/play_sequence__struct.hpp
[3.181s] -- Up-to-date: /home/phy_ai/.ihub/daksha/install/gesture_management/include/gesture_management/gesture_management/srv/detail/save_sequence__builder.hpp
[3.181s] -- Up-to-date: /home/phy_ai/.ihub/daksha/install/gesture_management/include/gesture_management/gesture_management/srv/detail/start_recording__builder.hpp
[3.182s] -- Up-to-date: /home/phy_ai/.ihub/daksha/install/gesture_management/include/gesture_management/gesture_management/srv/detail/play_recording__struct.hpp
[3.182s] -- Up-to-date: /home/phy_ai/.ihub/daksha/install/gesture_management/include/gesture_management/gesture_management/srv/list_sequences.hpp
[3.183s] -- Up-to-date: /home/phy_ai/.ihub/daksha/install/gesture_management/include/gesture_management/gesture_management/srv/delete_sequence.hpp
[3.183s] -- Up-to-date: /home/phy_ai/.ihub/daksha/install/gesture_management/include/gesture_management/gesture_management/srv/play_recording.hpp
[3.183s] -- Up-to-date: /home/phy_ai/.ihub/daksha/install/gesture_management/include/gesture_management/gesture_management/srv/replay_recording.hpp
[3.183s] -- Up-to-date: /home/phy_ai/.ihub/daksha/install/gesture_management/include/gesture_management/gesture_management/srv/get_replay_status.hpp
[3.184s] -- Up-to-date: /home/phy_ai/.ihub/daksha/install/gesture_management/include/gesture_management/gesture_management/msg
[3.184s] -- Up-to-date: /home/phy_ai/.ihub/daksha/install/gesture_management/include/gesture_management/gesture_management/msg/rosidl_generator_cpp__visibility_control.hpp
[3.184s] -- Up-to-date: /home/phy_ai/.ihub/daksha/install/gesture_management/include/gesture_management/gesture_management
[3.184s] -- Up-to-date: /home/phy_ai/.ihub/daksha/install/gesture_management/include/gesture_management/gesture_management/srv
[3.185s] -- Up-to-date: /home/phy_ai/.ihub/daksha/install/gesture_management/include/gesture_management/gesture_management/srv/detail
[3.186s] -- Up-to-date: /home/phy_ai/.ihub/daksha/install/gesture_management/include/gesture_management/gesture_management/srv/detail/list_sequences__rosidl_typesupport_fastrtps_cpp.hpp
[3.186s] -- Up-to-date: /home/phy_ai/.ihub/daksha/install/gesture_management/include/gesture_management/gesture_management/srv/detail/delete_sequence__rosidl_typesupport_fastrtps_cpp.hpp
[3.186s] -- Up-to-date: /home/phy_ai/.ihub/daksha/install/gesture_management/include/gesture_management/gesture_management/srv/detail/start_recording__rosidl_typesupport_fastrtps_cpp.hpp
[3.187s] -- Up-to-date: /home/phy_ai/.ihub/daksha/install/gesture_management/include/gesture_management/gesture_management/srv/detail/save_sequence__rosidl_typesupport_fastrtps_cpp.hpp
[3.187s] -- Up-to-date: /home/phy_ai/.ihub/daksha/install/gesture_management/include/gesture_management/gesture_management/srv/detail/dds_fastrtps
[3.187s] -- Up-to-date: /home/phy_ai/.ihub/daksha/install/gesture_management/include/gesture_management/gesture_management/srv/detail/get_replay_status__rosidl_typesupport_fastrtps_cpp.hpp
[3.187s] -- Up-to-date: /home/phy_ai/.ihub/daksha/install/gesture_management/include/gesture_management/gesture_management/srv/detail/play_sequence__rosidl_typesupport_fastrtps_cpp.hpp
[3.187s] -- Up-to-date: /home/phy_ai/.ihub/daksha/install/gesture_management/include/gesture_management/gesture_management/srv/detail/play_recording__rosidl_typesupport_fastrtps_cpp.hpp
[3.188s] -- Up-to-date: /home/phy_ai/.ihub/daksha/install/gesture_management/include/gesture_management/gesture_management/srv/detail/replay_recording__rosidl_typesupport_fastrtps_cpp.hpp
[3.188s] -- Up-to-date: /home/phy_ai/.ihub/daksha/install/gesture_management/include/gesture_management/gesture_management/msg
[3.188s] -- Up-to-date: /home/phy_ai/.ihub/daksha/install/gesture_management/include/gesture_management/gesture_management/msg/rosidl_typesupport_fastrtps_cpp__visibility_control.h
[3.188s] -- Up-to-date: /home/phy_ai/.ihub/daksha/install/gesture_management/lib/libgesture_management__rosidl_typesupport_fastrtps_cpp.so
[3.188s] -- Up-to-date: /home/phy_ai/.ihub/daksha/install/gesture_management/include/gesture_management/gesture_management
[3.189s] -- Up-to-date: /home/phy_ai/.ihub/daksha/install/gesture_management/include/gesture_management/gesture_management/srv
[3.189s] -- Up-to-date: /home/phy_ai/.ihub/daksha/install/gesture_management/include/gesture_management/gesture_management/srv/detail
[3.189s] -- Up-to-date: /home/phy_ai/.ihub/daksha/install/gesture_management/include/gesture_management/gesture_management/srv/detail/delete_sequence__rosidl_typesupport_introspection_c.h
[3.189s] -- Up-to-date: /home/phy_ai/.ihub/daksha/install/gesture_management/include/gesture_management/gesture_management/srv/detail/delete_sequence__type_support.c
[3.189s] -- Up-to-date: /home/phy_ai/.ihub/daksha/install/gesture_management/include/gesture_management/gesture_management/srv/detail/replay_recording__rosidl_typesupport_introspection_c.h
[3.190s] -- Up-to-date: /home/phy_ai/.ihub/daksha/install/gesture_management/include/gesture_management/gesture_management/srv/detail/get_replay_status__rosidl_typesupport_introspection_c.h
[3.190s] -- Up-to-date: /home/phy_ai/.ihub/daksha/install/gesture_management/include/gesture_management/gesture_management/srv/detail/list_sequences__rosidl_typesupport_introspection_c.h
[3.190s] -- Up-to-date: /home/phy_ai/.ihub/daksha/install/gesture_management/include/gesture_management/gesture_management/srv/detail/get_replay_status__type_support.c
[3.190s] -- Up-to-date: /home/phy_ai/.ihub/daksha/install/gesture_management/include/gesture_management/gesture_management/srv/detail/start_recording__type_support.c
[3.191s] -- Up-to-date: /home/phy_ai/.ihub/daksha/install/gesture_management/include/gesture_management/gesture_management/srv/detail/start_recording__rosidl_typesupport_introspection_c.h
[3.192s] -- Up-to-date: /home/phy_ai/.ihub/daksha/install/gesture_management/include/gesture_management/gesture_management/srv/detail/list_sequences__type_support.c
[3.192s] -- Up-to-date: /home/phy_ai/.ihub/daksha/install/gesture_management/include/gesture_management/gesture_management/srv/detail/play_recording__rosidl_typesupport_introspection_c.h
[3.192s] -- Up-to-date: /home/phy_ai/.ihub/daksha/install/gesture_management/include/gesture_management/gesture_management/srv/detail/play_sequence__rosidl_typesupport_introspection_c.h
[3.192s] -- Up-to-date: /home/phy_ai/.ihub/daksha/install/gesture_management/include/gesture_management/gesture_management/srv/detail/play_sequence__type_support.c
[3.193s] -- Up-to-date: /home/phy_ai/.ihub/daksha/install/gesture_management/include/gesture_management/gesture_management/srv/detail/replay_recording__type_support.c
[3.193s] -- Up-to-date: /home/phy_ai/.ihub/daksha/install/gesture_management/include/gesture_management/gesture_management/srv/detail/save_sequence__rosidl_typesupport_introspection_c.h
[3.193s] -- Up-to-date: /home/phy_ai/.ihub/daksha/install/gesture_management/include/gesture_management/gesture_management/srv/detail/play_recording__type_support.c
[3.194s] -- Up-to-date: /home/phy_ai/.ihub/daksha/install/gesture_management/include/gesture_management/gesture_management/srv/detail/save_sequence__type_support.c
[3.195s] -- Up-to-date: /home/phy_ai/.ihub/daksha/install/gesture_management/include/gesture_management/gesture_management/msg
[3.195s] -- Up-to-date: /home/phy_ai/.ihub/daksha/install/gesture_management/include/gesture_management/gesture_management/msg/rosidl_typesupport_introspection_c__visibility_control.h
[3.195s] -- Up-to-date: /home/phy_ai/.ihub/daksha/install/gesture_management/lib/libgesture_management__rosidl_typesupport_introspection_c.so
[3.199s] -- Up-to-date: /home/phy_ai/.ihub/daksha/install/gesture_management/lib/libgesture_management__rosidl_typesupport_c.so
[3.200s] -- Up-to-date: /home/phy_ai/.ihub/daksha/install/gesture_management/include/gesture_management/gesture_management
[3.200s] -- Up-to-date: /home/phy_ai/.ihub/daksha/install/gesture_management/include/gesture_management/gesture_management/srv
[3.200s] -- Up-to-date: /home/phy_ai/.ihub/daksha/install/gesture_management/include/gesture_management/gesture_management/srv/detail
[3.200s] -- Up-to-date: /home/phy_ai/.ihub/daksha/install/gesture_management/include/gesture_management/gesture_management/srv/detail/delete_sequence__type_support.cpp
[3.201s] -- Up-to-date: /home/phy_ai/.ihub/daksha/install/gesture_management/include/gesture_management/gesture_management/srv/detail/list_sequences__rosidl_typesupport_introspection_cpp.hpp
[3.201s] -- Up-to-date: /home/phy_ai/.ihub/daksha/install/gesture_management/include/gesture_management/gesture_management/srv/detail/save_sequence__rosidl_typesupport_introspection_cpp.hpp
[3.202s] -- Up-to-date: /home/phy_ai/.ihub/daksha/install/gesture_management/include/gesture_management/gesture_management/srv/detail/play_sequence__type_support.cpp
[3.202s] -- Up-to-date: /home/phy_ai/.ihub/daksha/install/gesture_management/include/gesture_management/gesture_management/srv/detail/replay_recording__type_support.cpp
[3.203s] -- Up-to-date: /home/phy_ai/.ihub/daksha/install/gesture_management/include/gesture_management/gesture_management/srv/detail/get_replay_status__type_support.cpp
[3.203s] -- Up-to-date: /home/phy_ai/.ihub/daksha/install/gesture_management/include/gesture_management/gesture_management/srv/detail/get_replay_status__rosidl_typesupport_introspection_cpp.hpp
[3.204s] -- Up-to-date: /home/phy_ai/.ihub/daksha/install/gesture_management/include/gesture_management/gesture_management/srv/detail/start_recording__type_support.cpp
[3.204s] -- Up-to-date: /home/phy_ai/.ihub/daksha/install/gesture_management/include/gesture_management/gesture_management/srv/detail/play_recording__type_support.cpp
[3.204s] -- Up-to-date: /home/phy_ai/.ihub/daksha/install/gesture_management/include/gesture_management/gesture_management/srv/detail/list_sequences__type_support.cpp
[3.204s] -- Up-to-date: /home/phy_ai/.ihub/daksha/install/gesture_management/include/gesture_management/gesture_management/srv/detail/replay_recording__rosidl_typesupport_introspection_cpp.hpp
[3.205s] -- Up-to-date: /home/phy_ai/.ihub/daksha/install/gesture_management/include/gesture_management/gesture_management/srv/detail/save_sequence__type_support.cpp
[3.205s] -- Up-to-date: /home/phy_ai/.ihub/daksha/install/gesture_management/include/gesture_management/gesture_management/srv/detail/start_recording__rosidl_typesupport_introspection_cpp.hpp
[3.206s] -- Up-to-date: /home/phy_ai/.ihub/daksha/install/gesture_management/include/gesture_management/gesture_management/srv/detail/delete_sequence__rosidl_typesupport_introspection_cpp.hpp
[3.207s] -- Up-to-date: /home/phy_ai/.ihub/daksha/install/gesture_management/include/gesture_management/gesture_management/srv/detail/play_recording__rosidl_typesupport_introspection_cpp.hpp
[3.208s] -- Up-to-date: /home/phy_ai/.ihub/daksha/install/gesture_management/include/gesture_management/gesture_management/srv/detail/play_sequence__rosidl_typesupport_introspection_cpp.hpp
[3.208s] -- Up-to-date: /home/phy_ai/.ihub/daksha/install/gesture_management/lib/libgesture_management__rosidl_typesupport_introspection_cpp.so
[3.208s] -- Up-to-date: /home/phy_ai/.ihub/daksha/install/gesture_management/lib/libgesture_management__rosidl_typesupport_cpp.so
[3.208s] -- Up-to-date: /home/phy_ai/.ihub/daksha/install/gesture_management/share/gesture_management/environment/pythonpath.sh
[3.208s] -- Up-to-date: /home/phy_ai/.ihub/daksha/install/gesture_management/share/gesture_management/environment/pythonpath.dsv
[3.208s] -- Up-to-date: /home/phy_ai/.ihub/daksha/install/gesture_management/local/lib/python3.10/dist-packages/gesture_management-0.0.1-py3.10.egg-info
[3.209s] -- Installing: /home/phy_ai/.ihub/daksha/install/gesture_management/local/lib/python3.10/dist-packages/gesture_management-0.0.1-py3.10.egg-info/SOURCES.txt
[3.209s] -- Installing: /home/phy_ai/.ihub/daksha/install/gesture_management/local/lib/python3.10/dist-packages/gesture_management-0.0.1-py3.10.egg-info/top_level.txt
[3.209s] -- Installing: /home/phy_ai/.ihub/daksha/install/gesture_management/local/lib/python3.10/dist-packages/gesture_management-0.0.1-py3.10.egg-info/PKG-INFO
[3.210s] -- Installing: /home/phy_ai/.ihub/daksha/install/gesture_management/local/lib/python3.10/dist-packages/gesture_management-0.0.1-py3.10.egg-info/dependency_links.txt
[3.210s] -- Up-to-date: /home/phy_ai/.ihub/daksha/install/gesture_management/local/lib/python3.10/dist-packages/gesture_management
[3.210s] -- Up-to-date: /home/phy_ai/.ihub/daksha/install/gesture_management/local/lib/python3.10/dist-packages/gesture_management/srv
[3.211s] -- Up-to-date: /home/phy_ai/.ihub/daksha/install/gesture_management/local/lib/python3.10/dist-packages/gesture_management/srv/_start_recording.py
[3.211s] -- Up-to-date: /home/phy_ai/.ihub/daksha/install/gesture_management/local/lib/python3.10/dist-packages/gesture_management/srv/_delete_sequence_s.c
[3.212s] -- Up-to-date: /home/phy_ai/.ihub/daksha/install/gesture_management/local/lib/python3.10/dist-packages/gesture_management/srv/_start_recording_s.c
[3.212s] -- Up-to-date: /home/phy_ai/.ihub/daksha/install/gesture_management/local/lib/python3.10/dist-packages/gesture_management/srv/_list_sequences_s.c
[3.213s] -- Up-to-date: /home/phy_ai/.ihub/daksha/install/gesture_management/local/lib/python3.10/dist-packages/gesture_management/srv/_replay_recording.py
[3.213s] -- Up-to-date: /home/phy_ai/.ihub/daksha/install/gesture_management/local/lib/python3.10/dist-packages/gesture_management/srv/__init__.py
[3.213s] -- Up-to-date: /home/phy_ai/.ihub/daksha/install/gesture_management/local/lib/python3.10/dist-packages/gesture_management/srv/_save_sequence_s.c
[3.213s] -- Up-to-date: /home/phy_ai/.ihub/daksha/install/gesture_management/local/lib/python3.10/dist-packages/gesture_management/srv/_play_recording_s.c
[3.213s] -- Up-to-date: /home/phy_ai/.ihub/daksha/install/gesture_management/local/lib/python3.10/dist-packages/gesture_management/srv/_save_sequence.py
[3.213s] -- Up-to-date: /home/phy_ai/.ihub/daksha/install/gesture_management/local/lib/python3.10/dist-packages/gesture_management/srv/_play_sequence.py
[3.214s] -- Up-to-date: /home/phy_ai/.ihub/daksha/install/gesture_management/local/lib/python3.10/dist-packages/gesture_management/srv/_replay_recording_s.c
[3.214s] -- Up-to-date: /home/phy_ai/.ihub/daksha/install/gesture_management/local/lib/python3.10/dist-packages/gesture_management/srv/_list_sequences.py
[3.214s] -- Up-to-date: /home/phy_ai/.ihub/daksha/install/gesture_management/local/lib/python3.10/dist-packages/gesture_management/srv/_delete_sequence.py
[3.214s] -- Up-to-date: /home/phy_ai/.ihub/daksha/install/gesture_management/local/lib/python3.10/dist-packages/gesture_management/srv/_play_recording.py
[3.214s] -- Up-to-date: /home/phy_ai/.ihub/daksha/install/gesture_management/local/lib/python3.10/dist-packages/gesture_management/srv/_play_sequence_s.c
[3.214s] -- Up-to-date: /home/phy_ai/.ihub/daksha/install/gesture_management/local/lib/python3.10/dist-packages/gesture_management/srv/_get_replay_status_s.c
[3.214s] -- Up-to-date: /home/phy_ai/.ihub/daksha/install/gesture_management/local/lib/python3.10/dist-packages/gesture_management/srv/_get_replay_status.py
[3.215s] -- Up-to-date: /home/phy_ai/.ihub/daksha/install/gesture_management/local/lib/python3.10/dist-packages/gesture_management/_gesture_management_s.ep.rosidl_typesupport_introspection_c.c
[3.215s] -- Up-to-date: /home/phy_ai/.ihub/daksha/install/gesture_management/local/lib/python3.10/dist-packages/gesture_management/_gesture_management_s.ep.rosidl_typesupport_fastrtps_c.c
[3.215s] -- Up-to-date: /home/phy_ai/.ihub/daksha/install/gesture_management/local/lib/python3.10/dist-packages/gesture_management/__init__.py
[3.215s] -- Up-to-date: /home/phy_ai/.ihub/daksha/install/gesture_management/local/lib/python3.10/dist-packages/gesture_management/libgesture_management__rosidl_generator_py.so
[3.215s] -- Up-to-date: /home/phy_ai/.ihub/daksha/install/gesture_management/local/lib/python3.10/dist-packages/gesture_management/gesture_management_s__rosidl_typesupport_introspection_c.cpython-310-x86_64-linux-gnu.so
[3.215s] -- Up-to-date: /home/phy_ai/.ihub/daksha/install/gesture_management/local/lib/python3.10/dist-packages/gesture_management/gesture_management_s__rosidl_typesupport_fastrtps_c.cpython-310-x86_64-linux-gnu.so
[3.216s] -- Up-to-date: /home/phy_ai/.ihub/daksha/install/gesture_management/local/lib/python3.10/dist-packages/gesture_management/_gesture_management_s.ep.rosidl_typesupport_c.c
[3.216s] -- Up-to-date: /home/phy_ai/.ihub/daksha/install/gesture_management/local/lib/python3.10/dist-packages/gesture_management/gesture_management_s__rosidl_typesupport_c.cpython-310-x86_64-linux-gnu.so
[3.218s] Listing '/home/phy_ai/.ihub/daksha/install/gesture_management/local/lib/python3.10/dist-packages/gesture_management'...
[3.218s] Listing '/home/phy_ai/.ihub/daksha/install/gesture_management/local/lib/python3.10/dist-packages/gesture_management/srv'...
[3.218s] -- Up-to-date: /home/phy_ai/.ihub/daksha/install/gesture_management/local/lib/python3.10/dist-packages/gesture_management/gesture_management_s__rosidl_typesupport_fastrtps_c.cpython-310-x86_64-linux-gnu.so
[3.218s] -- Up-to-date: /home/phy_ai/.ihub/daksha/install/gesture_management/local/lib/python3.10/dist-packages/gesture_management/gesture_management_s__rosidl_typesupport_introspection_c.cpython-310-x86_64-linux-gnu.so
[3.218s] -- Up-to-date: /home/phy_ai/.ihub/daksha/install/gesture_management/local/lib/python3.10/dist-packages/gesture_management/gesture_management_s__rosidl_typesupport_c.cpython-310-x86_64-linux-gnu.so
[3.219s] -- Up-to-date: /home/phy_ai/.ihub/daksha/install/gesture_management/lib/libgesture_management__rosidl_generator_py.so
[3.219s] -- Up-to-date: /home/phy_ai/.ihub/daksha/install/gesture_management/share/ament_index/resource_index/rust_packages/gesture_management
[3.219s] -- Up-to-date: /home/phy_ai/.ihub/daksha/install/gesture_management/share/gesture_management/rust
[3.219s] -- Up-to-date: /home/phy_ai/.ihub/daksha/install/gesture_management/share/gesture_management/rust/build.rs
[3.219s] -- Up-to-date: /home/phy_ai/.ihub/daksha/install/gesture_management/share/gesture_management/rust/src
[3.219s] -- Up-to-date: /home/phy_ai/.ihub/daksha/install/gesture_management/share/gesture_management/rust/src/srv
[3.219s] -- Up-to-date: /home/phy_ai/.ihub/daksha/install/gesture_management/share/gesture_management/rust/src/srv/rmw.rs
[3.219s] -- Up-to-date: /home/phy_ai/.ihub/daksha/install/gesture_management/share/gesture_management/rust/src/lib.rs
[3.220s] -- Up-to-date: /home/phy_ai/.ihub/daksha/install/gesture_management/share/gesture_management/rust/src/srv.rs
[3.220s] -- Up-to-date: /home/phy_ai/.ihub/daksha/install/gesture_management/share/gesture_management/rust/Cargo.toml
[3.220s] -- Up-to-date: /home/phy_ai/.ihub/daksha/install/gesture_management/share/gesture_management/srv/StartRecording.idl
[3.220s] -- Up-to-date: /home/phy_ai/.ihub/daksha/install/gesture_management/share/gesture_management/srv/ReplayRecording.idl
[3.220s] -- Up-to-date: /home/phy_ai/.ihub/daksha/install/gesture_management/share/gesture_management/srv/PlayRecording.idl
[3.220s] -- Up-to-date: /home/phy_ai/.ihub/daksha/install/gesture_management/share/gesture_management/srv/PlaySequence.idl
[3.220s] -- Up-to-date: /home/phy_ai/.ihub/daksha/install/gesture_management/share/gesture_management/srv/SaveSequence.idl
[3.220s] -- Up-to-date: /home/phy_ai/.ihub/daksha/install/gesture_management/share/gesture_management/srv/DeleteSequence.idl
[3.221s] -- Up-to-date: /home/phy_ai/.ihub/daksha/install/gesture_management/share/gesture_management/srv/ListSequences.idl
[3.221s] -- Up-to-date: /home/phy_ai/.ihub/daksha/install/gesture_management/share/gesture_management/srv/GetReplayStatus.idl
[3.221s] -- Up-to-date: /home/phy_ai/.ihub/daksha/install/gesture_management/share/gesture_management/srv/StartRecording.srv
[3.221s] -- Up-to-date: /home/phy_ai/.ihub/daksha/install/gesture_management/share/gesture_management/srv/StartRecording_Request.msg
[3.221s] -- Up-to-date: /home/phy_ai/.ihub/daksha/install/gesture_management/share/gesture_management/srv/StartRecording_Response.msg
[3.221s] -- Up-to-date: /home/phy_ai/.ihub/daksha/install/gesture_management/share/gesture_management/srv/ReplayRecording.srv
[3.221s] -- Up-to-date: /home/phy_ai/.ihub/daksha/install/gesture_management/share/gesture_management/srv/ReplayRecording_Request.msg
[3.222s] -- Up-to-date: /home/phy_ai/.ihub/daksha/install/gesture_management/share/gesture_management/srv/ReplayRecording_Response.msg
[3.222s] -- Up-to-date: /home/phy_ai/.ihub/daksha/install/gesture_management/share/gesture_management/srv/PlayRecording.srv
[3.222s] -- Up-to-date: /home/phy_ai/.ihub/daksha/install/gesture_management/share/gesture_management/srv/PlayRecording_Request.msg
[3.222s] -- Up-to-date: /home/phy_ai/.ihub/daksha/install/gesture_management/share/gesture_management/srv/PlayRecording_Response.msg
[3.222s] -- Up-to-date: /home/phy_ai/.ihub/daksha/install/gesture_management/share/gesture_management/srv/PlaySequence.srv
[3.222s] -- Up-to-date: /home/phy_ai/.ihub/daksha/install/gesture_management/share/gesture_management/srv/PlaySequence_Request.msg
[3.223s] -- Up-to-date: /home/phy_ai/.ihub/daksha/install/gesture_management/share/gesture_management/srv/PlaySequence_Response.msg
[3.223s] -- Up-to-date: /home/phy_ai/.ihub/daksha/install/gesture_management/share/gesture_management/srv/SaveSequence.srv
[3.223s] -- Up-to-date: /home/phy_ai/.ihub/daksha/install/gesture_management/share/gesture_management/srv/SaveSequence_Request.msg
[3.223s] -- Up-to-date: /home/phy_ai/.ihub/daksha/install/gesture_management/share/gesture_management/srv/SaveSequence_Response.msg
[3.223s] -- Up-to-date: /home/phy_ai/.ihub/daksha/install/gesture_management/share/gesture_management/srv/DeleteSequence.srv
[3.223s] -- Up-to-date: /home/phy_ai/.ihub/daksha/install/gesture_management/share/gesture_management/srv/DeleteSequence_Request.msg
[3.223s] -- Up-to-date: /home/phy_ai/.ihub/daksha/install/gesture_management/share/gesture_management/srv/DeleteSequence_Response.msg
[3.224s] -- Up-to-date: /home/phy_ai/.ihub/daksha/install/gesture_management/share/gesture_management/srv/ListSequences.srv
[3.224s] -- Up-to-date: /home/phy_ai/.ihub/daksha/install/gesture_management/share/gesture_management/srv/ListSequences_Request.msg
[3.224s] -- Up-to-date: /home/phy_ai/.ihub/daksha/install/gesture_management/share/gesture_management/srv/ListSequences_Response.msg
[3.224s] -- Up-to-date: /home/phy_ai/.ihub/daksha/install/gesture_management/share/gesture_management/srv/GetReplayStatus.srv
[3.224s] -- Up-to-date: /home/phy_ai/.ihub/daksha/install/gesture_management/share/gesture_management/srv/GetReplayStatus_Request.msg
[3.225s] -- Up-to-date: /home/phy_ai/.ihub/daksha/install/gesture_management/share/gesture_management/srv/GetReplayStatus_Response.msg
[3.225s] -- Up-to-date: /home/phy_ai/.ihub/daksha/install/gesture_management/lib/gesture_management/recorder_server.py
[3.225s] -- Up-to-date: /home/phy_ai/.ihub/daksha/install/gesture_management/lib/gesture_management/replay_server.py
[3.225s] -- Up-to-date: /home/phy_ai/.ihub/daksha/install/gesture_management/lib/gesture_management/gesture_management_app.py
[3.225s] -- Up-to-date: /home/phy_ai/.ihub/daksha/install/gesture_management/share/gesture_management/launch
[3.225s] -- Up-to-date: /home/phy_ai/.ihub/daksha/install/gesture_management/share/gesture_management/launch/gesture_management.launch.py
[3.225s] -- Up-to-date: /home/phy_ai/.ihub/daksha/install/gesture_management/share/gesture_management/launch/__pycache__
[3.226s] -- Up-to-date: /home/phy_ai/.ihub/daksha/install/gesture_management/share/gesture_management/launch/__pycache__/gesture_management.launch.cpython-310.pyc
[3.226s] -- Up-to-date: /home/phy_ai/.ihub/daksha/install/gesture_management/share/gesture_management/config
[3.226s] -- Up-to-date: /home/phy_ai/.ihub/daksha/install/gesture_management/share/gesture_management/config/gesture_management_params.yaml
[3.226s] -- Up-to-date: /home/phy_ai/.ihub/daksha/install/gesture_management/share/gesture_management/recordings
[3.226s] -- Up-to-date: /home/phy_ai/.ihub/daksha/install/gesture_management/share/gesture_management/recordings/gesture_index.json
[3.226s] -- Up-to-date: /home/phy_ai/.ihub/daksha/install/gesture_management/share/gesture_management/recordings/hy.parquet
[3.227s] -- Up-to-date: /home/phy_ai/.ihub/daksha/install/gesture_management/lib/gesture_management/templates
[3.227s] -- Up-to-date: /home/phy_ai/.ihub/daksha/install/gesture_management/lib/gesture_management/templates/index.html
[3.227s] -- Up-to-date: /home/phy_ai/.ihub/daksha/install/gesture_management/lib/gesture_management/static
[3.227s] -- Up-to-date: /home/phy_ai/.ihub/daksha/install/gesture_management/lib/gesture_management/static/css
[3.227s] -- Up-to-date: /home/phy_ai/.ihub/daksha/install/gesture_management/lib/gesture_management/static/css/style.css
[3.227s] -- Up-to-date: /home/phy_ai/.ihub/daksha/install/gesture_management/lib/gesture_management/static/js
[3.228s] -- Up-to-date: /home/phy_ai/.ihub/daksha/install/gesture_management/lib/gesture_management/static/js/app.js
[3.228s] -- Up-to-date: /home/phy_ai/.ihub/daksha/install/gesture_management/share/ament_index/resource_index/package_run_dependencies/gesture_management
[3.228s] -- Up-to-date: /home/phy_ai/.ihub/daksha/install/gesture_management/share/ament_index/resource_index/parent_prefix_path/gesture_management
[3.228s] -- Up-to-date: /home/phy_ai/.ihub/daksha/install/gesture_management/share/gesture_management/environment/ament_prefix_path.sh
[3.228s] -- Up-to-date: /home/phy_ai/.ihub/daksha/install/gesture_management/share/gesture_management/environment/ament_prefix_path.dsv
[3.228s] -- Up-to-date: /home/phy_ai/.ihub/daksha/install/gesture_management/share/gesture_management/environment/path.sh
[3.228s] -- Up-to-date: /home/phy_ai/.ihub/daksha/install/gesture_management/share/gesture_management/environment/path.dsv
[3.229s] -- Up-to-date: /home/phy_ai/.ihub/daksha/install/gesture_management/share/gesture_management/local_setup.bash
[3.229s] -- Up-to-date: /home/phy_ai/.ihub/daksha/install/gesture_management/share/gesture_management/local_setup.sh
[3.229s] -- Up-to-date: /home/phy_ai/.ihub/daksha/install/gesture_management/share/gesture_management/local_setup.zsh
[3.229s] -- Up-to-date: /home/phy_ai/.ihub/daksha/install/gesture_management/share/gesture_management/local_setup.dsv
[3.229s] -- Installing: /home/phy_ai/.ihub/daksha/install/gesture_management/share/gesture_management/package.dsv
[3.229s] -- Up-to-date: /home/phy_ai/.ihub/daksha/install/gesture_management/share/ament_index/resource_index/packages/gesture_management
[3.230s] -- Up-to-date: /home/phy_ai/.ihub/daksha/install/gesture_management/share/gesture_management/cmake/export_gesture_management__rosidl_generator_cExport.cmake
[3.230s] -- Up-to-date: /home/phy_ai/.ihub/daksha/install/gesture_management/share/gesture_management/cmake/export_gesture_management__rosidl_generator_cExport-noconfig.cmake
[3.230s] -- Up-to-date: /home/phy_ai/.ihub/daksha/install/gesture_management/share/gesture_management/cmake/export_gesture_management__rosidl_typesupport_fastrtps_cExport.cmake
[3.230s] -- Up-to-date: /home/phy_ai/.ihub/daksha/install/gesture_management/share/gesture_management/cmake/export_gesture_management__rosidl_typesupport_fastrtps_cExport-noconfig.cmake
[3.230s] -- Up-to-date: /home/phy_ai/.ihub/daksha/install/gesture_management/share/gesture_management/cmake/export_gesture_management__rosidl_generator_cppExport.cmake
[3.230s] -- Up-to-date: /home/phy_ai/.ihub/daksha/install/gesture_management/share/gesture_management/cmake/export_gesture_management__rosidl_typesupport_fastrtps_cppExport.cmake
[3.231s] -- Up-to-date: /home/phy_ai/.ihub/daksha/install/gesture_management/share/gesture_management/cmake/export_gesture_management__rosidl_typesupport_fastrtps_cppExport-noconfig.cmake
[3.231s] -- Up-to-date: /home/phy_ai/.ihub/daksha/install/gesture_management/share/gesture_management/cmake/gesture_management__rosidl_typesupport_introspection_cExport.cmake
[3.231s] -- Up-to-date: /home/phy_ai/.ihub/daksha/install/gesture_management/share/gesture_management/cmake/gesture_management__rosidl_typesupport_introspection_cExport-noconfig.cmake
[3.231s] -- Up-to-date: /home/phy_ai/.ihub/daksha/install/gesture_management/share/gesture_management/cmake/gesture_management__rosidl_typesupport_cExport.cmake
[3.231s] -- Up-to-date: /home/phy_ai/.ihub/daksha/install/gesture_management/share/gesture_management/cmake/gesture_management__rosidl_typesupport_cExport-noconfig.cmake
[3.231s] -- Up-to-date: /home/phy_ai/.ihub/daksha/install/gesture_management/share/gesture_management/cmake/gesture_management__rosidl_typesupport_introspection_cppExport.cmake
[3.231s] -- Up-to-date: /home/phy_ai/.ihub/daksha/install/gesture_management/share/gesture_management/cmake/gesture_management__rosidl_typesupport_introspection_cppExport-noconfig.cmake
[3.231s] -- Up-to-date: /home/phy_ai/.ihub/daksha/install/gesture_management/share/gesture_management/cmake/gesture_management__rosidl_typesupport_cppExport.cmake
[3.232s] -- Up-to-date: /home/phy_ai/.ihub/daksha/install/gesture_management/share/gesture_management/cmake/gesture_management__rosidl_typesupport_cppExport-noconfig.cmake
[3.232s] -- Up-to-date: /home/phy_ai/.ihub/daksha/install/gesture_management/share/gesture_management/cmake/export_gesture_management__rosidl_generator_pyExport.cmake
[3.232s] -- Up-to-date: /home/phy_ai/.ihub/daksha/install/gesture_management/share/gesture_management/cmake/export_gesture_management__rosidl_generator_pyExport-noconfig.cmake
[3.232s] -- Up-to-date: /home/phy_ai/.ihub/daksha/install/gesture_management/share/gesture_management/cmake/rosidl_cmake-extras.cmake
[3.232s] -- Up-to-date: /home/phy_ai/.ihub/daksha/install/gesture_management/share/gesture_management/cmake/ament_cmake_export_include_directories-extras.cmake
[3.232s] -- Up-to-date: /home/phy_ai/.ihub/daksha/install/gesture_management/share/gesture_management/cmake/ament_cmake_export_libraries-extras.cmake
[3.232s] -- Up-to-date: /home/phy_ai/.ihub/daksha/install/gesture_management/share/gesture_management/cmake/ament_cmake_export_targets-extras.cmake
[3.233s] -- Up-to-date: /home/phy_ai/.ihub/daksha/install/gesture_management/share/gesture_management/cmake/rosidl_cmake_export_typesupport_targets-extras.cmake
[3.233s] -- Up-to-date: /home/phy_ai/.ihub/daksha/install/gesture_management/share/gesture_management/cmake/ament_cmake_export_dependencies-extras.cmake
[3.233s] -- Up-to-date: /home/phy_ai/.ihub/daksha/install/gesture_management/share/gesture_management/cmake/rosidl_cmake_export_typesupport_libraries-extras.cmake
[3.233s] -- Up-to-date: /home/phy_ai/.ihub/daksha/install/gesture_management/share/gesture_management/cmake/rosidl_cmake_aggregate_target-extras.cmake
[3.233s] -- Up-to-date: /home/phy_ai/.ihub/daksha/install/gesture_management/share/gesture_management/cmake/gesture_managementConfig.cmake
[3.234s] -- Up-to-date: /home/phy_ai/.ihub/daksha/install/gesture_management/share/gesture_management/cmake/gesture_managementConfig-version.cmake
[3.234s] -- Up-to-date: /home/phy_ai/.ihub/daksha/install/gesture_management/share/gesture_management/package.xml
[3.383s] Invoked command in '/home/phy_ai/.ihub/daksha/build/gesture_management' returned '0': CMAKE_PREFIX_PATH=${CMAKE_PREFIX_PATH}:/home/phy_ai/.ihub/daksha/install/world_camera_launch:/home/phy_ai/.ihub/daksha/install/motortest:/home/phy_ai/.ihub/daksha/install/gen2:/home/phy_ai/.ihub/daksha/install/vr_teleop:/home/phy_ai/.ihub/daksha/install/vajara:/home/phy_ai/.ihub/daksha/install/ros_tcp_endpoint:/home/phy_ai/.ihub/daksha/install/kinematics:/home/phy_ai/.ihub/daksha/install/joint_cmd_logger:/home/phy_ai/.ihub/daksha/install/joint_analyzer:/home/phy_ai/.ihub/daksha/install/daksha_data_collection:/home/phy_ai/.ihub/daksha/install/gen2_leader:/home/phy_ai/.ihub/daksha/install/daksha_final_urdf_description:/home/phy_ai/.ihub/daksha/install/daksha_description_full_body:/home/phy_ai/.ihub/daksha/install/daksha_api_bridge_leader:/home/phy_ai/.ihub/daksha/install/daksha_api_bridge_follower:/home/phy_ai/.barani/gen2_full/install/world_camera_launch:/home/phy_ai/.barani/gen2_full/install/gen2:/home/phy_ai/.barani/gen2_full/install/vr_teleop:/home/phy_ai/.barani/gen2_full/install/ros_tcp_endpoint:/home/phy_ai/.barani/gen2_full/install/nav_bringup:/home/phy_ai/.barani/gen2_full/install/nav2_config:/home/phy_ai/.barani/gen2_full/install/kinematics:/home/phy_ai/.barani/gen2_full/install/joint_cmd_logger:/home/phy_ai/.barani/gen2_full/install/joint_analyzer:/home/phy_ai/.barani/gen2_full/install/daksha_data_collection:/home/phy_ai/.barani/gen2_full/install/gen2_leader:/home/phy_ai/.barani/gen2_full/install/amr_bringup:/home/phy_ai/.barani/gen2_full/install/daksha_final_urdf_description:/home/phy_ai/.barani/gen2_full/install/daksha_description_full_body:/home/phy_ai/.barani/gen2_full/install/daksha_base_urdf:/home/phy_ai/.barani/gen2_full/install/daksha_api_bridge_leader:/home/phy_ai/.barani/gen2_full/install/daksha_api_bridge_follower:/opt/ros/humble /usr/bin/cmake --install /home/phy_ai/.ihub/daksha/build/gesture_management
