/home/phy_ai/.ihub/daksha/install/daksha_description_full_body/lib/python3.10/site-packages/daksha_description_full_body/__init__.py
/home/phy_ai/.ihub/daksha/install/daksha_description_full_body/lib/python3.10/site-packages/daksha_description_full_body/__pycache__/__init__.cpython-310.pyc
/home/phy_ai/.ihub/daksha/install/daksha_description_full_body/share/ament_index/resource_index/packages/daksha_description_full_body
/home/phy_ai/.ihub/daksha/install/daksha_description_full_body/share/daksha_description_full_body/package.xml
/home/phy_ai/.ihub/daksha/install/daksha_description_full_body/share/daksha_description_full_body/launch/display.launch.py
/home/phy_ai/.ihub/daksha/install/daksha_description_full_body/share/daksha_description_full_body/launch/display_xacro.launch.py
/home/phy_ai/.ihub/daksha/install/daksha_description_full_body/share/daksha_description_full_body/urdf/robot_collision.urdf
/home/phy_ai/.ihub/daksha/install/daksha_description_full_body/share/daksha_description_full_body/urdf/robot.urdf
/home/phy_ai/.ihub/daksha/install/daksha_description_full_body/share/daksha_description_full_body/srdf/daksha.srdf
/home/phy_ai/.ihub/daksha/install/daksha_description_full_body/share/daksha_description_full_body/meshes/left_link_2.stl
/home/phy_ai/.ihub/daksha/install/daksha_description_full_body/share/daksha_description_full_body/meshes/left_gripper_mount.stl
/home/phy_ai/.ihub/daksha/install/daksha_description_full_body/share/daksha_description_full_body/meshes/left_link_4.stl
/home/phy_ai/.ihub/daksha/install/daksha_description_full_body/share/daksha_description_full_body/meshes/left_link_8.stl
/home/phy_ai/.ihub/daksha/install/daksha_description_full_body/share/daksha_description_full_body/meshes/right_link_5.stl
/home/phy_ai/.ihub/daksha/install/daksha_description_full_body/share/daksha_description_full_body/meshes/right_left_finger.stl
/home/phy_ai/.ihub/daksha/install/daksha_description_full_body/share/daksha_description_full_body/meshes/wheel_base.stl
/home/phy_ai/.ihub/daksha/install/daksha_description_full_body/share/daksha_description_full_body/meshes/left_link_3.stl
/home/phy_ai/.ihub/daksha/install/daksha_description_full_body/share/daksha_description_full_body/meshes/base_link.stl
/home/phy_ai/.ihub/daksha/install/daksha_description_full_body/share/daksha_description_full_body/meshes/left_link_5.stl
/home/phy_ai/.ihub/daksha/install/daksha_description_full_body/share/daksha_description_full_body/meshes/right_link_7.stl
/home/phy_ai/.ihub/daksha/install/daksha_description_full_body/share/daksha_description_full_body/meshes/right_link_1.stl
/home/phy_ai/.ihub/daksha/install/daksha_description_full_body/share/daksha_description_full_body/meshes/right_gripper_mount.stl
/home/phy_ai/.ihub/daksha/install/daksha_description_full_body/share/daksha_description_full_body/meshes/left_left_finger_.stl
/home/phy_ai/.ihub/daksha/install/daksha_description_full_body/share/daksha_description_full_body/meshes/right_link_2.stl
/home/phy_ai/.ihub/daksha/install/daksha_description_full_body/share/daksha_description_full_body/meshes/right_link_4.stl
/home/phy_ai/.ihub/daksha/install/daksha_description_full_body/share/daksha_description_full_body/meshes/right_link_8.stl
/home/phy_ai/.ihub/daksha/install/daksha_description_full_body/share/daksha_description_full_body/meshes/right_link_3.stl
/home/phy_ai/.ihub/daksha/install/daksha_description_full_body/share/daksha_description_full_body/meshes/right_link_6.stl
/home/phy_ai/.ihub/daksha/install/daksha_description_full_body/share/daksha_description_full_body/meshes/left_link_7.stl
/home/phy_ai/.ihub/daksha/install/daksha_description_full_body/share/daksha_description_full_body/meshes/right_right_finger.stl
/home/phy_ai/.ihub/daksha/install/daksha_description_full_body/share/daksha_description_full_body/meshes/left_right_finger.stl
/home/phy_ai/.ihub/daksha/install/daksha_description_full_body/share/daksha_description_full_body/meshes/left_link_1.stl
/home/phy_ai/.ihub/daksha/install/daksha_description_full_body/share/daksha_description_full_body/meshes/left_link_6.stl
/home/phy_ai/.ihub/daksha/install/daksha_description_full_body/share/daksha_description_full_body/config
/home/phy_ai/.ihub/daksha/install/daksha_description_full_body/lib/python3.10/site-packages/daksha_description_full_body-0.0.0-py3.10.egg-info/SOURCES.txt
/home/phy_ai/.ihub/daksha/install/daksha_description_full_body/lib/python3.10/site-packages/daksha_description_full_body-0.0.0-py3.10.egg-info/zip-safe
/home/phy_ai/.ihub/daksha/install/daksha_description_full_body/lib/python3.10/site-packages/daksha_description_full_body-0.0.0-py3.10.egg-info/top_level.txt
/home/phy_ai/.ihub/daksha/install/daksha_description_full_body/lib/python3.10/site-packages/daksha_description_full_body-0.0.0-py3.10.egg-info/entry_points.txt
/home/phy_ai/.ihub/daksha/install/daksha_description_full_body/lib/python3.10/site-packages/daksha_description_full_body-0.0.0-py3.10.egg-info/PKG-INFO
/home/phy_ai/.ihub/daksha/install/daksha_description_full_body/lib/python3.10/site-packages/daksha_description_full_body-0.0.0-py3.10.egg-info/requires.txt
/home/phy_ai/.ihub/daksha/install/daksha_description_full_body/lib/python3.10/site-packages/daksha_description_full_body-0.0.0-py3.10.egg-info/dependency_links.txt
