[7.804s] Invoking command in '/home/phy_ai/.ihub/daksha/src/global/daksha_api_bridge_leader': PYTHONPATH=/home/phy_ai/.ihub/daksha/build/daksha_api_bridge_leader/prefix_override:/usr/lib/python3/dist-packages/colcon_core/task/python/colcon_distutils_commands:/home/phy_ai/.ihub/daksha/install/daksha_api_bridge_leader/lib/python3.10/site-packages:${PYTHONPATH} /usr/bin/python3 -W ignore:setup.py install is deprecated -W ignore:easy_install command is deprecated setup.py egg_info --egg-base ../../../build/daksha_api_bridge_leader build --build-base /home/phy_ai/.ihub/daksha/build/daksha_api_bridge_leader/build install --record /home/phy_ai/.ihub/daksha/build/daksha_api_bridge_leader/install.log --install-scripts $base/lib/daksha_api_bridge_leader --single-version-externally-managed install_data
[8.563s] running egg_info
[8.564s] writing ../../../build/daksha_api_bridge_leader/daksha_api_bridge_leader.egg-info/PKG-INFO
[8.564s] writing dependency_links to ../../../build/daksha_api_bridge_leader/daksha_api_bridge_leader.egg-info/dependency_links.txt
[8.565s] writing entry points to ../../../build/daksha_api_bridge_leader/daksha_api_bridge_leader.egg-info/entry_points.txt
[8.565s] writing requirements to ../../../build/daksha_api_bridge_leader/daksha_api_bridge_leader.egg-info/requires.txt
[8.567s] writing top-level names to ../../../build/daksha_api_bridge_leader/daksha_api_bridge_leader.egg-info/top_level.txt
[8.570s] reading manifest file '../../../build/daksha_api_bridge_leader/daksha_api_bridge_leader.egg-info/SOURCES.txt'
[8.573s] writing manifest file '../../../build/daksha_api_bridge_leader/daksha_api_bridge_leader.egg-info/SOURCES.txt'
[8.575s] running build
[8.575s] running build_py
[8.575s] running install
[8.575s] running install_lib
[8.580s] running install_data
[8.581s] running install_egg_info
[8.588s] removing '/home/phy_ai/.ihub/daksha/install/daksha_api_bridge_leader/lib/python3.10/site-packages/daksha_api_bridge_leader-0.0.0-py3.10.egg-info' (and everything under it)
[8.591s] Copying ../../../build/daksha_api_bridge_leader/daksha_api_bridge_leader.egg-info to /home/phy_ai/.ihub/daksha/install/daksha_api_bridge_leader/lib/python3.10/site-packages/daksha_api_bridge_leader-0.0.0-py3.10.egg-info
[8.594s] running install_scripts
[8.677s] Installing camera_subscriber script to /home/phy_ai/.ihub/daksha/install/daksha_api_bridge_leader/lib/daksha_api_bridge_leader
[8.677s] Installing joint_cmd_api_publisher script to /home/phy_ai/.ihub/daksha/install/daksha_api_bridge_leader/lib/daksha_api_bridge_leader
[8.677s] Installing joint_states_api_subscriber script to /home/phy_ai/.ihub/daksha/install/daksha_api_bridge_leader/lib/daksha_api_bridge_leader
[8.684s] writing list of installed files to '/home/phy_ai/.ihub/daksha/build/daksha_api_bridge_leader/install.log'
[8.808s] Invoked command in '/home/phy_ai/.ihub/daksha/src/global/daksha_api_bridge_leader' returned '0': PYTHONPATH=/home/phy_ai/.ihub/daksha/build/daksha_api_bridge_leader/prefix_override:/usr/lib/python3/dist-packages/colcon_core/task/python/colcon_distutils_commands:/home/phy_ai/.ihub/daksha/install/daksha_api_bridge_leader/lib/python3.10/site-packages:${PYTHONPATH} /usr/bin/python3 -W ignore:setup.py install is deprecated -W ignore:easy_install command is deprecated setup.py egg_info --egg-base ../../../build/daksha_api_bridge_leader build --build-base /home/phy_ai/.ihub/daksha/build/daksha_api_bridge_leader/build install --record /home/phy_ai/.ihub/daksha/build/daksha_api_bridge_leader/install.log --install-scripts $base/lib/daksha_api_bridge_leader --single-version-externally-managed install_data
