/home/phy_ai/.ihub/daksha/install/motor_configure/lib/python3.10/site-packages/motor_configure/motor_web.py
/home/phy_ai/.ihub/daksha/install/motor_configure/lib/python3.10/site-packages/motor_configure/motor_driver.py
/home/phy_ai/.ihub/daksha/install/motor_configure/lib/python3.10/site-packages/motor_configure/__init__.py
/home/phy_ai/.ihub/daksha/install/motor_configure/lib/python3.10/site-packages/motor_configure/main.py
/home/phy_ai/.ihub/daksha/install/motor_configure/lib/python3.10/site-packages/motor_configure/static/index.html
/home/phy_ai/.ihub/daksha/install/motor_configure/lib/python3.10/site-packages/motor_configure/__pycache__/motor_web.cpython-310.pyc
/home/phy_ai/.ihub/daksha/install/motor_configure/lib/python3.10/site-packages/motor_configure/__pycache__/motor_driver.cpython-310.pyc
/home/phy_ai/.ihub/daksha/install/motor_configure/lib/python3.10/site-packages/motor_configure/__pycache__/__init__.cpython-310.pyc
/home/phy_ai/.ihub/daksha/install/motor_configure/lib/python3.10/site-packages/motor_configure/__pycache__/main.cpython-310.pyc
/home/phy_ai/.ihub/daksha/install/motor_configure/share/ament_index/resource_index/packages/motor_configure
/home/phy_ai/.ihub/daksha/install/motor_configure/share/motor_configure/package.xml
/home/phy_ai/.ihub/daksha/install/motor_configure/share/motor_configure/launch/motor_configure.launch.py
/home/phy_ai/.ihub/daksha/install/motor_configure/lib/python3.10/site-packages/motor_configure-0.0.1-py3.10.egg-info/SOURCES.txt
/home/phy_ai/.ihub/daksha/install/motor_configure/lib/python3.10/site-packages/motor_configure-0.0.1-py3.10.egg-info/zip-safe
/home/phy_ai/.ihub/daksha/install/motor_configure/lib/python3.10/site-packages/motor_configure-0.0.1-py3.10.egg-info/top_level.txt
/home/phy_ai/.ihub/daksha/install/motor_configure/lib/python3.10/site-packages/motor_configure-0.0.1-py3.10.egg-info/entry_points.txt
/home/phy_ai/.ihub/daksha/install/motor_configure/lib/python3.10/site-packages/motor_configure-0.0.1-py3.10.egg-info/PKG-INFO
/home/phy_ai/.ihub/daksha/install/motor_configure/lib/python3.10/site-packages/motor_configure-0.0.1-py3.10.egg-info/requires.txt
/home/phy_ai/.ihub/daksha/install/motor_configure/lib/python3.10/site-packages/motor_configure-0.0.1-py3.10.egg-info/dependency_links.txt
/home/phy_ai/.ihub/daksha/install/motor_configure/lib/motor_configure/motor_configure
