[2.337s] Invoking command in '/home/phy_ai/.ihub/daksha/src/diagnosis/vajara': PYTHONPATH=/home/phy_ai/.ihub/daksha/build/vajara/prefix_override:/usr/lib/python3/dist-packages/colcon_core/task/python/colcon_distutils_commands:/home/phy_ai/.ihub/daksha/install/vajara/lib/python3.10/site-packages:${PYTHONPATH} /usr/bin/python3 -W ignore:setup.py install is deprecated -W ignore:easy_install command is deprecated setup.py egg_info --egg-base ../../../build/vajara build --build-base /home/phy_ai/.ihub/daksha/build/vajara/build install --record /home/phy_ai/.ihub/daksha/build/vajara/install.log --install-scripts $base/lib/vajara --single-version-externally-managed install_data
[2.692s] running egg_info
[2.693s] writing ../../../build/vajara/vajara.egg-info/PKG-INFO
[2.693s] writing dependency_links to ../../../build/vajara/vajara.egg-info/dependency_links.txt
[2.693s] writing entry points to ../../../build/vajara/vajara.egg-info/entry_points.txt
[2.694s] writing requirements to ../../../build/vajara/vajara.egg-info/requires.txt
[2.694s] writing top-level names to ../../../build/vajara/vajara.egg-info/top_level.txt
[2.696s] reading manifest file '../../../build/vajara/vajara.egg-info/SOURCES.txt'
[2.697s] writing manifest file '../../../build/vajara/vajara.egg-info/SOURCES.txt'
[2.697s] running build
[2.697s] running build_py
[2.698s] running install
[2.698s] running install_lib
[2.700s] running install_data
[2.701s] running install_egg_info
[2.703s] removing '/home/phy_ai/.ihub/daksha/install/vajara/lib/python3.10/site-packages/vajara-0.0.0-py3.10.egg-info' (and everything under it)
[2.704s] Copying ../../../build/vajara/vajara.egg-info to /home/phy_ai/.ihub/daksha/install/vajara/lib/python3.10/site-packages/vajara-0.0.0-py3.10.egg-info
[2.705s] running install_scripts
[2.730s] Installing power_monitor_node script to /home/phy_ai/.ihub/daksha/install/vajara/lib/vajara
[2.731s] writing list of installed files to '/home/phy_ai/.ihub/daksha/build/vajara/install.log'
[2.788s] Invoked command in '/home/phy_ai/.ihub/daksha/src/diagnosis/vajara' returned '0': PYTHONPATH=/home/phy_ai/.ihub/daksha/build/vajara/prefix_override:/usr/lib/python3/dist-packages/colcon_core/task/python/colcon_distutils_commands:/home/phy_ai/.ihub/daksha/install/vajara/lib/python3.10/site-packages:${PYTHONPATH} /usr/bin/python3 -W ignore:setup.py install is deprecated -W ignore:easy_install command is deprecated setup.py egg_info --egg-base ../../../build/vajara build --build-base /home/phy_ai/.ihub/daksha/build/vajara/build install --record /home/phy_ai/.ihub/daksha/build/vajara/install.log --install-scripts $base/lib/vajara --single-version-externally-managed install_data
