[3.944s] Invoking command in '/home/phy_ai/.ihub/daksha/src/diagnosis/vajara': PYTHONPATH=/home/phy_ai/.ihub/daksha/build/vajara/prefix_override:/usr/lib/python3/dist-packages/colcon_core/task/python/colcon_distutils_commands:/home/phy_ai/.ihub/daksha/install/vajara/lib/python3.10/site-packages:${PYTHONPATH} /usr/bin/python3 -W ignore:setup.py install is deprecated -W ignore:easy_install command is deprecated setup.py egg_info --egg-base ../../../build/vajara build --build-base /home/phy_ai/.ihub/daksha/build/vajara/build install --record /home/phy_ai/.ihub/daksha/build/vajara/install.log --install-scripts $base/lib/vajara --single-version-externally-managed install_data
[4.549s] running egg_info
[4.549s] writing ../../../build/vajara/vajara.egg-info/PKG-INFO
[4.549s] writing dependency_links to ../../../build/vajara/vajara.egg-info/dependency_links.txt
[4.550s] writing entry points to ../../../build/vajara/vajara.egg-info/entry_points.txt
[4.550s] writing requirements to ../../../build/vajara/vajara.egg-info/requires.txt
[4.550s] writing top-level names to ../../../build/vajara/vajara.egg-info/top_level.txt
[4.557s] reading manifest file '../../../build/vajara/vajara.egg-info/SOURCES.txt'
[4.557s] writing manifest file '../../../build/vajara/vajara.egg-info/SOURCES.txt'
[4.557s] running build
[4.557s] running build_py
[4.560s] running install
[4.560s] running install_lib
[4.563s] running install_data
[4.565s] running install_egg_info
[4.571s] removing '/home/phy_ai/.ihub/daksha/install/vajara/lib/python3.10/site-packages/vajara-0.0.0-py3.10.egg-info' (and everything under it)
[4.572s] Copying ../../../build/vajara/vajara.egg-info to /home/phy_ai/.ihub/daksha/install/vajara/lib/python3.10/site-packages/vajara-0.0.0-py3.10.egg-info
[4.572s] running install_scripts
[4.625s] Installing power_monitor_node script to /home/phy_ai/.ihub/daksha/install/vajara/lib/vajara
[4.626s] writing list of installed files to '/home/phy_ai/.ihub/daksha/build/vajara/install.log'
[4.742s] Invoked command in '/home/phy_ai/.ihub/daksha/src/diagnosis/vajara' returned '0': PYTHONPATH=/home/phy_ai/.ihub/daksha/build/vajara/prefix_override:/usr/lib/python3/dist-packages/colcon_core/task/python/colcon_distutils_commands:/home/phy_ai/.ihub/daksha/install/vajara/lib/python3.10/site-packages:${PYTHONPATH} /usr/bin/python3 -W ignore:setup.py install is deprecated -W ignore:easy_install command is deprecated setup.py egg_info --egg-base ../../../build/vajara build --build-base /home/phy_ai/.ihub/daksha/build/vajara/build install --record /home/phy_ai/.ihub/daksha/build/vajara/install.log --install-scripts $base/lib/vajara --single-version-externally-managed install_data
