-- Install configuration: ""
-- Up-to-date: /home/phy_ai/.ihub/daksha/install/web_nav_site/lib/web_nav_site/server.py
-- Up-to-date: /home/phy_ai/.ihub/daksha/install/web_nav_site/lib/web_nav_site/static
-- Up-to-date: /home/phy_ai/.ihub/daksha/install/web_nav_site/lib/web_nav_site/static/vendor
-- Up-to-date: /home/phy_ai/.ihub/daksha/install/web_nav_site/lib/web_nav_site/static/vendor/three.min.js
-- Up-to-date: /home/phy_ai/.ihub/daksha/install/web_nav_site/lib/web_nav_site/static/vendor/OrbitControls.js
-- Up-to-date: /home/phy_ai/.ihub/daksha/install/web_nav_site/lib/web_nav_site/static/vendor/STLLoader.js
-- Up-to-date: /home/phy_ai/.ihub/daksha/install/web_nav_site/lib/web_nav_site/static/index.html
-- Up-to-date: /home/phy_ai/.ihub/daksha/install/web_nav_site/lib/web_nav_site/config
-- Up-to-date: /home/phy_ai/.ihub/daksha/install/web_nav_site/lib/web_nav_site/config/missions.json
-- Up-to-date: /home/phy_ai/.ihub/daksha/install/web_nav_site/lib/web_nav_site/config/waypoints.json
-- Up-to-date: /home/phy_ai/.ihub/daksha/install/web_nav_site/lib/web_nav_site/config/topics.json
-- Up-to-date: /home/phy_ai/.ihub/daksha/install/web_nav_site/share/web_nav_site/launch
-- Up-to-date: /home/phy_ai/.ihub/daksha/install/web_nav_site/share/web_nav_site/launch/web_nav_site.launch.py
-- Up-to-date: /home/phy_ai/.ihub/daksha/install/web_nav_site/share/ament_index/resource_index/package_run_dependencies/web_nav_site
-- Up-to-date: /home/phy_ai/.ihub/daksha/install/web_nav_site/share/ament_index/resource_index/parent_prefix_path/web_nav_site
-- Up-to-date: /home/phy_ai/.ihub/daksha/install/web_nav_site/share/web_nav_site/environment/ament_prefix_path.sh
-- Up-to-date: /home/phy_ai/.ihub/daksha/install/web_nav_site/share/web_nav_site/environment/ament_prefix_path.dsv
-- Up-to-date: /home/phy_ai/.ihub/daksha/install/web_nav_site/share/web_nav_site/environment/path.sh
-- Up-to-date: /home/phy_ai/.ihub/daksha/install/web_nav_site/share/web_nav_site/environment/path.dsv
-- Up-to-date: /home/phy_ai/.ihub/daksha/install/web_nav_site/share/web_nav_site/local_setup.bash
-- Up-to-date: /home/phy_ai/.ihub/daksha/install/web_nav_site/share/web_nav_site/local_setup.sh
-- Up-to-date: /home/phy_ai/.ihub/daksha/install/web_nav_site/share/web_nav_site/local_setup.zsh
-- Up-to-date: /home/phy_ai/.ihub/daksha/install/web_nav_site/share/web_nav_site/local_setup.dsv
-- Up-to-date: /home/phy_ai/.ihub/daksha/install/web_nav_site/share/web_nav_site/package.dsv
-- Up-to-date: /home/phy_ai/.ihub/daksha/install/web_nav_site/share/ament_index/resource_index/packages/web_nav_site
-- Up-to-date: /home/phy_ai/.ihub/daksha/install/web_nav_site/share/web_nav_site/cmake/web_nav_siteConfig.cmake
-- Up-to-date: /home/phy_ai/.ihub/daksha/install/web_nav_site/share/web_nav_site/cmake/web_nav_siteConfig-version.cmake
-- Up-to-date: /home/phy_ai/.ihub/daksha/install/web_nav_site/share/web_nav_site/package.xml
