running egg_info
creating ../../../build/joint_analyzer/joint_analyzer.egg-info
writing ../../../build/joint_analyzer/joint_analyzer.egg-info/PKG-INFO
writing dependency_links to ../../../build/joint_analyzer/joint_analyzer.egg-info/dependency_links.txt
writing entry points to ../../../build/joint_analyzer/joint_analyzer.egg-info/entry_points.txt
writing requirements to ../../../build/joint_analyzer/joint_analyzer.egg-info/requires.txt
writing top-level names to ../../../build/joint_analyzer/joint_analyzer.egg-info/top_level.txt
writing manifest file '../../../build/joint_analyzer/joint_analyzer.egg-info/SOURCES.txt'
reading manifest file '../../../build/joint_analyzer/joint_analyzer.egg-info/SOURCES.txt'
writing manifest file '../../../build/joint_analyzer/joint_analyzer.egg-info/SOURCES.txt'
running build
running build_py
creating /home/phy_ai/.ihub/daksha/build/joint_analyzer/build
creating /home/phy_ai/.ihub/daksha/build/joint_analyzer/build/lib
creating /home/phy_ai/.ihub/daksha/build/joint_analyzer/build/lib/joint_analyzer
copying joint_analyzer/server.py -> /home/phy_ai/.ihub/daksha/build/joint_analyzer/build/lib/joint_analyzer
copying joint_analyzer/check_diffs.py -> /home/phy_ai/.ihub/daksha/build/joint_analyzer/build/lib/joint_analyzer
copying joint_analyzer/plot_server.py -> /home/phy_ai/.ihub/daksha/build/joint_analyzer/build/lib/joint_analyzer
copying joint_analyzer/verify_mapping.py -> /home/phy_ai/.ihub/daksha/build/joint_analyzer/build/lib/joint_analyzer
copying joint_analyzer/__init__.py -> /home/phy_ai/.ihub/daksha/build/joint_analyzer/build/lib/joint_analyzer
copying joint_analyzer/diagnose_qos.py -> /home/phy_ai/.ihub/daksha/build/joint_analyzer/build/lib/joint_analyzer
copying joint_analyzer/recorder.py -> /home/phy_ai/.ihub/daksha/build/joint_analyzer/build/lib/joint_analyzer
copying joint_analyzer/utils.py -> /home/phy_ai/.ihub/daksha/build/joint_analyzer/build/lib/joint_analyzer
copying joint_analyzer/ros_interface.py -> /home/phy_ai/.ihub/daksha/build/joint_analyzer/build/lib/joint_analyzer
creating /home/phy_ai/.ihub/daksha/build/joint_analyzer/build/lib/joint_analyzer/templates
copying joint_analyzer/templates/__init__.py -> /home/phy_ai/.ihub/daksha/build/joint_analyzer/build/lib/joint_analyzer/templates
creating /home/phy_ai/.ihub/daksha/build/joint_analyzer/build/lib/joint_analyzer/static
copying joint_analyzer/static/__init__.py -> /home/phy_ai/.ihub/daksha/build/joint_analyzer/build/lib/joint_analyzer/static
copying joint_analyzer/templates/plot.html -> /home/phy_ai/.ihub/daksha/build/joint_analyzer/build/lib/joint_analyzer/templates
copying joint_analyzer/templates/index.html -> /home/phy_ai/.ihub/daksha/build/joint_analyzer/build/lib/joint_analyzer/templates
copying joint_analyzer/static/app.js -> /home/phy_ai/.ihub/daksha/build/joint_analyzer/build/lib/joint_analyzer/static
copying joint_analyzer/static/plot.js -> /home/phy_ai/.ihub/daksha/build/joint_analyzer/build/lib/joint_analyzer/static
copying joint_analyzer/static/style.css -> /home/phy_ai/.ihub/daksha/build/joint_analyzer/build/lib/joint_analyzer/static
copying joint_analyzer/static/plot.css -> /home/phy_ai/.ihub/daksha/build/joint_analyzer/build/lib/joint_analyzer/static
running install
running install_lib
creating /home/phy_ai/.ihub/daksha/install/joint_analyzer/lib/python3.10/site-packages/joint_analyzer
copying /home/phy_ai/.ihub/daksha/build/joint_analyzer/build/lib/joint_analyzer/server.py -> /home/phy_ai/.ihub/daksha/install/joint_analyzer/lib/python3.10/site-packages/joint_analyzer
copying /home/phy_ai/.ihub/daksha/build/joint_analyzer/build/lib/joint_analyzer/check_diffs.py -> /home/phy_ai/.ihub/daksha/install/joint_analyzer/lib/python3.10/site-packages/joint_analyzer
copying /home/phy_ai/.ihub/daksha/build/joint_analyzer/build/lib/joint_analyzer/plot_server.py -> /home/phy_ai/.ihub/daksha/install/joint_analyzer/lib/python3.10/site-packages/joint_analyzer
copying /home/phy_ai/.ihub/daksha/build/joint_analyzer/build/lib/joint_analyzer/verify_mapping.py -> /home/phy_ai/.ihub/daksha/install/joint_analyzer/lib/python3.10/site-packages/joint_analyzer
creating /home/phy_ai/.ihub/daksha/install/joint_analyzer/lib/python3.10/site-packages/joint_analyzer/templates
copying /home/phy_ai/.ihub/daksha/build/joint_analyzer/build/lib/joint_analyzer/templates/plot.html -> /home/phy_ai/.ihub/daksha/install/joint_analyzer/lib/python3.10/site-packages/joint_analyzer/templates
copying /home/phy_ai/.ihub/daksha/build/joint_analyzer/build/lib/joint_analyzer/templates/__init__.py -> /home/phy_ai/.ihub/daksha/install/joint_analyzer/lib/python3.10/site-packages/joint_analyzer/templates
copying /home/phy_ai/.ihub/daksha/build/joint_analyzer/build/lib/joint_analyzer/templates/index.html -> /home/phy_ai/.ihub/daksha/install/joint_analyzer/lib/python3.10/site-packages/joint_analyzer/templates
copying /home/phy_ai/.ihub/daksha/build/joint_analyzer/build/lib/joint_analyzer/__init__.py -> /home/phy_ai/.ihub/daksha/install/joint_analyzer/lib/python3.10/site-packages/joint_analyzer
copying /home/phy_ai/.ihub/daksha/build/joint_analyzer/build/lib/joint_analyzer/diagnose_qos.py -> /home/phy_ai/.ihub/daksha/install/joint_analyzer/lib/python3.10/site-packages/joint_analyzer
creating /home/phy_ai/.ihub/daksha/install/joint_analyzer/lib/python3.10/site-packages/joint_analyzer/static
copying /home/phy_ai/.ihub/daksha/build/joint_analyzer/build/lib/joint_analyzer/static/app.js -> /home/phy_ai/.ihub/daksha/install/joint_analyzer/lib/python3.10/site-packages/joint_analyzer/static
copying /home/phy_ai/.ihub/daksha/build/joint_analyzer/build/lib/joint_analyzer/static/style.css -> /home/phy_ai/.ihub/daksha/install/joint_analyzer/lib/python3.10/site-packages/joint_analyzer/static
copying /home/phy_ai/.ihub/daksha/build/joint_analyzer/build/lib/joint_analyzer/static/__init__.py -> /home/phy_ai/.ihub/daksha/install/joint_analyzer/lib/python3.10/site-packages/joint_analyzer/static
copying /home/phy_ai/.ihub/daksha/build/joint_analyzer/build/lib/joint_analyzer/static/plot.css -> /home/phy_ai/.ihub/daksha/install/joint_analyzer/lib/python3.10/site-packages/joint_analyzer/static
copying /home/phy_ai/.ihub/daksha/build/joint_analyzer/build/lib/joint_analyzer/static/plot.js -> /home/phy_ai/.ihub/daksha/install/joint_analyzer/lib/python3.10/site-packages/joint_analyzer/static
copying /home/phy_ai/.ihub/daksha/build/joint_analyzer/build/lib/joint_analyzer/recorder.py -> /home/phy_ai/.ihub/daksha/install/joint_analyzer/lib/python3.10/site-packages/joint_analyzer
copying /home/phy_ai/.ihub/daksha/build/joint_analyzer/build/lib/joint_analyzer/utils.py -> /home/phy_ai/.ihub/daksha/install/joint_analyzer/lib/python3.10/site-packages/joint_analyzer
copying /home/phy_ai/.ihub/daksha/build/joint_analyzer/build/lib/joint_analyzer/ros_interface.py -> /home/phy_ai/.ihub/daksha/install/joint_analyzer/lib/python3.10/site-packages/joint_analyzer
byte-compiling /home/phy_ai/.ihub/daksha/install/joint_analyzer/lib/python3.10/site-packages/joint_analyzer/server.py to server.cpython-310.pyc
byte-compiling /home/phy_ai/.ihub/daksha/install/joint_analyzer/lib/python3.10/site-packages/joint_analyzer/check_diffs.py to check_diffs.cpython-310.pyc
byte-compiling /home/phy_ai/.ihub/daksha/install/joint_analyzer/lib/python3.10/site-packages/joint_analyzer/plot_server.py to plot_server.cpython-310.pyc
byte-compiling /home/phy_ai/.ihub/daksha/install/joint_analyzer/lib/python3.10/site-packages/joint_analyzer/verify_mapping.py to verify_mapping.cpython-310.pyc
byte-compiling /home/phy_ai/.ihub/daksha/install/joint_analyzer/lib/python3.10/site-packages/joint_analyzer/templates/__init__.py to __init__.cpython-310.pyc
byte-compiling /home/phy_ai/.ihub/daksha/install/joint_analyzer/lib/python3.10/site-packages/joint_analyzer/__init__.py to __init__.cpython-310.pyc
byte-compiling /home/phy_ai/.ihub/daksha/install/joint_analyzer/lib/python3.10/site-packages/joint_analyzer/diagnose_qos.py to diagnose_qos.cpython-310.pyc
byte-compiling /home/phy_ai/.ihub/daksha/install/joint_analyzer/lib/python3.10/site-packages/joint_analyzer/static/__init__.py to __init__.cpython-310.pyc
byte-compiling /home/phy_ai/.ihub/daksha/install/joint_analyzer/lib/python3.10/site-packages/joint_analyzer/recorder.py to recorder.cpython-310.pyc
byte-compiling /home/phy_ai/.ihub/daksha/install/joint_analyzer/lib/python3.10/site-packages/joint_analyzer/utils.py to utils.cpython-310.pyc
byte-compiling /home/phy_ai/.ihub/daksha/install/joint_analyzer/lib/python3.10/site-packages/joint_analyzer/ros_interface.py to ros_interface.cpython-310.pyc
running install_data
creating /home/phy_ai/.ihub/daksha/install/joint_analyzer/share/ament_index
creating /home/phy_ai/.ihub/daksha/install/joint_analyzer/share/ament_index/resource_index
creating /home/phy_ai/.ihub/daksha/install/joint_analyzer/share/ament_index/resource_index/packages
copying resource/joint_analyzer -> /home/phy_ai/.ihub/daksha/install/joint_analyzer/share/ament_index/resource_index/packages
copying package.xml -> /home/phy_ai/.ihub/daksha/install/joint_analyzer/share/joint_analyzer
creating /home/phy_ai/.ihub/daksha/install/joint_analyzer/share/joint_analyzer/launch
copying launch/joint_analyzer.launch.py -> /home/phy_ai/.ihub/daksha/install/joint_analyzer/share/joint_analyzer/launch
running install_egg_info
Copying ../../../build/joint_analyzer/joint_analyzer.egg-info to /home/phy_ai/.ihub/daksha/install/joint_analyzer/lib/python3.10/site-packages/joint_analyzer-0.0.1-py3.10.egg-info
running install_scripts
Installing check_diffs script to /home/phy_ai/.ihub/daksha/install/joint_analyzer/lib/joint_analyzer
Installing diagnose_qos script to /home/phy_ai/.ihub/daksha/install/joint_analyzer/lib/joint_analyzer
Installing plot_server script to /home/phy_ai/.ihub/daksha/install/joint_analyzer/lib/joint_analyzer
Installing server script to /home/phy_ai/.ihub/daksha/install/joint_analyzer/lib/joint_analyzer
Installing verify_mapping script to /home/phy_ai/.ihub/daksha/install/joint_analyzer/lib/joint_analyzer
writing list of installed files to '/home/phy_ai/.ihub/daksha/build/joint_analyzer/install.log'
