[4.158s] Invoking command in '/home/phy_ai/.ihub/daksha/src/ui/analyzer': PYTHONPATH=/home/phy_ai/.ihub/daksha/build/joint_analyzer/prefix_override:/usr/lib/python3/dist-packages/colcon_core/task/python/colcon_distutils_commands:/home/phy_ai/.ihub/daksha/install/joint_analyzer/lib/python3.10/site-packages:${PYTHONPATH} /usr/bin/python3 -W ignore:setup.py install is deprecated -W ignore:easy_install command is deprecated setup.py egg_info --egg-base ../../../build/joint_analyzer build --build-base /home/phy_ai/.ihub/daksha/build/joint_analyzer/build install --record /home/phy_ai/.ihub/daksha/build/joint_analyzer/install.log --install-scripts $base/lib/joint_analyzer --single-version-externally-managed install_data
[4.748s] running egg_info
[4.750s] creating ../../../build/joint_analyzer/joint_analyzer.egg-info
[4.751s] writing ../../../build/joint_analyzer/joint_analyzer.egg-info/PKG-INFO
[4.751s] writing dependency_links to ../../../build/joint_analyzer/joint_analyzer.egg-info/dependency_links.txt
[4.751s] writing entry points to ../../../build/joint_analyzer/joint_analyzer.egg-info/entry_points.txt
[4.752s] writing requirements to ../../../build/joint_analyzer/joint_analyzer.egg-info/requires.txt
[4.752s] writing top-level names to ../../../build/joint_analyzer/joint_analyzer.egg-info/top_level.txt
[4.754s] writing manifest file '../../../build/joint_analyzer/joint_analyzer.egg-info/SOURCES.txt'
[4.760s] reading manifest file '../../../build/joint_analyzer/joint_analyzer.egg-info/SOURCES.txt'
[4.760s] writing manifest file '../../../build/joint_analyzer/joint_analyzer.egg-info/SOURCES.txt'
[4.760s] running build
[4.760s] running build_py
[4.761s] creating /home/phy_ai/.ihub/daksha/build/joint_analyzer/build
[4.762s] creating /home/phy_ai/.ihub/daksha/build/joint_analyzer/build/lib
[4.762s] creating /home/phy_ai/.ihub/daksha/build/joint_analyzer/build/lib/joint_analyzer
[4.762s] copying joint_analyzer/server.py -> /home/phy_ai/.ihub/daksha/build/joint_analyzer/build/lib/joint_analyzer
[4.762s] copying joint_analyzer/check_diffs.py -> /home/phy_ai/.ihub/daksha/build/joint_analyzer/build/lib/joint_analyzer
[4.762s] copying joint_analyzer/plot_server.py -> /home/phy_ai/.ihub/daksha/build/joint_analyzer/build/lib/joint_analyzer
[4.766s] copying joint_analyzer/verify_mapping.py -> /home/phy_ai/.ihub/daksha/build/joint_analyzer/build/lib/joint_analyzer
[4.766s] copying joint_analyzer/__init__.py -> /home/phy_ai/.ihub/daksha/build/joint_analyzer/build/lib/joint_analyzer
[4.766s] copying joint_analyzer/diagnose_qos.py -> /home/phy_ai/.ihub/daksha/build/joint_analyzer/build/lib/joint_analyzer
[4.766s] copying joint_analyzer/recorder.py -> /home/phy_ai/.ihub/daksha/build/joint_analyzer/build/lib/joint_analyzer
[4.766s] copying joint_analyzer/utils.py -> /home/phy_ai/.ihub/daksha/build/joint_analyzer/build/lib/joint_analyzer
[4.766s] copying joint_analyzer/ros_interface.py -> /home/phy_ai/.ihub/daksha/build/joint_analyzer/build/lib/joint_analyzer
[4.766s] creating /home/phy_ai/.ihub/daksha/build/joint_analyzer/build/lib/joint_analyzer/templates
[4.767s] copying joint_analyzer/templates/__init__.py -> /home/phy_ai/.ihub/daksha/build/joint_analyzer/build/lib/joint_analyzer/templates
[4.767s] creating /home/phy_ai/.ihub/daksha/build/joint_analyzer/build/lib/joint_analyzer/static
[4.767s] copying joint_analyzer/static/__init__.py -> /home/phy_ai/.ihub/daksha/build/joint_analyzer/build/lib/joint_analyzer/static
[4.767s] copying joint_analyzer/templates/plot.html -> /home/phy_ai/.ihub/daksha/build/joint_analyzer/build/lib/joint_analyzer/templates
[4.767s] copying joint_analyzer/templates/index.html -> /home/phy_ai/.ihub/daksha/build/joint_analyzer/build/lib/joint_analyzer/templates
[4.768s] copying joint_analyzer/static/app.js -> /home/phy_ai/.ihub/daksha/build/joint_analyzer/build/lib/joint_analyzer/static
[4.768s] copying joint_analyzer/static/plot.js -> /home/phy_ai/.ihub/daksha/build/joint_analyzer/build/lib/joint_analyzer/static
[4.768s] copying joint_analyzer/static/style.css -> /home/phy_ai/.ihub/daksha/build/joint_analyzer/build/lib/joint_analyzer/static
[4.769s] copying joint_analyzer/static/plot.css -> /home/phy_ai/.ihub/daksha/build/joint_analyzer/build/lib/joint_analyzer/static
[4.770s] running install
[4.773s] running install_lib
[4.777s] creating /home/phy_ai/.ihub/daksha/install/joint_analyzer/lib/python3.10/site-packages/joint_analyzer
[4.778s] copying /home/phy_ai/.ihub/daksha/build/joint_analyzer/build/lib/joint_analyzer/server.py -> /home/phy_ai/.ihub/daksha/install/joint_analyzer/lib/python3.10/site-packages/joint_analyzer
[4.778s] copying /home/phy_ai/.ihub/daksha/build/joint_analyzer/build/lib/joint_analyzer/check_diffs.py -> /home/phy_ai/.ihub/daksha/install/joint_analyzer/lib/python3.10/site-packages/joint_analyzer
[4.778s] copying /home/phy_ai/.ihub/daksha/build/joint_analyzer/build/lib/joint_analyzer/plot_server.py -> /home/phy_ai/.ihub/daksha/install/joint_analyzer/lib/python3.10/site-packages/joint_analyzer
[4.778s] copying /home/phy_ai/.ihub/daksha/build/joint_analyzer/build/lib/joint_analyzer/verify_mapping.py -> /home/phy_ai/.ihub/daksha/install/joint_analyzer/lib/python3.10/site-packages/joint_analyzer
[4.778s] creating /home/phy_ai/.ihub/daksha/install/joint_analyzer/lib/python3.10/site-packages/joint_analyzer/templates
[4.779s] copying /home/phy_ai/.ihub/daksha/build/joint_analyzer/build/lib/joint_analyzer/templates/plot.html -> /home/phy_ai/.ihub/daksha/install/joint_analyzer/lib/python3.10/site-packages/joint_analyzer/templates
[4.779s] copying /home/phy_ai/.ihub/daksha/build/joint_analyzer/build/lib/joint_analyzer/templates/__init__.py -> /home/phy_ai/.ihub/daksha/install/joint_analyzer/lib/python3.10/site-packages/joint_analyzer/templates
[4.779s] copying /home/phy_ai/.ihub/daksha/build/joint_analyzer/build/lib/joint_analyzer/templates/index.html -> /home/phy_ai/.ihub/daksha/install/joint_analyzer/lib/python3.10/site-packages/joint_analyzer/templates
[4.779s] copying /home/phy_ai/.ihub/daksha/build/joint_analyzer/build/lib/joint_analyzer/__init__.py -> /home/phy_ai/.ihub/daksha/install/joint_analyzer/lib/python3.10/site-packages/joint_analyzer
[4.779s] copying /home/phy_ai/.ihub/daksha/build/joint_analyzer/build/lib/joint_analyzer/diagnose_qos.py -> /home/phy_ai/.ihub/daksha/install/joint_analyzer/lib/python3.10/site-packages/joint_analyzer
[4.779s] creating /home/phy_ai/.ihub/daksha/install/joint_analyzer/lib/python3.10/site-packages/joint_analyzer/static
[4.779s] copying /home/phy_ai/.ihub/daksha/build/joint_analyzer/build/lib/joint_analyzer/static/app.js -> /home/phy_ai/.ihub/daksha/install/joint_analyzer/lib/python3.10/site-packages/joint_analyzer/static
[4.779s] copying /home/phy_ai/.ihub/daksha/build/joint_analyzer/build/lib/joint_analyzer/static/style.css -> /home/phy_ai/.ihub/daksha/install/joint_analyzer/lib/python3.10/site-packages/joint_analyzer/static
[4.779s] copying /home/phy_ai/.ihub/daksha/build/joint_analyzer/build/lib/joint_analyzer/static/__init__.py -> /home/phy_ai/.ihub/daksha/install/joint_analyzer/lib/python3.10/site-packages/joint_analyzer/static
[4.780s] copying /home/phy_ai/.ihub/daksha/build/joint_analyzer/build/lib/joint_analyzer/static/plot.css -> /home/phy_ai/.ihub/daksha/install/joint_analyzer/lib/python3.10/site-packages/joint_analyzer/static
[4.781s] copying /home/phy_ai/.ihub/daksha/build/joint_analyzer/build/lib/joint_analyzer/static/plot.js -> /home/phy_ai/.ihub/daksha/install/joint_analyzer/lib/python3.10/site-packages/joint_analyzer/static
[4.784s] copying /home/phy_ai/.ihub/daksha/build/joint_analyzer/build/lib/joint_analyzer/recorder.py -> /home/phy_ai/.ihub/daksha/install/joint_analyzer/lib/python3.10/site-packages/joint_analyzer
[4.784s] copying /home/phy_ai/.ihub/daksha/build/joint_analyzer/build/lib/joint_analyzer/utils.py -> /home/phy_ai/.ihub/daksha/install/joint_analyzer/lib/python3.10/site-packages/joint_analyzer
[4.784s] copying /home/phy_ai/.ihub/daksha/build/joint_analyzer/build/lib/joint_analyzer/ros_interface.py -> /home/phy_ai/.ihub/daksha/install/joint_analyzer/lib/python3.10/site-packages/joint_analyzer
[4.784s] byte-compiling /home/phy_ai/.ihub/daksha/install/joint_analyzer/lib/python3.10/site-packages/joint_analyzer/server.py to server.cpython-310.pyc
[4.790s] byte-compiling /home/phy_ai/.ihub/daksha/install/joint_analyzer/lib/python3.10/site-packages/joint_analyzer/check_diffs.py to check_diffs.cpython-310.pyc
[4.791s] byte-compiling /home/phy_ai/.ihub/daksha/install/joint_analyzer/lib/python3.10/site-packages/joint_analyzer/plot_server.py to plot_server.cpython-310.pyc
[4.792s] byte-compiling /home/phy_ai/.ihub/daksha/install/joint_analyzer/lib/python3.10/site-packages/joint_analyzer/verify_mapping.py to verify_mapping.cpython-310.pyc
[4.792s] byte-compiling /home/phy_ai/.ihub/daksha/install/joint_analyzer/lib/python3.10/site-packages/joint_analyzer/templates/__init__.py to __init__.cpython-310.pyc
[4.795s] byte-compiling /home/phy_ai/.ihub/daksha/install/joint_analyzer/lib/python3.10/site-packages/joint_analyzer/__init__.py to __init__.cpython-310.pyc
[4.796s] byte-compiling /home/phy_ai/.ihub/daksha/install/joint_analyzer/lib/python3.10/site-packages/joint_analyzer/diagnose_qos.py to diagnose_qos.cpython-310.pyc
[4.796s] byte-compiling /home/phy_ai/.ihub/daksha/install/joint_analyzer/lib/python3.10/site-packages/joint_analyzer/static/__init__.py to __init__.cpython-310.pyc
[4.798s] byte-compiling /home/phy_ai/.ihub/daksha/install/joint_analyzer/lib/python3.10/site-packages/joint_analyzer/recorder.py to recorder.cpython-310.pyc
[4.798s] byte-compiling /home/phy_ai/.ihub/daksha/install/joint_analyzer/lib/python3.10/site-packages/joint_analyzer/utils.py to utils.cpython-310.pyc
[4.803s] byte-compiling /home/phy_ai/.ihub/daksha/install/joint_analyzer/lib/python3.10/site-packages/joint_analyzer/ros_interface.py to ros_interface.cpython-310.pyc
[4.804s] running install_data
[4.804s] creating /home/phy_ai/.ihub/daksha/install/joint_analyzer/share/ament_index
[4.804s] creating /home/phy_ai/.ihub/daksha/install/joint_analyzer/share/ament_index/resource_index
[4.805s] creating /home/phy_ai/.ihub/daksha/install/joint_analyzer/share/ament_index/resource_index/packages
[4.805s] copying resource/joint_analyzer -> /home/phy_ai/.ihub/daksha/install/joint_analyzer/share/ament_index/resource_index/packages
[4.805s] copying package.xml -> /home/phy_ai/.ihub/daksha/install/joint_analyzer/share/joint_analyzer
[4.805s] creating /home/phy_ai/.ihub/daksha/install/joint_analyzer/share/joint_analyzer/launch
[4.805s] copying launch/joint_analyzer.launch.py -> /home/phy_ai/.ihub/daksha/install/joint_analyzer/share/joint_analyzer/launch
[4.805s] running install_egg_info
[4.808s] Copying ../../../build/joint_analyzer/joint_analyzer.egg-info to /home/phy_ai/.ihub/daksha/install/joint_analyzer/lib/python3.10/site-packages/joint_analyzer-0.0.1-py3.10.egg-info
[4.811s] running install_scripts
[4.874s] Installing check_diffs script to /home/phy_ai/.ihub/daksha/install/joint_analyzer/lib/joint_analyzer
[4.874s] Installing diagnose_qos script to /home/phy_ai/.ihub/daksha/install/joint_analyzer/lib/joint_analyzer
[4.874s] Installing plot_server script to /home/phy_ai/.ihub/daksha/install/joint_analyzer/lib/joint_analyzer
[4.874s] Installing server script to /home/phy_ai/.ihub/daksha/install/joint_analyzer/lib/joint_analyzer
[4.874s] Installing verify_mapping script to /home/phy_ai/.ihub/daksha/install/joint_analyzer/lib/joint_analyzer
[4.878s] writing list of installed files to '/home/phy_ai/.ihub/daksha/build/joint_analyzer/install.log'
[5.062s] Invoked command in '/home/phy_ai/.ihub/daksha/src/ui/analyzer' returned '0': PYTHONPATH=/home/phy_ai/.ihub/daksha/build/joint_analyzer/prefix_override:/usr/lib/python3/dist-packages/colcon_core/task/python/colcon_distutils_commands:/home/phy_ai/.ihub/daksha/install/joint_analyzer/lib/python3.10/site-packages:${PYTHONPATH} /usr/bin/python3 -W ignore:setup.py install is deprecated -W ignore:easy_install command is deprecated setup.py egg_info --egg-base ../../../build/joint_analyzer build --build-base /home/phy_ai/.ihub/daksha/build/joint_analyzer/build install --record /home/phy_ai/.ihub/daksha/build/joint_analyzer/install.log --install-scripts $base/lib/joint_analyzer --single-version-externally-managed install_data
