[4.144s] Invoking command in '/home/phy_ai/.ihub/daksha/src/joint_cmd_logger': PYTHONPATH=/home/phy_ai/.ihub/daksha/build/joint_cmd_logger/prefix_override:/usr/lib/python3/dist-packages/colcon_core/task/python/colcon_distutils_commands:/home/phy_ai/.ihub/daksha/install/joint_cmd_logger/lib/python3.10/site-packages:${PYTHONPATH} /usr/bin/python3 -W ignore:setup.py install is deprecated -W ignore:easy_install command is deprecated setup.py egg_info --egg-base ../../build/joint_cmd_logger build --build-base /home/phy_ai/.ihub/daksha/build/joint_cmd_logger/build install --record /home/phy_ai/.ihub/daksha/build/joint_cmd_logger/install.log --install-scripts $base/lib/joint_cmd_logger --single-version-externally-managed install_data
[4.765s] running egg_info
[4.767s] creating ../../build/joint_cmd_logger/joint_cmd_logger.egg-info
[4.767s] writing ../../build/joint_cmd_logger/joint_cmd_logger.egg-info/PKG-INFO
[4.767s] writing dependency_links to ../../build/joint_cmd_logger/joint_cmd_logger.egg-info/dependency_links.txt
[4.771s] writing entry points to ../../build/joint_cmd_logger/joint_cmd_logger.egg-info/entry_points.txt
[4.771s] writing requirements to ../../build/joint_cmd_logger/joint_cmd_logger.egg-info/requires.txt
[4.771s] writing top-level names to ../../build/joint_cmd_logger/joint_cmd_logger.egg-info/top_level.txt
[4.771s] writing manifest file '../../build/joint_cmd_logger/joint_cmd_logger.egg-info/SOURCES.txt'
[4.778s] reading manifest file '../../build/joint_cmd_logger/joint_cmd_logger.egg-info/SOURCES.txt'
[4.778s] writing manifest file '../../build/joint_cmd_logger/joint_cmd_logger.egg-info/SOURCES.txt'
[4.778s] running build
[4.778s] running build_py
[4.779s] creating /home/phy_ai/.ihub/daksha/build/joint_cmd_logger/build
[4.779s] creating /home/phy_ai/.ihub/daksha/build/joint_cmd_logger/build/lib
[4.779s] creating /home/phy_ai/.ihub/daksha/build/joint_cmd_logger/build/lib/joint_cmd_logger
[4.779s] copying joint_cmd_logger/__init__.py -> /home/phy_ai/.ihub/daksha/build/joint_cmd_logger/build/lib/joint_cmd_logger
[4.779s] copying joint_cmd_logger/joint_cmd_logger_node.py -> /home/phy_ai/.ihub/daksha/build/joint_cmd_logger/build/lib/joint_cmd_logger
[4.780s] running install
[4.784s] running install_lib
[4.785s] creating /home/phy_ai/.ihub/daksha/install/joint_cmd_logger/lib/python3.10/site-packages/joint_cmd_logger
[4.785s] copying /home/phy_ai/.ihub/daksha/build/joint_cmd_logger/build/lib/joint_cmd_logger/__init__.py -> /home/phy_ai/.ihub/daksha/install/joint_cmd_logger/lib/python3.10/site-packages/joint_cmd_logger
[4.785s] copying /home/phy_ai/.ihub/daksha/build/joint_cmd_logger/build/lib/joint_cmd_logger/joint_cmd_logger_node.py -> /home/phy_ai/.ihub/daksha/install/joint_cmd_logger/lib/python3.10/site-packages/joint_cmd_logger
[4.785s] byte-compiling /home/phy_ai/.ihub/daksha/install/joint_cmd_logger/lib/python3.10/site-packages/joint_cmd_logger/__init__.py to __init__.cpython-310.pyc
[4.785s] byte-compiling /home/phy_ai/.ihub/daksha/install/joint_cmd_logger/lib/python3.10/site-packages/joint_cmd_logger/joint_cmd_logger_node.py to joint_cmd_logger_node.cpython-310.pyc
[4.786s] running install_data
[4.786s] creating /home/phy_ai/.ihub/daksha/install/joint_cmd_logger/share/ament_index
[4.786s] creating /home/phy_ai/.ihub/daksha/install/joint_cmd_logger/share/ament_index/resource_index
[4.786s] creating /home/phy_ai/.ihub/daksha/install/joint_cmd_logger/share/ament_index/resource_index/packages
[4.786s] copying resource/joint_cmd_logger -> /home/phy_ai/.ihub/daksha/install/joint_cmd_logger/share/ament_index/resource_index/packages
[4.786s] copying package.xml -> /home/phy_ai/.ihub/daksha/install/joint_cmd_logger/share/joint_cmd_logger
[4.789s] creating /home/phy_ai/.ihub/daksha/install/joint_cmd_logger/share/joint_cmd_logger/launch
[4.789s] copying launch/joint_cmd_logger.launch.py -> /home/phy_ai/.ihub/daksha/install/joint_cmd_logger/share/joint_cmd_logger/launch
[4.789s] running install_egg_info
[4.792s] Copying ../../build/joint_cmd_logger/joint_cmd_logger.egg-info to /home/phy_ai/.ihub/daksha/install/joint_cmd_logger/lib/python3.10/site-packages/joint_cmd_logger-0.0.1-py3.10.egg-info
[4.797s] running install_scripts
[4.840s] Installing joint_cmd_logger script to /home/phy_ai/.ihub/daksha/install/joint_cmd_logger/lib/joint_cmd_logger
[4.840s] writing list of installed files to '/home/phy_ai/.ihub/daksha/build/joint_cmd_logger/install.log'
[4.957s] Invoked command in '/home/phy_ai/.ihub/daksha/src/joint_cmd_logger' returned '0': PYTHONPATH=/home/phy_ai/.ihub/daksha/build/joint_cmd_logger/prefix_override:/usr/lib/python3/dist-packages/colcon_core/task/python/colcon_distutils_commands:/home/phy_ai/.ihub/daksha/install/joint_cmd_logger/lib/python3.10/site-packages:${PYTHONPATH} /usr/bin/python3 -W ignore:setup.py install is deprecated -W ignore:easy_install command is deprecated setup.py egg_info --egg-base ../../build/joint_cmd_logger build --build-base /home/phy_ai/.ihub/daksha/build/joint_cmd_logger/build install --record /home/phy_ai/.ihub/daksha/build/joint_cmd_logger/install.log --install-scripts $base/lib/joint_cmd_logger --single-version-externally-managed install_data
