-- The C compiler identification is GNU 11.4.0
-- The CXX compiler identification is GNU 11.4.0
-- Detecting C compiler ABI info
-- Detecting C compiler ABI info - done
-- Check for working C compiler: /usr/bin/cc - skipped
-- Detecting C compile features
-- Detecting C compile features - done
-- Detecting CXX compiler ABI info
-- Detecting CXX compiler ABI info - done
-- Check for working CXX compiler: /usr/bin/c++ - skipped
-- Detecting CXX compile features
-- Detecting CXX compile features - done
-- Found ament_cmake: 1.3.14 (/opt/ros/humble/share/ament_cmake/cmake)
-- Found Python3: /usr/bin/python3 (found version "3.10.12") found components: Interpreter 
-- Found rclcpp: 16.0.19 (/opt/ros/humble/share/rclcpp/cmake)
-- Found rosidl_generator_c: 3.1.9 (/opt/ros/humble/share/rosidl_generator_c/cmake)
-- Found rosidl_adapter: 3.1.9 (/opt/ros/humble/share/rosidl_adapter/cmake)
-- Found rosidl_generator_cpp: 3.1.9 (/opt/ros/humble/share/rosidl_generator_cpp/cmake)
-- Using all available rosidl_typesupport_c: rosidl_typesupport_fastrtps_c;rosidl_typesupport_introspection_c
-- Using all available rosidl_typesupport_cpp: rosidl_typesupport_fastrtps_cpp;rosidl_typesupport_introspection_cpp
-- Found rmw_implementation_cmake: 6.1.3 (/opt/ros/humble/share/rmw_implementation_cmake/cmake)
-- Found rmw_fastrtps_cpp: 6.2.10 (/opt/ros/humble/share/rmw_fastrtps_cpp/cmake)
-- Found OpenSSL: /usr/lib/x86_64-linux-gnu/libcrypto.so (found version "3.0.2")  
-- Found FastRTPS: /opt/ros/humble/include  
-- Using RMW implementation 'rmw_fastrtps_cpp' as default
-- Looking for pthread.h
-- Looking for pthread.h - found
-- Performing Test CMAKE_HAVE_LIBC_PTHREAD
-- Performing Test CMAKE_HAVE_LIBC_PTHREAD - Success
-- Found Threads: TRUE  
-- Found rclcpp_lifecycle: 16.0.19 (/opt/ros/humble/share/rclcpp_lifecycle/cmake)
-- Found hardware_interface: 2.54.0 (/opt/ros/humble/share/hardware_interface/cmake)
-- Found std_srvs: 4.9.2 (/opt/ros/humble/share/std_srvs/cmake)
-- Found rosidl_default_generators: 1.2.1 (/opt/ros/humble/share/rosidl_default_generators/cmake)
-- Found PkgConfig: /usr/bin/pkg-config (found version "0.29.2") 
-- Checking for module 'libusb-1.0'
--   Found libusb-1.0, version 1.0.25
-- Found ament_cmake_ros: 0.10.0 (/opt/ros/humble/share/ament_cmake_ros/cmake)
-- Using all available rosidl_typesupport_c: rosidl_typesupport_fastrtps_c;rosidl_typesupport_introspection_c
-- Using all available rosidl_typesupport_cpp: rosidl_typesupport_fastrtps_cpp;rosidl_typesupport_introspection_cpp
-- Found PythonInterp: /usr/bin/python3 (found suitable version "3.10.12", minimum required is "3.6") 
-- Found python_cmake_module: 0.10.0 (/opt/ros/humble/share/python_cmake_module/cmake)
-- Found PythonLibs: /usr/lib/x86_64-linux-gnu/libpython3.10.so (found suitable version "3.10.12", minimum required is "3.5") 
-- Using PYTHON_EXECUTABLE: /usr/bin/python3
-- Using PYTHON_INCLUDE_DIRS: /usr/include/python3.10
-- Using PYTHON_LIBRARIES: /usr/lib/x86_64-linux-gnu/libpython3.10.so
-- Found PythonExtra: .so  
-- Configuring done
-- Generating done
-- Build files have been written to: /home/phy_ai/.ihub/daksha/build/hw_interface
[  1%] [34m[1mGenerating C code for ROS interfaces[0m
[  3%] [34m[1mGenerating Rust code for ROS interfaces[0m
[  5%] [34m[1mGenerating C++ code for ROS interfaces[0m
[  7%] [32mBuilding CXX object CMakeFiles/vcan_bridge_node.dir/src/vcan_bridge_node.cpp.o[0m
[  7%] Built target ament_cmake_python_copy_hw_interface
running egg_info
creating hw_interface.egg-info
writing hw_interface.egg-info/PKG-INFO
writing dependency_links to hw_interface.egg-info/dependency_links.txt
writing top-level names to hw_interface.egg-info/top_level.txt
writing manifest file 'hw_interface.egg-info/SOURCES.txt'
reading manifest file 'hw_interface.egg-info/SOURCES.txt'
writing manifest file 'hw_interface.egg-info/SOURCES.txt'
[  7%] Built target ament_cmake_python_build_hw_interface_egg
[  9%] [32mBuilding C object CMakeFiles/hw_interface__rosidl_generator_c.dir/rosidl_generator_c/hw_interface/msg/detail/motor_status__functions.c.o[0m
[ 11%] [32mBuilding C object CMakeFiles/hw_interface__rosidl_generator_c.dir/rosidl_generator_c/hw_interface/msg/detail/motor_status_array__functions.c.o[0m
[ 13%] [32mBuilding C object CMakeFiles/hw_interface__rosidl_generator_c.dir/rosidl_generator_c/hw_interface/srv/detail/set_motor_gains__functions.c.o[0m
[ 13%] Built target hw_interface__rs
[ 13%] Built target hw_interface__cpp
[ 15%] [32m[1mLinking C shared library libhw_interface__rosidl_generator_c.so[0m
[ 19%] [34m[1mGenerating C++ introspection for ROS interfaces[0m
[ 19%] [34m[1mGenerating C++ type support dispatch for ROS interfaces[0m
[ 21%] [34m[1mGenerating C++ type support for eProsima Fast-RTPS[0m
[ 21%] Built target hw_interface__rosidl_generator_c
[ 23%] [34m[1mGenerating C introspection for ROS interfaces[0m
[ 25%] [34m[1mGenerating C type support for eProsima Fast-RTPS[0m
[ 26%] [34m[1mGenerating C type support dispatch for ROS interfaces[0m
[ 28%] [32mBuilding CXX object CMakeFiles/hw_interface__rosidl_typesupport_introspection_cpp.dir/rosidl_typesupport_introspection_cpp/hw_interface/msg/detail/motor_status__type_support.cpp.o[0m
[ 30%] [32mBuilding CXX object CMakeFiles/hw_interface__rosidl_typesupport_introspection_cpp.dir/rosidl_typesupport_introspection_cpp/hw_interface/msg/detail/motor_status_array__type_support.cpp.o[0m
[ 32%] [32mBuilding CXX object CMakeFiles/hw_interface__rosidl_typesupport_introspection_cpp.dir/rosidl_typesupport_introspection_cpp/hw_interface/srv/detail/set_motor_gains__type_support.cpp.o[0m
[ 34%] [32mBuilding CXX object CMakeFiles/hw_interface__rosidl_typesupport_cpp.dir/rosidl_typesupport_cpp/hw_interface/msg/motor_status__type_support.cpp.o[0m
[ 38%] [32mBuilding CXX object CMakeFiles/hw_interface__rosidl_typesupport_cpp.dir/rosidl_typesupport_cpp/hw_interface/srv/set_motor_gains__type_support.cpp.o[0m
[ 38%] [32mBuilding CXX object CMakeFiles/hw_interface__rosidl_typesupport_cpp.dir/rosidl_typesupport_cpp/hw_interface/msg/motor_status_array__type_support.cpp.o[0m
[ 40%] [32m[1mLinking CXX executable vcan_bridge_node[0m
[ 42%] [32mBuilding CXX object CMakeFiles/hw_interface__rosidl_typesupport_fastrtps_cpp.dir/rosidl_typesupport_fastrtps_cpp/hw_interface/msg/detail/dds_fastrtps/motor_status_array__type_support.cpp.o[0m
[ 44%] [32mBuilding CXX object CMakeFiles/hw_interface__rosidl_typesupport_fastrtps_cpp.dir/rosidl_typesupport_fastrtps_cpp/hw_interface/msg/detail/dds_fastrtps/motor_status__type_support.cpp.o[0m
[ 46%] [32mBuilding CXX object CMakeFiles/hw_interface__rosidl_typesupport_fastrtps_cpp.dir/rosidl_typesupport_fastrtps_cpp/hw_interface/srv/detail/dds_fastrtps/set_motor_gains__type_support.cpp.o[0m
[ 48%] [32mBuilding CXX object CMakeFiles/hw_interface__rosidl_typesupport_c.dir/rosidl_typesupport_c/hw_interface/msg/motor_status__type_support.cpp.o[0m
[ 50%] [32mBuilding CXX object CMakeFiles/hw_interface__rosidl_typesupport_c.dir/rosidl_typesupport_c/hw_interface/srv/set_motor_gains__type_support.cpp.o[0m
[ 51%] [32mBuilding CXX object CMakeFiles/hw_interface__rosidl_typesupport_c.dir/rosidl_typesupport_c/hw_interface/msg/motor_status_array__type_support.cpp.o[0m
[ 53%] [32mBuilding CXX object CMakeFiles/hw_interface__rosidl_typesupport_fastrtps_c.dir/rosidl_typesupport_fastrtps_c/hw_interface/msg/detail/motor_status__type_support_c.cpp.o[0m
[ 55%] [32mBuilding C object CMakeFiles/hw_interface__rosidl_typesupport_introspection_c.dir/rosidl_typesupport_introspection_c/hw_interface/msg/detail/motor_status__type_support.c.o[0m
[ 57%] [32mBuilding CXX object CMakeFiles/hw_interface__rosidl_typesupport_fastrtps_c.dir/rosidl_typesupport_fastrtps_c/hw_interface/msg/detail/motor_status_array__type_support_c.cpp.o[0m
[ 59%] [32mBuilding C object CMakeFiles/hw_interface__rosidl_typesupport_introspection_c.dir/rosidl_typesupport_introspection_c/hw_interface/msg/detail/motor_status_array__type_support.c.o[0m
[ 61%] [32mBuilding C object CMakeFiles/hw_interface__rosidl_typesupport_introspection_c.dir/rosidl_typesupport_introspection_c/hw_interface/srv/detail/set_motor_gains__type_support.c.o[0m
[ 63%] [32m[1mLinking CXX shared library libhw_interface__rosidl_typesupport_c.so[0m
[ 65%] [32mBuilding CXX object CMakeFiles/hw_interface__rosidl_typesupport_fastrtps_c.dir/rosidl_typesupport_fastrtps_c/hw_interface/srv/detail/set_motor_gains__type_support_c.cpp.o[0m
[ 65%] Built target vcan_bridge_node
[ 67%] [32m[1mLinking C shared library libhw_interface__rosidl_typesupport_introspection_c.so[0m
[ 67%] Built target hw_interface__rosidl_typesupport_c
[ 67%] Built target hw_interface__rosidl_typesupport_introspection_c
[ 69%] [32m[1mLinking CXX shared library libhw_interface__rosidl_typesupport_cpp.so[0m
[ 71%] [32m[1mLinking CXX shared library libhw_interface__rosidl_typesupport_introspection_cpp.so[0m
[ 71%] Built target hw_interface__rosidl_typesupport_cpp
[ 73%] [32m[1mLinking CXX shared library libhw_interface__rosidl_typesupport_fastrtps_c.so[0m
[ 75%] [32mBuilding CXX object CMakeFiles/hw_interface_plugin.dir/src/arm_interface.cpp.o[0m
[ 75%] Built target hw_interface__rosidl_typesupport_introspection_cpp
[ 75%] Built target hw_interface__rosidl_typesupport_fastrtps_c
[ 76%] [32m[1mLinking CXX shared library libhw_interface__rosidl_typesupport_fastrtps_cpp.so[0m
[ 76%] Built target hw_interface__rosidl_typesupport_fastrtps_cpp
[ 76%] Built target hw_interface
[ 78%] [34m[1mGenerating Python code for ROS interfaces[0m
[ 78%] Built target hw_interface__py
[ 80%] [32mBuilding C object CMakeFiles/hw_interface__rosidl_generator_py.dir/rosidl_generator_py/hw_interface/srv/_set_motor_gains_s.c.o[0m
[ 82%] [32mBuilding C object CMakeFiles/hw_interface__rosidl_generator_py.dir/rosidl_generator_py/hw_interface/msg/_motor_status_s.c.o[0m
[ 84%] [32mBuilding C object CMakeFiles/hw_interface__rosidl_generator_py.dir/rosidl_generator_py/hw_interface/msg/_motor_status_array_s.c.o[0m
[ 86%] [32m[1mLinking C shared library rosidl_generator_py/hw_interface/libhw_interface__rosidl_generator_py.so[0m
[ 86%] Built target hw_interface__rosidl_generator_py
[ 88%] [32mBuilding C object CMakeFiles/hw_interface__rosidl_typesupport_c__pyext.dir/rosidl_generator_py/hw_interface/_hw_interface_s.ep.rosidl_typesupport_c.c.o[0m
[ 90%] [32mBuilding C object CMakeFiles/hw_interface__rosidl_typesupport_introspection_c__pyext.dir/rosidl_generator_py/hw_interface/_hw_interface_s.ep.rosidl_typesupport_introspection_c.c.o[0m
[ 92%] [32mBuilding C object CMakeFiles/hw_interface__rosidl_typesupport_fastrtps_c__pyext.dir/rosidl_generator_py/hw_interface/_hw_interface_s.ep.rosidl_typesupport_fastrtps_c.c.o[0m
[ 94%] [32m[1mLinking C shared library rosidl_generator_py/hw_interface/hw_interface_s__rosidl_typesupport_c.cpython-310-x86_64-linux-gnu.so[0m
[ 96%] [32m[1mLinking C shared library rosidl_generator_py/hw_interface/hw_interface_s__rosidl_typesupport_fastrtps_c.cpython-310-x86_64-linux-gnu.so[0m
[ 98%] [32m[1mLinking C shared library rosidl_generator_py/hw_interface/hw_interface_s__rosidl_typesupport_introspection_c.cpython-310-x86_64-linux-gnu.so[0m
[ 98%] Built target hw_interface__rosidl_typesupport_c__pyext
[ 98%] Built target hw_interface__rosidl_typesupport_introspection_c__pyext
[ 98%] Built target hw_interface__rosidl_typesupport_fastrtps_c__pyext
[100%] [32m[1mLinking CXX shared library libhw_interface_plugin.so[0m
[100%] Built target hw_interface_plugin
-- Install configuration: ""
-- Installing: /home/phy_ai/.ihub/daksha/install/hw_interface/share/ament_index/resource_index/rosidl_interfaces/hw_interface
-- Installing: /home/phy_ai/.ihub/daksha/install/hw_interface/include/hw_interface/hw_interface
-- Installing: /home/phy_ai/.ihub/daksha/install/hw_interface/include/hw_interface/hw_interface/srv
-- Installing: /home/phy_ai/.ihub/daksha/install/hw_interface/include/hw_interface/hw_interface/srv/detail
-- Installing: /home/phy_ai/.ihub/daksha/install/hw_interface/include/hw_interface/hw_interface/srv/detail/set_motor_gains__struct.h
-- Installing: /home/phy_ai/.ihub/daksha/install/hw_interface/include/hw_interface/hw_interface/srv/detail/set_motor_gains__functions.h
-- Installing: /home/phy_ai/.ihub/daksha/install/hw_interface/include/hw_interface/hw_interface/srv/detail/set_motor_gains__functions.c
-- Installing: /home/phy_ai/.ihub/daksha/install/hw_interface/include/hw_interface/hw_interface/srv/detail/set_motor_gains__type_support.h
-- Installing: /home/phy_ai/.ihub/daksha/install/hw_interface/include/hw_interface/hw_interface/srv/set_motor_gains.h
-- Installing: /home/phy_ai/.ihub/daksha/install/hw_interface/include/hw_interface/hw_interface/msg
-- Installing: /home/phy_ai/.ihub/daksha/install/hw_interface/include/hw_interface/hw_interface/msg/motor_status_array.h
-- Installing: /home/phy_ai/.ihub/daksha/install/hw_interface/include/hw_interface/hw_interface/msg/detail
-- Installing: /home/phy_ai/.ihub/daksha/install/hw_interface/include/hw_interface/hw_interface/msg/detail/motor_status_array__functions.h
-- Installing: /home/phy_ai/.ihub/daksha/install/hw_interface/include/hw_interface/hw_interface/msg/detail/motor_status_array__functions.c
-- Installing: /home/phy_ai/.ihub/daksha/install/hw_interface/include/hw_interface/hw_interface/msg/detail/motor_status__functions.h
-- Installing: /home/phy_ai/.ihub/daksha/install/hw_interface/include/hw_interface/hw_interface/msg/detail/motor_status__type_support.h
-- Installing: /home/phy_ai/.ihub/daksha/install/hw_interface/include/hw_interface/hw_interface/msg/detail/motor_status__struct.h
-- Installing: /home/phy_ai/.ihub/daksha/install/hw_interface/include/hw_interface/hw_interface/msg/detail/motor_status_array__type_support.h
-- Installing: /home/phy_ai/.ihub/daksha/install/hw_interface/include/hw_interface/hw_interface/msg/detail/motor_status_array__struct.h
-- Installing: /home/phy_ai/.ihub/daksha/install/hw_interface/include/hw_interface/hw_interface/msg/detail/motor_status__functions.c
-- Installing: /home/phy_ai/.ihub/daksha/install/hw_interface/include/hw_interface/hw_interface/msg/motor_status.h
-- Installing: /home/phy_ai/.ihub/daksha/install/hw_interface/include/hw_interface/hw_interface/msg/rosidl_generator_c__visibility_control.h
-- Installing: /home/phy_ai/.ihub/daksha/install/hw_interface/share/hw_interface/environment/library_path.sh
-- Installing: /home/phy_ai/.ihub/daksha/install/hw_interface/share/hw_interface/environment/library_path.dsv
-- Installing: /home/phy_ai/.ihub/daksha/install/hw_interface/lib/libhw_interface__rosidl_generator_c.so
-- Set runtime path of "/home/phy_ai/.ihub/daksha/install/hw_interface/lib/libhw_interface__rosidl_generator_c.so" to ""
-- Up-to-date: /home/phy_ai/.ihub/daksha/install/hw_interface/include/hw_interface/hw_interface
-- Up-to-date: /home/phy_ai/.ihub/daksha/install/hw_interface/include/hw_interface/hw_interface/srv
-- Up-to-date: /home/phy_ai/.ihub/daksha/install/hw_interface/include/hw_interface/hw_interface/srv/detail
-- Installing: /home/phy_ai/.ihub/daksha/install/hw_interface/include/hw_interface/hw_interface/srv/detail/set_motor_gains__rosidl_typesupport_fastrtps_c.h
-- Up-to-date: /home/phy_ai/.ihub/daksha/install/hw_interface/include/hw_interface/hw_interface/msg
-- Up-to-date: /home/phy_ai/.ihub/daksha/install/hw_interface/include/hw_interface/hw_interface/msg/detail
-- Installing: /home/phy_ai/.ihub/daksha/install/hw_interface/include/hw_interface/hw_interface/msg/detail/motor_status__rosidl_typesupport_fastrtps_c.h
-- Installing: /home/phy_ai/.ihub/daksha/install/hw_interface/include/hw_interface/hw_interface/msg/detail/motor_status_array__rosidl_typesupport_fastrtps_c.h
-- Installing: /home/phy_ai/.ihub/daksha/install/hw_interface/include/hw_interface/hw_interface/msg/rosidl_typesupport_fastrtps_c__visibility_control.h
-- Installing: /home/phy_ai/.ihub/daksha/install/hw_interface/lib/libhw_interface__rosidl_typesupport_fastrtps_c.so
-- Set runtime path of "/home/phy_ai/.ihub/daksha/install/hw_interface/lib/libhw_interface__rosidl_typesupport_fastrtps_c.so" to ""
-- Up-to-date: /home/phy_ai/.ihub/daksha/install/hw_interface/include/hw_interface/hw_interface
-- Up-to-date: /home/phy_ai/.ihub/daksha/install/hw_interface/include/hw_interface/hw_interface/srv
-- Installing: /home/phy_ai/.ihub/daksha/install/hw_interface/include/hw_interface/hw_interface/srv/set_motor_gains.hpp
-- Up-to-date: /home/phy_ai/.ihub/daksha/install/hw_interface/include/hw_interface/hw_interface/srv/detail
-- Installing: /home/phy_ai/.ihub/daksha/install/hw_interface/include/hw_interface/hw_interface/srv/detail/set_motor_gains__type_support.hpp
-- Installing: /home/phy_ai/.ihub/daksha/install/hw_interface/include/hw_interface/hw_interface/srv/detail/set_motor_gains__traits.hpp
-- Installing: /home/phy_ai/.ihub/daksha/install/hw_interface/include/hw_interface/hw_interface/srv/detail/set_motor_gains__struct.hpp
-- Installing: /home/phy_ai/.ihub/daksha/install/hw_interface/include/hw_interface/hw_interface/srv/detail/set_motor_gains__builder.hpp
-- Up-to-date: /home/phy_ai/.ihub/daksha/install/hw_interface/include/hw_interface/hw_interface/msg
-- Installing: /home/phy_ai/.ihub/daksha/install/hw_interface/include/hw_interface/hw_interface/msg/motor_status.hpp
-- Installing: /home/phy_ai/.ihub/daksha/install/hw_interface/include/hw_interface/hw_interface/msg/motor_status_array.hpp
-- Up-to-date: /home/phy_ai/.ihub/daksha/install/hw_interface/include/hw_interface/hw_interface/msg/detail
-- Installing: /home/phy_ai/.ihub/daksha/install/hw_interface/include/hw_interface/hw_interface/msg/detail/motor_status_array__struct.hpp
-- Installing: /home/phy_ai/.ihub/daksha/install/hw_interface/include/hw_interface/hw_interface/msg/detail/motor_status__traits.hpp
-- Installing: /home/phy_ai/.ihub/daksha/install/hw_interface/include/hw_interface/hw_interface/msg/detail/motor_status_array__type_support.hpp
-- Installing: /home/phy_ai/.ihub/daksha/install/hw_interface/include/hw_interface/hw_interface/msg/detail/motor_status__type_support.hpp
-- Installing: /home/phy_ai/.ihub/daksha/install/hw_interface/include/hw_interface/hw_interface/msg/detail/motor_status_array__traits.hpp
-- Installing: /home/phy_ai/.ihub/daksha/install/hw_interface/include/hw_interface/hw_interface/msg/detail/motor_status__builder.hpp
-- Installing: /home/phy_ai/.ihub/daksha/install/hw_interface/include/hw_interface/hw_interface/msg/detail/motor_status__struct.hpp
-- Installing: /home/phy_ai/.ihub/daksha/install/hw_interface/include/hw_interface/hw_interface/msg/detail/motor_status_array__builder.hpp
-- Installing: /home/phy_ai/.ihub/daksha/install/hw_interface/include/hw_interface/hw_interface/msg/rosidl_generator_cpp__visibility_control.hpp
-- Up-to-date: /home/phy_ai/.ihub/daksha/install/hw_interface/include/hw_interface/hw_interface
-- Up-to-date: /home/phy_ai/.ihub/daksha/install/hw_interface/include/hw_interface/hw_interface/srv
-- Up-to-date: /home/phy_ai/.ihub/daksha/install/hw_interface/include/hw_interface/hw_interface/srv/detail
-- Installing: /home/phy_ai/.ihub/daksha/install/hw_interface/include/hw_interface/hw_interface/srv/detail/dds_fastrtps
-- Installing: /home/phy_ai/.ihub/daksha/install/hw_interface/include/hw_interface/hw_interface/srv/detail/set_motor_gains__rosidl_typesupport_fastrtps_cpp.hpp
-- Up-to-date: /home/phy_ai/.ihub/daksha/install/hw_interface/include/hw_interface/hw_interface/msg
-- Up-to-date: /home/phy_ai/.ihub/daksha/install/hw_interface/include/hw_interface/hw_interface/msg/detail
-- Installing: /home/phy_ai/.ihub/daksha/install/hw_interface/include/hw_interface/hw_interface/msg/detail/dds_fastrtps
-- Installing: /home/phy_ai/.ihub/daksha/install/hw_interface/include/hw_interface/hw_interface/msg/detail/motor_status_array__rosidl_typesupport_fastrtps_cpp.hpp
-- Installing: /home/phy_ai/.ihub/daksha/install/hw_interface/include/hw_interface/hw_interface/msg/detail/motor_status__rosidl_typesupport_fastrtps_cpp.hpp
-- Installing: /home/phy_ai/.ihub/daksha/install/hw_interface/include/hw_interface/hw_interface/msg/rosidl_typesupport_fastrtps_cpp__visibility_control.h
-- Installing: /home/phy_ai/.ihub/daksha/install/hw_interface/lib/libhw_interface__rosidl_typesupport_fastrtps_cpp.so
-- Set runtime path of "/home/phy_ai/.ihub/daksha/install/hw_interface/lib/libhw_interface__rosidl_typesupport_fastrtps_cpp.so" to ""
-- Up-to-date: /home/phy_ai/.ihub/daksha/install/hw_interface/include/hw_interface/hw_interface
-- Up-to-date: /home/phy_ai/.ihub/daksha/install/hw_interface/include/hw_interface/hw_interface/srv
-- Up-to-date: /home/phy_ai/.ihub/daksha/install/hw_interface/include/hw_interface/hw_interface/srv/detail
-- Installing: /home/phy_ai/.ihub/daksha/install/hw_interface/include/hw_interface/hw_interface/srv/detail/set_motor_gains__rosidl_typesupport_introspection_c.h
-- Installing: /home/phy_ai/.ihub/daksha/install/hw_interface/include/hw_interface/hw_interface/srv/detail/set_motor_gains__type_support.c
-- Up-to-date: /home/phy_ai/.ihub/daksha/install/hw_interface/include/hw_interface/hw_interface/msg
-- Up-to-date: /home/phy_ai/.ihub/daksha/install/hw_interface/include/hw_interface/hw_interface/msg/detail
-- Installing: /home/phy_ai/.ihub/daksha/install/hw_interface/include/hw_interface/hw_interface/msg/detail/motor_status__type_support.c
-- Installing: /home/phy_ai/.ihub/daksha/install/hw_interface/include/hw_interface/hw_interface/msg/detail/motor_status_array__type_support.c
-- Installing: /home/phy_ai/.ihub/daksha/install/hw_interface/include/hw_interface/hw_interface/msg/detail/motor_status_array__rosidl_typesupport_introspection_c.h
-- Installing: /home/phy_ai/.ihub/daksha/install/hw_interface/include/hw_interface/hw_interface/msg/detail/motor_status__rosidl_typesupport_introspection_c.h
-- Installing: /home/phy_ai/.ihub/daksha/install/hw_interface/include/hw_interface/hw_interface/msg/rosidl_typesupport_introspection_c__visibility_control.h
-- Installing: /home/phy_ai/.ihub/daksha/install/hw_interface/lib/libhw_interface__rosidl_typesupport_introspection_c.so
-- Set runtime path of "/home/phy_ai/.ihub/daksha/install/hw_interface/lib/libhw_interface__rosidl_typesupport_introspection_c.so" to ""
-- Installing: /home/phy_ai/.ihub/daksha/install/hw_interface/lib/libhw_interface__rosidl_typesupport_c.so
-- Set runtime path of "/home/phy_ai/.ihub/daksha/install/hw_interface/lib/libhw_interface__rosidl_typesupport_c.so" to ""
-- Up-to-date: /home/phy_ai/.ihub/daksha/install/hw_interface/include/hw_interface/hw_interface
-- Up-to-date: /home/phy_ai/.ihub/daksha/install/hw_interface/include/hw_interface/hw_interface/srv
-- Up-to-date: /home/phy_ai/.ihub/daksha/install/hw_interface/include/hw_interface/hw_interface/srv/detail
-- Installing: /home/phy_ai/.ihub/daksha/install/hw_interface/include/hw_interface/hw_interface/srv/detail/set_motor_gains__type_support.cpp
-- Installing: /home/phy_ai/.ihub/daksha/install/hw_interface/include/hw_interface/hw_interface/srv/detail/set_motor_gains__rosidl_typesupport_introspection_cpp.hpp
-- Up-to-date: /home/phy_ai/.ihub/daksha/install/hw_interface/include/hw_interface/hw_interface/msg
-- Up-to-date: /home/phy_ai/.ihub/daksha/install/hw_interface/include/hw_interface/hw_interface/msg/detail
-- Installing: /home/phy_ai/.ihub/daksha/install/hw_interface/include/hw_interface/hw_interface/msg/detail/motor_status_array__rosidl_typesupport_introspection_cpp.hpp
-- Installing: /home/phy_ai/.ihub/daksha/install/hw_interface/include/hw_interface/hw_interface/msg/detail/motor_status__type_support.cpp
-- Installing: /home/phy_ai/.ihub/daksha/install/hw_interface/include/hw_interface/hw_interface/msg/detail/motor_status_array__type_support.cpp
-- Installing: /home/phy_ai/.ihub/daksha/install/hw_interface/include/hw_interface/hw_interface/msg/detail/motor_status__rosidl_typesupport_introspection_cpp.hpp
-- Installing: /home/phy_ai/.ihub/daksha/install/hw_interface/lib/libhw_interface__rosidl_typesupport_introspection_cpp.so
-- Set runtime path of "/home/phy_ai/.ihub/daksha/install/hw_interface/lib/libhw_interface__rosidl_typesupport_introspection_cpp.so" to ""
-- Installing: /home/phy_ai/.ihub/daksha/install/hw_interface/lib/libhw_interface__rosidl_typesupport_cpp.so
-- Set runtime path of "/home/phy_ai/.ihub/daksha/install/hw_interface/lib/libhw_interface__rosidl_typesupport_cpp.so" to ""
-- Installing: /home/phy_ai/.ihub/daksha/install/hw_interface/share/hw_interface/environment/pythonpath.sh
-- Installing: /home/phy_ai/.ihub/daksha/install/hw_interface/share/hw_interface/environment/pythonpath.dsv
-- Installing: /home/phy_ai/.ihub/daksha/install/hw_interface/local/lib/python3.10/dist-packages/hw_interface-0.0.0-py3.10.egg-info
-- Installing: /home/phy_ai/.ihub/daksha/install/hw_interface/local/lib/python3.10/dist-packages/hw_interface-0.0.0-py3.10.egg-info/SOURCES.txt
-- Installing: /home/phy_ai/.ihub/daksha/install/hw_interface/local/lib/python3.10/dist-packages/hw_interface-0.0.0-py3.10.egg-info/top_level.txt
-- Installing: /home/phy_ai/.ihub/daksha/install/hw_interface/local/lib/python3.10/dist-packages/hw_interface-0.0.0-py3.10.egg-info/PKG-INFO
-- Installing: /home/phy_ai/.ihub/daksha/install/hw_interface/local/lib/python3.10/dist-packages/hw_interface-0.0.0-py3.10.egg-info/dependency_links.txt
-- Installing: /home/phy_ai/.ihub/daksha/install/hw_interface/local/lib/python3.10/dist-packages/hw_interface
-- Installing: /home/phy_ai/.ihub/daksha/install/hw_interface/local/lib/python3.10/dist-packages/hw_interface/srv
-- Installing: /home/phy_ai/.ihub/daksha/install/hw_interface/local/lib/python3.10/dist-packages/hw_interface/srv/_set_motor_gains_s.c
-- Installing: /home/phy_ai/.ihub/daksha/install/hw_interface/local/lib/python3.10/dist-packages/hw_interface/srv/_set_motor_gains.py
-- Installing: /home/phy_ai/.ihub/daksha/install/hw_interface/local/lib/python3.10/dist-packages/hw_interface/srv/__init__.py
-- Installing: /home/phy_ai/.ihub/daksha/install/hw_interface/local/lib/python3.10/dist-packages/hw_interface/hw_interface_s__rosidl_typesupport_introspection_c.cpython-310-x86_64-linux-gnu.so
-- Installing: /home/phy_ai/.ihub/daksha/install/hw_interface/local/lib/python3.10/dist-packages/hw_interface/hw_interface_s__rosidl_typesupport_fastrtps_c.cpython-310-x86_64-linux-gnu.so
-- Installing: /home/phy_ai/.ihub/daksha/install/hw_interface/local/lib/python3.10/dist-packages/hw_interface/__init__.py
-- Installing: /home/phy_ai/.ihub/daksha/install/hw_interface/local/lib/python3.10/dist-packages/hw_interface/_hw_interface_s.ep.rosidl_typesupport_c.c
-- Installing: /home/phy_ai/.ihub/daksha/install/hw_interface/local/lib/python3.10/dist-packages/hw_interface/_hw_interface_s.ep.rosidl_typesupport_fastrtps_c.c
-- Installing: /home/phy_ai/.ihub/daksha/install/hw_interface/local/lib/python3.10/dist-packages/hw_interface/_hw_interface_s.ep.rosidl_typesupport_introspection_c.c
-- Installing: /home/phy_ai/.ihub/daksha/install/hw_interface/local/lib/python3.10/dist-packages/hw_interface/msg
-- Installing: /home/phy_ai/.ihub/daksha/install/hw_interface/local/lib/python3.10/dist-packages/hw_interface/msg/_motor_status.py
-- Installing: /home/phy_ai/.ihub/daksha/install/hw_interface/local/lib/python3.10/dist-packages/hw_interface/msg/_motor_status_s.c
-- Installing: /home/phy_ai/.ihub/daksha/install/hw_interface/local/lib/python3.10/dist-packages/hw_interface/msg/__init__.py
-- Installing: /home/phy_ai/.ihub/daksha/install/hw_interface/local/lib/python3.10/dist-packages/hw_interface/msg/_motor_status_array_s.c
-- Installing: /home/phy_ai/.ihub/daksha/install/hw_interface/local/lib/python3.10/dist-packages/hw_interface/msg/_motor_status_array.py
-- Installing: /home/phy_ai/.ihub/daksha/install/hw_interface/local/lib/python3.10/dist-packages/hw_interface/libhw_interface__rosidl_generator_py.so
-- Installing: /home/phy_ai/.ihub/daksha/install/hw_interface/local/lib/python3.10/dist-packages/hw_interface/hw_interface_s__rosidl_typesupport_c.cpython-310-x86_64-linux-gnu.so
Listing '/home/phy_ai/.ihub/daksha/install/hw_interface/local/lib/python3.10/dist-packages/hw_interface'...
Compiling '/home/phy_ai/.ihub/daksha/install/hw_interface/local/lib/python3.10/dist-packages/hw_interface/__init__.py'...
Listing '/home/phy_ai/.ihub/daksha/install/hw_interface/local/lib/python3.10/dist-packages/hw_interface/msg'...
Compiling '/home/phy_ai/.ihub/daksha/install/hw_interface/local/lib/python3.10/dist-packages/hw_interface/msg/__init__.py'...
Compiling '/home/phy_ai/.ihub/daksha/install/hw_interface/local/lib/python3.10/dist-packages/hw_interface/msg/_motor_status.py'...
Compiling '/home/phy_ai/.ihub/daksha/install/hw_interface/local/lib/python3.10/dist-packages/hw_interface/msg/_motor_status_array.py'...
Listing '/home/phy_ai/.ihub/daksha/install/hw_interface/local/lib/python3.10/dist-packages/hw_interface/srv'...
Compiling '/home/phy_ai/.ihub/daksha/install/hw_interface/local/lib/python3.10/dist-packages/hw_interface/srv/__init__.py'...
Compiling '/home/phy_ai/.ihub/daksha/install/hw_interface/local/lib/python3.10/dist-packages/hw_interface/srv/_set_motor_gains.py'...
-- Installing: /home/phy_ai/.ihub/daksha/install/hw_interface/local/lib/python3.10/dist-packages/hw_interface/hw_interface_s__rosidl_typesupport_fastrtps_c.cpython-310-x86_64-linux-gnu.so
-- Set runtime path of "/home/phy_ai/.ihub/daksha/install/hw_interface/local/lib/python3.10/dist-packages/hw_interface/hw_interface_s__rosidl_typesupport_fastrtps_c.cpython-310-x86_64-linux-gnu.so" to ""
-- Installing: /home/phy_ai/.ihub/daksha/install/hw_interface/local/lib/python3.10/dist-packages/hw_interface/hw_interface_s__rosidl_typesupport_introspection_c.cpython-310-x86_64-linux-gnu.so
-- Set runtime path of "/home/phy_ai/.ihub/daksha/install/hw_interface/local/lib/python3.10/dist-packages/hw_interface/hw_interface_s__rosidl_typesupport_introspection_c.cpython-310-x86_64-linux-gnu.so" to ""
-- Installing: /home/phy_ai/.ihub/daksha/install/hw_interface/local/lib/python3.10/dist-packages/hw_interface/hw_interface_s__rosidl_typesupport_c.cpython-310-x86_64-linux-gnu.so
-- Set runtime path of "/home/phy_ai/.ihub/daksha/install/hw_interface/local/lib/python3.10/dist-packages/hw_interface/hw_interface_s__rosidl_typesupport_c.cpython-310-x86_64-linux-gnu.so" to ""
-- Installing: /home/phy_ai/.ihub/daksha/install/hw_interface/lib/libhw_interface__rosidl_generator_py.so
-- Set runtime path of "/home/phy_ai/.ihub/daksha/install/hw_interface/lib/libhw_interface__rosidl_generator_py.so" to ""
-- Installing: /home/phy_ai/.ihub/daksha/install/hw_interface/share/ament_index/resource_index/rust_packages/hw_interface
-- Installing: /home/phy_ai/.ihub/daksha/install/hw_interface/share/hw_interface/rust
-- Installing: /home/phy_ai/.ihub/daksha/install/hw_interface/share/hw_interface/rust/build.rs
-- Installing: /home/phy_ai/.ihub/daksha/install/hw_interface/share/hw_interface/rust/src
-- Installing: /home/phy_ai/.ihub/daksha/install/hw_interface/share/hw_interface/rust/src/srv
-- Installing: /home/phy_ai/.ihub/daksha/install/hw_interface/share/hw_interface/rust/src/srv/rmw.rs
-- Installing: /home/phy_ai/.ihub/daksha/install/hw_interface/share/hw_interface/rust/src/lib.rs
-- Installing: /home/phy_ai/.ihub/daksha/install/hw_interface/share/hw_interface/rust/src/srv.rs
-- Installing: /home/phy_ai/.ihub/daksha/install/hw_interface/share/hw_interface/rust/src/msg.rs
-- Installing: /home/phy_ai/.ihub/daksha/install/hw_interface/share/hw_interface/rust/src/msg
-- Installing: /home/phy_ai/.ihub/daksha/install/hw_interface/share/hw_interface/rust/src/msg/rmw.rs
-- Installing: /home/phy_ai/.ihub/daksha/install/hw_interface/share/hw_interface/rust/Cargo.toml
-- Installing: /home/phy_ai/.ihub/daksha/install/hw_interface/share/hw_interface/msg/MotorStatus.idl
-- Installing: /home/phy_ai/.ihub/daksha/install/hw_interface/share/hw_interface/msg/MotorStatusArray.idl
-- Installing: /home/phy_ai/.ihub/daksha/install/hw_interface/share/hw_interface/srv/SetMotorGains.idl
-- Installing: /home/phy_ai/.ihub/daksha/install/hw_interface/share/hw_interface/msg/MotorStatus.msg
-- Installing: /home/phy_ai/.ihub/daksha/install/hw_interface/share/hw_interface/msg/MotorStatusArray.msg
-- Installing: /home/phy_ai/.ihub/daksha/install/hw_interface/share/hw_interface/srv/SetMotorGains.srv
-- Installing: /home/phy_ai/.ihub/daksha/install/hw_interface/share/hw_interface/srv/SetMotorGains_Request.msg
-- Installing: /home/phy_ai/.ihub/daksha/install/hw_interface/share/hw_interface/srv/SetMotorGains_Response.msg
-- Installing: /home/phy_ai/.ihub/daksha/install/hw_interface/lib/hw_interface/vcan_bridge_node
-- Installing: /home/phy_ai/.ihub/daksha/install/hw_interface/share/hw_interface/my_robot_hardware_interface.xml
-- Up-to-date: /home/phy_ai/.ihub/daksha/install/hw_interface/share/hw_interface/my_robot_hardware_interface.xml
-- Installing: /home/phy_ai/.ihub/daksha/install/hw_interface/lib/libhw_interface_plugin.so
-- Set runtime path of "/home/phy_ai/.ihub/daksha/install/hw_interface/lib/libhw_interface_plugin.so" to ""
-- Up-to-date: /home/phy_ai/.ihub/daksha/install/hw_interface/include
-- Up-to-date: /home/phy_ai/.ihub/daksha/install/hw_interface/include/hw_interface
-- Installing: /home/phy_ai/.ihub/daksha/install/hw_interface/include/hw_interface/driver.hpp
-- Installing: /home/phy_ai/.ihub/daksha/install/hw_interface/include/hw_interface/socketcan_transport.hpp
-- Installing: /home/phy_ai/.ihub/daksha/install/hw_interface/include/hw_interface/arm_interface.hpp
-- Installing: /home/phy_ai/.ihub/daksha/install/hw_interface/share/ament_index/resource_index/package_run_dependencies/hw_interface
-- Installing: /home/phy_ai/.ihub/daksha/install/hw_interface/share/ament_index/resource_index/parent_prefix_path/hw_interface
-- Installing: /home/phy_ai/.ihub/daksha/install/hw_interface/share/hw_interface/environment/ament_prefix_path.sh
-- Installing: /home/phy_ai/.ihub/daksha/install/hw_interface/share/hw_interface/environment/ament_prefix_path.dsv
-- Installing: /home/phy_ai/.ihub/daksha/install/hw_interface/share/hw_interface/environment/path.sh
-- Installing: /home/phy_ai/.ihub/daksha/install/hw_interface/share/hw_interface/environment/path.dsv
-- Installing: /home/phy_ai/.ihub/daksha/install/hw_interface/share/hw_interface/local_setup.bash
-- Installing: /home/phy_ai/.ihub/daksha/install/hw_interface/share/hw_interface/local_setup.sh
-- Installing: /home/phy_ai/.ihub/daksha/install/hw_interface/share/hw_interface/local_setup.zsh
-- Installing: /home/phy_ai/.ihub/daksha/install/hw_interface/share/hw_interface/local_setup.dsv
-- Installing: /home/phy_ai/.ihub/daksha/install/hw_interface/share/hw_interface/package.dsv
-- Installing: /home/phy_ai/.ihub/daksha/install/hw_interface/share/ament_index/resource_index/packages/hw_interface
-- Installing: /home/phy_ai/.ihub/daksha/install/hw_interface/share/ament_index/resource_index/hardware_interface__pluginlib__plugin/hw_interface
-- Installing: /home/phy_ai/.ihub/daksha/install/hw_interface/share/hw_interface/cmake/export_hw_interface__rosidl_generator_cExport.cmake
-- Installing: /home/phy_ai/.ihub/daksha/install/hw_interface/share/hw_interface/cmake/export_hw_interface__rosidl_generator_cExport-noconfig.cmake
-- Installing: /home/phy_ai/.ihub/daksha/install/hw_interface/share/hw_interface/cmake/export_hw_interface__rosidl_typesupport_fastrtps_cExport.cmake
-- Installing: /home/phy_ai/.ihub/daksha/install/hw_interface/share/hw_interface/cmake/export_hw_interface__rosidl_typesupport_fastrtps_cExport-noconfig.cmake
-- Installing: /home/phy_ai/.ihub/daksha/install/hw_interface/share/hw_interface/cmake/export_hw_interface__rosidl_generator_cppExport.cmake
-- Installing: /home/phy_ai/.ihub/daksha/install/hw_interface/share/hw_interface/cmake/export_hw_interface__rosidl_typesupport_fastrtps_cppExport.cmake
-- Installing: /home/phy_ai/.ihub/daksha/install/hw_interface/share/hw_interface/cmake/export_hw_interface__rosidl_typesupport_fastrtps_cppExport-noconfig.cmake
-- Installing: /home/phy_ai/.ihub/daksha/install/hw_interface/share/hw_interface/cmake/hw_interface__rosidl_typesupport_introspection_cExport.cmake
-- Installing: /home/phy_ai/.ihub/daksha/install/hw_interface/share/hw_interface/cmake/hw_interface__rosidl_typesupport_introspection_cExport-noconfig.cmake
-- Installing: /home/phy_ai/.ihub/daksha/install/hw_interface/share/hw_interface/cmake/hw_interface__rosidl_typesupport_cExport.cmake
-- Installing: /home/phy_ai/.ihub/daksha/install/hw_interface/share/hw_interface/cmake/hw_interface__rosidl_typesupport_cExport-noconfig.cmake
-- Installing: /home/phy_ai/.ihub/daksha/install/hw_interface/share/hw_interface/cmake/hw_interface__rosidl_typesupport_introspection_cppExport.cmake
-- Installing: /home/phy_ai/.ihub/daksha/install/hw_interface/share/hw_interface/cmake/hw_interface__rosidl_typesupport_introspection_cppExport-noconfig.cmake
-- Installing: /home/phy_ai/.ihub/daksha/install/hw_interface/share/hw_interface/cmake/hw_interface__rosidl_typesupport_cppExport.cmake
-- Installing: /home/phy_ai/.ihub/daksha/install/hw_interface/share/hw_interface/cmake/hw_interface__rosidl_typesupport_cppExport-noconfig.cmake
-- Installing: /home/phy_ai/.ihub/daksha/install/hw_interface/share/hw_interface/cmake/export_hw_interface__rosidl_generator_pyExport.cmake
-- Installing: /home/phy_ai/.ihub/daksha/install/hw_interface/share/hw_interface/cmake/export_hw_interface__rosidl_generator_pyExport-noconfig.cmake
-- Installing: /home/phy_ai/.ihub/daksha/install/hw_interface/share/hw_interface/cmake/rosidl_cmake-extras.cmake
-- Installing: /home/phy_ai/.ihub/daksha/install/hw_interface/share/hw_interface/cmake/ament_cmake_export_include_directories-extras.cmake
-- Installing: /home/phy_ai/.ihub/daksha/install/hw_interface/share/hw_interface/cmake/ament_cmake_export_libraries-extras.cmake
-- Installing: /home/phy_ai/.ihub/daksha/install/hw_interface/share/hw_interface/cmake/ament_cmake_export_targets-extras.cmake
-- Installing: /home/phy_ai/.ihub/daksha/install/hw_interface/share/hw_interface/cmake/rosidl_cmake_export_typesupport_targets-extras.cmake
-- Installing: /home/phy_ai/.ihub/daksha/install/hw_interface/share/hw_interface/cmake/ament_cmake_export_dependencies-extras.cmake
-- Installing: /home/phy_ai/.ihub/daksha/install/hw_interface/share/hw_interface/cmake/rosidl_cmake_export_typesupport_libraries-extras.cmake
-- Installing: /home/phy_ai/.ihub/daksha/install/hw_interface/share/hw_interface/cmake/rosidl_cmake_aggregate_target-extras.cmake
-- Installing: /home/phy_ai/.ihub/daksha/install/hw_interface/share/hw_interface/cmake/hw_interfaceConfig.cmake
-- Installing: /home/phy_ai/.ihub/daksha/install/hw_interface/share/hw_interface/cmake/hw_interfaceConfig-version.cmake
-- Installing: /home/phy_ai/.ihub/daksha/install/hw_interface/share/hw_interface/package.xml
