[0.808s] Invoking command in '/home/phy_ai/.ihub/daksha/build/hw_interface': CMAKE_PREFIX_PATH=${CMAKE_PREFIX_PATH}:/home/phy_ai/.barani/gen2_full/install/world_camera_launch:/home/phy_ai/.barani/gen2_full/install/gen2:/home/phy_ai/.barani/gen2_full/install/vr_teleop:/home/phy_ai/.barani/gen2_full/install/ros_tcp_endpoint:/home/phy_ai/.barani/gen2_full/install/nav_bringup:/home/phy_ai/.barani/gen2_full/install/nav2_config:/home/phy_ai/.barani/gen2_full/install/kinematics:/home/phy_ai/.barani/gen2_full/install/joint_cmd_logger:/home/phy_ai/.barani/gen2_full/install/joint_analyzer:/home/phy_ai/.barani/gen2_full/install/daksha_data_collection:/home/phy_ai/.barani/gen2_full/install/gen2_leader:/home/phy_ai/.barani/gen2_full/install/amr_bringup:/home/phy_ai/.barani/gen2_full/install/daksha_final_urdf_description:/home/phy_ai/.barani/gen2_full/install/daksha_description_full_body:/home/phy_ai/.barani/gen2_full/install/daksha_base_urdf:/home/phy_ai/.barani/gen2_full/install/daksha_api_bridge_leader:/home/phy_ai/.barani/gen2_full/install/daksha_api_bridge_follower:/opt/ros/humble /usr/bin/cmake /home/phy_ai/.ihub/daksha/src/controllers/hw_interface -DCMAKE_INSTALL_PREFIX=/home/phy_ai/.ihub/daksha/install/hw_interface
[2.762s] -- The C compiler identification is GNU 11.4.0
[2.763s] -- The CXX compiler identification is GNU 11.4.0
[2.763s] -- Detecting C compiler ABI info
[2.763s] -- Detecting C compiler ABI info - done
[2.763s] -- Check for working C compiler: /usr/bin/cc - skipped
[2.763s] -- Detecting C compile features
[2.763s] -- Detecting C compile features - done
[2.763s] -- Detecting CXX compiler ABI info
[2.763s] -- Detecting CXX compiler ABI info - done
[2.763s] -- Check for working CXX compiler: /usr/bin/c++ - skipped
[2.764s] -- Detecting CXX compile features
[2.764s] -- Detecting CXX compile features - done
[2.764s] -- Found ament_cmake: 1.3.14 (/opt/ros/humble/share/ament_cmake/cmake)
[2.764s] -- Found Python3: /usr/bin/python3 (found version "3.10.12") found components: Interpreter 
[2.764s] -- Found rclcpp: 16.0.19 (/opt/ros/humble/share/rclcpp/cmake)
[2.764s] -- Found rosidl_generator_c: 3.1.9 (/opt/ros/humble/share/rosidl_generator_c/cmake)
[2.764s] -- Found rosidl_adapter: 3.1.9 (/opt/ros/humble/share/rosidl_adapter/cmake)
[2.765s] -- Found rosidl_generator_cpp: 3.1.9 (/opt/ros/humble/share/rosidl_generator_cpp/cmake)
[2.765s] -- Using all available rosidl_typesupport_c: rosidl_typesupport_fastrtps_c;rosidl_typesupport_introspection_c
[2.765s] -- Using all available rosidl_typesupport_cpp: rosidl_typesupport_fastrtps_cpp;rosidl_typesupport_introspection_cpp
[2.767s] -- Found rmw_implementation_cmake: 6.1.3 (/opt/ros/humble/share/rmw_implementation_cmake/cmake)
[2.767s] -- Found rmw_fastrtps_cpp: 6.2.10 (/opt/ros/humble/share/rmw_fastrtps_cpp/cmake)
[2.767s] -- Found OpenSSL: /usr/lib/x86_64-linux-gnu/libcrypto.so (found version "3.0.2")  
[2.768s] -- Found FastRTPS: /opt/ros/humble/include  
[2.769s] -- Using RMW implementation 'rmw_fastrtps_cpp' as default
[2.769s] -- Looking for pthread.h
[2.769s] -- Looking for pthread.h - found
[2.770s] -- Performing Test CMAKE_HAVE_LIBC_PTHREAD
[2.772s] -- Performing Test CMAKE_HAVE_LIBC_PTHREAD - Success
[2.772s] -- Found Threads: TRUE  
[2.825s] -- Found rclcpp_lifecycle: 16.0.19 (/opt/ros/humble/share/rclcpp_lifecycle/cmake)
[2.873s] -- Found hardware_interface: 2.54.0 (/opt/ros/humble/share/hardware_interface/cmake)
[3.122s] -- Found std_srvs: 4.9.2 (/opt/ros/humble/share/std_srvs/cmake)
[3.144s] -- Found rosidl_default_generators: 1.2.1 (/opt/ros/humble/share/rosidl_default_generators/cmake)
[3.189s] -- Found PkgConfig: /usr/bin/pkg-config (found version "0.29.2") 
[3.194s] -- Checking for module 'libusb-1.0'
[3.244s] --   Found libusb-1.0, version 1.0.25
[4.067s] -- Found ament_cmake_ros: 0.10.0 (/opt/ros/humble/share/ament_cmake_ros/cmake)
[5.375s] -- Using all available rosidl_typesupport_c: rosidl_typesupport_fastrtps_c;rosidl_typesupport_introspection_c
[5.633s] -- Using all available rosidl_typesupport_cpp: rosidl_typesupport_fastrtps_cpp;rosidl_typesupport_introspection_cpp
[5.697s] -- Found PythonInterp: /usr/bin/python3 (found suitable version "3.10.12", minimum required is "3.6") 
[5.705s] -- Found python_cmake_module: 0.10.0 (/opt/ros/humble/share/python_cmake_module/cmake)
[5.775s] -- Found PythonLibs: /usr/lib/x86_64-linux-gnu/libpython3.10.so (found suitable version "3.10.12", minimum required is "3.5") 
[5.775s] -- Using PYTHON_EXECUTABLE: /usr/bin/python3
[5.775s] -- Using PYTHON_INCLUDE_DIRS: /usr/include/python3.10
[5.775s] -- Using PYTHON_LIBRARIES: /usr/lib/x86_64-linux-gnu/libpython3.10.so
[5.851s] -- Found PythonExtra: .so  
[6.255s] -- Configuring done
[6.386s] -- Generating done
[6.424s] -- Build files have been written to: /home/phy_ai/.ihub/daksha/build/hw_interface
[6.666s] Invoked command in '/home/phy_ai/.ihub/daksha/build/hw_interface' returned '0': CMAKE_PREFIX_PATH=${CMAKE_PREFIX_PATH}:/home/phy_ai/.barani/gen2_full/install/world_camera_launch:/home/phy_ai/.barani/gen2_full/install/gen2:/home/phy_ai/.barani/gen2_full/install/vr_teleop:/home/phy_ai/.barani/gen2_full/install/ros_tcp_endpoint:/home/phy_ai/.barani/gen2_full/install/nav_bringup:/home/phy_ai/.barani/gen2_full/install/nav2_config:/home/phy_ai/.barani/gen2_full/install/kinematics:/home/phy_ai/.barani/gen2_full/install/joint_cmd_logger:/home/phy_ai/.barani/gen2_full/install/joint_analyzer:/home/phy_ai/.barani/gen2_full/install/daksha_data_collection:/home/phy_ai/.barani/gen2_full/install/gen2_leader:/home/phy_ai/.barani/gen2_full/install/amr_bringup:/home/phy_ai/.barani/gen2_full/install/daksha_final_urdf_description:/home/phy_ai/.barani/gen2_full/install/daksha_description_full_body:/home/phy_ai/.barani/gen2_full/install/daksha_base_urdf:/home/phy_ai/.barani/gen2_full/install/daksha_api_bridge_leader:/home/phy_ai/.barani/gen2_full/install/daksha_api_bridge_follower:/opt/ros/humble /usr/bin/cmake /home/phy_ai/.ihub/daksha/src/controllers/hw_interface -DCMAKE_INSTALL_PREFIX=/home/phy_ai/.ihub/daksha/install/hw_interface
[6.671s] Invoking command in '/home/phy_ai/.ihub/daksha/build/hw_interface': CMAKE_PREFIX_PATH=${CMAKE_PREFIX_PATH}:/home/phy_ai/.barani/gen2_full/install/world_camera_launch:/home/phy_ai/.barani/gen2_full/install/gen2:/home/phy_ai/.barani/gen2_full/install/vr_teleop:/home/phy_ai/.barani/gen2_full/install/ros_tcp_endpoint:/home/phy_ai/.barani/gen2_full/install/nav_bringup:/home/phy_ai/.barani/gen2_full/install/nav2_config:/home/phy_ai/.barani/gen2_full/install/kinematics:/home/phy_ai/.barani/gen2_full/install/joint_cmd_logger:/home/phy_ai/.barani/gen2_full/install/joint_analyzer:/home/phy_ai/.barani/gen2_full/install/daksha_data_collection:/home/phy_ai/.barani/gen2_full/install/gen2_leader:/home/phy_ai/.barani/gen2_full/install/amr_bringup:/home/phy_ai/.barani/gen2_full/install/daksha_final_urdf_description:/home/phy_ai/.barani/gen2_full/install/daksha_description_full_body:/home/phy_ai/.barani/gen2_full/install/daksha_base_urdf:/home/phy_ai/.barani/gen2_full/install/daksha_api_bridge_leader:/home/phy_ai/.barani/gen2_full/install/daksha_api_bridge_follower:/opt/ros/humble /usr/bin/cmake --build /home/phy_ai/.ihub/daksha/build/hw_interface -- -j16 -l16
[6.785s] [  1%] [34m[1mGenerating C code for ROS interfaces[0m
[6.820s] [  3%] [34m[1mGenerating Rust code for ROS interfaces[0m
[6.852s] [  5%] [34m[1mGenerating C++ code for ROS interfaces[0m
[6.852s] [  7%] [32mBuilding CXX object CMakeFiles/vcan_bridge_node.dir/src/vcan_bridge_node.cpp.o[0m
[6.869s] [  7%] Built target ament_cmake_python_copy_hw_interface
[7.523s] running egg_info
[7.524s] creating hw_interface.egg-info
[7.524s] writing hw_interface.egg-info/PKG-INFO
[7.525s] writing dependency_links to hw_interface.egg-info/dependency_links.txt
[7.525s] writing top-level names to hw_interface.egg-info/top_level.txt
[7.526s] writing manifest file 'hw_interface.egg-info/SOURCES.txt'
[7.532s] reading manifest file 'hw_interface.egg-info/SOURCES.txt'
[7.533s] writing manifest file 'hw_interface.egg-info/SOURCES.txt'
[7.676s] [  7%] Built target ament_cmake_python_build_hw_interface_egg
[7.738s] [  9%] [32mBuilding C object CMakeFiles/hw_interface__rosidl_generator_c.dir/rosidl_generator_c/hw_interface/msg/detail/motor_status__functions.c.o[0m
[7.759s] [ 11%] [32mBuilding C object CMakeFiles/hw_interface__rosidl_generator_c.dir/rosidl_generator_c/hw_interface/msg/detail/motor_status_array__functions.c.o[0m
[7.777s] [ 13%] [32mBuilding C object CMakeFiles/hw_interface__rosidl_generator_c.dir/rosidl_generator_c/hw_interface/srv/detail/set_motor_gains__functions.c.o[0m
[7.847s] [ 13%] Built target hw_interface__rs
[7.912s] [ 13%] Built target hw_interface__cpp
[7.920s] [ 15%] [32m[1mLinking C shared library libhw_interface__rosidl_generator_c.so[0m
[7.936s] [ 19%] [34m[1mGenerating C++ introspection for ROS interfaces[0m
[7.937s] [ 19%] [34m[1mGenerating C++ type support dispatch for ROS interfaces[0m
[7.938s] [ 21%] [34m[1mGenerating C++ type support for eProsima Fast-RTPS[0m
[8.023s] [ 21%] Built target hw_interface__rosidl_generator_c
[8.048s] [ 23%] [34m[1mGenerating C introspection for ROS interfaces[0m
[8.064s] [ 25%] [34m[1mGenerating C type support for eProsima Fast-RTPS[0m
[8.068s] [ 26%] [34m[1mGenerating C type support dispatch for ROS interfaces[0m
[8.698s] [ 28%] [32mBuilding CXX object CMakeFiles/hw_interface__rosidl_typesupport_introspection_cpp.dir/rosidl_typesupport_introspection_cpp/hw_interface/msg/detail/motor_status__type_support.cpp.o[0m
[8.707s] [ 30%] [32mBuilding CXX object CMakeFiles/hw_interface__rosidl_typesupport_introspection_cpp.dir/rosidl_typesupport_introspection_cpp/hw_interface/msg/detail/motor_status_array__type_support.cpp.o[0m
[8.716s] [ 32%] [32mBuilding CXX object CMakeFiles/hw_interface__rosidl_typesupport_introspection_cpp.dir/rosidl_typesupport_introspection_cpp/hw_interface/srv/detail/set_motor_gains__type_support.cpp.o[0m
[8.725s] [ 34%] [32mBuilding CXX object CMakeFiles/hw_interface__rosidl_typesupport_cpp.dir/rosidl_typesupport_cpp/hw_interface/msg/motor_status__type_support.cpp.o[0m
[8.732s] [ 38%] [32mBuilding CXX object CMakeFiles/hw_interface__rosidl_typesupport_cpp.dir/rosidl_typesupport_cpp/hw_interface/srv/set_motor_gains__type_support.cpp.o[0m
[8.732s] [ 38%] [32mBuilding CXX object CMakeFiles/hw_interface__rosidl_typesupport_cpp.dir/rosidl_typesupport_cpp/hw_interface/msg/motor_status_array__type_support.cpp.o[0m
[8.743s] [ 40%] [32m[1mLinking CXX executable vcan_bridge_node[0m
[8.792s] [ 42%] [32mBuilding CXX object CMakeFiles/hw_interface__rosidl_typesupport_fastrtps_cpp.dir/rosidl_typesupport_fastrtps_cpp/hw_interface/msg/detail/dds_fastrtps/motor_status_array__type_support.cpp.o[0m
[8.799s] [ 44%] [32mBuilding CXX object CMakeFiles/hw_interface__rosidl_typesupport_fastrtps_cpp.dir/rosidl_typesupport_fastrtps_cpp/hw_interface/msg/detail/dds_fastrtps/motor_status__type_support.cpp.o[0m
[8.806s] [ 46%] [32mBuilding CXX object CMakeFiles/hw_interface__rosidl_typesupport_fastrtps_cpp.dir/rosidl_typesupport_fastrtps_cpp/hw_interface/srv/detail/dds_fastrtps/set_motor_gains__type_support.cpp.o[0m
[8.911s] [ 48%] [32mBuilding CXX object CMakeFiles/hw_interface__rosidl_typesupport_c.dir/rosidl_typesupport_c/hw_interface/msg/motor_status__type_support.cpp.o[0m
[8.914s] [ 50%] [32mBuilding CXX object CMakeFiles/hw_interface__rosidl_typesupport_c.dir/rosidl_typesupport_c/hw_interface/srv/set_motor_gains__type_support.cpp.o[0m
[8.916s] [ 51%] [32mBuilding CXX object CMakeFiles/hw_interface__rosidl_typesupport_c.dir/rosidl_typesupport_c/hw_interface/msg/motor_status_array__type_support.cpp.o[0m
[8.958s] [ 53%] [32mBuilding CXX object CMakeFiles/hw_interface__rosidl_typesupport_fastrtps_c.dir/rosidl_typesupport_fastrtps_c/hw_interface/msg/detail/motor_status__type_support_c.cpp.o[0m
[8.968s] [ 55%] [32mBuilding C object CMakeFiles/hw_interface__rosidl_typesupport_introspection_c.dir/rosidl_typesupport_introspection_c/hw_interface/msg/detail/motor_status__type_support.c.o[0m
[8.997s] [ 57%] [32mBuilding CXX object CMakeFiles/hw_interface__rosidl_typesupport_fastrtps_c.dir/rosidl_typesupport_fastrtps_c/hw_interface/msg/detail/motor_status_array__type_support_c.cpp.o[0m
[9.086s] [ 59%] [32mBuilding C object CMakeFiles/hw_interface__rosidl_typesupport_introspection_c.dir/rosidl_typesupport_introspection_c/hw_interface/msg/detail/motor_status_array__type_support.c.o[0m
[9.118s] [ 61%] [32mBuilding C object CMakeFiles/hw_interface__rosidl_typesupport_introspection_c.dir/rosidl_typesupport_introspection_c/hw_interface/srv/detail/set_motor_gains__type_support.c.o[0m
[9.118s] [ 63%] [32m[1mLinking CXX shared library libhw_interface__rosidl_typesupport_c.so[0m
[9.162s] [ 65%] [32mBuilding CXX object CMakeFiles/hw_interface__rosidl_typesupport_fastrtps_c.dir/rosidl_typesupport_fastrtps_c/hw_interface/srv/detail/set_motor_gains__type_support_c.cpp.o[0m
[9.289s] [ 65%] Built target vcan_bridge_node
[9.395s] [ 67%] [32m[1mLinking C shared library libhw_interface__rosidl_typesupport_introspection_c.so[0m
[9.402s] [ 67%] Built target hw_interface__rosidl_typesupport_c
[9.530s] [ 67%] Built target hw_interface__rosidl_typesupport_introspection_c
[9.786s] [ 69%] [32m[1mLinking CXX shared library libhw_interface__rosidl_typesupport_cpp.so[0m
[9.855s] [ 71%] [32m[1mLinking CXX shared library libhw_interface__rosidl_typesupport_introspection_cpp.so[0m
[9.914s] [ 71%] Built target hw_interface__rosidl_typesupport_cpp
[10.000s] [ 73%] [32m[1mLinking CXX shared library libhw_interface__rosidl_typesupport_fastrtps_c.so[0m
[10.014s] [ 75%] [32mBuilding CXX object CMakeFiles/hw_interface_plugin.dir/src/arm_interface.cpp.o[0m
[10.162s] [ 75%] Built target hw_interface__rosidl_typesupport_introspection_cpp
[10.306s] [ 75%] Built target hw_interface__rosidl_typesupport_fastrtps_c
[10.499s] [ 76%] [32m[1mLinking CXX shared library libhw_interface__rosidl_typesupport_fastrtps_cpp.so[0m
[10.841s] [ 76%] Built target hw_interface__rosidl_typesupport_fastrtps_cpp
[10.947s] [ 76%] Built target hw_interface
[11.027s] [ 78%] [34m[1mGenerating Python code for ROS interfaces[0m
[12.364s] [ 78%] Built target hw_interface__py
[12.468s] [ 80%] [32mBuilding C object CMakeFiles/hw_interface__rosidl_generator_py.dir/rosidl_generator_py/hw_interface/srv/_set_motor_gains_s.c.o[0m
[12.468s] [ 82%] [32mBuilding C object CMakeFiles/hw_interface__rosidl_generator_py.dir/rosidl_generator_py/hw_interface/msg/_motor_status_s.c.o[0m
[12.482s] [ 84%] [32mBuilding C object CMakeFiles/hw_interface__rosidl_generator_py.dir/rosidl_generator_py/hw_interface/msg/_motor_status_array_s.c.o[0m
[12.994s] [ 86%] [32m[1mLinking C shared library rosidl_generator_py/hw_interface/libhw_interface__rosidl_generator_py.so[0m
[13.155s] [ 86%] Built target hw_interface__rosidl_generator_py
[13.233s] [ 88%] [32mBuilding C object CMakeFiles/hw_interface__rosidl_typesupport_c__pyext.dir/rosidl_generator_py/hw_interface/_hw_interface_s.ep.rosidl_typesupport_c.c.o[0m
[13.248s] [ 90%] [32mBuilding C object CMakeFiles/hw_interface__rosidl_typesupport_introspection_c__pyext.dir/rosidl_generator_py/hw_interface/_hw_interface_s.ep.rosidl_typesupport_introspection_c.c.o[0m
[13.250s] [ 92%] [32mBuilding C object CMakeFiles/hw_interface__rosidl_typesupport_fastrtps_c__pyext.dir/rosidl_generator_py/hw_interface/_hw_interface_s.ep.rosidl_typesupport_fastrtps_c.c.o[0m
[13.403s] [ 94%] [32m[1mLinking C shared library rosidl_generator_py/hw_interface/hw_interface_s__rosidl_typesupport_c.cpython-310-x86_64-linux-gnu.so[0m
[13.447s] [ 96%] [32m[1mLinking C shared library rosidl_generator_py/hw_interface/hw_interface_s__rosidl_typesupport_fastrtps_c.cpython-310-x86_64-linux-gnu.so[0m
[13.459s] [ 98%] [32m[1mLinking C shared library rosidl_generator_py/hw_interface/hw_interface_s__rosidl_typesupport_introspection_c.cpython-310-x86_64-linux-gnu.so[0m
[13.476s] [ 98%] Built target hw_interface__rosidl_typesupport_c__pyext
[13.526s] [ 98%] Built target hw_interface__rosidl_typesupport_introspection_c__pyext
[13.530s] [ 98%] Built target hw_interface__rosidl_typesupport_fastrtps_c__pyext
[21.007s] [100%] [32m[1mLinking CXX shared library libhw_interface_plugin.so[0m
[21.678s] [100%] Built target hw_interface_plugin
[21.695s] Invoked command in '/home/phy_ai/.ihub/daksha/build/hw_interface' returned '0': CMAKE_PREFIX_PATH=${CMAKE_PREFIX_PATH}:/home/phy_ai/.barani/gen2_full/install/world_camera_launch:/home/phy_ai/.barani/gen2_full/install/gen2:/home/phy_ai/.barani/gen2_full/install/vr_teleop:/home/phy_ai/.barani/gen2_full/install/ros_tcp_endpoint:/home/phy_ai/.barani/gen2_full/install/nav_bringup:/home/phy_ai/.barani/gen2_full/install/nav2_config:/home/phy_ai/.barani/gen2_full/install/kinematics:/home/phy_ai/.barani/gen2_full/install/joint_cmd_logger:/home/phy_ai/.barani/gen2_full/install/joint_analyzer:/home/phy_ai/.barani/gen2_full/install/daksha_data_collection:/home/phy_ai/.barani/gen2_full/install/gen2_leader:/home/phy_ai/.barani/gen2_full/install/amr_bringup:/home/phy_ai/.barani/gen2_full/install/daksha_final_urdf_description:/home/phy_ai/.barani/gen2_full/install/daksha_description_full_body:/home/phy_ai/.barani/gen2_full/install/daksha_base_urdf:/home/phy_ai/.barani/gen2_full/install/daksha_api_bridge_leader:/home/phy_ai/.barani/gen2_full/install/daksha_api_bridge_follower:/opt/ros/humble /usr/bin/cmake --build /home/phy_ai/.ihub/daksha/build/hw_interface -- -j16 -l16
[21.697s] Invoking command in '/home/phy_ai/.ihub/daksha/build/hw_interface': CMAKE_PREFIX_PATH=${CMAKE_PREFIX_PATH}:/home/phy_ai/.barani/gen2_full/install/world_camera_launch:/home/phy_ai/.barani/gen2_full/install/gen2:/home/phy_ai/.barani/gen2_full/install/vr_teleop:/home/phy_ai/.barani/gen2_full/install/ros_tcp_endpoint:/home/phy_ai/.barani/gen2_full/install/nav_bringup:/home/phy_ai/.barani/gen2_full/install/nav2_config:/home/phy_ai/.barani/gen2_full/install/kinematics:/home/phy_ai/.barani/gen2_full/install/joint_cmd_logger:/home/phy_ai/.barani/gen2_full/install/joint_analyzer:/home/phy_ai/.barani/gen2_full/install/daksha_data_collection:/home/phy_ai/.barani/gen2_full/install/gen2_leader:/home/phy_ai/.barani/gen2_full/install/amr_bringup:/home/phy_ai/.barani/gen2_full/install/daksha_final_urdf_description:/home/phy_ai/.barani/gen2_full/install/daksha_description_full_body:/home/phy_ai/.barani/gen2_full/install/daksha_base_urdf:/home/phy_ai/.barani/gen2_full/install/daksha_api_bridge_leader:/home/phy_ai/.barani/gen2_full/install/daksha_api_bridge_follower:/opt/ros/humble /usr/bin/cmake --install /home/phy_ai/.ihub/daksha/build/hw_interface
[21.706s] -- Install configuration: ""
[21.707s] -- Installing: /home/phy_ai/.ihub/daksha/install/hw_interface/share/ament_index/resource_index/rosidl_interfaces/hw_interface
[21.707s] -- Installing: /home/phy_ai/.ihub/daksha/install/hw_interface/include/hw_interface/hw_interface
[21.707s] -- Installing: /home/phy_ai/.ihub/daksha/install/hw_interface/include/hw_interface/hw_interface/srv
[21.707s] -- Installing: /home/phy_ai/.ihub/daksha/install/hw_interface/include/hw_interface/hw_interface/srv/detail
[21.707s] -- Installing: /home/phy_ai/.ihub/daksha/install/hw_interface/include/hw_interface/hw_interface/srv/detail/set_motor_gains__struct.h
[21.707s] -- Installing: /home/phy_ai/.ihub/daksha/install/hw_interface/include/hw_interface/hw_interface/srv/detail/set_motor_gains__functions.h
[21.708s] -- Installing: /home/phy_ai/.ihub/daksha/install/hw_interface/include/hw_interface/hw_interface/srv/detail/set_motor_gains__functions.c
[21.708s] -- Installing: /home/phy_ai/.ihub/daksha/install/hw_interface/include/hw_interface/hw_interface/srv/detail/set_motor_gains__type_support.h
[21.708s] -- Installing: /home/phy_ai/.ihub/daksha/install/hw_interface/include/hw_interface/hw_interface/srv/set_motor_gains.h
[21.708s] -- Installing: /home/phy_ai/.ihub/daksha/install/hw_interface/include/hw_interface/hw_interface/msg
[21.708s] -- Installing: /home/phy_ai/.ihub/daksha/install/hw_interface/include/hw_interface/hw_interface/msg/motor_status_array.h
[21.708s] -- Installing: /home/phy_ai/.ihub/daksha/install/hw_interface/include/hw_interface/hw_interface/msg/detail
[21.708s] -- Installing: /home/phy_ai/.ihub/daksha/install/hw_interface/include/hw_interface/hw_interface/msg/detail/motor_status_array__functions.h
[21.708s] -- Installing: /home/phy_ai/.ihub/daksha/install/hw_interface/include/hw_interface/hw_interface/msg/detail/motor_status_array__functions.c
[21.709s] -- Installing: /home/phy_ai/.ihub/daksha/install/hw_interface/include/hw_interface/hw_interface/msg/detail/motor_status__functions.h
[21.709s] -- Installing: /home/phy_ai/.ihub/daksha/install/hw_interface/include/hw_interface/hw_interface/msg/detail/motor_status__type_support.h
[21.709s] -- Installing: /home/phy_ai/.ihub/daksha/install/hw_interface/include/hw_interface/hw_interface/msg/detail/motor_status__struct.h
[21.709s] -- Installing: /home/phy_ai/.ihub/daksha/install/hw_interface/include/hw_interface/hw_interface/msg/detail/motor_status_array__type_support.h
[21.709s] -- Installing: /home/phy_ai/.ihub/daksha/install/hw_interface/include/hw_interface/hw_interface/msg/detail/motor_status_array__struct.h
[21.709s] -- Installing: /home/phy_ai/.ihub/daksha/install/hw_interface/include/hw_interface/hw_interface/msg/detail/motor_status__functions.c
[21.709s] -- Installing: /home/phy_ai/.ihub/daksha/install/hw_interface/include/hw_interface/hw_interface/msg/motor_status.h
[21.709s] -- Installing: /home/phy_ai/.ihub/daksha/install/hw_interface/include/hw_interface/hw_interface/msg/rosidl_generator_c__visibility_control.h
[21.709s] -- Installing: /home/phy_ai/.ihub/daksha/install/hw_interface/share/hw_interface/environment/library_path.sh
[21.710s] -- Installing: /home/phy_ai/.ihub/daksha/install/hw_interface/share/hw_interface/environment/library_path.dsv
[21.710s] -- Installing: /home/phy_ai/.ihub/daksha/install/hw_interface/lib/libhw_interface__rosidl_generator_c.so
[21.710s] -- Set runtime path of "/home/phy_ai/.ihub/daksha/install/hw_interface/lib/libhw_interface__rosidl_generator_c.so" to ""
[21.710s] -- Up-to-date: /home/phy_ai/.ihub/daksha/install/hw_interface/include/hw_interface/hw_interface
[21.710s] -- Up-to-date: /home/phy_ai/.ihub/daksha/install/hw_interface/include/hw_interface/hw_interface/srv
[21.710s] -- Up-to-date: /home/phy_ai/.ihub/daksha/install/hw_interface/include/hw_interface/hw_interface/srv/detail
[21.711s] -- Installing: /home/phy_ai/.ihub/daksha/install/hw_interface/include/hw_interface/hw_interface/srv/detail/set_motor_gains__rosidl_typesupport_fastrtps_c.h
[21.711s] -- Up-to-date: /home/phy_ai/.ihub/daksha/install/hw_interface/include/hw_interface/hw_interface/msg
[21.711s] -- Up-to-date: /home/phy_ai/.ihub/daksha/install/hw_interface/include/hw_interface/hw_interface/msg/detail
[21.711s] -- Installing: /home/phy_ai/.ihub/daksha/install/hw_interface/include/hw_interface/hw_interface/msg/detail/motor_status__rosidl_typesupport_fastrtps_c.h
[21.711s] -- Installing: /home/phy_ai/.ihub/daksha/install/hw_interface/include/hw_interface/hw_interface/msg/detail/motor_status_array__rosidl_typesupport_fastrtps_c.h
[21.711s] -- Installing: /home/phy_ai/.ihub/daksha/install/hw_interface/include/hw_interface/hw_interface/msg/rosidl_typesupport_fastrtps_c__visibility_control.h
[21.711s] -- Installing: /home/phy_ai/.ihub/daksha/install/hw_interface/lib/libhw_interface__rosidl_typesupport_fastrtps_c.so
[21.711s] -- Set runtime path of "/home/phy_ai/.ihub/daksha/install/hw_interface/lib/libhw_interface__rosidl_typesupport_fastrtps_c.so" to ""
[21.712s] -- Up-to-date: /home/phy_ai/.ihub/daksha/install/hw_interface/include/hw_interface/hw_interface
[21.712s] -- Up-to-date: /home/phy_ai/.ihub/daksha/install/hw_interface/include/hw_interface/hw_interface/srv
[21.712s] -- Installing: /home/phy_ai/.ihub/daksha/install/hw_interface/include/hw_interface/hw_interface/srv/set_motor_gains.hpp
[21.712s] -- Up-to-date: /home/phy_ai/.ihub/daksha/install/hw_interface/include/hw_interface/hw_interface/srv/detail
[21.712s] -- Installing: /home/phy_ai/.ihub/daksha/install/hw_interface/include/hw_interface/hw_interface/srv/detail/set_motor_gains__type_support.hpp
[21.712s] -- Installing: /home/phy_ai/.ihub/daksha/install/hw_interface/include/hw_interface/hw_interface/srv/detail/set_motor_gains__traits.hpp
[21.712s] -- Installing: /home/phy_ai/.ihub/daksha/install/hw_interface/include/hw_interface/hw_interface/srv/detail/set_motor_gains__struct.hpp
[21.712s] -- Installing: /home/phy_ai/.ihub/daksha/install/hw_interface/include/hw_interface/hw_interface/srv/detail/set_motor_gains__builder.hpp
[21.712s] -- Up-to-date: /home/phy_ai/.ihub/daksha/install/hw_interface/include/hw_interface/hw_interface/msg
[21.713s] -- Installing: /home/phy_ai/.ihub/daksha/install/hw_interface/include/hw_interface/hw_interface/msg/motor_status.hpp
[21.713s] -- Installing: /home/phy_ai/.ihub/daksha/install/hw_interface/include/hw_interface/hw_interface/msg/motor_status_array.hpp
[21.713s] -- Up-to-date: /home/phy_ai/.ihub/daksha/install/hw_interface/include/hw_interface/hw_interface/msg/detail
[21.713s] -- Installing: /home/phy_ai/.ihub/daksha/install/hw_interface/include/hw_interface/hw_interface/msg/detail/motor_status_array__struct.hpp
[21.713s] -- Installing: /home/phy_ai/.ihub/daksha/install/hw_interface/include/hw_interface/hw_interface/msg/detail/motor_status__traits.hpp
[21.713s] -- Installing: /home/phy_ai/.ihub/daksha/install/hw_interface/include/hw_interface/hw_interface/msg/detail/motor_status_array__type_support.hpp
[21.713s] -- Installing: /home/phy_ai/.ihub/daksha/install/hw_interface/include/hw_interface/hw_interface/msg/detail/motor_status__type_support.hpp
[21.713s] -- Installing: /home/phy_ai/.ihub/daksha/install/hw_interface/include/hw_interface/hw_interface/msg/detail/motor_status_array__traits.hpp
[21.713s] -- Installing: /home/phy_ai/.ihub/daksha/install/hw_interface/include/hw_interface/hw_interface/msg/detail/motor_status__builder.hpp
[21.714s] -- Installing: /home/phy_ai/.ihub/daksha/install/hw_interface/include/hw_interface/hw_interface/msg/detail/motor_status__struct.hpp
[21.714s] -- Installing: /home/phy_ai/.ihub/daksha/install/hw_interface/include/hw_interface/hw_interface/msg/detail/motor_status_array__builder.hpp
[21.714s] -- Installing: /home/phy_ai/.ihub/daksha/install/hw_interface/include/hw_interface/hw_interface/msg/rosidl_generator_cpp__visibility_control.hpp
[21.714s] -- Up-to-date: /home/phy_ai/.ihub/daksha/install/hw_interface/include/hw_interface/hw_interface
[21.714s] -- Up-to-date: /home/phy_ai/.ihub/daksha/install/hw_interface/include/hw_interface/hw_interface/srv
[21.714s] -- Up-to-date: /home/phy_ai/.ihub/daksha/install/hw_interface/include/hw_interface/hw_interface/srv/detail
[21.715s] -- Installing: /home/phy_ai/.ihub/daksha/install/hw_interface/include/hw_interface/hw_interface/srv/detail/dds_fastrtps
[21.715s] -- Installing: /home/phy_ai/.ihub/daksha/install/hw_interface/include/hw_interface/hw_interface/srv/detail/set_motor_gains__rosidl_typesupport_fastrtps_cpp.hpp
[21.715s] -- Up-to-date: /home/phy_ai/.ihub/daksha/install/hw_interface/include/hw_interface/hw_interface/msg
[21.715s] -- Up-to-date: /home/phy_ai/.ihub/daksha/install/hw_interface/include/hw_interface/hw_interface/msg/detail
[21.715s] -- Installing: /home/phy_ai/.ihub/daksha/install/hw_interface/include/hw_interface/hw_interface/msg/detail/dds_fastrtps
[21.715s] -- Installing: /home/phy_ai/.ihub/daksha/install/hw_interface/include/hw_interface/hw_interface/msg/detail/motor_status_array__rosidl_typesupport_fastrtps_cpp.hpp
[21.715s] -- Installing: /home/phy_ai/.ihub/daksha/install/hw_interface/include/hw_interface/hw_interface/msg/detail/motor_status__rosidl_typesupport_fastrtps_cpp.hpp
[21.715s] -- Installing: /home/phy_ai/.ihub/daksha/install/hw_interface/include/hw_interface/hw_interface/msg/rosidl_typesupport_fastrtps_cpp__visibility_control.h
[21.716s] -- Installing: /home/phy_ai/.ihub/daksha/install/hw_interface/lib/libhw_interface__rosidl_typesupport_fastrtps_cpp.so
[21.716s] -- Set runtime path of "/home/phy_ai/.ihub/daksha/install/hw_interface/lib/libhw_interface__rosidl_typesupport_fastrtps_cpp.so" to ""
[21.716s] -- Up-to-date: /home/phy_ai/.ihub/daksha/install/hw_interface/include/hw_interface/hw_interface
[21.716s] -- Up-to-date: /home/phy_ai/.ihub/daksha/install/hw_interface/include/hw_interface/hw_interface/srv
[21.716s] -- Up-to-date: /home/phy_ai/.ihub/daksha/install/hw_interface/include/hw_interface/hw_interface/srv/detail
[21.716s] -- Installing: /home/phy_ai/.ihub/daksha/install/hw_interface/include/hw_interface/hw_interface/srv/detail/set_motor_gains__rosidl_typesupport_introspection_c.h
[21.717s] -- Installing: /home/phy_ai/.ihub/daksha/install/hw_interface/include/hw_interface/hw_interface/srv/detail/set_motor_gains__type_support.c
[21.717s] -- Up-to-date: /home/phy_ai/.ihub/daksha/install/hw_interface/include/hw_interface/hw_interface/msg
[21.717s] -- Up-to-date: /home/phy_ai/.ihub/daksha/install/hw_interface/include/hw_interface/hw_interface/msg/detail
[21.717s] -- Installing: /home/phy_ai/.ihub/daksha/install/hw_interface/include/hw_interface/hw_interface/msg/detail/motor_status__type_support.c
[21.717s] -- Installing: /home/phy_ai/.ihub/daksha/install/hw_interface/include/hw_interface/hw_interface/msg/detail/motor_status_array__type_support.c
[21.717s] -- Installing: /home/phy_ai/.ihub/daksha/install/hw_interface/include/hw_interface/hw_interface/msg/detail/motor_status_array__rosidl_typesupport_introspection_c.h
[21.717s] -- Installing: /home/phy_ai/.ihub/daksha/install/hw_interface/include/hw_interface/hw_interface/msg/detail/motor_status__rosidl_typesupport_introspection_c.h
[21.718s] -- Installing: /home/phy_ai/.ihub/daksha/install/hw_interface/include/hw_interface/hw_interface/msg/rosidl_typesupport_introspection_c__visibility_control.h
[21.718s] -- Installing: /home/phy_ai/.ihub/daksha/install/hw_interface/lib/libhw_interface__rosidl_typesupport_introspection_c.so
[21.718s] -- Set runtime path of "/home/phy_ai/.ihub/daksha/install/hw_interface/lib/libhw_interface__rosidl_typesupport_introspection_c.so" to ""
[21.718s] -- Installing: /home/phy_ai/.ihub/daksha/install/hw_interface/lib/libhw_interface__rosidl_typesupport_c.so
[21.718s] -- Set runtime path of "/home/phy_ai/.ihub/daksha/install/hw_interface/lib/libhw_interface__rosidl_typesupport_c.so" to ""
[21.718s] -- Up-to-date: /home/phy_ai/.ihub/daksha/install/hw_interface/include/hw_interface/hw_interface
[21.718s] -- Up-to-date: /home/phy_ai/.ihub/daksha/install/hw_interface/include/hw_interface/hw_interface/srv
[21.718s] -- Up-to-date: /home/phy_ai/.ihub/daksha/install/hw_interface/include/hw_interface/hw_interface/srv/detail
[21.719s] -- Installing: /home/phy_ai/.ihub/daksha/install/hw_interface/include/hw_interface/hw_interface/srv/detail/set_motor_gains__type_support.cpp
[21.719s] -- Installing: /home/phy_ai/.ihub/daksha/install/hw_interface/include/hw_interface/hw_interface/srv/detail/set_motor_gains__rosidl_typesupport_introspection_cpp.hpp
[21.719s] -- Up-to-date: /home/phy_ai/.ihub/daksha/install/hw_interface/include/hw_interface/hw_interface/msg
[21.719s] -- Up-to-date: /home/phy_ai/.ihub/daksha/install/hw_interface/include/hw_interface/hw_interface/msg/detail
[21.719s] -- Installing: /home/phy_ai/.ihub/daksha/install/hw_interface/include/hw_interface/hw_interface/msg/detail/motor_status_array__rosidl_typesupport_introspection_cpp.hpp
[21.719s] -- Installing: /home/phy_ai/.ihub/daksha/install/hw_interface/include/hw_interface/hw_interface/msg/detail/motor_status__type_support.cpp
[21.719s] -- Installing: /home/phy_ai/.ihub/daksha/install/hw_interface/include/hw_interface/hw_interface/msg/detail/motor_status_array__type_support.cpp
[21.719s] -- Installing: /home/phy_ai/.ihub/daksha/install/hw_interface/include/hw_interface/hw_interface/msg/detail/motor_status__rosidl_typesupport_introspection_cpp.hpp
[21.720s] -- Installing: /home/phy_ai/.ihub/daksha/install/hw_interface/lib/libhw_interface__rosidl_typesupport_introspection_cpp.so
[21.720s] -- Set runtime path of "/home/phy_ai/.ihub/daksha/install/hw_interface/lib/libhw_interface__rosidl_typesupport_introspection_cpp.so" to ""
[21.720s] -- Installing: /home/phy_ai/.ihub/daksha/install/hw_interface/lib/libhw_interface__rosidl_typesupport_cpp.so
[21.720s] -- Set runtime path of "/home/phy_ai/.ihub/daksha/install/hw_interface/lib/libhw_interface__rosidl_typesupport_cpp.so" to ""
[21.720s] -- Installing: /home/phy_ai/.ihub/daksha/install/hw_interface/share/hw_interface/environment/pythonpath.sh
[21.720s] -- Installing: /home/phy_ai/.ihub/daksha/install/hw_interface/share/hw_interface/environment/pythonpath.dsv
[21.721s] -- Installing: /home/phy_ai/.ihub/daksha/install/hw_interface/local/lib/python3.10/dist-packages/hw_interface-0.0.0-py3.10.egg-info
[21.721s] -- Installing: /home/phy_ai/.ihub/daksha/install/hw_interface/local/lib/python3.10/dist-packages/hw_interface-0.0.0-py3.10.egg-info/SOURCES.txt
[21.721s] -- Installing: /home/phy_ai/.ihub/daksha/install/hw_interface/local/lib/python3.10/dist-packages/hw_interface-0.0.0-py3.10.egg-info/top_level.txt
[21.721s] -- Installing: /home/phy_ai/.ihub/daksha/install/hw_interface/local/lib/python3.10/dist-packages/hw_interface-0.0.0-py3.10.egg-info/PKG-INFO
[21.721s] -- Installing: /home/phy_ai/.ihub/daksha/install/hw_interface/local/lib/python3.10/dist-packages/hw_interface-0.0.0-py3.10.egg-info/dependency_links.txt
[21.721s] -- Installing: /home/phy_ai/.ihub/daksha/install/hw_interface/local/lib/python3.10/dist-packages/hw_interface
[21.721s] -- Installing: /home/phy_ai/.ihub/daksha/install/hw_interface/local/lib/python3.10/dist-packages/hw_interface/srv
[21.721s] -- Installing: /home/phy_ai/.ihub/daksha/install/hw_interface/local/lib/python3.10/dist-packages/hw_interface/srv/_set_motor_gains_s.c
[21.722s] -- Installing: /home/phy_ai/.ihub/daksha/install/hw_interface/local/lib/python3.10/dist-packages/hw_interface/srv/_set_motor_gains.py
[21.722s] -- Installing: /home/phy_ai/.ihub/daksha/install/hw_interface/local/lib/python3.10/dist-packages/hw_interface/srv/__init__.py
[21.722s] -- Installing: /home/phy_ai/.ihub/daksha/install/hw_interface/local/lib/python3.10/dist-packages/hw_interface/hw_interface_s__rosidl_typesupport_introspection_c.cpython-310-x86_64-linux-gnu.so
[21.722s] -- Installing: /home/phy_ai/.ihub/daksha/install/hw_interface/local/lib/python3.10/dist-packages/hw_interface/hw_interface_s__rosidl_typesupport_fastrtps_c.cpython-310-x86_64-linux-gnu.so
[21.722s] -- Installing: /home/phy_ai/.ihub/daksha/install/hw_interface/local/lib/python3.10/dist-packages/hw_interface/__init__.py
[21.722s] -- Installing: /home/phy_ai/.ihub/daksha/install/hw_interface/local/lib/python3.10/dist-packages/hw_interface/_hw_interface_s.ep.rosidl_typesupport_c.c
[21.722s] -- Installing: /home/phy_ai/.ihub/daksha/install/hw_interface/local/lib/python3.10/dist-packages/hw_interface/_hw_interface_s.ep.rosidl_typesupport_fastrtps_c.c
[21.722s] -- Installing: /home/phy_ai/.ihub/daksha/install/hw_interface/local/lib/python3.10/dist-packages/hw_interface/_hw_interface_s.ep.rosidl_typesupport_introspection_c.c
[21.723s] -- Installing: /home/phy_ai/.ihub/daksha/install/hw_interface/local/lib/python3.10/dist-packages/hw_interface/msg
[21.723s] -- Installing: /home/phy_ai/.ihub/daksha/install/hw_interface/local/lib/python3.10/dist-packages/hw_interface/msg/_motor_status.py
[21.723s] -- Installing: /home/phy_ai/.ihub/daksha/install/hw_interface/local/lib/python3.10/dist-packages/hw_interface/msg/_motor_status_s.c
[21.723s] -- Installing: /home/phy_ai/.ihub/daksha/install/hw_interface/local/lib/python3.10/dist-packages/hw_interface/msg/__init__.py
[21.723s] -- Installing: /home/phy_ai/.ihub/daksha/install/hw_interface/local/lib/python3.10/dist-packages/hw_interface/msg/_motor_status_array_s.c
[21.723s] -- Installing: /home/phy_ai/.ihub/daksha/install/hw_interface/local/lib/python3.10/dist-packages/hw_interface/msg/_motor_status_array.py
[21.723s] -- Installing: /home/phy_ai/.ihub/daksha/install/hw_interface/local/lib/python3.10/dist-packages/hw_interface/libhw_interface__rosidl_generator_py.so
[21.723s] -- Installing: /home/phy_ai/.ihub/daksha/install/hw_interface/local/lib/python3.10/dist-packages/hw_interface/hw_interface_s__rosidl_typesupport_c.cpython-310-x86_64-linux-gnu.so
[21.776s] Listing '/home/phy_ai/.ihub/daksha/install/hw_interface/local/lib/python3.10/dist-packages/hw_interface'...
[21.776s] Compiling '/home/phy_ai/.ihub/daksha/install/hw_interface/local/lib/python3.10/dist-packages/hw_interface/__init__.py'...
[21.776s] Listing '/home/phy_ai/.ihub/daksha/install/hw_interface/local/lib/python3.10/dist-packages/hw_interface/msg'...
[21.776s] Compiling '/home/phy_ai/.ihub/daksha/install/hw_interface/local/lib/python3.10/dist-packages/hw_interface/msg/__init__.py'...
[21.777s] Compiling '/home/phy_ai/.ihub/daksha/install/hw_interface/local/lib/python3.10/dist-packages/hw_interface/msg/_motor_status.py'...
[21.777s] Compiling '/home/phy_ai/.ihub/daksha/install/hw_interface/local/lib/python3.10/dist-packages/hw_interface/msg/_motor_status_array.py'...
[21.777s] Listing '/home/phy_ai/.ihub/daksha/install/hw_interface/local/lib/python3.10/dist-packages/hw_interface/srv'...
[21.777s] Compiling '/home/phy_ai/.ihub/daksha/install/hw_interface/local/lib/python3.10/dist-packages/hw_interface/srv/__init__.py'...
[21.777s] Compiling '/home/phy_ai/.ihub/daksha/install/hw_interface/local/lib/python3.10/dist-packages/hw_interface/srv/_set_motor_gains.py'...
[21.781s] -- Installing: /home/phy_ai/.ihub/daksha/install/hw_interface/local/lib/python3.10/dist-packages/hw_interface/hw_interface_s__rosidl_typesupport_fastrtps_c.cpython-310-x86_64-linux-gnu.so
[21.781s] -- Set runtime path of "/home/phy_ai/.ihub/daksha/install/hw_interface/local/lib/python3.10/dist-packages/hw_interface/hw_interface_s__rosidl_typesupport_fastrtps_c.cpython-310-x86_64-linux-gnu.so" to ""
[21.781s] -- Installing: /home/phy_ai/.ihub/daksha/install/hw_interface/local/lib/python3.10/dist-packages/hw_interface/hw_interface_s__rosidl_typesupport_introspection_c.cpython-310-x86_64-linux-gnu.so
[21.782s] -- Set runtime path of "/home/phy_ai/.ihub/daksha/install/hw_interface/local/lib/python3.10/dist-packages/hw_interface/hw_interface_s__rosidl_typesupport_introspection_c.cpython-310-x86_64-linux-gnu.so" to ""
[21.782s] -- Installing: /home/phy_ai/.ihub/daksha/install/hw_interface/local/lib/python3.10/dist-packages/hw_interface/hw_interface_s__rosidl_typesupport_c.cpython-310-x86_64-linux-gnu.so
[21.782s] -- Set runtime path of "/home/phy_ai/.ihub/daksha/install/hw_interface/local/lib/python3.10/dist-packages/hw_interface/hw_interface_s__rosidl_typesupport_c.cpython-310-x86_64-linux-gnu.so" to ""
[21.782s] -- Installing: /home/phy_ai/.ihub/daksha/install/hw_interface/lib/libhw_interface__rosidl_generator_py.so
[21.782s] -- Set runtime path of "/home/phy_ai/.ihub/daksha/install/hw_interface/lib/libhw_interface__rosidl_generator_py.so" to ""
[21.783s] -- Installing: /home/phy_ai/.ihub/daksha/install/hw_interface/share/ament_index/resource_index/rust_packages/hw_interface
[21.783s] -- Installing: /home/phy_ai/.ihub/daksha/install/hw_interface/share/hw_interface/rust
[21.783s] -- Installing: /home/phy_ai/.ihub/daksha/install/hw_interface/share/hw_interface/rust/build.rs
[21.783s] -- Installing: /home/phy_ai/.ihub/daksha/install/hw_interface/share/hw_interface/rust/src
[21.783s] -- Installing: /home/phy_ai/.ihub/daksha/install/hw_interface/share/hw_interface/rust/src/srv
[21.783s] -- Installing: /home/phy_ai/.ihub/daksha/install/hw_interface/share/hw_interface/rust/src/srv/rmw.rs
[21.784s] -- Installing: /home/phy_ai/.ihub/daksha/install/hw_interface/share/hw_interface/rust/src/lib.rs
[21.784s] -- Installing: /home/phy_ai/.ihub/daksha/install/hw_interface/share/hw_interface/rust/src/srv.rs
[21.784s] -- Installing: /home/phy_ai/.ihub/daksha/install/hw_interface/share/hw_interface/rust/src/msg.rs
[21.784s] -- Installing: /home/phy_ai/.ihub/daksha/install/hw_interface/share/hw_interface/rust/src/msg
[21.784s] -- Installing: /home/phy_ai/.ihub/daksha/install/hw_interface/share/hw_interface/rust/src/msg/rmw.rs
[21.784s] -- Installing: /home/phy_ai/.ihub/daksha/install/hw_interface/share/hw_interface/rust/Cargo.toml
[21.784s] -- Installing: /home/phy_ai/.ihub/daksha/install/hw_interface/share/hw_interface/msg/MotorStatus.idl
[21.785s] -- Installing: /home/phy_ai/.ihub/daksha/install/hw_interface/share/hw_interface/msg/MotorStatusArray.idl
[21.785s] -- Installing: /home/phy_ai/.ihub/daksha/install/hw_interface/share/hw_interface/srv/SetMotorGains.idl
[21.785s] -- Installing: /home/phy_ai/.ihub/daksha/install/hw_interface/share/hw_interface/msg/MotorStatus.msg
[21.785s] -- Installing: /home/phy_ai/.ihub/daksha/install/hw_interface/share/hw_interface/msg/MotorStatusArray.msg
[21.785s] -- Installing: /home/phy_ai/.ihub/daksha/install/hw_interface/share/hw_interface/srv/SetMotorGains.srv
[21.785s] -- Installing: /home/phy_ai/.ihub/daksha/install/hw_interface/share/hw_interface/srv/SetMotorGains_Request.msg
[21.785s] -- Installing: /home/phy_ai/.ihub/daksha/install/hw_interface/share/hw_interface/srv/SetMotorGains_Response.msg
[21.786s] -- Installing: /home/phy_ai/.ihub/daksha/install/hw_interface/lib/hw_interface/vcan_bridge_node
[21.786s] -- Installing: /home/phy_ai/.ihub/daksha/install/hw_interface/share/hw_interface/my_robot_hardware_interface.xml
[21.786s] -- Up-to-date: /home/phy_ai/.ihub/daksha/install/hw_interface/share/hw_interface/my_robot_hardware_interface.xml
[21.786s] -- Installing: /home/phy_ai/.ihub/daksha/install/hw_interface/lib/libhw_interface_plugin.so
[21.791s] -- Set runtime path of "/home/phy_ai/.ihub/daksha/install/hw_interface/lib/libhw_interface_plugin.so" to ""
[21.791s] -- Up-to-date: /home/phy_ai/.ihub/daksha/install/hw_interface/include
[21.792s] -- Up-to-date: /home/phy_ai/.ihub/daksha/install/hw_interface/include/hw_interface
[21.792s] -- Installing: /home/phy_ai/.ihub/daksha/install/hw_interface/include/hw_interface/driver.hpp
[21.792s] -- Installing: /home/phy_ai/.ihub/daksha/install/hw_interface/include/hw_interface/socketcan_transport.hpp
[21.792s] -- Installing: /home/phy_ai/.ihub/daksha/install/hw_interface/include/hw_interface/arm_interface.hpp
[21.793s] -- Installing: /home/phy_ai/.ihub/daksha/install/hw_interface/share/ament_index/resource_index/package_run_dependencies/hw_interface
[21.793s] -- Installing: /home/phy_ai/.ihub/daksha/install/hw_interface/share/ament_index/resource_index/parent_prefix_path/hw_interface
[21.793s] -- Installing: /home/phy_ai/.ihub/daksha/install/hw_interface/share/hw_interface/environment/ament_prefix_path.sh
[21.793s] -- Installing: /home/phy_ai/.ihub/daksha/install/hw_interface/share/hw_interface/environment/ament_prefix_path.dsv
[21.793s] -- Installing: /home/phy_ai/.ihub/daksha/install/hw_interface/share/hw_interface/environment/path.sh
[21.794s] -- Installing: /home/phy_ai/.ihub/daksha/install/hw_interface/share/hw_interface/environment/path.dsv
[21.794s] -- Installing: /home/phy_ai/.ihub/daksha/install/hw_interface/share/hw_interface/local_setup.bash
[21.794s] -- Installing: /home/phy_ai/.ihub/daksha/install/hw_interface/share/hw_interface/local_setup.sh
[21.795s] -- Installing: /home/phy_ai/.ihub/daksha/install/hw_interface/share/hw_interface/local_setup.zsh
[21.795s] -- Installing: /home/phy_ai/.ihub/daksha/install/hw_interface/share/hw_interface/local_setup.dsv
[21.795s] -- Installing: /home/phy_ai/.ihub/daksha/install/hw_interface/share/hw_interface/package.dsv
[21.795s] -- Installing: /home/phy_ai/.ihub/daksha/install/hw_interface/share/ament_index/resource_index/packages/hw_interface
[21.795s] -- Installing: /home/phy_ai/.ihub/daksha/install/hw_interface/share/ament_index/resource_index/hardware_interface__pluginlib__plugin/hw_interface
[21.795s] -- Installing: /home/phy_ai/.ihub/daksha/install/hw_interface/share/hw_interface/cmake/export_hw_interface__rosidl_generator_cExport.cmake
[21.795s] -- Installing: /home/phy_ai/.ihub/daksha/install/hw_interface/share/hw_interface/cmake/export_hw_interface__rosidl_generator_cExport-noconfig.cmake
[21.797s] -- Installing: /home/phy_ai/.ihub/daksha/install/hw_interface/share/hw_interface/cmake/export_hw_interface__rosidl_typesupport_fastrtps_cExport.cmake
[21.798s] -- Installing: /home/phy_ai/.ihub/daksha/install/hw_interface/share/hw_interface/cmake/export_hw_interface__rosidl_typesupport_fastrtps_cExport-noconfig.cmake
[21.798s] -- Installing: /home/phy_ai/.ihub/daksha/install/hw_interface/share/hw_interface/cmake/export_hw_interface__rosidl_generator_cppExport.cmake
[21.798s] -- Installing: /home/phy_ai/.ihub/daksha/install/hw_interface/share/hw_interface/cmake/export_hw_interface__rosidl_typesupport_fastrtps_cppExport.cmake
[21.798s] -- Installing: /home/phy_ai/.ihub/daksha/install/hw_interface/share/hw_interface/cmake/export_hw_interface__rosidl_typesupport_fastrtps_cppExport-noconfig.cmake
[21.799s] -- Installing: /home/phy_ai/.ihub/daksha/install/hw_interface/share/hw_interface/cmake/hw_interface__rosidl_typesupport_introspection_cExport.cmake
[21.799s] -- Installing: /home/phy_ai/.ihub/daksha/install/hw_interface/share/hw_interface/cmake/hw_interface__rosidl_typesupport_introspection_cExport-noconfig.cmake
[21.799s] -- Installing: /home/phy_ai/.ihub/daksha/install/hw_interface/share/hw_interface/cmake/hw_interface__rosidl_typesupport_cExport.cmake
[21.799s] -- Installing: /home/phy_ai/.ihub/daksha/install/hw_interface/share/hw_interface/cmake/hw_interface__rosidl_typesupport_cExport-noconfig.cmake
[21.799s] -- Installing: /home/phy_ai/.ihub/daksha/install/hw_interface/share/hw_interface/cmake/hw_interface__rosidl_typesupport_introspection_cppExport.cmake
[21.799s] -- Installing: /home/phy_ai/.ihub/daksha/install/hw_interface/share/hw_interface/cmake/hw_interface__rosidl_typesupport_introspection_cppExport-noconfig.cmake
[21.799s] -- Installing: /home/phy_ai/.ihub/daksha/install/hw_interface/share/hw_interface/cmake/hw_interface__rosidl_typesupport_cppExport.cmake
[21.799s] -- Installing: /home/phy_ai/.ihub/daksha/install/hw_interface/share/hw_interface/cmake/hw_interface__rosidl_typesupport_cppExport-noconfig.cmake
[21.799s] -- Installing: /home/phy_ai/.ihub/daksha/install/hw_interface/share/hw_interface/cmake/export_hw_interface__rosidl_generator_pyExport.cmake
[21.800s] -- Installing: /home/phy_ai/.ihub/daksha/install/hw_interface/share/hw_interface/cmake/export_hw_interface__rosidl_generator_pyExport-noconfig.cmake
[21.800s] -- Installing: /home/phy_ai/.ihub/daksha/install/hw_interface/share/hw_interface/cmake/rosidl_cmake-extras.cmake
[21.800s] -- Installing: /home/phy_ai/.ihub/daksha/install/hw_interface/share/hw_interface/cmake/ament_cmake_export_include_directories-extras.cmake
[21.801s] -- Installing: /home/phy_ai/.ihub/daksha/install/hw_interface/share/hw_interface/cmake/ament_cmake_export_libraries-extras.cmake
[21.801s] -- Installing: /home/phy_ai/.ihub/daksha/install/hw_interface/share/hw_interface/cmake/ament_cmake_export_targets-extras.cmake
[21.801s] -- Installing: /home/phy_ai/.ihub/daksha/install/hw_interface/share/hw_interface/cmake/rosidl_cmake_export_typesupport_targets-extras.cmake
[21.801s] -- Installing: /home/phy_ai/.ihub/daksha/install/hw_interface/share/hw_interface/cmake/ament_cmake_export_dependencies-extras.cmake
[21.801s] -- Installing: /home/phy_ai/.ihub/daksha/install/hw_interface/share/hw_interface/cmake/rosidl_cmake_export_typesupport_libraries-extras.cmake
[21.801s] -- Installing: /home/phy_ai/.ihub/daksha/install/hw_interface/share/hw_interface/cmake/rosidl_cmake_aggregate_target-extras.cmake
[21.801s] -- Installing: /home/phy_ai/.ihub/daksha/install/hw_interface/share/hw_interface/cmake/hw_interfaceConfig.cmake
[21.801s] -- Installing: /home/phy_ai/.ihub/daksha/install/hw_interface/share/hw_interface/cmake/hw_interfaceConfig-version.cmake
[21.802s] -- Installing: /home/phy_ai/.ihub/daksha/install/hw_interface/share/hw_interface/package.xml
[21.803s] Invoked command in '/home/phy_ai/.ihub/daksha/build/hw_interface' returned '0': CMAKE_PREFIX_PATH=${CMAKE_PREFIX_PATH}:/home/phy_ai/.barani/gen2_full/install/world_camera_launch:/home/phy_ai/.barani/gen2_full/install/gen2:/home/phy_ai/.barani/gen2_full/install/vr_teleop:/home/phy_ai/.barani/gen2_full/install/ros_tcp_endpoint:/home/phy_ai/.barani/gen2_full/install/nav_bringup:/home/phy_ai/.barani/gen2_full/install/nav2_config:/home/phy_ai/.barani/gen2_full/install/kinematics:/home/phy_ai/.barani/gen2_full/install/joint_cmd_logger:/home/phy_ai/.barani/gen2_full/install/joint_analyzer:/home/phy_ai/.barani/gen2_full/install/daksha_data_collection:/home/phy_ai/.barani/gen2_full/install/gen2_leader:/home/phy_ai/.barani/gen2_full/install/amr_bringup:/home/phy_ai/.barani/gen2_full/install/daksha_final_urdf_description:/home/phy_ai/.barani/gen2_full/install/daksha_description_full_body:/home/phy_ai/.barani/gen2_full/install/daksha_base_urdf:/home/phy_ai/.barani/gen2_full/install/daksha_api_bridge_leader:/home/phy_ai/.barani/gen2_full/install/daksha_api_bridge_follower:/opt/ros/humble /usr/bin/cmake --install /home/phy_ai/.ihub/daksha/build/hw_interface
